Last login: Fri Mar 18 07:31:06 on console
cookie@Krubskayas-MacBook-Pro ~ % ssh RedAdmin@168.61.5.104
The authenticity of host '168.61.5.104 (168.61.5.104)' can't be established.
ED25519 key fingerprint is SHA256:1/TaBd97SGSiwExrmaedwvGO5r2cdY8aTFiTPzdH0rw.
This host key is known by the following other names/addresses:
    ~/.ssh/known_hosts:11: 138.91.76.229
Are you sure you want to continue connecting (yes/no/[fingerprint])? 
Host key verification failed.
cookie@Krubskayas-MacBook-Pro ~ % 
cookie@Krubskayas-MacBook-Pro ~ % ssh RedAdmin@168.61.5.104                              
The authenticity of host '168.61.5.104 (168.61.5.104)' can't be established.
ED25519 key fingerprint is SHA256:1/TaBd97SGSiwExrmaedwvGO5r2cdY8aTFiTPzdH0rw.
This host key is known by the following other names/addresses:
    ~/.ssh/known_hosts:11: 138.91.76.229
Are you sure you want to continue connecting (yes/no/[fingerprint])? yes
Warning: Permanently added '168.61.5.104' (ED25519) to the list of known hosts.
Welcome to Ubuntu 18.04.6 LTS (GNU/Linux 5.4.0-1072-azure x86_64)

 * Documentation:  https://help.ubuntu.com
 * Management:     https://landscape.canonical.com
 * Support:        https://ubuntu.com/advantage

  System information as of Sat Mar 19 16:37:41 UTC 2022

  System load:  0.62              Processes:              106
  Usage of /:   9.3% of 28.90GB   Users logged in:        0
  Memory usage: 28%               IP address for eth0:    10.0.0.4
  Swap usage:   0%                IP address for docker0: 172.17.0.1

 * Super-optimized for small spaces - read how we shrank the memory
   footprint of MicroK8s to make it the smallest full K8s around.

   https://ubuntu.com/blog/microk8s-memory-optimisation

4 updates can be applied immediately.
To see these additional updates run: apt list --upgradable


*** System restart required ***
Last login: Thu Mar 17 03:50:11 2022 from 172.17.0.2
RedAdmin@JumpBoxProvisioner:~$ sudo -l
Matching Defaults entries for RedAdmin on JumpBoxProvisioner:
    env_reset, mail_badpass,
    secure_path=/usr/local/sbin\:/usr/local/bin\:/usr/sbin\:/usr/bin\:/sbin\:/bin\:/snap/bin

User RedAdmin may run the following commands on JumpBoxProvisioner:
    (ALL : ALL) ALL
    (ALL) NOPASSWD: ALL
    (ALL) NOPASSWD: ALL
RedAdmin@JumpBoxProvisioner:~$ sudo docker pull cyberxsecurity/ansible
Using default tag: latest
latest: Pulling from cyberxsecurity/ansible
Digest: sha256:1e59530cfc0fb86b8fefdc2c7b0666e053c9f53a339639fb34e99ffee9812730
Status: Image is up to date for cyberxsecurity/ansible:latest
docker.io/cyberxsecurity/ansible:latest
RedAdmin@JumpBoxProvisioner:~$ docker run -ti cyberxsecurity/ansible:latest bash
docker: Got permission denied while trying to connect to the Docker daemon socket at unix:///var/run/docker.sock: Post http://%2Fvar%2Frun%2Fdocker.sock/v1.24/containers/create: dial unix /var/run/docker.sock: connect: permission denied.
See 'docker run --help'.
RedAdmin@JumpBoxProvisioner:~$ sudo docker run -ti cyberxsecurity/ansible:latest bash
root@492a841bfa8b:~# exit 
exit
RedAdmin@JumpBoxProvisioner:~$ sudo docker images
REPOSITORY               TAG       IMAGE ID       CREATED        SIZE
cyberxsecurity/ansible   latest    7d2d9fa20ccf   9 months ago   754MB
RedAdmin@JumpBoxProvisioner:~$ sudo docker run-it cyberxsecurity/ansible /bin/bash
docker: 'run-it' is not a docker command.
See 'docker --help'
RedAdmin@JumpBoxProvisioner:~$ sudo docker run -it cyberxsecurity/ansible /bin/bash
root@2b6015c8569c:~# ssh-keygen
Generating public/private rsa key pair.
Enter file in which to save the key (/root/.ssh/id_rsa): 
Created directory '/root/.ssh'.
Enter passphrase (empty for no passphrase): 
Enter same passphrase again: 
Your identification has been saved in /root/.ssh/id_rsa
Your public key has been saved in /root/.ssh/id_rsa.pub
The key fingerprint is:
SHA256:H/PnO0xzUYKbbgM9I9XDxB3oijX3s7W9NSg+fD20ARQ root@2b6015c8569c
The key's randomart image is:
+---[RSA 3072]----+
|             E+o.|
|            oo* o|
|           ooo o.|
|          oo*+ . |
|        S =++oo .|
|         o =+ +=o|
|          oo.=++X|
|          .o.+o*+|
|           .o o+o|
+----[SHA256]-----+
root@2b6015c8569c:~# ls .ssh/
id_rsa  id_rsa.pub
root@2b6015c8569c:~# cat .ssh/id_rsa.pub
ssh-rsa AAAAB3NzaC1yc2EAAAADAQABAAABgQCn/pL45SxrFufVwQ6fknazeSMmUgamn5QnJ+PhUE8xxYc9htpHbfaL7k+08dqeJzo5td/S6r3/MuTp0HVFlIiLClv0OgileDbxnXAjgTq21TzMe+3cp6RcaF6xeFPVVYL5FORvYhFlZpx/cqiZPr5FyxV/9MeHJU7Dh5tw86qm6l7UQPWujy72r9RjohmPxExwPNhwHKwk37aSzT99T5fJZ1Rs4DGzCb4/bdvhRRPCjgErTi1RgV64APc9hxl4kfcoVTadsCf0QnyB3M7OEK+Cpsql2YEzzTePtX4lwn1CtXEMHJDsg5GX/EwPqUGDZ5AabW5xAdryoJ43lCNKF8nUSSHagSplKafosibVnLeWNSARyMPgVuU/IMo+auHUC0MsRKwp4JfZpu8OGhuwQLyHHTkS9kds/dACUqBHeQhlXp82Q9Wj0xownCeh2w1fKEI3Nz4uqPWMiEA618ohA+9Idld0r7oM6OqSiJQ9inncDyWsIQOJKyZ9jCU3gqJA+YM= root@2b6015c8569c
root@2b6015c8569c:~# ping 10.0.0.4
PING 10.0.0.4 (10.0.0.4) 56(84) bytes of data.
64 bytes from 10.0.0.4: icmp_seq=1 ttl=64 time=0.082 ms
64 bytes from 10.0.0.4: icmp_seq=2 ttl=64 time=0.076 ms
64 bytes from 10.0.0.4: icmp_seq=3 ttl=64 time=0.069 ms
64 bytes from 10.0.0.4: icmp_seq=4 ttl=64 time=0.065 ms
64 bytes from 10.0.0.4: icmp_seq=5 ttl=64 time=0.068 ms
64 bytes from 10.0.0.4: icmp_seq=6 ttl=64 time=0.046 ms
^C
--- 10.0.0.4 ping statistics ---
6 packets transmitted, 6 received, 0% packet loss, time 5127ms
rtt min/avg/max/mdev = 0.046/0.067/0.082/0.011 ms
root@2b6015c8569c:~# ping 10.0.0.5
PING 10.0.0.5 (10.0.0.5) 56(84) bytes of data.
64 bytes from 10.0.0.5: icmp_seq=1 ttl=63 time=2.02 ms
64 bytes from 10.0.0.5: icmp_seq=2 ttl=63 time=2.30 ms
64 bytes from 10.0.0.5: icmp_seq=3 ttl=63 time=1.36 ms
64 bytes from 10.0.0.5: icmp_seq=4 ttl=63 time=0.926 ms
64 bytes from 10.0.0.5: icmp_seq=5 ttl=63 time=1.13 ms
^C
--- 10.0.0.5 ping statistics ---
5 packets transmitted, 5 received, 0% packet loss, time 4033ms
rtt min/avg/max/mdev = 0.926/1.547/2.299/0.525 ms
root@2b6015c8569c:~# ping 10.0.0.6
PING 10.0.0.6 (10.0.0.6) 56(84) bytes of data.
64 bytes from 10.0.0.6: icmp_seq=1 ttl=63 time=3.21 ms
64 bytes from 10.0.0.6: icmp_seq=2 ttl=63 time=1.55 ms
64 bytes from 10.0.0.6: icmp_seq=3 ttl=63 time=1.59 ms
64 bytes from 10.0.0.6: icmp_seq=4 ttl=63 time=1.61 ms
64 bytes from 10.0.0.6: icmp_seq=5 ttl=63 time=1.49 ms
^C
--- 10.0.0.6 ping statistics ---
5 packets transmitted, 5 received, 0% packet loss, time 4007ms
rtt min/avg/max/mdev = 1.493/1.892/3.213/0.661 ms
root@2b6015c8569c:~# ssh RedAdmin@10.0.0.4
The authenticity of host '10.0.0.4 (10.0.0.4)' can't be established.
ECDSA key fingerprint is SHA256:7zPwW8vOF+h5CgoYlmLI5ILgX+u3eTbm/ECx6FGZubY.
Are you sure you want to continue connecting (yes/no/[fingerprint])? yes
Warning: Permanently added '10.0.0.4' (ECDSA) to the list of known hosts.
Welcome to Ubuntu 18.04.6 LTS (GNU/Linux 5.4.0-1072-azure x86_64)

 * Documentation:  https://help.ubuntu.com
 * Management:     https://landscape.canonical.com
 * Support:        https://ubuntu.com/advantage

  System information as of Sat Mar 19 17:32:12 UTC 2022

  System load:  0.0               Processes:              108
  Usage of /:   9.3% of 28.90GB   Users logged in:        1
  Memory usage: 34%               IP address for eth0:    10.0.0.4
  Swap usage:   0%                IP address for docker0: 172.17.0.1

 * Super-optimized for small spaces - read how we shrank the memory
   footprint of MicroK8s to make it the smallest full K8s around.

   https://ubuntu.com/blog/microk8s-memory-optimisation

4 updates can be applied immediately.
To see these additional updates run: apt list --upgradable

New release '20.04.4 LTS' available.
Run 'do-release-upgrade' to upgrade to it.


*** System restart required ***
Last login: Sat Mar 19 16:37:43 2022 from 71.199.2.61
RedAdmin@JumpBoxProvisioner:~$ ssh RedAdmin@10.0.0.5
The authenticity of host '10.0.0.5 (10.0.0.5)' can't be established.
ECDSA key fingerprint is SHA256:+TzUhJyLndTrMuLOOZ6B8Uk0da/dLL8TCphn7+OTmHY.
Are you sure you want to continue connecting (yes/no)? yes
Warning: Permanently added '10.0.0.5' (ECDSA) to the list of known hosts.
RedAdmin@10.0.0.5: Permission denied (publickey).
RedAdmin@JumpBoxProvisioner:~$ exit
logout
Connection to 10.0.0.4 closed.
root@2b6015c8569c:~# ssh RedAdmin@10.0.0.5
The authenticity of host '10.0.0.5 (10.0.0.5)' can't be established.
ECDSA key fingerprint is SHA256:+TzUhJyLndTrMuLOOZ6B8Uk0da/dLL8TCphn7+OTmHY.
Are you sure you want to continue connecting (yes/no/[fingerprint])? yes
Warning: Permanently added '10.0.0.5' (ECDSA) to the list of known hosts.
Welcome to Ubuntu 20.04.4 LTS (GNU/Linux 5.13.0-1017-azure x86_64)

 * Documentation:  https://help.ubuntu.com
 * Management:     https://landscape.canonical.com
 * Support:        https://ubuntu.com/advantage

  System information as of Sat Mar 19 17:37:41 UTC 2022

  System load:  0.15              Processes:             106
  Usage of /:   5.2% of 28.90GB   Users logged in:       0
  Memory usage: 13%               IPv4 address for eth0: 10.0.0.5
  Swap usage:   0%

 * Super-optimized for small spaces - read how we shrank the memory
   footprint of MicroK8s to make it the smallest full K8s around.

   https://ubuntu.com/blog/microk8s-memory-optimisation

1 update can be applied immediately.
To see these additional updates run: apt list --upgradable


The list of available updates is more than a week old.
To check for new updates run: sudo apt update

Last login: Thu Mar 17 03:59:37 2022 from 10.0.0.4
RedAdmin@Web-1:~$ exit
logout
Connection to 10.0.0.5 closed.
root@2b6015c8569c:~# ssh RedAdmin@10.0.0.6
The authenticity of host '10.0.0.6 (10.0.0.6)' can't be established.
ECDSA key fingerprint is SHA256:YyLIL2rbfj7v/4Lqdui3ATjnKaGxaSD3eHKqvcfLSrY.
Are you sure you want to continue connecting (yes/no/[fingerprint])? yes
Warning: Permanently added '10.0.0.6' (ECDSA) to the list of known hosts.
Welcome to Ubuntu 20.04.4 LTS (GNU/Linux 5.13.0-1017-azure x86_64)

 * Documentation:  https://help.ubuntu.com
 * Management:     https://landscape.canonical.com
 * Support:        https://ubuntu.com/advantage

  System information as of Sat Mar 19 17:38:14 UTC 2022

  System load:  0.0               Processes:             106
  Usage of /:   5.7% of 28.90GB   Users logged in:       0
  Memory usage: 13%               IPv4 address for eth0: 10.0.0.6
  Swap usage:   0%


20 updates can be applied immediately.
To see these additional updates run: apt list --upgradable


*** System restart required ***
Last login: Thu Mar 17 03:59:37 2022 from 10.0.0.4
RedAdmin@Web-2:~$ exit
logout
Connection to 10.0.0.6 closed.
root@2b6015c8569c:~# ssh RedAdmin@10.0.0.6
^C
root@2b6015c8569c:~# ssh RedAdmin@10.0.0.6
ssh: connect to host 10.0.0.6 port 22: Connection refused
root@2b6015c8569c:~# ssh RedAdmin@10.0.0.6
Welcome to Ubuntu 20.04.4 LTS (GNU/Linux 5.13.0-1017-azure x86_64)

 * Documentation:  https://help.ubuntu.com
 * Management:     https://landscape.canonical.com
 * Support:        https://ubuntu.com/advantage

 System information disabled due to load higher than 1.0


20 updates can be applied immediately.
To see these additional updates run: apt list --upgradable


Last login: Sat Mar 19 17:38:16 2022 from 10.0.0.4
RedAdmin@Web-2:~$ exit
logout
Connection to 10.0.0.6 closed.
root@2b6015c8569c:~# ssh RedAdmin@10.0.0.4
Welcome to Ubuntu 18.04.6 LTS (GNU/Linux 5.4.0-1072-azure x86_64)

 * Documentation:  https://help.ubuntu.com
 * Management:     https://landscape.canonical.com
 * Support:        https://ubuntu.com/advantage

  System information as of Sat Mar 19 17:43:01 UTC 2022

  System load:  0.0               Processes:              109
  Usage of /:   9.3% of 28.90GB   Users logged in:        1
  Memory usage: 34%               IP address for eth0:    10.0.0.4
  Swap usage:   0%                IP address for docker0: 172.17.0.1

 * Super-optimized for small spaces - read how we shrank the memory
   footprint of MicroK8s to make it the smallest full K8s around.

   https://ubuntu.com/blog/microk8s-memory-optimisation

4 updates can be applied immediately.
To see these additional updates run: apt list --upgradable

New release '20.04.4 LTS' available.
Run 'do-release-upgrade' to upgrade to it.


*** System restart required ***
Last login: Sat Mar 19 17:32:12 2022 from 172.17.0.2
RedAdmin@JumpBoxProvisioner:~$ exit
logout
Connection to 10.0.0.4 closed.
root@2b6015c8569c:~# ls /etc/ansible/
ansible.cfg  hosts
root@2b6015c8569c:~# nano /etc/ansible/hosts
root@2b6015c8569c:~# ls /etc/ansible/
ansible.cfg  hosts
root@2b6015c8569c:~# ls /etc/ansible/
ansible.cfg  hosts
root@2b6015c8569c:~# nano /etc/ansible/ansible.cfg
root@2b6015c8569c:~# ssh RedAdmin@10.0.0.4
Welcome to Ubuntu 18.04.6 LTS (GNU/Linux 5.4.0-1072-azure x86_64)

 * Documentation:  https://help.ubuntu.com
 * Management:     https://landscape.canonical.com
 * Support:        https://ubuntu.com/advantage

  System information as of Sat Mar 19 17:57:13 UTC 2022

  System load:  0.02              Processes:              108
  Usage of /:   9.3% of 28.90GB   Users logged in:        1
  Memory usage: 34%               IP address for eth0:    10.0.0.4
  Swap usage:   0%                IP address for docker0: 172.17.0.1

 * Super-optimized for small spaces - read how we shrank the memory
   footprint of MicroK8s to make it the smallest full K8s around.

   https://ubuntu.com/blog/microk8s-memory-optimisation

4 updates can be applied immediately.
To see these additional updates run: apt list --upgradable

New release '20.04.4 LTS' available.
Run 'do-release-upgrade' to upgrade to it.


*** System restart required ***
Last login: Sat Mar 19 17:43:01 2022 from 172.17.0.2
RedAdmin@JumpBoxProvisioner:~$ ansible_python_interpreter=/usr/bin/python3
RedAdmin@JumpBoxProvisioner:~$ 
RedAdmin@JumpBoxProvisioner:~$ exit
logout
Connection to 10.0.0.4 closed.
root@2b6015c8569c:~# ansible_connection=ssh
root@2b6015c8569c:~# ssh RedAdmin@10.0.0.4
Welcome to Ubuntu 18.04.6 LTS (GNU/Linux 5.4.0-1072-azure x86_64)

 * Documentation:  https://help.ubuntu.com
 * Management:     https://landscape.canonical.com
 * Support:        https://ubuntu.com/advantage

  System information as of Sat Mar 19 18:05:30 UTC 2022

  System load:  0.0               Processes:              109
  Usage of /:   9.3% of 28.90GB   Users logged in:        1
  Memory usage: 34%               IP address for eth0:    10.0.0.4
  Swap usage:   0%                IP address for docker0: 172.17.0.1

 * Super-optimized for small spaces - read how we shrank the memory
   footprint of MicroK8s to make it the smallest full K8s around.

   https://ubuntu.com/blog/microk8s-memory-optimisation

4 updates can be applied immediately.
To see these additional updates run: apt list --upgradable

New release '20.04.4 LTS' available.
Run 'do-release-upgrade' to upgrade to it.


*** System restart required ***
Last login: Sat Mar 19 17:57:13 2022 from 172.17.0.2
RedAdmin@JumpBoxProvisioner:~$ ansible_connection=ssh
RedAdmin@JumpBoxProvisioner:~$ exit
logout
Connection to 10.0.0.4 closed.
root@2b6015c8569c:~# ansible localhost -m ping -e 'ansible_python_interpreter=/usr/bin/python3'
localhost | SUCCESS => {
    "changed": false,
    "ping": "pong"
}
root@2b6015c8569c:~# ansible 10.0.0.4 -m ping -e 'ansible_python_interpreter=/usr/bin/python3'
10.0.0.4 | SUCCESS => {
    "changed": false,
    "ping": "pong"
}
root@2b6015c8569c:~# ansible 10.0.0.5 -m ping -e 'ansible_python_interpreter=/usr/bin/python3'
10.0.0.5 | SUCCESS => {
    "changed": false,
    "ping": "pong"
}
root@2b6015c8569c:~# ansible 10.0.0.6 -m ping -e 'ansible_python_interpreter=/usr/bin/python3'
10.0.0.6 | SUCCESS => {
    "changed": false,
    "ping": "pong"
}
root@2b6015c8569c:~# ansible -m ping all
10.0.0.5 | SUCCESS => {
    "changed": false,
    "ping": "pong"
}
10.0.0.6 | SUCCESS => {
    "changed": false,
    "ping": "pong"
}
10.0.0.4 | SUCCESS => {
    "changed": false,
    "ping": "pong"
}
root@2b6015c8569c:~# docker container list -a
bash: docker: command not found
root@2b6015c8569c:~# exit
exit
RedAdmin@JumpBoxProvisioner:~$ docker container list -1
unknown shorthand flag: '1' in -1
See 'docker container ls --help'.
RedAdmin@JumpBoxProvisioner:~$ docker container list -a
Got permission denied while trying to connect to the Docker daemon socket at unix:///var/run/docker.sock: Get http://%2Fvar%2Frun%2Fdocker.sock/v1.24/containers/json?all=1: dial unix /var/run/docker.sock: connect: permission denied
RedAdmin@JumpBoxProvisioner:~$ sudo docker container list -a
CONTAINER ID   IMAGE                           COMMAND                  CREATED       STATUS                        PORTS     NAMES
2b6015c8569c   cyberxsecurity/ansible          "/bin/sh -c /bin/bas…"   2 hours ago   Exited (127) 41 seconds ago             optimistic_ellis
492a841bfa8b   cyberxsecurity/ansible:latest   "/bin/sh -c /bin/bas…"   2 hours ago   Exited (0) 2 hours ago                  sweet_zhukovsky
7386c4f2652e   cyberxsecurity/ansible:latest   "/bin/sh -c /bin/bas…"   2 days ago    Exited (137) 2 days ago                 unruffled_mayer
f98234e4a4b5   cyberxsecurity/ansible:latest   "/bin/sh -c /bin/bas…"   2 days ago    Exited (0) 2 days ago                   practical_nightingale
RedAdmin@JumpBoxProvisioner:~$ docker rm practical_nightingale
Got permission denied while trying to connect to the Docker daemon socket at unix:///var/run/docker.sock: Delete http://%2Fvar%2Frun%2Fdocker.sock/v1.24/containers/practical_nightingale: dial unix /var/run/docker.sock: connect: permission denied
RedAdmin@JumpBoxProvisioner:~$ sudo docker rm practical_nightingale
practical_nightingale
RedAdmin@JumpBoxProvisioner:~$ docker rm practical_nightingale
Got permission denied while trying to connect to the Docker daemon socket at unix:///var/run/docker.sock: Delete http://%2Fvar%2Frun%2Fdocker.sock/v1.24/containers/practical_nightingale: dial unix /var/run/docker.sock: connect: permission denied
RedAdmin@JumpBoxProvisioner:~$ sudo docker container list -a
CONTAINER ID   IMAGE                           COMMAND                  CREATED       STATUS                       PORTS     NAMES
2b6015c8569c   cyberxsecurity/ansible          "/bin/sh -c /bin/bas…"   2 hours ago   Exited (127) 3 minutes ago             optimistic_ellis
492a841bfa8b   cyberxsecurity/ansible:latest   "/bin/sh -c /bin/bas…"   2 hours ago   Exited (0) 2 hours ago                 sweet_zhukovsky
7386c4f2652e   cyberxsecurity/ansible:latest   "/bin/sh -c /bin/bas…"   2 days ago    Exited (137) 2 days ago                unruffled_mayer
RedAdmin@JumpBoxProvisioner:~$ sudo docker rm sweet_zhukovsky
sweet_zhukovsky
RedAdmin@JumpBoxProvisioner:~$ sudo docker container list -a
CONTAINER ID   IMAGE                           COMMAND                  CREATED       STATUS                       PORTS     NAMES
2b6015c8569c   cyberxsecurity/ansible          "/bin/sh -c /bin/bas…"   2 hours ago   Exited (127) 4 minutes ago             optimistic_ellis
7386c4f2652e   cyberxsecurity/ansible:latest   "/bin/sh -c /bin/bas…"   2 days ago    Exited (137) 2 days ago                unruffled_mayer
RedAdmin@JumpBoxProvisioner:~$ ls /etc/ansible/
ls: cannot access '/etc/ansible/': No such file or directory
RedAdmin@JumpBoxProvisioner:~$ sudo docker run -it cyberxsecurity/ansible /bin/bash
root@f102f5430ba4:~# exit
exit
RedAdmin@JumpBoxProvisioner:~$ ls /etc/ansible/
ls: cannot access '/etc/ansible/': No such file or directory
RedAdmin@JumpBoxProvisioner:~$ sudo docker container list -a
CONTAINER ID   IMAGE                           COMMAND                  CREATED          STATUS                       PORTS     NAMES
f102f5430ba4   cyberxsecurity/ansible          "/bin/sh -c /bin/bas…"   17 seconds ago   Exited (0) 10 seconds ago              modest_northcutt
2b6015c8569c   cyberxsecurity/ansible          "/bin/sh -c /bin/bas…"   2 hours ago      Exited (127) 8 minutes ago             optimistic_ellis
7386c4f2652e   cyberxsecurity/ansible:latest   "/bin/sh -c /bin/bas…"   2 days ago       Exited (137) 2 days ago                unruffled_mayer
RedAdmin@JumpBoxProvisioner:~$ docker rm modest_northcutt
Got permission denied while trying to connect to the Docker daemon socket at unix:///var/run/docker.sock: Delete http://%2Fvar%2Frun%2Fdocker.sock/v1.24/containers/modest_northcutt: dial unix /var/run/docker.sock: connect: permission denied
RedAdmin@JumpBoxProvisioner:~$ sudo docker rm modest_northcutt
modest_northcutt
RedAdmin@JumpBoxProvisioner:~$ sudo docker container list -a
CONTAINER ID   IMAGE                           COMMAND                  CREATED       STATUS                        PORTS     NAMES
2b6015c8569c   cyberxsecurity/ansible          "/bin/sh -c /bin/bas…"   2 hours ago   Exited (127) 10 minutes ago             optimistic_ellis
7386c4f2652e   cyberxsecurity/ansible:latest   "/bin/sh -c /bin/bas…"   2 days ago    Exited (137) 2 days ago                 unruffled_mayer
RedAdmin@JumpBoxProvisioner:~$ sudo docker run -it cyberxsecurity/unruffled_mayer /bin/bash
Unable to find image 'cyberxsecurity/unruffled_mayer:latest' locally
docker: Error response from daemon: pull access denied for cyberxsecurity/unruffled_mayer, repository does not exist or may require 'docker login': denied: requested access to the resource is denied.
See 'docker run --help'.
RedAdmin@JumpBoxProvisioner:~$ sudo docker run -it cyberxsecurity/unruffled_mayer /bin/bash
Unable to find image 'cyberxsecurity/unruffled_mayer:latest' locally
docker: Error response from daemon: pull access denied for cyberxsecurity/unruffled_mayer, repository does not exist or may require 'docker login': denied: requested access to the resource is denied.
See 'docker run --help'.
RedAdmin@JumpBoxProvisioner:~$ sudo docker container list -a
CONTAINER ID   IMAGE                           COMMAND                  CREATED       STATUS                        PORTS     NAMES
2b6015c8569c   cyberxsecurity/ansible          "/bin/sh -c /bin/bas…"   2 hours ago   Exited (127) 14 minutes ago             optimistic_ellis
7386c4f2652e   cyberxsecurity/ansible:latest   "/bin/sh -c /bin/bas…"   2 days ago    Exited (137) 2 days ago                 unruffled_mayer
RedAdmin@JumpBoxProvisioner:~$ sudo docker run -it cyberxsecurity/unruffled_mayer /bin/bash
Unable to find image 'cyberxsecurity/unruffled_mayer:latest' locally
docker: Error response from daemon: pull access denied for cyberxsecurity/unruffled_mayer, repository does not exist or may require 'docker login': denied: requested access to the resource is denied.
See 'docker run --help'.
RedAdmin@JumpBoxProvisioner:~$ sudo docker run -it cyberxsecurity/optimistic_ellis /bin/bash
Unable to find image 'cyberxsecurity/optimistic_ellis:latest' locally
docker: Error response from daemon: pull access denied for cyberxsecurity/optimistic_ellis, repository does not exist or may require 'docker login': denied: requested access to the resource is denied.
See 'docker run --help'.
RedAdmin@JumpBoxProvisioner:~$ sudo docker run -it cyberxsecurity/ansible /bin/bash
root@ae7fc3485cdc:~# exit
exit
RedAdmin@JumpBoxProvisioner:~$ sudo docker container list -a
CONTAINER ID   IMAGE                           COMMAND                  CREATED          STATUS                        PORTS     NAMES
ae7fc3485cdc   cyberxsecurity/ansible          "/bin/sh -c /bin/bas…"   12 seconds ago   Exited (0) 8 seconds ago                gracious_pike
2b6015c8569c   cyberxsecurity/ansible          "/bin/sh -c /bin/bas…"   2 hours ago      Exited (127) 17 minutes ago             optimistic_ellis
7386c4f2652e   cyberxsecurity/ansible:latest   "/bin/sh -c /bin/bas…"   2 days ago       Exited (137) 2 days ago                 unruffled_mayer
RedAdmin@JumpBoxProvisioner:~$ docker rm gracious_pike
Got permission denied while trying to connect to the Docker daemon socket at unix:///var/run/docker.sock: Delete http://%2Fvar%2Frun%2Fdocker.sock/v1.24/containers/gracious_pike: dial unix /var/run/docker.sock: connect: permission denied
RedAdmin@JumpBoxProvisioner:~$ sudo docker rm gracious_pike
gracious_pike
RedAdmin@JumpBoxProvisioner:~$ sudo docker container list -a
CONTAINER ID   IMAGE                           COMMAND                  CREATED       STATUS                        PORTS     NAMES
2b6015c8569c   cyberxsecurity/ansible          "/bin/sh -c /bin/bas…"   2 hours ago   Exited (127) 18 minutes ago             optimistic_ellis
7386c4f2652e   cyberxsecurity/ansible:latest   "/bin/sh -c /bin/bas…"   2 days ago    Exited (137) 2 days ago                 unruffled_mayer
RedAdmin@JumpBoxProvisioner:~$ cd optimistic_ellis
-bash: cd: optimistic_ellis: No such file or directory
RedAdmin@JumpBoxProvisioner:~$ sudo docker container list -a
CONTAINER ID   IMAGE                           COMMAND                  CREATED       STATUS                        PORTS     NAMES
2b6015c8569c   cyberxsecurity/ansible          "/bin/sh -c /bin/bas…"   2 hours ago   Exited (127) 41 minutes ago             optimistic_ellis
7386c4f2652e   cyberxsecurity/ansible:latest   "/bin/sh -c /bin/bas…"   2 days ago    Exited (137) 2 days ago                 unruffled_mayer
RedAdmin@JumpBoxProvisioner:~$ sudo docker rm unruffled_mayer
unruffled_mayer
RedAdmin@JumpBoxProvisioner:~$ sudo docker container list -a
CONTAINER ID   IMAGE                    COMMAND                  CREATED       STATUS                        PORTS     NAMES
2b6015c8569c   cyberxsecurity/ansible   "/bin/sh -c /bin/bas…"   2 hours ago   Exited (127) 41 minutes ago             optimistic_ellis
RedAdmin@JumpBoxProvisioner:~$ sudo docker start optimistic_ellis
optimistic_ellis
RedAdmin@JumpBoxProvisioner:~$ sudo docker attach optimistic_ellis
root@2b6015c8569c:~# client_loop: send disconnect: Broken pipe
cookie@Krubskayas-MacBook-Pro ~ % ssh RedAdmin@168.61.5.104
Welcome to Ubuntu 18.04.6 LTS (GNU/Linux 5.4.0-1072-azure x86_64)

 * Documentation:  https://help.ubuntu.com
 * Management:     https://landscape.canonical.com
 * Support:        https://ubuntu.com/advantage

  System information as of Sun Mar 20 00:22:43 UTC 2022

  System load:  0.0               Processes:              102
  Usage of /:   9.3% of 28.90GB   Users logged in:        0
  Memory usage: 31%               IP address for eth0:    10.0.0.4
  Swap usage:   0%                IP address for docker0: 172.17.0.1

 * Super-optimized for small spaces - read how we shrank the memory
   footprint of MicroK8s to make it the smallest full K8s around.

   https://ubuntu.com/blog/microk8s-memory-optimisation

4 updates can be applied immediately.
To see these additional updates run: apt list --upgradable

New release '20.04.4 LTS' available.
Run 'do-release-upgrade' to upgrade to it.


*** System restart required ***
Last login: Sat Mar 19 18:26:18 2022 from 172.17.0.2
RedAdmin@JumpBoxProvisioner:~$ sudo docker container list -a
CONTAINER ID   IMAGE                    COMMAND                  CREATED       STATUS       PORTS     NAMES
2b6015c8569c   cyberxsecurity/ansible   "/bin/sh -c /bin/bas…"   8 hours ago   Up 5 hours             optimistic_ellis
RedAdmin@JumpBoxProvisioner:~$ sudo docker start optimistic_ellis
optimistic_ellis
RedAdmin@JumpBoxProvisioner:~$ sudo docker attach optimistic_ellis
root@2b6015c8569c:~# ansible -m ping all
10.0.0.5 | SUCCESS => {
    "changed": false,
    "ping": "pong"
}
10.0.0.4 | SUCCESS => {
    "changed": false,
    "ping": "pong"
}
10.0.0.6 | SUCCESS => {
    "changed": false,
    "ping": "pong"
}
root@2b6015c8569c:~# nano /etc/ansible/myfirstplaybook.yml
root@2b6015c8569c:~# ansible-playbook /etc/ansible/myfirstplaybook.yml 
[WARNING]: ansible.utils.display.initialize_locale has not been called, this may result in incorrectly calculated text widths that can cause Display to print incorrect line
lengths

PLAY [Config Web VM with Docker] *************************************************************************************************************************************************

TASK [Gathering Facts] ***********************************************************************************************************************************************************
ok: [10.0.0.5]
ok: [10.0.0.6]
ok: [10.0.0.4]

TASK [docker.io] *****************************************************************************************************************************************************************
ok: [10.0.0.4]
changed: [10.0.0.6]
changed: [10.0.0.5]

TASK [Install pip3] **************************************************************************************************************************************************************
changed: [10.0.0.6]
changed: [10.0.0.5]
changed: [10.0.0.4]

TASK [Install Docker python module] **********************************************************************************************************************************************
changed: [10.0.0.5]
changed: [10.0.0.6]
changed: [10.0.0.4]

TASK [download and launch a docker web container] ********************************************************************************************************************************
[DEPRECATION WARNING]: The container_default_behavior option will change its default value from "compatibility" to "no_defaults" in community.docker 2.0.0. To remove this 
warning, please specify an explicit value for it now. This feature will be removed from community.docker in version 2.0.0. Deprecation warnings can be disabled by setting 
deprecation_warnings=False in ansible.cfg.
changed: [10.0.0.6]
changed: [10.0.0.5]
changed: [10.0.0.4]

TASK [Enable docker service] *****************************************************************************************************************************************************
ok: [10.0.0.5]
ok: [10.0.0.6]
ok: [10.0.0.4]

PLAY RECAP ***********************************************************************************************************************************************************************
10.0.0.4                   : ok=6    changed=3    unreachable=0    failed=0    skipped=0    rescued=0    ignored=0   
10.0.0.5                   : ok=6    changed=4    unreachable=0    failed=0    skipped=0    rescued=0    ignored=0   
10.0.0.6                   : ok=6    changed=4    unreachable=0    failed=0    skipped=0    rescued=0    ignored=0   

root@2b6015c8569c:~# ssh RedAdmin@10.0.0.6
Welcome to Ubuntu 20.04.4 LTS (GNU/Linux 5.13.0-1017-azure x86_64)

 * Documentation:  https://help.ubuntu.com
 * Management:     https://landscape.canonical.com
 * Support:        https://ubuntu.com/advantage

  System information as of Sun Mar 20 01:16:05 UTC 2022

  System load:  0.01               Processes:                121
  Usage of /:   11.2% of 28.90GB   Users logged in:          0
  Memory usage: 28%                IPv4 address for docker0: 172.17.0.1
  Swap usage:   0%                 IPv4 address for eth0:    10.0.0.6

 * Super-optimized for small spaces - read how we shrank the memory
   footprint of MicroK8s to make it the smallest full K8s around.

   https://ubuntu.com/blog/microk8s-memory-optimisation

20 updates can be applied immediately.
To see these additional updates run: apt list --upgradable


Last login: Sun Mar 20 01:10:57 2022 from 10.0.0.4
RedAdmin@Web-2:~$ curl localhost/setup.php
<!DOCTYPE html>

<html lang="en-GB">

	<head>
		<meta http-equiv="Content-Type" content="text/html; charset=UTF-8" />

		<title>Setup :: Damn Vulnerable Web Application (DVWA) v1.10 *Development*</title>

		<link rel="stylesheet" type="text/css" href="dvwa/css/main.css" />

		<link rel="icon" type="\image/ico" href="favicon.ico" />

		<script type="text/javascript" src="dvwa/js/dvwaPage.js"></script>

	</head>

	<body class="home">
		<div id="container">

			<div id="header">

				<img src="dvwa/images/logo.png" alt="Damn Vulnerable Web Application" />

			</div>

			<div id="main_menu">

				<div id="main_menu_padded">
				<ul class="menuBlocks"><li class="selected"><a href="setup.php">Setup DVWA</a></li>
<li class=""><a href="instructions.php">Instructions</a></li>
</ul><ul class="menuBlocks"><li class=""><a href="about.php">About</a></li>
</ul>
				</div>

			</div>

			<div id="main_body">

				
<div class="body_padded">
	<h1>Database Setup <img src="dvwa/images/spanner.png" /></h1>

	<p>Click on the 'Create / Reset Database' button below to create or reset your database.<br />
	If you get an error make sure you have the correct user credentials in: <em>/var/www/html/config/config.inc.php</em></p>

	<p>If the database already exists, <em>it will be cleared and the data will be reset</em>.<br />
	You can also use this to reset the administrator credentials ("<em>admin</em> // <em>password</em>") at any stage.</p>
	<hr />
	<br />

	<h2>Setup Check</h2>

	Operating system: <em>*nix</em><br />
	Backend database: <em>MySQL</em><br />
	PHP version: <em>7.0.33-0+deb9u10</em><br />
	<br />
	Web Server SERVER_NAME: <em>localhost</em><br />
	<br />
	PHP function display_errors: <em>Disabled</em><br />
	PHP function safe_mode: <span class="success">Disabled</span><br/ >
	PHP function allow_url_include: <span class="success">Enabled</span><br/ >
	PHP function allow_url_fopen: <span class="success">Enabled</span><br />
	PHP function magic_quotes_gpc: <span class="success">Disabled</span><br />
	PHP module gd: <span class="success">Installed</span><br />
	PHP module mysql: <span class="success">Installed</span><br />
	PHP module pdo_mysql: <span class="success">Installed</span><br />
	<br />
	MySQL username: <em>app</em><br />
	MySQL password: <em>******</em><br />
	MySQL database: <em>dvwa</em><br />
	MySQL host: <em>127.0.0.1</em><br />
	<br />
	reCAPTCHA key: <span class="failure">Missing</span><br />
	<br />
	[User: www-data] Writable folder /var/www/html/hackable/uploads/: <span class="success">Yes</span><br />
	[User: www-data] Writable file /var/www/html/external/phpids/0.6/lib/IDS/tmp/phpids_log.txt: <span class="success">Yes</span><br />
	<br />
	<br />
	[User: www-data] Writable folder /var/www/html/config: <span class="success">Yes</span>
	<br />
	<i><span class="failure">Status in red</span>, indicate there will be an issue when trying to complete some modules.</i><br />
	<br />
	If you see disabled on either <i>allow_url_fopen</i> or <i>allow_url_include</i>, set the following in your php.ini file and restart Apache.<br />
	<pre><code>allow_url_fopen = On
allow_url_include = On</code></pre>
	These are only required for the file inclusion labs so unless you want to play with those, you can ignore them.

	<br /><br /><br />

	<!-- Create db button -->
	<form action="#" method="post">
		<input name="create_db" type="submit" value="Create / Reset Database">
		<input type='hidden' name='user_token' value='9405a363f1f8a4444880bcd7907eaefd' />
	</form>
	<br />
	<hr />
</div>
				<br /><br />
				

			</div>

			<div class="clear">
			</div>

			<div id="system_info">
				
			</div>

			<div id="footer">

				<p>Damn Vulnerable Web Application (DVWA) v1.10 *Development*</p>
				<script src='/dvwa/js/add_event_listeners.js'></script>

			</div>

		</div>

	</body>

</html>RedAdmin@Web-2:~$ Connection to 168.61.5.104 closed by remote host.
Connection to 168.61.5.104 closed.
cookie@Krubskayas-MacBook-Pro ~ % ssh RedAdmin@13.64.225.20
The authenticity of host '13.64.225.20 (13.64.225.20)' can't be established.
ED25519 key fingerprint is SHA256:1/TaBd97SGSiwExrmaedwvGO5r2cdY8aTFiTPzdH0rw.
This host key is known by the following other names/addresses:
    ~/.ssh/known_hosts:11: 138.91.76.229
    ~/.ssh/known_hosts:14: 168.61.5.104
Are you sure you want to continue connecting (yes/no/[fingerprint])? yes
Warning: Permanently added '13.64.225.20' (ED25519) to the list of known hosts.
Welcome to Ubuntu 18.04.6 LTS (GNU/Linux 5.4.0-1072-azure x86_64)

 * Documentation:  https://help.ubuntu.com
 * Management:     https://landscape.canonical.com
 * Support:        https://ubuntu.com/advantage

  System information as of Sun Mar 20 16:41:28 UTC 2022

  System load:  0.08               Processes:              99
  Usage of /:   13.6% of 28.90GB   Users logged in:        0
  Memory usage: 28%                IP address for eth0:    10.0.0.4
  Swap usage:   0%                 IP address for docker0: 172.17.0.1

 * Super-optimized for small spaces - read how we shrank the memory
   footprint of MicroK8s to make it the smallest full K8s around.

   https://ubuntu.com/blog/microk8s-memory-optimisation

4 updates can be applied immediately.
To see these additional updates run: apt list --upgradable


Last login: Sun Mar 20 01:10:57 2022 from 172.17.0.2
RedAdmin@JumpBoxProvisioner:~$ sudo docker container list -a
CONTAINER ID   IMAGE                    COMMAND                  CREATED        STATUS                      PORTS     NAMES
79d575b1fe6b   cyberxsecurity/dvwa      "/main.sh"               16 hours ago   Exited (137) 14 hours ago             dvwa
2b6015c8569c   cyberxsecurity/ansible   "/bin/sh -c /bin/bas…"   24 hours ago   Exited (137) 14 hours ago             optimistic_ellis
RedAdmin@JumpBoxProvisioner:~$ sudo docker start dvwa
dvwa
RedAdmin@JumpBoxProvisioner:~$ sudo docker start optimistic_ellis
optimistic_ellis
RedAdmin@JumpBoxProvisioner:~$ ping 10.0.0.4
PING 10.0.0.4 (10.0.0.4) 56(84) bytes of data.
64 bytes from 10.0.0.4: icmp_seq=1 ttl=64 time=0.032 ms
64 bytes from 10.0.0.4: icmp_seq=2 ttl=64 time=0.057 ms
64 bytes from 10.0.0.4: icmp_seq=3 ttl=64 time=0.113 ms
64 bytes from 10.0.0.4: icmp_seq=4 ttl=64 time=0.054 ms
^C
--- 10.0.0.4 ping statistics ---
4 packets transmitted, 4 received, 0% packet loss, time 3050ms
rtt min/avg/max/mdev = 0.032/0.064/0.113/0.029 ms
RedAdmin@JumpBoxProvisioner:~$ ping 104.42.39.110
PING 104.42.39.110 (104.42.39.110) 56(84) bytes of data.
^C
--- 104.42.39.110 ping statistics ---
19 packets transmitted, 0 received, 100% packet loss, time 18416ms

RedAdmin@JumpBoxProvisioner:~$ ping 10.0.0.5
PING 10.0.0.5 (10.0.0.5) 56(84) bytes of data.
64 bytes from 10.0.0.5: icmp_seq=1 ttl=64 time=2.02 ms
64 bytes from 10.0.0.5: icmp_seq=2 ttl=64 time=1.14 ms
64 bytes from 10.0.0.5: icmp_seq=3 ttl=64 time=1.16 ms
64 bytes from 10.0.0.5: icmp_seq=4 ttl=64 time=0.862 ms
^C
--- 10.0.0.5 ping statistics ---
4 packets transmitted, 4 received, 0% packet loss, time 3004ms
rtt min/avg/max/mdev = 0.862/1.298/2.024/0.437 ms
RedAdmin@JumpBoxProvisioner:~$ ping 10.0.0.6
PING 10.0.0.6 (10.0.0.6) 56(84) bytes of data.
64 bytes from 10.0.0.6: icmp_seq=1 ttl=64 time=2.57 ms
64 bytes from 10.0.0.6: icmp_seq=2 ttl=64 time=1.07 ms
64 bytes from 10.0.0.6: icmp_seq=3 ttl=64 time=1.38 ms
64 bytes from 10.0.0.6: icmp_seq=4 ttl=64 time=1.42 ms
64 bytes from 10.0.0.6: icmp_seq=5 ttl=64 time=1.14 ms
^C
--- 10.0.0.6 ping statistics ---
5 packets transmitted, 5 received, 0% packet loss, time 4006ms
rtt min/avg/max/mdev = 1.079/1.523/2.579/0.545 ms
RedAdmin@JumpBoxProvisioner:~$ sudo docker attach optimistic_ellis
root@2b6015c8569c:~# ansible -m ping all
10.0.0.4 | SUCCESS => {
    "changed": false,
    "ping": "pong"
}
10.0.0.6 | SUCCESS => {
    "changed": false,
    "ping": "pong"
}
10.0.0.5 | SUCCESS => {
    "changed": false,
    "ping": "pong"
}
root@2b6015c8569c:~# ansible-playbook /etc/ansible/myfirstplaybook.yml
[WARNING]: ansible.utils.display.initialize_locale has not been called, this may result in incorrectly calculated text widths that can cause Display to print incorrect line
lengths

PLAY [Config Web VM with Docker] *************************************************************************************************************************************************

TASK [Gathering Facts] ***********************************************************************************************************************************************************
ok: [10.0.0.4]
ok: [10.0.0.5]
ok: [10.0.0.6]

TASK [docker.io] *****************************************************************************************************************************************************************
ok: [10.0.0.4]
ok: [10.0.0.6]
ok: [10.0.0.5]

TASK [Install pip3] **************************************************************************************************************************************************************
ok: [10.0.0.5]
ok: [10.0.0.6]
ok: [10.0.0.4]

TASK [Install Docker python module] **********************************************************************************************************************************************
ok: [10.0.0.6]
ok: [10.0.0.4]
ok: [10.0.0.5]

TASK [download and launch a docker web container] ********************************************************************************************************************************
[DEPRECATION WARNING]: The container_default_behavior option will change its default value from "compatibility" to "no_defaults" in community.docker 2.0.0. To remove this 
warning, please specify an explicit value for it now. This feature will be removed from community.docker in version 2.0.0. Deprecation warnings can be disabled by setting 
deprecation_warnings=False in ansible.cfg.
ok: [10.0.0.4]
changed: [10.0.0.5]
changed: [10.0.0.6]

TASK [Enable docker service] *****************************************************************************************************************************************************
ok: [10.0.0.4]
ok: [10.0.0.5]
ok: [10.0.0.6]

PLAY RECAP ***********************************************************************************************************************************************************************
10.0.0.4                   : ok=6    changed=0    unreachable=0    failed=0    skipped=0    rescued=0    ignored=0   
10.0.0.5                   : ok=6    changed=1    unreachable=0    failed=0    skipped=0    rescued=0    ignored=0   
10.0.0.6                   : ok=6    changed=1    unreachable=0    failed=0    skipped=0    rescued=0    ignored=0   

root@2b6015c8569c:~# exit
exit
RedAdmin@JumpBoxProvisioner:~$ sudo docker container list -a
CONTAINER ID   IMAGE                    COMMAND                  CREATED        STATUS                      PORTS                NAMES
79d575b1fe6b   cyberxsecurity/dvwa      "/main.sh"               16 hours ago   Up 18 minutes               0.0.0.0:80->80/tcp   dvwa
2b6015c8569c   cyberxsecurity/ansible   "/bin/sh -c /bin/bas…"   24 hours ago   Exited (0) 11 seconds ago                        optimistic_ellis
RedAdmin@JumpBoxProvisioner:~$ sudo docker attach optimistic_ellis
You cannot attach to a stopped container, start it first
RedAdmin@JumpBoxProvisioner:~$ sudo docker start optimistic_ellis
optimistic_ellis
RedAdmin@JumpBoxProvisioner:~$ sudo docker attach optimistic_ellis
root@2b6015c8569c:~# hostname
2b6015c8569c
root@2b6015c8569c:~# ; runs a command after the first command, regardless if the first command is successful.
bash: syntax error near unexpected token `;'
root@2b6015c8569c:~# 
root@2b6015c8569c:~# && runs a command only if the first command is successful.
bash: syntax error near unexpected token `&&'
root@2b6015c8569c:~# 
root@2b6015c8569c:~# hostname                                          
2b6015c8569c
root@2b6015c8569c:~# Connection to 13.64.225.20 closed by remote host.
Connection to 13.64.225.20 closed.
cookie@Krubskayas-MacBook-Pro ~ % ssh RedAdmin@104.45.239.207
The authenticity of host '104.45.239.207 (104.45.239.207)' can't be established.
ED25519 key fingerprint is SHA256:1/TaBd97SGSiwExrmaedwvGO5r2cdY8aTFiTPzdH0rw.
This host key is known by the following other names/addresses:
    ~/.ssh/known_hosts:11: 138.91.76.229
    ~/.ssh/known_hosts:14: 168.61.5.104
    ~/.ssh/known_hosts:15: 13.64.225.20
Are you sure you want to continue connecting (yes/no/[fingerprint])? yes
Warning: Permanently added '104.45.239.207' (ED25519) to the list of known hosts.
Welcome to Ubuntu 18.04.6 LTS (GNU/Linux 5.4.0-1072-azure x86_64)

 * Documentation:  https://help.ubuntu.com
 * Management:     https://landscape.canonical.com
 * Support:        https://ubuntu.com/advantage

  System information as of Tue Mar 22 01:56:50 UTC 2022

  System load:  0.08               Processes:              99
  Usage of /:   13.6% of 28.90GB   Users logged in:        0
  Memory usage: 29%                IP address for eth0:    10.0.0.4
  Swap usage:   0%                 IP address for docker0: 172.17.0.1

 * Super-optimized for small spaces - read how we shrank the memory
   footprint of MicroK8s to make it the smallest full K8s around.

   https://ubuntu.com/blog/microk8s-memory-optimisation

21 updates can be applied immediately.
To see these additional updates run: apt list --upgradable


Last login: Sun Mar 20 16:53:05 2022 from 172.17.0.3
RedAdmin@JumpBoxProvisioner:~$ sudo docker container list -a
CONTAINER ID   IMAGE                    COMMAND                  CREATED      STATUS                      PORTS     NAMES
79d575b1fe6b   cyberxsecurity/dvwa      "/main.sh"               2 days ago   Exited (137) 32 hours ago             dvwa
2b6015c8569c   cyberxsecurity/ansible   "/bin/sh -c /bin/bas…"   2 days ago   Exited (137) 32 hours ago             optimistic_ellis
RedAdmin@JumpBoxProvisioner:~$ sudo docker container start optimistic_ellis
optimistic_ellis
RedAdmin@JumpBoxProvisioner:~$ sudo docker container attach optimistic_ellis
root@2b6015c8569c:~# cat ~/.ssh/id_rsa.pub
ssh-rsa AAAAB3NzaC1yc2EAAAADAQABAAABgQCn/pL45SxrFufVwQ6fknazeSMmUgamn5QnJ+PhUE8xxYc9htpHbfaL7k+08dqeJzo5td/S6r3/MuTp0HVFlIiLClv0OgileDbxnXAjgTq21TzMe+3cp6RcaF6xeFPVVYL5FORvYhFlZpx/cqiZPr5FyxV/9MeHJU7Dh5tw86qm6l7UQPWujy72r9RjohmPxExwPNhwHKwk37aSzT99T5fJZ1Rs4DGzCb4/bdvhRRPCjgErTi1RgV64APc9hxl4kfcoVTadsCf0QnyB3M7OEK+Cpsql2YEzzTePtX4lwn1CtXEMHJDsg5GX/EwPqUGDZ5AabW5xAdryoJ43lCNKF8nUSSHagSplKafosibVnLeWNSARyMPgVuU/IMo+auHUC0MsRKwp4JfZpu8OGhuwQLyHHTkS9kds/dACUqBHeQhlXp82Q9Wj0xownCeh2w1fKEI3Nz4uqPWMiEA618ohA+9Idld0r7oM6OqSiJQ9inncDyWsIQOJKyZ9jCU3gqJA+YM= root@2b6015c8569c
root@2b6015c8569c:~# ping 10.1.0.4
PING 10.1.0.4 (10.1.0.4) 56(84) bytes of data.
64 bytes from 10.1.0.4: icmp_seq=2 ttl=63 time=62.4 ms
64 bytes from 10.1.0.4: icmp_seq=3 ttl=63 time=62.2 ms
64 bytes from 10.1.0.4: icmp_seq=4 ttl=63 time=62.3 ms
64 bytes from 10.1.0.4: icmp_seq=5 ttl=63 time=72.4 ms
^C
--- 10.1.0.4 ping statistics ---
5 packets transmitted, 4 received, 20% packet loss, time 4031ms
rtt min/avg/max/mdev = 62.158/64.810/72.430/4.399 ms
root@2b6015c8569c:~# ansible -m ping all
10.0.0.4 | SUCCESS => {
    "changed": false,
    "ping": "pong"
}
10.0.0.6 | SUCCESS => {
    "changed": false,
    "ping": "pong"
}
10.0.0.5 | SUCCESS => {
    "changed": false,
    "ping": "pong"
}
root@2b6015c8569c:~# exit
exit
RedAdmin@JumpBoxProvisioner:~$ sudo docker container list -a
CONTAINER ID   IMAGE                    COMMAND                  CREATED      STATUS                      PORTS     NAMES
79d575b1fe6b   cyberxsecurity/dvwa      "/main.sh"               2 days ago   Exited (137) 33 hours ago             dvwa
2b6015c8569c   cyberxsecurity/ansible   "/bin/sh -c /bin/bas…"   2 days ago   Exited (0) 9 seconds ago              optimistic_ellis
RedAdmin@JumpBoxProvisioner:~$ sudo docker conatainer start optimistic_ellis
docker: 'conatainer' is not a docker command.
See 'docker --help'
RedAdmin@JumpBoxProvisioner:~$ sudo docker container start optimistic_ellis
optimistic_ellis
RedAdmin@JumpBoxProvisioner:~$ sudo docker container attach optimistic_ellis
root@2b6015c8569c:~# ssh RedAdmin@20.25.68.148  
The authenticity of host '20.25.68.148 (20.25.68.148)' can't be established.
ECDSA key fingerprint is SHA256:xX+uN6zvaVEaj0vB+3kW1KiAmGr0ThrZUThykMhWAs0.
Are you sure you want to continue connecting (yes/no/[fingerprint])? yes
Warning: Permanently added '20.25.68.148' (ECDSA) to the list of known hosts.
Welcome to Ubuntu 20.04.4 LTS (GNU/Linux 5.13.0-1017-azure x86_64)

 * Documentation:  https://help.ubuntu.com
 * Management:     https://landscape.canonical.com
 * Support:        https://ubuntu.com/advantage

  System information as of Tue Mar 22 02:14:09 UTC 2022

  System load:  0.01              Processes:             133
  Usage of /:   4.7% of 28.90GB   Users logged in:       0
  Memory usage: 3%                IPv4 address for eth0: 10.1.0.4
  Swap usage:   0%

1 update can be applied immediately.
To see these additional updates run: apt list --upgradable


The list of available updates is more than a week old.
To check for new updates run: sudo apt update


The programs included with the Ubuntu system are free software;
the exact distribution terms for each program are described in the
individual files in /usr/share/doc/*/copyright.

Ubuntu comes with ABSOLUTELY NO WARRANTY, to the extent permitted by
applicable law.

To run a command as administrator (user "root"), use "sudo <command>".
See "man sudo_root" for details.

RedAdmin@Elk-Server:~$ ping 20.25.68.148
PING 20.25.68.148 (20.25.68.148) 56(84) bytes of data.
^C
--- 20.25.68.148 ping statistics ---
8 packets transmitted, 0 received, 100% packet loss, time 7152ms

RedAdmin@Elk-Server:~$ ping 10.1.0.4
PING 10.1.0.4 (10.1.0.4) 56(84) bytes of data.
64 bytes from 10.1.0.4: icmp_seq=1 ttl=64 time=0.037 ms
64 bytes from 10.1.0.4: icmp_seq=2 ttl=64 time=0.047 ms
64 bytes from 10.1.0.4: icmp_seq=3 ttl=64 time=0.044 ms
^C
--- 10.1.0.4 ping statistics ---
3 packets transmitted, 3 received, 0% packet loss, time 2051ms
rtt min/avg/max/mdev = 0.037/0.042/0.047/0.004 ms
RedAdmin@Elk-Server:~$ exit
logout
Connection to 20.25.68.148 closed.
root@2b6015c8569c:~# ls /etc/ansible/
ansible.cfg  hosts  myfirstplaybook.yml
root@2b6015c8569c:~# nano /etc/ansible/hosts
root@2b6015c8569c:~# touch /etc/ansible/install-elk.yml
root@2b6015c8569c:~# ls /etc/ansible/
ansible.cfg  hosts  install-elk.yml  myfirstplaybook.yml
root@2b6015c8569c:~# nano /etc/ansible/hosts
root@2b6015c8569c:~# nano /etc/ansible/install-elk.yml
root@2b6015c8569c:~# ansible-playbook /etc/ansible/install-elk.yml
[WARNING]: ansible.utils.display.initialize_locale has not been called, this may result in incorrectly calculated text widths that can cause Display to print incorrect line
lengths

PLAY [Config elk VM with Docker] *************************************************************************************************************************************************

TASK [Gathering Facts] ***********************************************************************************************************************************************************
ok: [10.1.0.4]

TASK [Use more memory] ***********************************************************************************************************************************************************
changed: [10.1.0.4]

PLAY RECAP ***********************************************************************************************************************************************************************
10.1.0.4                   : ok=2    changed=1    unreachable=0    failed=0    skipped=0    rescued=0    ignored=0   

root@2b6015c8569c:~# nano /etc/ansible/myfirstplaybook.yml
root@2b6015c8569c:~# ansible-playbook /etc/ansible/install-elk.yml
[WARNING]: ansible.utils.display.initialize_locale has not been called, this may result in incorrectly calculated text widths that can cause Display to print incorrect line
lengths

PLAY [Config elk VM with Docker] *************************************************************************************************************************************************

TASK [Gathering Facts] ***********************************************************************************************************************************************************
ok: [10.1.0.4]

TASK [Use more memory] ***********************************************************************************************************************************************************
ok: [10.1.0.4]

PLAY RECAP ***********************************************************************************************************************************************************************
10.1.0.4                   : ok=2    changed=0    unreachable=0    failed=0    skipped=0    rescued=0    ignored=0   

root@2b6015c8569c:~# nano /etc/ansible/install-elk.yml
root@2b6015c8569c:~# nano /etc/ansible/install-elk.yml
root@2b6015c8569c:~# ansible-playbook /etc/ansible/install-elk.yml
[WARNING]: ansible.utils.display.initialize_locale has not been called, this may result in incorrectly calculated text widths that can cause Display to print incorrect line
lengths

PLAY [Config elk VM with Docker] *************************************************************************************************************************************************

TASK [Gathering Facts] ***********************************************************************************************************************************************************
ok: [10.1.0.4]

TASK [Use more memory] ***********************************************************************************************************************************************************
ok: [10.1.0.4]

TASK [Install docker.io] *********************************************************************************************************************************************************
changed: [10.1.0.4]

TASK [Install python3-pip] *******************************************************************************************************************************************************
^C [ERROR]: User interrupted execution
root@2b6015c8569c:~# nano /etc/ansible/install-elk.yml
root@2b6015c8569c:~# ansible-playbook /etc/ansible/install-elk.yml
[WARNING]: ansible.utils.display.initialize_locale has not been called, this may result in incorrectly calculated text widths that can cause Display to print incorrect line
lengths

PLAY [Configure Elk VM with Docker] **********************************************************************************************************************************************

TASK [Gathering Facts] ***********************************************************************************************************************************************************
ok: [10.1.0.4]

TASK [Use more memory] ***********************************************************************************************************************************************************
ok: [10.1.0.4]

TASK [Install docker.io] *********************************************************************************************************************************************************
ok: [10.1.0.4]

TASK [Install python3-pip] *******************************************************************************************************************************************************
changed: [10.1.0.4]

TASK [Install Docker module] *****************************************************************************************************************************************************
changed: [10.1.0.4]

TASK [Increase virtual memory] ***************************************************************************************************************************************************
changed: [10.1.0.4]

TASK [download and launch a docker elk container] ********************************************************************************************************************************
[DEPRECATION WARNING]: The container_default_behavior option will change its default value from "compatibility" to "no_defaults" in community.docker 2.0.0. To remove this 
warning, please specify an explicit value for it now. This feature will be removed from community.docker in version 2.0.0. Deprecation warnings can be disabled by setting 
deprecation_warnings=False in ansible.cfg.
changed: [10.1.0.4]

TASK [Enable service docker on boot] *********************************************************************************************************************************************
ok: [10.1.0.4]

PLAY RECAP ***********************************************************************************************************************************************************************
10.1.0.4                   : ok=8    changed=4    unreachable=0    failed=0    skipped=0    rescued=0    ignored=0   

root@2b6015c8569c:~# sudo docker ps
bash: sudo: command not found
root@2b6015c8569c:~# docker ps
bash: docker: command not found
root@2b6015c8569c:~# exit
exit
RedAdmin@JumpBoxProvisioner:~$ docker ps
Got permission denied while trying to connect to the Docker daemon socket at unix:///var/run/docker.sock: Get http://%2Fvar%2Frun%2Fdocker.sock/v1.24/containers/json: dial unix /var/run/docker.sock: connect: permission denied
RedAdmin@JumpBoxProvisioner:~$ sudo docker ps
CONTAINER ID   IMAGE     COMMAND   CREATED   STATUS    PORTS     NAMES
RedAdmin@JumpBoxProvisioner:~$ sudo docker start optimistic_ellis
optimistic_ellis
RedAdmin@JumpBoxProvisioner:~$ sudo docker attach optimistic_ellis
root@2b6015c8569c:~# ssh RedAdmin@10.1.0.4
Welcome to Ubuntu 20.04.4 LTS (GNU/Linux 5.13.0-1017-azure x86_64)

 * Documentation:  https://help.ubuntu.com
 * Management:     https://landscape.canonical.com
 * Support:        https://ubuntu.com/advantage

  System information as of Tue Mar 22 03:47:50 UTC 2022

  System load:  0.88               Processes:                144
  Usage of /:   16.3% of 28.90GB   Users logged in:          0
  Memory usage: 39%                IPv4 address for docker0: 172.17.0.1
  Swap usage:   0%                 IPv4 address for eth0:    10.1.0.4

 * Super-optimized for small spaces - read how we shrank the memory
   footprint of MicroK8s to make it the smallest full K8s around.

   https://ubuntu.com/blog/microk8s-memory-optimisation

31 updates can be applied immediately.
11 of these updates are standard security updates.
To see these additional updates run: apt list --upgradable


Last login: Tue Mar 22 03:45:10 2022 from 10.0.0.4
RedAdmin@Elk-Server:~$ docker ps
Got permission denied while trying to connect to the Docker daemon socket at unix:///var/run/docker.sock: Get http://%2Fvar%2Frun%2Fdocker.sock/v1.24/containers/json: dial unix /var/run/docker.sock: connect: permission denied
RedAdmin@Elk-Server:~$ sudo docker ps
CONTAINER ID   IMAGE          COMMAND                  CREATED         STATUS         PORTS                                                                              NAMES
4d623ec746e0   sebp/elk:761   "/usr/local/bin/star…"   2 minutes ago   Up 2 minutes   0.0.0.0:5044->5044/tcp, 0.0.0.0:5601->5601/tcp, 0.0.0.0:9200->9200/tcp, 9300/tcp   elk
RedAdmin@Elk-Server:~$ exit
logout
Connection to 10.1.0.4 closed.
root@2b6015c8569c:~# sudo docker container list -a    
bash: sudo: command not found
root@2b6015c8569c:~# docker container list -a
bash: docker: command not found
root@2b6015c8569c:~# exit
exit
RedAdmin@JumpBoxProvisioner:~$ sudo docker start container list -a
you cannot start and attach multiple containers at once
RedAdmin@JumpBoxProvisioner:~$ sudo coker list -a
sudo: coker: command not found
RedAdmin@JumpBoxProvisioner:~$ sudo docker list -a
unknown shorthand flag: 'a' in -a
See 'docker --help'.

Usage:  docker [OPTIONS] COMMAND

A self-sufficient runtime for containers

Options:
      --config string      Location of client config files (default "/home/RedAdmin/.docker")
  -c, --context string     Name of the context to use to connect to the daemon (overrides DOCKER_HOST env var and default context set with "docker context use")
  -D, --debug              Enable debug mode
  -H, --host list          Daemon socket(s) to connect to
  -l, --log-level string   Set the logging level ("debug"|"info"|"warn"|"error"|"fatal") (default "info")
      --tls                Use TLS; implied by --tlsverify
      --tlscacert string   Trust certs signed only by this CA (default "/home/RedAdmin/.docker/ca.pem")
      --tlscert string     Path to TLS certificate file (default "/home/RedAdmin/.docker/cert.pem")
      --tlskey string      Path to TLS key file (default "/home/RedAdmin/.docker/key.pem")
      --tlsverify          Use TLS and verify the remote
  -v, --version            Print version information and quit

Management Commands:
  builder     Manage builds
  config      Manage Docker configs
  container   Manage containers
  context     Manage contexts
  image       Manage images
  manifest    Manage Docker image manifests and manifest lists
  network     Manage networks
  node        Manage Swarm nodes
  plugin      Manage plugins
  secret      Manage Docker secrets
  service     Manage services
  stack       Manage Docker stacks
  swarm       Manage Swarm
  system      Manage Docker
  trust       Manage trust on Docker images
  volume      Manage volumes

Commands:
  attach      Attach local standard input, output, and error streams to a running container
  build       Build an image from a Dockerfile
  commit      Create a new image from a container's changes
  cp          Copy files/folders between a container and the local filesystem
  create      Create a new container
  diff        Inspect changes to files or directories on a container's filesystem
  events      Get real time events from the server
  exec        Run a command in a running container
  export      Export a container's filesystem as a tar archive
  history     Show the history of an image
  images      List images
  import      Import the contents from a tarball to create a filesystem image
  info        Display system-wide information
  inspect     Return low-level information on Docker objects
  kill        Kill one or more running containers
  load        Load an image from a tar archive or STDIN
  login       Log in to a Docker registry
  logout      Log out from a Docker registry
  logs        Fetch the logs of a container
  pause       Pause all processes within one or more containers
  port        List port mappings or a specific mapping for the container
  ps          List containers
  pull        Pull an image or a repository from a registry
  push        Push an image or a repository to a registry
  rename      Rename a container
  restart     Restart one or more containers
  rm          Remove one or more containers
  rmi         Remove one or more images
  run         Run a command in a new container
  save        Save one or more images to a tar archive (streamed to STDOUT by default)
  search      Search the Docker Hub for images
  start       Start one or more stopped containers
  stats       Display a live stream of container(s) resource usage statistics
  stop        Stop one or more running containers
  tag         Create a tag TARGET_IMAGE that refers to SOURCE_IMAGE
  top         Display the running processes of a container
  unpause     Unpause all processes within one or more containers
  update      Update configuration of one or more containers
  version     Show the Docker version information
  wait        Block until one or more containers stop, then print their exit codes

Run 'docker COMMAND --help' for more information on a command.

To get more help with docker, check out our guides at https://docs.docker.com/go/guides/

RedAdmin@JumpBoxProvisioner:~$ sudo docker container list -a
CONTAINER ID   IMAGE                    COMMAND                  CREATED      STATUS                       PORTS     NAMES
79d575b1fe6b   cyberxsecurity/dvwa      "/main.sh"               2 days ago   Exited (137) 35 hours ago              dvwa
2b6015c8569c   cyberxsecurity/ansible   "/bin/sh -c /bin/bas…"   2 days ago   Exited (127) 2 minutes ago             optimistic_ellis
RedAdmin@JumpBoxProvisioner:~$ sudo docker start optimistic_ellis
optimistic_ellis
RedAdmin@JumpBoxProvisioner:~$ sudo docker attach optimistic_ellis
root@2b6015c8569c:~# docker run hello-world
bash: docker: command not found
root@2b6015c8569c:~# sudo docker start elk
bash: sudo: command not found
root@2b6015c8569c:~# sudo docker run -p 5601:5601 -p 9200:9200 -p 5044:5044 -it --name elk sebp/elk:761
bash: sudo: command not found
root@2b6015c8569c:~# docker start elk
bash: docker: command not found
root@2b6015c8569c:~# sudo docker container list -a
bash: sudo: command not found
root@2b6015c8569c:~# ssh RedAdmin@10.1.0.4
Welcome to Ubuntu 20.04.4 LTS (GNU/Linux 5.13.0-1017-azure x86_64)

 * Documentation:  https://help.ubuntu.com
 * Management:     https://landscape.canonical.com
 * Support:        https://ubuntu.com/advantage

  System information as of Tue Mar 22 04:12:13 UTC 2022

  System load:  0.04               Processes:                139
  Usage of /:   16.3% of 28.90GB   Users logged in:          0
  Memory usage: 40%                IPv4 address for docker0: 172.17.0.1
  Swap usage:   0%                 IPv4 address for eth0:    10.1.0.4

 * Super-optimized for small spaces - read how we shrank the memory
   footprint of MicroK8s to make it the smallest full K8s around.

   https://ubuntu.com/blog/microk8s-memory-optimisation

31 updates can be applied immediately.
11 of these updates are standard security updates.
To see these additional updates run: apt list --upgradable


Last login: Tue Mar 22 03:47:50 2022 from 10.0.0.4
RedAdmin@Elk-Server:~$ sudo docker start elk
elk
RedAdmin@Elk-Server:~$ sudo docker attach elk
^CTerminating ELK
 * Stopping Elasticsearch Server

==> /var/log/elasticsearch/elasticsearch.log <==
[2022-03-22T04:14:13,635][INFO ][o.e.n.Node               ] [elk] stopping ...
[2022-03-22T04:14:13,655][INFO ][o.e.x.w.WatcherService   ] [elk] stopping watch service, reason [shutdown initiated]
[2022-03-22T04:14:13,656][INFO ][o.e.x.w.WatcherLifeCycleService] [elk] watcher has stopped and shutdown
   ...done.
Killing logstash (pid 220) with SIGTERM
Waiting for logstash (pid 220) to die...
[2022-03-22T04:14:14,078][INFO ][o.e.x.m.p.l.CppLogMessageHandler] [elk] [controller/111] [Main.cc@150] Ml controller exiting
[2022-03-22T04:14:14,080][INFO ][o.e.x.m.p.NativeController] [elk] Native controller process has stopped - no new native processes can be started
[2022-03-22T04:14:14,204][INFO ][o.e.n.Node               ] [elk] stopped
[2022-03-22T04:14:14,205][INFO ][o.e.n.Node               ] [elk] closing ...
[2022-03-22T04:14:14,241][INFO ][o.e.n.Node               ] [elk] closed

==> /var/log/logstash/logstash-plain.log <==
[2022-03-22T04:14:14,303][WARN ][logstash.runner          ] SIGTERM received. Shutting down.

==> /var/log/kibana/kibana5.log <==
{"type":"log","@timestamp":"2022-03-22T04:14:13Z","tags":["error","elasticsearch","admin"],"pid":248,"message":"Request error, retrying\nPOST http://localhost:9200/.reporting-*/_search => connect ECONNREFUSED 127.0.0.1:9200"}
{"type":"log","@timestamp":"2022-03-22T04:14:13Z","tags":["warning","elasticsearch","admin"],"pid":248,"message":"Unable to revive connection: http://localhost:9200/"}
{"type":"log","@timestamp":"2022-03-22T04:14:13Z","tags":["reporting","esqueue","queue-worker","error"],"pid":248,"message":"l11lhbxf006w28d97a8qpfab - job querying failed: Error: No Living connections\n    at sendReqWithConnection (/opt/kibana/node_modules/elasticsearch/src/lib/transport.js:266:15)\n    at next (/opt/kibana/node_modules/elasticsearch/src/lib/connection_pool.js:243:7)\n    at process._tickCallback (internal/process/next_tick.js:61:11)"}
{"type":"log","@timestamp":"2022-03-22T04:14:13Z","tags":["warning","elasticsearch","admin"],"pid":248,"message":"No living connections"}
Waiting for logstash (pid 220) to die...
{"type":"log","@timestamp":"2022-03-22T04:14:15Z","tags":["warning","elasticsearch","admin"],"pid":248,"message":"Unable to revive connection: http://localhost:9200/"}
{"type":"log","@timestamp":"2022-03-22T04:14:15Z","tags":["warning","elasticsearch","admin"],"pid":248,"message":"No living connections"}
{"type":"log","@timestamp":"2022-03-22T04:14:15Z","tags":["error","plugins","taskManager","taskManager"],"pid":248,"message":"Failed to poll for work: Error: No Living connections"}
Waiting for logstash (pid 220) to die...
{"type":"log","@timestamp":"2022-03-22T04:14:15Z","tags":["warning","elasticsearch","admin"],"pid":248,"message":"Unable to revive connection: http://localhost:9200/"}
{"type":"log","@timestamp":"2022-03-22T04:14:15Z","tags":["status","plugin:xpack_main@7.6.1","error"],"pid":248,"state":"red","message":"Status changed from green to red - Unable to retrieve version information from Elasticsearch nodes.","prevState":"green","prevMsg":"Ready"}
{"type":"log","@timestamp":"2022-03-22T04:14:15Z","tags":["warning","elasticsearch","admin"],"pid":248,"message":"No living connections"}
{"type":"log","@timestamp":"2022-03-22T04:14:15Z","tags":["error","elasticsearch-service"],"pid":248,"message":"Unable to retrieve version information from Elasticsearch nodes."}
{"type":"log","@timestamp":"2022-03-22T04:14:15Z","tags":["status","plugin:spaces@7.6.1","error"],"pid":248,"state":"red","message":"Status changed from green to red - Unable to retrieve version information from Elasticsearch nodes.","prevState":"green","prevMsg":"Ready"}
{"type":"log","@timestamp":"2022-03-22T04:14:15Z","tags":["status","plugin:searchprofiler@7.6.1","error"],"pid":248,"state":"red","message":"Status changed from green to red - Unable to retrieve version information from Elasticsearch nodes.","prevState":"green","prevMsg":"Ready"}
{"type":"log","@timestamp":"2022-03-22T04:14:15Z","tags":["status","plugin:ml@7.6.1","error"],"pid":248,"state":"red","message":"Status changed from green to red - Unable to retrieve version information from Elasticsearch nodes.","prevState":"green","prevMsg":"Ready"}
{"type":"log","@timestamp":"2022-03-22T04:14:15Z","tags":["status","plugin:tilemap@7.6.1","error"],"pid":248,"state":"red","message":"Status changed from green to red - Unable to retrieve version information from Elasticsearch nodes.","prevState":"green","prevMsg":"Ready"}
{"type":"log","@timestamp":"2022-03-22T04:14:15Z","tags":["status","plugin:watcher@7.6.1","error"],"pid":248,"state":"red","message":"Status changed from green to red - Unable to retrieve version information from Elasticsearch nodes.","prevState":"green","prevMsg":"Ready"}
{"type":"log","@timestamp":"2022-03-22T04:14:15Z","tags":["status","plugin:grokdebugger@7.6.1","error"],"pid":248,"state":"red","message":"Status changed from green to red - Unable to retrieve version information from Elasticsearch nodes.","prevState":"green","prevMsg":"Ready"}
{"type":"log","@timestamp":"2022-03-22T04:14:15Z","tags":["status","plugin:logstash@7.6.1","error"],"pid":248,"state":"red","message":"Status changed from green to red - Unable to retrieve version information from Elasticsearch nodes.","prevState":"green","prevMsg":"Ready"}
{"type":"log","@timestamp":"2022-03-22T04:14:15Z","tags":["status","plugin:beats_management@7.6.1","error"],"pid":248,"state":"red","message":"Status changed from green to red - Unable to retrieve version information from Elasticsearch nodes.","prevState":"green","prevMsg":"Ready"}
{"type":"log","@timestamp":"2022-03-22T04:14:15Z","tags":["status","plugin:index_management@7.6.1","error"],"pid":248,"state":"red","message":"Status changed from green to red - Unable to retrieve version information from Elasticsearch nodes.","prevState":"green","prevMsg":"Ready"}
{"type":"log","@timestamp":"2022-03-22T04:14:15Z","tags":["status","plugin:index_lifecycle_management@7.6.1","error"],"pid":248,"state":"red","message":"Status changed from green to red - Unable to retrieve version information from Elasticsearch nodes.","prevState":"green","prevMsg":"Ready"}
{"type":"log","@timestamp":"2022-03-22T04:14:15Z","tags":["status","plugin:rollup@7.6.1","error"],"pid":248,"state":"red","message":"Status changed from green to red - Unable to retrieve version information from Elasticsearch nodes.","prevState":"green","prevMsg":"Ready"}
{"type":"log","@timestamp":"2022-03-22T04:14:15Z","tags":["status","plugin:transform@7.6.1","error"],"pid":248,"state":"red","message":"Status changed from green to red - Unable to retrieve version information from Elasticsearch nodes.","prevState":"green","prevMsg":"Ready"}
{"type":"log","@timestamp":"2022-03-22T04:14:15Z","tags":["status","plugin:remote_clusters@7.6.1","error"],"pid":248,"state":"red","message":"Status changed from green to red - Unable to retrieve version information from Elasticsearch nodes.","prevState":"green","prevMsg":"Ready"}
{"type":"log","@timestamp":"2022-03-22T04:14:15Z","tags":["status","plugin:cross_cluster_replication@7.6.1","error"],"pid":248,"state":"red","message":"Status changed from green to red - Unable to retrieve version information from Elasticsearch nodes.","prevState":"green","prevMsg":"Ready"}
{"type":"log","@timestamp":"2022-03-22T04:14:15Z","tags":["status","plugin:snapshot_restore@7.6.1","error"],"pid":248,"state":"red","message":"Status changed from green to red - Unable to retrieve version information from Elasticsearch nodes.","prevState":"green","prevMsg":"Ready"}
{"type":"log","@timestamp":"2022-03-22T04:14:15Z","tags":["status","plugin:reporting@7.6.1","error"],"pid":248,"state":"red","message":"Status changed from green to red - Unable to retrieve version information from Elasticsearch nodes.","prevState":"green","prevMsg":"Ready"}
{"type":"log","@timestamp":"2022-03-22T04:14:15Z","tags":["status","plugin:security@7.6.1","error"],"pid":248,"state":"red","message":"Status changed from green to red - Unable to retrieve version information from Elasticsearch nodes.","prevState":"green","prevMsg":"Ready"}
{"type":"log","@timestamp":"2022-03-22T04:14:15Z","tags":["status","plugin:elasticsearch@7.6.1","error"],"pid":248,"state":"red","message":"Status changed from green to red - Unable to retrieve version information from Elasticsearch nodes.","prevState":"green","prevMsg":"Ready"}
{"type":"log","@timestamp":"2022-03-22T04:14:15Z","tags":["error","elasticsearch","data"],"pid":248,"message":"Request error, retrying\nGET http://localhost:9200/_xpack => connect ECONNREFUSED 127.0.0.1:9200"}
{"type":"log","@timestamp":"2022-03-22T04:14:15Z","tags":["warning","elasticsearch","data"],"pid":248,"message":"Unable to revive connection: http://localhost:9200/"}
{"type":"log","@timestamp":"2022-03-22T04:14:15Z","tags":["status","plugin:xpack_main@7.6.1","error"],"pid":248,"state":"red","message":"Status changed from red to red - No Living connections","prevState":"red","prevMsg":"Unable to retrieve version information from Elasticsearch nodes."}
{"type":"log","@timestamp":"2022-03-22T04:14:15Z","tags":["warning","elasticsearch","data"],"pid":248,"message":"No living connections"}
{"type":"log","@timestamp":"2022-03-22T04:14:15Z","tags":["warning","plugins","licensing"],"pid":248,"message":"License information could not be obtained from Elasticsearch due to Error: No Living connections error"}
{"type":"log","@timestamp":"2022-03-22T04:14:15Z","tags":["status","plugin:spaces@7.6.1","error"],"pid":248,"state":"red","message":"Status changed from red to red - No Living connections","prevState":"red","prevMsg":"Unable to retrieve version information from Elasticsearch nodes."}
{"type":"log","@timestamp":"2022-03-22T04:14:15Z","tags":["status","plugin:searchprofiler@7.6.1","error"],"pid":248,"state":"red","message":"Status changed from red to red - No Living connections","prevState":"red","prevMsg":"Unable to retrieve version information from Elasticsearch nodes."}
{"type":"log","@timestamp":"2022-03-22T04:14:15Z","tags":["status","plugin:ml@7.6.1","error"],"pid":248,"state":"red","message":"Status changed from red to red - No Living connections","prevState":"red","prevMsg":"Unable to retrieve version information from Elasticsearch nodes."}
{"type":"log","@timestamp":"2022-03-22T04:14:15Z","tags":["status","plugin:tilemap@7.6.1","error"],"pid":248,"state":"red","message":"Status changed from red to red - No Living connections","prevState":"red","prevMsg":"Unable to retrieve version information from Elasticsearch nodes."}
{"type":"log","@timestamp":"2022-03-22T04:14:15Z","tags":["status","plugin:watcher@7.6.1","error"],"pid":248,"state":"red","message":"Status changed from red to red - No Living connections","prevState":"red","prevMsg":"Unable to retrieve version information from Elasticsearch nodes."}
{"type":"log","@timestamp":"2022-03-22T04:14:15Z","tags":["status","plugin:grokdebugger@7.6.1","error"],"pid":248,"state":"red","message":"Status changed from red to red - No Living connections","prevState":"red","prevMsg":"Unable to retrieve version information from Elasticsearch nodes."}
{"type":"log","@timestamp":"2022-03-22T04:14:15Z","tags":["status","plugin:logstash@7.6.1","error"],"pid":248,"state":"red","message":"Status changed from red to red - No Living connections","prevState":"red","prevMsg":"Unable to retrieve version information from Elasticsearch nodes."}
{"type":"log","@timestamp":"2022-03-22T04:14:15Z","tags":["status","plugin:beats_management@7.6.1","error"],"pid":248,"state":"red","message":"Status changed from red to red - No Living connections","prevState":"red","prevMsg":"Unable to retrieve version information from Elasticsearch nodes."}
{"type":"log","@timestamp":"2022-03-22T04:14:15Z","tags":["status","plugin:index_management@7.6.1","error"],"pid":248,"state":"red","message":"Status changed from red to red - No Living connections","prevState":"red","prevMsg":"Unable to retrieve version information from Elasticsearch nodes."}
{"type":"log","@timestamp":"2022-03-22T04:14:15Z","tags":["status","plugin:index_lifecycle_management@7.6.1","error"],"pid":248,"state":"red","message":"Status changed from red to red - No Living connections","prevState":"red","prevMsg":"Unable to retrieve version information from Elasticsearch nodes."}
{"type":"log","@timestamp":"2022-03-22T04:14:15Z","tags":["status","plugin:rollup@7.6.1","error"],"pid":248,"state":"red","message":"Status changed from red to red - No Living connections","prevState":"red","prevMsg":"Unable to retrieve version information from Elasticsearch nodes."}
{"type":"log","@timestamp":"2022-03-22T04:14:15Z","tags":["status","plugin:transform@7.6.1","error"],"pid":248,"state":"red","message":"Status changed from red to red - No Living connections","prevState":"red","prevMsg":"Unable to retrieve version information from Elasticsearch nodes."}
{"type":"log","@timestamp":"2022-03-22T04:14:15Z","tags":["status","plugin:remote_clusters@7.6.1","error"],"pid":248,"state":"red","message":"Status changed from red to red - No Living connections","prevState":"red","prevMsg":"Unable to retrieve version information from Elasticsearch nodes."}
{"type":"log","@timestamp":"2022-03-22T04:14:15Z","tags":["status","plugin:cross_cluster_replication@7.6.1","error"],"pid":248,"state":"red","message":"Status changed from red to red - No Living connections","prevState":"red","prevMsg":"Unable to retrieve version information from Elasticsearch nodes."}
{"type":"log","@timestamp":"2022-03-22T04:14:15Z","tags":["status","plugin:snapshot_restore@7.6.1","error"],"pid":248,"state":"red","message":"Status changed from red to red - No Living connections","prevState":"red","prevMsg":"Unable to retrieve version information from Elasticsearch nodes."}
{"type":"log","@timestamp":"2022-03-22T04:14:15Z","tags":["status","plugin:reporting@7.6.1","error"],"pid":248,"state":"red","message":"Status changed from red to red - No Living connections","prevState":"red","prevMsg":"Unable to retrieve version information from Elasticsearch nodes."}
{"type":"log","@timestamp":"2022-03-22T04:14:15Z","tags":["status","plugin:security@7.6.1","error"],"pid":248,"state":"red","message":"Status changed from red to red - No Living connections","prevState":"red","prevMsg":"Unable to retrieve version information from Elasticsearch nodes."}
{"type":"log","@timestamp":"2022-03-22T04:14:15Z","tags":["info","monitoring","kibana-monitoring"],"pid":248,"message":"Monitoring status upload endpoint is not enabled in Elasticsearch:Monitoring stats collection is stopped"}
Waiting for logstash (pid 220) to die...
Waiting for logstash (pid 220) to die...
{"type":"log","@timestamp":"2022-03-22T04:14:18Z","tags":["warning","elasticsearch","admin"],"pid":248,"message":"Unable to revive connection: http://localhost:9200/"}
{"type":"log","@timestamp":"2022-03-22T04:14:18Z","tags":["warning","elasticsearch","admin"],"pid":248,"message":"No living connections"}
{"type":"log","@timestamp":"2022-03-22T04:14:18Z","tags":["warning","elasticsearch","admin"],"pid":248,"message":"Unable to revive connection: http://localhost:9200/"}
{"type":"log","@timestamp":"2022-03-22T04:14:18Z","tags":["warning","elasticsearch","admin"],"pid":248,"message":"No living connections"}
{"type":"log","@timestamp":"2022-03-22T04:14:18Z","tags":["error","plugins","taskManager","taskManager"],"pid":248,"message":"Failed to poll for work: Error: No Living connections"}
logstash stop failed; still running.
 * Stopping Kibana5

==> /var/log/logstash/logstash-plain.log <==
[2022-03-22T04:14:19,479][WARN ][org.logstash.execution.ShutdownWatcherExt] {"inflight_count"=>0, "stalling_threads_info"=>{"other"=>[{"thread_id"=>29, "name"=>"[main]<beats", "current_call"=>"[...]/vendor/bundle/jruby/2.5.0/gems/logstash-input-beats-6.0.8-java/lib/logstash/inputs/beats.rb:202:in `run'"}], ["LogStash::Filters::Grok", {"match"=>{"message"=>"%{NGINXACCESS}"}, "id"=>"79b9768aa70d0332e903be95739d28241065576f9282c329e57309632310b19b"}]=>[{"thread_id"=>27, "name"=>"[main]>worker0", "current_call"=>"[...]/logstash-core/lib/logstash/java_pipeline.rb:262:in `block in start_workers'"}, {"thread_id"=>28, "name"=>"[main]>worker1", "current_call"=>"[...]/logstash-core/lib/logstash/java_pipeline.rb:262:in `block in start_workers'"}]}}
[2022-03-22T04:14:19,695][ERROR][org.logstash.execution.ShutdownWatcherExt] The shutdown process appears to be stalled due to busy or blocked plugins. Check the logs for more information.

==> /var/log/kibana/kibana5.log <==
{"type":"log","@timestamp":"2022-03-22T04:14:19Z","tags":["info","plugins-system"],"pid":248,"message":"Stopping all plugins."}
   ...done.
^XRedAdmin@Elk-Server:~$ 
RedAdmin@Elk-Server:~$ 
RedAdmin@Elk-Server:~$ sudo docker container list -a
CONTAINER ID   IMAGE          COMMAND                  CREATED          STATUS                      PORTS     NAMES
4d623ec746e0   sebp/elk:761   "/usr/local/bin/star…"   29 minutes ago   Exited (0) 19 seconds ago             elk
RedAdmin@Elk-Server:~$ sudo docker attach elk
You cannot attach to a stopped container, start it first
RedAdmin@Elk-Server:~$ sudo docker start elk
elk
RedAdmin@Elk-Server:~$ sudo docker attach elk
waiting for Elasticsearch to be up (5/30)
waiting for Elasticsearch to be up (6/30)
waiting for Elasticsearch to be up (7/30)
waiting for Elasticsearch to be up (8/30)
waiting for Elasticsearch to be up (9/30)
waiting for Elasticsearch to be up (10/30)
waiting for Elasticsearch to be up (11/30)
waiting for Elasticsearch to be up (12/30)
waiting for Elasticsearch to be up (13/30)
Waiting for Elasticsearch cluster to respond (1/30)
logstash started.
 * Starting Kibana5
   ...done.
==> /var/log/elasticsearch/elasticsearch.log <==
[2022-03-22T04:15:42,077][INFO ][o.e.b.BootstrapChecks    ] [elk] bound or publishing to a non-loopback address, enforcing bootstrap checks
[2022-03-22T04:15:42,109][INFO ][o.e.c.c.Coordinator      ] [elk] cluster UUID [1uYUCVIBSJCYbNykHdJTkA]
[2022-03-22T04:15:42,333][INFO ][o.e.c.s.MasterService    ] [elk] elected-as-master ([1] nodes joined)[{elk}{OeK1iSNNSJqgT_b3wmAf6g}{fJ6afTkhSXmNmmAbqlVjEA}{172.17.0.2}{172.17.0.2:9300}{dilm}{ml.machine_memory=8340164608, xpack.installed=true, ml.max_open_jobs=20} elect leader, _BECOME_MASTER_TASK_, _FINISH_ELECTION_], term: 2, version: 30, delta: master node changed {previous [], current [{elk}{OeK1iSNNSJqgT_b3wmAf6g}{fJ6afTkhSXmNmmAbqlVjEA}{172.17.0.2}{172.17.0.2:9300}{dilm}{ml.machine_memory=8340164608, xpack.installed=true, ml.max_open_jobs=20}]}
[2022-03-22T04:15:42,439][INFO ][o.e.c.s.ClusterApplierService] [elk] master node changed {previous [], current [{elk}{OeK1iSNNSJqgT_b3wmAf6g}{fJ6afTkhSXmNmmAbqlVjEA}{172.17.0.2}{172.17.0.2:9300}{dilm}{ml.machine_memory=8340164608, xpack.installed=true, ml.max_open_jobs=20}]}, term: 2, version: 30, reason: Publication{term=2, version=30}
[2022-03-22T04:15:42,516][INFO ][o.e.h.AbstractHttpServerTransport] [elk] publish_address {172.17.0.2:9200}, bound_addresses {0.0.0.0:9200}
[2022-03-22T04:15:42,517][INFO ][o.e.n.Node               ] [elk] started
[2022-03-22T04:15:42,888][INFO ][o.e.l.LicenseService     ] [elk] license [edbacc99-d335-4059-866c-361d0e055e05] mode [basic] - valid
[2022-03-22T04:15:42,890][INFO ][o.e.x.s.s.SecurityStatusChangeListener] [elk] Active license is now [BASIC]; Security is disabled
[2022-03-22T04:15:42,903][INFO ][o.e.g.GatewayService     ] [elk] recovered [3] indices into cluster_state
[2022-03-22T04:15:43,884][INFO ][o.e.c.r.a.AllocationService] [elk] Cluster health status changed from [RED] to [GREEN] (reason: [shards started [[.kibana_task_manager_1][0], [.kibana_1][0]]]).

==> /var/log/logstash/logstash-plain.log <==
[2022-03-22T03:46:26,475][WARN ][org.logstash.instrument.metrics.gauge.LazyDelegatingGauge][main] A gauge metric of an unknown type (org.jruby.specialized.RubyArrayOneObject) has been create for key: cluster_uuids. This may result in invalid serialization.  It is recommended to log an issue to the responsible developer/development team.
[2022-03-22T03:46:26,483][INFO ][logstash.javapipeline    ][main] Starting pipeline {:pipeline_id=>"main", "pipeline.workers"=>2, "pipeline.batch.size"=>125, "pipeline.batch.delay"=>50, "pipeline.max_inflight"=>250, "pipeline.sources"=>["/etc/logstash/conf.d/02-beats-input.conf", "/etc/logstash/conf.d/10-syslog.conf", "/etc/logstash/conf.d/11-nginx.conf", "/etc/logstash/conf.d/30-output.conf"], :thread=>"#<Thread:0xa22269e run>"}
[2022-03-22T03:46:28,002][INFO ][logstash.inputs.beats    ][main] Beats inputs: Starting input listener {:address=>"0.0.0.0:5044"}
[2022-03-22T03:46:28,553][INFO ][logstash.javapipeline    ][main] Pipeline started {"pipeline.id"=>"main"}
[2022-03-22T03:46:28,667][INFO ][logstash.agent           ] Pipelines running {:count=>1, :running_pipelines=>[:main], :non_running_pipelines=>[]}
[2022-03-22T03:46:28,672][INFO ][org.logstash.beats.Server][main] Starting server on port: 5044
[2022-03-22T03:46:29,063][INFO ][logstash.agent           ] Successfully started Logstash API endpoint {:port=>9600}
[2022-03-22T04:14:14,303][WARN ][logstash.runner          ] SIGTERM received. Shutting down.
[2022-03-22T04:14:19,479][WARN ][org.logstash.execution.ShutdownWatcherExt] {"inflight_count"=>0, "stalling_threads_info"=>{"other"=>[{"thread_id"=>29, "name"=>"[main]<beats", "current_call"=>"[...]/vendor/bundle/jruby/2.5.0/gems/logstash-input-beats-6.0.8-java/lib/logstash/inputs/beats.rb:202:in `run'"}], ["LogStash::Filters::Grok", {"match"=>{"message"=>"%{NGINXACCESS}"}, "id"=>"79b9768aa70d0332e903be95739d28241065576f9282c329e57309632310b19b"}]=>[{"thread_id"=>27, "name"=>"[main]>worker0", "current_call"=>"[...]/logstash-core/lib/logstash/java_pipeline.rb:262:in `block in start_workers'"}, {"thread_id"=>28, "name"=>"[main]>worker1", "current_call"=>"[...]/logstash-core/lib/logstash/java_pipeline.rb:262:in `block in start_workers'"}]}}
[2022-03-22T04:14:19,695][ERROR][org.logstash.execution.ShutdownWatcherExt] The shutdown process appears to be stalled due to busy or blocked plugins. Check the logs for more information.

==> /var/log/kibana/kibana5.log <==
{"type":"log","@timestamp":"2022-03-22T04:14:15Z","tags":["status","plugin:snapshot_restore@7.6.1","error"],"pid":248,"state":"red","message":"Status changed from red to red - No Living connections","prevState":"red","prevMsg":"Unable to retrieve version information from Elasticsearch nodes."}
{"type":"log","@timestamp":"2022-03-22T04:14:15Z","tags":["status","plugin:reporting@7.6.1","error"],"pid":248,"state":"red","message":"Status changed from red to red - No Living connections","prevState":"red","prevMsg":"Unable to retrieve version information from Elasticsearch nodes."}
{"type":"log","@timestamp":"2022-03-22T04:14:15Z","tags":["status","plugin:security@7.6.1","error"],"pid":248,"state":"red","message":"Status changed from red to red - No Living connections","prevState":"red","prevMsg":"Unable to retrieve version information from Elasticsearch nodes."}
{"type":"log","@timestamp":"2022-03-22T04:14:15Z","tags":["info","monitoring","kibana-monitoring"],"pid":248,"message":"Monitoring status upload endpoint is not enabled in Elasticsearch:Monitoring stats collection is stopped"}
{"type":"log","@timestamp":"2022-03-22T04:14:18Z","tags":["warning","elasticsearch","admin"],"pid":248,"message":"Unable to revive connection: http://localhost:9200/"}
{"type":"log","@timestamp":"2022-03-22T04:14:18Z","tags":["warning","elasticsearch","admin"],"pid":248,"message":"No living connections"}
{"type":"log","@timestamp":"2022-03-22T04:14:18Z","tags":["warning","elasticsearch","admin"],"pid":248,"message":"Unable to revive connection: http://localhost:9200/"}
{"type":"log","@timestamp":"2022-03-22T04:14:18Z","tags":["warning","elasticsearch","admin"],"pid":248,"message":"No living connections"}
{"type":"log","@timestamp":"2022-03-22T04:14:18Z","tags":["error","plugins","taskManager","taskManager"],"pid":248,"message":"Failed to poll for work: Error: No Living connections"}
{"type":"log","@timestamp":"2022-03-22T04:14:19Z","tags":["info","plugins-system"],"pid":248,"message":"Stopping all plugins."}
{"type":"log","@timestamp":"2022-03-22T04:15:51Z","tags":["info","plugins-service"],"pid":245,"message":"Plugin \"case\" is disabled."}
{"type":"log","@timestamp":"2022-03-22T04:15:58Z","tags":["info","plugins-system"],"pid":245,"message":"Setting up [37] plugins: [taskManager,siem,licensing,infra,encryptedSavedObjects,code,timelion,features,security,usageCollection,metrics,canvas,apm_oss,translations,reporting,uiActions,data,navigation,status_page,share,kibana_legacy,management,dev_tools,newsfeed,inspector,expressions,visualizations,embeddable,advancedUiActions,dashboard_embeddable_container,home,spaces,cloud,apm,graph,eui_utils,bfetch]"}
{"type":"log","@timestamp":"2022-03-22T04:15:58Z","tags":["info","plugins","taskManager"],"pid":245,"message":"Setting up plugin"}
{"type":"log","@timestamp":"2022-03-22T04:15:58Z","tags":["info","plugins","siem"],"pid":245,"message":"Setting up plugin"}
{"type":"log","@timestamp":"2022-03-22T04:15:58Z","tags":["info","plugins","licensing"],"pid":245,"message":"Setting up plugin"}
{"type":"log","@timestamp":"2022-03-22T04:15:58Z","tags":["info","plugins","infra"],"pid":245,"message":"Setting up plugin"}
{"type":"log","@timestamp":"2022-03-22T04:15:58Z","tags":["info","plugins","encryptedSavedObjects"],"pid":245,"message":"Setting up plugin"}
{"type":"log","@timestamp":"2022-03-22T04:15:58Z","tags":["warning","plugins","encryptedSavedObjects","config"],"pid":245,"message":"Generating a random key for xpack.encryptedSavedObjects.encryptionKey. To be able to decrypt encrypted saved objects attributes after restart, please set xpack.encryptedSavedObjects.encryptionKey in kibana.yml"}
{"type":"log","@timestamp":"2022-03-22T04:15:58Z","tags":["info","plugins","code"],"pid":245,"message":"Setting up plugin"}
{"type":"log","@timestamp":"2022-03-22T04:15:58Z","tags":["info","plugins","timelion"],"pid":245,"message":"Setting up plugin"}
{"type":"log","@timestamp":"2022-03-22T04:15:58Z","tags":["info","plugins","features"],"pid":245,"message":"Setting up plugin"}
{"type":"log","@timestamp":"2022-03-22T04:15:58Z","tags":["info","plugins","security"],"pid":245,"message":"Setting up plugin"}
{"type":"log","@timestamp":"2022-03-22T04:15:58Z","tags":["warning","plugins","security","config"],"pid":245,"message":"Generating a random key for xpack.security.encryptionKey. To prevent sessions from being invalidated on restart, please set xpack.security.encryptionKey in kibana.yml"}
{"type":"log","@timestamp":"2022-03-22T04:15:58Z","tags":["warning","plugins","security","config"],"pid":245,"message":"Session cookies will be transmitted over insecure connections. This is not recommended."}
{"type":"log","@timestamp":"2022-03-22T04:15:58Z","tags":["info","plugins","usageCollection"],"pid":245,"message":"Setting up plugin"}
{"type":"log","@timestamp":"2022-03-22T04:15:58Z","tags":["info","plugins","metrics"],"pid":245,"message":"Setting up plugin"}
{"type":"log","@timestamp":"2022-03-22T04:15:58Z","tags":["info","plugins","canvas"],"pid":245,"message":"Setting up plugin"}
{"type":"log","@timestamp":"2022-03-22T04:15:58Z","tags":["info","plugins","apm_oss"],"pid":245,"message":"Setting up plugin"}
{"type":"log","@timestamp":"2022-03-22T04:15:58Z","tags":["info","plugins","translations"],"pid":245,"message":"Setting up plugin"}
{"type":"log","@timestamp":"2022-03-22T04:15:58Z","tags":["info","plugins","data"],"pid":245,"message":"Setting up plugin"}
{"type":"log","@timestamp":"2022-03-22T04:15:58Z","tags":["info","plugins","share"],"pid":245,"message":"Setting up plugin"}
{"type":"log","@timestamp":"2022-03-22T04:15:58Z","tags":["info","plugins","home"],"pid":245,"message":"Setting up plugin"}
{"type":"log","@timestamp":"2022-03-22T04:15:58Z","tags":["info","plugins","spaces"],"pid":245,"message":"Setting up plugin"}
{"type":"log","@timestamp":"2022-03-22T04:15:58Z","tags":["info","plugins","cloud"],"pid":245,"message":"Setting up plugin"}
{"type":"log","@timestamp":"2022-03-22T04:15:58Z","tags":["info","plugins","apm"],"pid":245,"message":"Setting up plugin"}
{"type":"log","@timestamp":"2022-03-22T04:15:58Z","tags":["info","plugins","graph"],"pid":245,"message":"Setting up plugin"}
{"type":"log","@timestamp":"2022-03-22T04:15:58Z","tags":["info","plugins","bfetch"],"pid":245,"message":"Setting up plugin"}
{"type":"log","@timestamp":"2022-03-22T04:15:58Z","tags":["info","savedobjects-service"],"pid":245,"message":"Waiting until all Elasticsearch nodes are compatible with Kibana before starting saved objects migrations..."}
{"type":"log","@timestamp":"2022-03-22T04:15:58Z","tags":["info","savedobjects-service"],"pid":245,"message":"Starting saved objects migrations"}
{"type":"log","@timestamp":"2022-03-22T04:15:58Z","tags":["info","plugins-system"],"pid":245,"message":"Starting [22] plugins: [taskManager,siem,licensing,infra,encryptedSavedObjects,code,timelion,features,security,usageCollection,metrics,canvas,apm_oss,translations,data,share,home,spaces,cloud,apm,graph,bfetch]"}
{"type":"log","@timestamp":"2022-03-22T04:16:01Z","tags":["status","plugin:kibana@7.6.1","info"],"pid":245,"state":"green","message":"Status changed from uninitialized to green - Ready","prevState":"uninitialized","prevMsg":"uninitialized"}

==> /var/log/elasticsearch/elasticsearch.log <==
[2022-03-22T04:16:02,491][INFO ][o.e.c.m.MetaDataIndexTemplateService] [elk] adding template [.management-beats] for index patterns [.management-beats]

==> /var/log/kibana/kibana5.log <==
{"type":"log","@timestamp":"2022-03-22T04:16:01Z","tags":["info","plugins","taskManager","taskManager"],"pid":245,"message":"TaskManager is identified by the Kibana UUID: c1bb4973-dd70-4b00-a93a-70a9ad502e44"}
{"type":"log","@timestamp":"2022-03-22T04:16:01Z","tags":["status","plugin:elasticsearch@7.6.1","info"],"pid":245,"state":"yellow","message":"Status changed from uninitialized to yellow - Waiting for Elasticsearch","prevState":"uninitialized","prevMsg":"uninitialized"}
{"type":"log","@timestamp":"2022-03-22T04:16:01Z","tags":["status","plugin:elasticsearch@7.6.1","info"],"pid":245,"state":"green","message":"Status changed from yellow to green - Ready","prevState":"yellow","prevMsg":"Waiting for Elasticsearch"}
{"type":"log","@timestamp":"2022-03-22T04:16:01Z","tags":["status","plugin:xpack_main@7.6.1","info"],"pid":245,"state":"green","message":"Status changed from uninitialized to green - Ready","prevState":"uninitialized","prevMsg":"uninitialized"}
{"type":"log","@timestamp":"2022-03-22T04:16:01Z","tags":["status","plugin:graph@7.6.1","info"],"pid":245,"state":"green","message":"Status changed from uninitialized to green - Ready","prevState":"uninitialized","prevMsg":"uninitialized"}
{"type":"log","@timestamp":"2022-03-22T04:16:01Z","tags":["info","monitoring","kibana-monitoring"],"pid":245,"message":"Starting monitoring stats collection"}
{"type":"log","@timestamp":"2022-03-22T04:16:01Z","tags":["status","plugin:monitoring@7.6.1","info"],"pid":245,"state":"green","message":"Status changed from uninitialized to green - Ready","prevState":"uninitialized","prevMsg":"uninitialized"}
{"type":"log","@timestamp":"2022-03-22T04:16:01Z","tags":["status","plugin:spaces@7.6.1","info"],"pid":245,"state":"green","message":"Status changed from uninitialized to green - Ready","prevState":"uninitialized","prevMsg":"uninitialized"}
{"type":"log","@timestamp":"2022-03-22T04:16:01Z","tags":["status","plugin:security@7.6.1","info"],"pid":245,"state":"green","message":"Status changed from uninitialized to green - Ready","prevState":"uninitialized","prevMsg":"uninitialized"}
{"type":"log","@timestamp":"2022-03-22T04:16:01Z","tags":["status","plugin:searchprofiler@7.6.1","info"],"pid":245,"state":"green","message":"Status changed from uninitialized to green - Ready","prevState":"uninitialized","prevMsg":"uninitialized"}
{"type":"log","@timestamp":"2022-03-22T04:16:01Z","tags":["status","plugin:ml@7.6.1","info"],"pid":245,"state":"green","message":"Status changed from uninitialized to green - Ready","prevState":"uninitialized","prevMsg":"uninitialized"}
{"type":"log","@timestamp":"2022-03-22T04:16:01Z","tags":["status","plugin:tilemap@7.6.1","info"],"pid":245,"state":"green","message":"Status changed from uninitialized to green - Ready","prevState":"uninitialized","prevMsg":"uninitialized"}
{"type":"log","@timestamp":"2022-03-22T04:16:01Z","tags":["status","plugin:watcher@7.6.1","info"],"pid":245,"state":"green","message":"Status changed from uninitialized to green - Ready","prevState":"uninitialized","prevMsg":"uninitialized"}
{"type":"log","@timestamp":"2022-03-22T04:16:01Z","tags":["status","plugin:grokdebugger@7.6.1","info"],"pid":245,"state":"green","message":"Status changed from uninitialized to green - Ready","prevState":"uninitialized","prevMsg":"uninitialized"}
{"type":"log","@timestamp":"2022-03-22T04:16:01Z","tags":["status","plugin:dashboard_mode@7.6.1","info"],"pid":245,"state":"green","message":"Status changed from uninitialized to green - Ready","prevState":"uninitialized","prevMsg":"uninitialized"}
{"type":"log","@timestamp":"2022-03-22T04:16:01Z","tags":["status","plugin:logstash@7.6.1","info"],"pid":245,"state":"green","message":"Status changed from uninitialized to green - Ready","prevState":"uninitialized","prevMsg":"uninitialized"}
{"type":"log","@timestamp":"2022-03-22T04:16:01Z","tags":["status","plugin:beats_management@7.6.1","info"],"pid":245,"state":"green","message":"Status changed from uninitialized to green - Ready","prevState":"uninitialized","prevMsg":"uninitialized"}
{"type":"log","@timestamp":"2022-03-22T04:16:01Z","tags":["status","plugin:apm_oss@7.6.1","info"],"pid":245,"state":"green","message":"Status changed from uninitialized to green - Ready","prevState":"uninitialized","prevMsg":"uninitialized"}
{"type":"log","@timestamp":"2022-03-22T04:16:01Z","tags":["status","plugin:apm@7.6.1","info"],"pid":245,"state":"green","message":"Status changed from uninitialized to green - Ready","prevState":"uninitialized","prevMsg":"uninitialized"}
{"type":"log","@timestamp":"2022-03-22T04:16:01Z","tags":["status","plugin:maps@7.6.1","info"],"pid":245,"state":"green","message":"Status changed from uninitialized to green - Ready","prevState":"uninitialized","prevMsg":"uninitialized"}
{"type":"log","@timestamp":"2022-03-22T04:16:01Z","tags":["status","plugin:interpreter@7.6.1","info"],"pid":245,"state":"green","message":"Status changed from uninitialized to green - Ready","prevState":"uninitialized","prevMsg":"uninitialized"}
{"type":"log","@timestamp":"2022-03-22T04:16:01Z","tags":["status","plugin:canvas@7.6.1","info"],"pid":245,"state":"green","message":"Status changed from uninitialized to green - Ready","prevState":"uninitialized","prevMsg":"uninitialized"}
{"type":"log","@timestamp":"2022-03-22T04:16:01Z","tags":["status","plugin:license_management@7.6.1","info"],"pid":245,"state":"green","message":"Status changed from uninitialized to green - Ready","prevState":"uninitialized","prevMsg":"uninitialized"}
{"type":"log","@timestamp":"2022-03-22T04:16:01Z","tags":["status","plugin:index_management@7.6.1","info"],"pid":245,"state":"green","message":"Status changed from uninitialized to green - Ready","prevState":"uninitialized","prevMsg":"uninitialized"}
{"type":"log","@timestamp":"2022-03-22T04:16:01Z","tags":["status","plugin:console@7.6.1","info"],"pid":245,"state":"green","message":"Status changed from uninitialized to green - Ready","prevState":"uninitialized","prevMsg":"uninitialized"}
{"type":"log","@timestamp":"2022-03-22T04:16:01Z","tags":["status","plugin:console_extensions@7.6.1","info"],"pid":245,"state":"green","message":"Status changed from uninitialized to green - Ready","prevState":"uninitialized","prevMsg":"uninitialized"}
{"type":"log","@timestamp":"2022-03-22T04:16:01Z","tags":["status","plugin:index_lifecycle_management@7.6.1","info"],"pid":245,"state":"green","message":"Status changed from uninitialized to green - Ready","prevState":"uninitialized","prevMsg":"uninitialized"}
{"type":"log","@timestamp":"2022-03-22T04:16:01Z","tags":["status","plugin:kuery_autocomplete@7.6.1","info"],"pid":245,"state":"green","message":"Status changed from uninitialized to green - Ready","prevState":"uninitialized","prevMsg":"uninitialized"}
{"type":"log","@timestamp":"2022-03-22T04:16:01Z","tags":["status","plugin:metrics@7.6.1","info"],"pid":245,"state":"green","message":"Status changed from uninitialized to green - Ready","prevState":"uninitialized","prevMsg":"uninitialized"}
{"type":"log","@timestamp":"2022-03-22T04:16:01Z","tags":["status","plugin:infra@7.6.1","info"],"pid":245,"state":"green","message":"Status changed from uninitialized to green - Ready","prevState":"uninitialized","prevMsg":"uninitialized"}
{"type":"log","@timestamp":"2022-03-22T04:16:01Z","tags":["status","plugin:task_manager@7.6.1","info"],"pid":245,"state":"green","message":"Status changed from uninitialized to green - Ready","prevState":"uninitialized","prevMsg":"uninitialized"}
{"type":"log","@timestamp":"2022-03-22T04:16:01Z","tags":["status","plugin:rollup@7.6.1","info"],"pid":245,"state":"green","message":"Status changed from uninitialized to green - Ready","prevState":"uninitialized","prevMsg":"uninitialized"}
{"type":"log","@timestamp":"2022-03-22T04:16:01Z","tags":["status","plugin:transform@7.6.1","info"],"pid":245,"state":"green","message":"Status changed from uninitialized to green - Ready","prevState":"uninitialized","prevMsg":"uninitialized"}
{"type":"log","@timestamp":"2022-03-22T04:16:01Z","tags":["status","plugin:encryptedSavedObjects@7.6.1","info"],"pid":245,"state":"green","message":"Status changed from uninitialized to green - Ready","prevState":"uninitialized","prevMsg":"uninitialized"}
{"type":"log","@timestamp":"2022-03-22T04:16:01Z","tags":["status","plugin:actions@7.6.1","info"],"pid":245,"state":"green","message":"Status changed from uninitialized to green - Ready","prevState":"uninitialized","prevMsg":"uninitialized"}
{"type":"log","@timestamp":"2022-03-22T04:16:01Z","tags":["status","plugin:alerting@7.6.1","info"],"pid":245,"state":"green","message":"Status changed from uninitialized to green - Ready","prevState":"uninitialized","prevMsg":"uninitialized"}
{"type":"log","@timestamp":"2022-03-22T04:16:01Z","tags":["status","plugin:siem@7.6.1","info"],"pid":245,"state":"green","message":"Status changed from uninitialized to green - Ready","prevState":"uninitialized","prevMsg":"uninitialized"}
{"type":"log","@timestamp":"2022-03-22T04:16:01Z","tags":["status","plugin:remote_clusters@7.6.1","info"],"pid":245,"state":"green","message":"Status changed from uninitialized to green - Ready","prevState":"uninitialized","prevMsg":"uninitialized"}
{"type":"log","@timestamp":"2022-03-22T04:16:01Z","tags":["status","plugin:cross_cluster_replication@7.6.1","info"],"pid":245,"state":"green","message":"Status changed from uninitialized to green - Ready","prevState":"uninitialized","prevMsg":"uninitialized"}
{"type":"log","@timestamp":"2022-03-22T04:16:01Z","tags":["status","plugin:upgrade_assistant@7.6.1","info"],"pid":245,"state":"green","message":"Status changed from uninitialized to green - Ready","prevState":"uninitialized","prevMsg":"uninitialized"}
{"type":"log","@timestamp":"2022-03-22T04:16:02Z","tags":["status","plugin:uptime@7.6.1","info"],"pid":245,"state":"green","message":"Status changed from uninitialized to green - Ready","prevState":"uninitialized","prevMsg":"uninitialized"}
{"type":"log","@timestamp":"2022-03-22T04:16:02Z","tags":["status","plugin:oss_telemetry@7.6.1","info"],"pid":245,"state":"green","message":"Status changed from uninitialized to green - Ready","prevState":"uninitialized","prevMsg":"uninitialized"}
{"type":"log","@timestamp":"2022-03-22T04:16:02Z","tags":["status","plugin:file_upload@7.6.1","info"],"pid":245,"state":"green","message":"Status changed from uninitialized to green - Ready","prevState":"uninitialized","prevMsg":"uninitialized"}
{"type":"log","@timestamp":"2022-03-22T04:16:02Z","tags":["status","plugin:data@7.6.1","info"],"pid":245,"state":"green","message":"Status changed from uninitialized to green - Ready","prevState":"uninitialized","prevMsg":"uninitialized"}
{"type":"log","@timestamp":"2022-03-22T04:16:02Z","tags":["status","plugin:lens@7.6.1","info"],"pid":245,"state":"green","message":"Status changed from uninitialized to green - Ready","prevState":"uninitialized","prevMsg":"uninitialized"}
{"type":"log","@timestamp":"2022-03-22T04:16:02Z","tags":["status","plugin:snapshot_restore@7.6.1","info"],"pid":245,"state":"green","message":"Status changed from uninitialized to green - Ready","prevState":"uninitialized","prevMsg":"uninitialized"}
{"type":"log","@timestamp":"2022-03-22T04:16:02Z","tags":["status","plugin:input_control_vis@7.6.1","info"],"pid":245,"state":"green","message":"Status changed from uninitialized to green - Ready","prevState":"uninitialized","prevMsg":"uninitialized"}
{"type":"log","@timestamp":"2022-03-22T04:16:02Z","tags":["status","plugin:kibana_react@7.6.1","info"],"pid":245,"state":"green","message":"Status changed from uninitialized to green - Ready","prevState":"uninitialized","prevMsg":"uninitialized"}
{"type":"log","@timestamp":"2022-03-22T04:16:02Z","tags":["status","plugin:management@7.6.1","info"],"pid":245,"state":"green","message":"Status changed from uninitialized to green - Ready","prevState":"uninitialized","prevMsg":"uninitialized"}
{"type":"log","@timestamp":"2022-03-22T04:16:02Z","tags":["status","plugin:navigation@7.6.1","info"],"pid":245,"state":"green","message":"Status changed from uninitialized to green - Ready","prevState":"uninitialized","prevMsg":"uninitialized"}
{"type":"log","@timestamp":"2022-03-22T04:16:02Z","tags":["status","plugin:region_map@7.6.1","info"],"pid":245,"state":"green","message":"Status changed from uninitialized to green - Ready","prevState":"uninitialized","prevMsg":"uninitialized"}
{"type":"log","@timestamp":"2022-03-22T04:16:02Z","tags":["status","plugin:telemetry@7.6.1","info"],"pid":245,"state":"green","message":"Status changed from uninitialized to green - Ready","prevState":"uninitialized","prevMsg":"uninitialized"}
{"type":"log","@timestamp":"2022-03-22T04:16:02Z","tags":["status","plugin:timelion@7.6.1","info"],"pid":245,"state":"green","message":"Status changed from uninitialized to green - Ready","prevState":"uninitialized","prevMsg":"uninitialized"}
{"type":"log","@timestamp":"2022-03-22T04:16:02Z","tags":["status","plugin:ui_metric@7.6.1","info"],"pid":245,"state":"green","message":"Status changed from uninitialized to green - Ready","prevState":"uninitialized","prevMsg":"uninitialized"}
{"type":"log","@timestamp":"2022-03-22T04:16:02Z","tags":["status","plugin:markdown_vis@7.6.1","info"],"pid":245,"state":"green","message":"Status changed from uninitialized to green - Ready","prevState":"uninitialized","prevMsg":"uninitialized"}
{"type":"log","@timestamp":"2022-03-22T04:16:02Z","tags":["status","plugin:metric_vis@7.6.1","info"],"pid":245,"state":"green","message":"Status changed from uninitialized to green - Ready","prevState":"uninitialized","prevMsg":"uninitialized"}
{"type":"log","@timestamp":"2022-03-22T04:16:02Z","tags":["status","plugin:table_vis@7.6.1","info"],"pid":245,"state":"green","message":"Status changed from uninitialized to green - Ready","prevState":"uninitialized","prevMsg":"uninitialized"}
{"type":"log","@timestamp":"2022-03-22T04:16:02Z","tags":["status","plugin:tagcloud@7.6.1","info"],"pid":245,"state":"green","message":"Status changed from uninitialized to green - Ready","prevState":"uninitialized","prevMsg":"uninitialized"}
{"type":"log","@timestamp":"2022-03-22T04:16:02Z","tags":["status","plugin:vega@7.6.1","info"],"pid":245,"state":"green","message":"Status changed from uninitialized to green - Ready","prevState":"uninitialized","prevMsg":"uninitialized"}
{"type":"log","@timestamp":"2022-03-22T04:16:03Z","tags":["reporting","warning"],"pid":245,"message":"Generating a random key for xpack.reporting.encryptionKey. To prevent pending reports from failing on restart, please set xpack.reporting.encryptionKey in kibana.yml"}
{"type":"log","@timestamp":"2022-03-22T04:16:03Z","tags":["info","http","server","Kibana"],"pid":245,"message":"http server running at http://0.0.0.0:5601"}
{"type":"log","@timestamp":"2022-03-22T04:16:03Z","tags":["status","plugin:reporting@7.6.1","info"],"pid":245,"state":"green","message":"Status changed from uninitialized to green - Ready","prevState":"uninitialized","prevMsg":"uninitialized"}
{"type":"log","@timestamp":"2022-03-22T04:16:03Z","tags":["listening","info"],"pid":245,"message":"Server running at http://0.0.0.0:5601"}
{"type":"log","@timestamp":"2022-03-22T04:16:03Z","tags":["reporting","error"],"pid":245,"message":"The Reporting plugin encountered issues launching Chromium in a self-test. You may have trouble generating reports."}
{"type":"error","@timestamp":"2022-03-22T04:16:03Z","tags":["reporting","error"],"pid":245,"level":"error","error":{"message":"Failed to launch chrome!\n[0322/041603.278441:WARNING:resource_bundle.cc(358)] locale_file_path.empty() for locale \n[0322/041603.284243:FATAL:zygote_host_impl_linux.cc(116)] No usable sandbox! Update your kernel or see https://chromium.googlesource.com/chromium/src/+/master/docs/linux_suid_sandbox_development.md for more information on developing with the SUID sandbox. If you want to live dangerously and need an immediate workaround, you can try using --no-sandbox.\n#0 0x562fc908dbf9 <unknown>\n#1 0x562fc8ffa783 <unknown>\n#2 0x562fc900de23 <unknown>\n#3 0x562fca4cc2ee <unknown>\n#4 0x562fc8fba0f8 <unknown>\n#5 0x562fca4d298c <unknown>\n#6 0x562fc8fb3ad1 <unknown>\n#7 0x562fc8ff6c3d <unknown>\n#8 0x562fc8ff69bb <unknown>\n#9 0x7fa97ff4db97 __libc_start_main\n#10 0x562fc74fd02a _start\n\nReceived signal 6\n#0 0x562fc908dbf9 <unknown>\n#1 0x562fc8ffa783 <unknown>\n#2 0x562fc908d781 <unknown>\n#3 0x7fa9816d6890 <unknown>\n#4 0x7fa97ff6ae97 gsignal\n#5 0x7fa97ff6c801 abort\n#6 0x562fc908c5c5 <unknown>\n#7 0x562fc900e107 <unknown>\n#8 0x562fca4cc2ee <unknown>\n#9 0x562fc8fba0f8 <unknown>\n#10 0x562fca4d298c <unknown>\n#11 0x562fc8fb3ad1 <unknown>\n#12 0x562fc8ff6c3d <unknown>\n#13 0x562fc8ff69bb <unknown>\n#14 0x7fa97ff4db97 __libc_start_main\n#15 0x562fc74fd02a _start\n  r8: 0000000000000000  r9: 00007ffda401e630 r10: 0000000000000008 r11: 0000000000000246\n r12: 00007ffda401f8f8 r13: 00000525554a2b80 r14: 00007ffda401f900 r15: 00007ffda401f908\n  di: 0000000000000002  si: 00007ffda401e630  bp: 00007ffda401e880  bx: 00007ffda401e8d8\n  dx: 0000000000000000  ax: 0000000000000000  cx: 00007fa97ff6ae97  sp: 00007ffda401e630\n  ip: 00007fa97ff6ae97 efl: 0000000000000246 cgf: 002b000000000033 erf: 0000000000000000\n trp: 0000000000000000 msk: 0000000000000000 cr2: 0000000000000000\n[end of stack trace]\nCalling _exit(1). Core file will not be generated.\n\n\nTROUBLESHOOTING: https://github.com/GoogleChrome/puppeteer/blob/master/docs/troubleshooting.md\n","name":"Error","stack":"Error: Failed to launch chrome!\n[0322/041603.278441:WARNING:resource_bundle.cc(358)] locale_file_path.empty() for locale \n[0322/041603.284243:FATAL:zygote_host_impl_linux.cc(116)] No usable sandbox! Update your kernel or see https://chromium.googlesource.com/chromium/src/+/master/docs/linux_suid_sandbox_development.md for more information on developing with the SUID sandbox. If you want to live dangerously and need an immediate workaround, you can try using --no-sandbox.\n#0 0x562fc908dbf9 <unknown>\n#1 0x562fc8ffa783 <unknown>\n#2 0x562fc900de23 <unknown>\n#3 0x562fca4cc2ee <unknown>\n#4 0x562fc8fba0f8 <unknown>\n#5 0x562fca4d298c <unknown>\n#6 0x562fc8fb3ad1 <unknown>\n#7 0x562fc8ff6c3d <unknown>\n#8 0x562fc8ff69bb <unknown>\n#9 0x7fa97ff4db97 __libc_start_main\n#10 0x562fc74fd02a _start\n\nReceived signal 6\n#0 0x562fc908dbf9 <unknown>\n#1 0x562fc8ffa783 <unknown>\n#2 0x562fc908d781 <unknown>\n#3 0x7fa9816d6890 <unknown>\n#4 0x7fa97ff6ae97 gsignal\n#5 0x7fa97ff6c801 abort\n#6 0x562fc908c5c5 <unknown>\n#7 0x562fc900e107 <unknown>\n#8 0x562fca4cc2ee <unknown>\n#9 0x562fc8fba0f8 <unknown>\n#10 0x562fca4d298c <unknown>\n#11 0x562fc8fb3ad1 <unknown>\n#12 0x562fc8ff6c3d <unknown>\n#13 0x562fc8ff69bb <unknown>\n#14 0x7fa97ff4db97 __libc_start_main\n#15 0x562fc74fd02a _start\n  r8: 0000000000000000  r9: 00007ffda401e630 r10: 0000000000000008 r11: 0000000000000246\n r12: 00007ffda401f8f8 r13: 00000525554a2b80 r14: 00007ffda401f900 r15: 00007ffda401f908\n  di: 0000000000000002  si: 00007ffda401e630  bp: 00007ffda401e880  bx: 00007ffda401e8d8\n  dx: 0000000000000000  ax: 0000000000000000  cx: 00007fa97ff6ae97  sp: 00007ffda401e630\n  ip: 00007fa97ff6ae97 efl: 0000000000000246 cgf: 002b000000000033 erf: 0000000000000000\n trp: 0000000000000000 msk: 0000000000000000 cr2: 0000000000000000\n[end of stack trace]\nCalling _exit(1). Core file will not be generated.\n\n\nTROUBLESHOOTING: https://github.com/GoogleChrome/puppeteer/blob/master/docs/troubleshooting.md\n\n    at onClose (/opt/kibana/node_modules/puppeteer-core/lib/Launcher.js:349:14)\n    at Interface.helper.addEventListener (/opt/kibana/node_modules/puppeteer-core/lib/Launcher.js:338:50)\n    at Interface.emit (events.js:203:15)\n    at Interface.close (readline.js:397:8)\n    at Socket.onend (readline.js:173:10)\n    at Socket.emit (events.js:203:15)\n    at endReadableNT (_stream_readable.js:1145:12)\n    at process._tickCallback (internal/process/next_tick.js:63:19)"},"message":"Failed to launch chrome!\n[0322/041603.278441:WARNING:resource_bundle.cc(358)] locale_file_path.empty() for locale \n[0322/041603.284243:FATAL:zygote_host_impl_linux.cc(116)] No usable sandbox! Update your kernel or see https://chromium.googlesource.com/chromium/src/+/master/docs/linux_suid_sandbox_development.md for more information on developing with the SUID sandbox. If you want to live dangerously and need an immediate workaround, you can try using --no-sandbox.\n#0 0x562fc908dbf9 <unknown>\n#1 0x562fc8ffa783 <unknown>\n#2 0x562fc900de23 <unknown>\n#3 0x562fca4cc2ee <unknown>\n#4 0x562fc8fba0f8 <unknown>\n#5 0x562fca4d298c <unknown>\n#6 0x562fc8fb3ad1 <unknown>\n#7 0x562fc8ff6c3d <unknown>\n#8 0x562fc8ff69bb <unknown>\n#9 0x7fa97ff4db97 __libc_start_main\n#10 0x562fc74fd02a _start\n\nReceived signal 6\n#0 0x562fc908dbf9 <unknown>\n#1 0x562fc8ffa783 <unknown>\n#2 0x562fc908d781 <unknown>\n#3 0x7fa9816d6890 <unknown>\n#4 0x7fa97ff6ae97 gsignal\n#5 0x7fa97ff6c801 abort\n#6 0x562fc908c5c5 <unknown>\n#7 0x562fc900e107 <unknown>\n#8 0x562fca4cc2ee <unknown>\n#9 0x562fc8fba0f8 <unknown>\n#10 0x562fca4d298c <unknown>\n#11 0x562fc8fb3ad1 <unknown>\n#12 0x562fc8ff6c3d <unknown>\n#13 0x562fc8ff69bb <unknown>\n#14 0x7fa97ff4db97 __libc_start_main\n#15 0x562fc74fd02a _start\n  r8: 0000000000000000  r9: 00007ffda401e630 r10: 0000000000000008 r11: 0000000000000246\n r12: 00007ffda401f8f8 r13: 00000525554a2b80 r14: 00007ffda401f900 r15: 00007ffda401f908\n  di: 0000000000000002  si: 00007ffda401e630  bp: 00007ffda401e880  bx: 00007ffda401e8d8\n  dx: 0000000000000000  ax: 0000000000000000  cx: 00007fa97ff6ae97  sp: 00007ffda401e630\n  ip: 00007fa97ff6ae97 efl: 0000000000000246 cgf: 002b000000000033 erf: 0000000000000000\n trp: 0000000000000000 msk: 0000000000000000 cr2: 0000000000000000\n[end of stack trace]\nCalling _exit(1). Core file will not be generated.\n\n\nTROUBLESHOOTING: https://github.com/GoogleChrome/puppeteer/blob/master/docs/troubleshooting.md\n"}
{"type":"log","@timestamp":"2022-03-22T04:16:03Z","tags":["reporting","warning"],"pid":245,"message":"See Chromium's log output at \"/opt/kibana/data/headless_shell-linux/chrome_debug.log\""}
{"type":"log","@timestamp":"2022-03-22T04:16:03Z","tags":["reporting","warning"],"pid":245,"message":"Reporting plugin self-check generated a warning: Error: Could not close browser client handle!"}

==> /var/log/logstash/logstash-plain.log <==
[2022-03-22T04:16:19,741][INFO ][logstash.runner          ] Starting Logstash {"logstash.version"=>"7.6.1"}
[2022-03-22T04:16:22,787][INFO ][org.reflections.Reflections] Reflections took 43 ms to scan 1 urls, producing 20 keys and 40 values 
[2022-03-22T04:16:23,967][INFO ][logstash.outputs.elasticsearch][main] Elasticsearch pool URLs updated {:changes=>{:removed=>[], :added=>[http://localhost:9200/]}}
[2022-03-22T04:16:24,267][WARN ][logstash.outputs.elasticsearch][main] Restored connection to ES instance {:url=>"http://localhost:9200/"}
[2022-03-22T04:16:24,370][INFO ][logstash.outputs.elasticsearch][main] ES Output version determined {:es_version=>7}
[2022-03-22T04:16:24,376][WARN ][logstash.outputs.elasticsearch][main] Detected a 6.x and above cluster: the `type` event field won't be used to determine the document _type {:es_version=>7}
[2022-03-22T04:16:24,514][INFO ][logstash.outputs.elasticsearch][main] New Elasticsearch output {:class=>"LogStash::Outputs::ElasticSearch", :hosts=>["//localhost"]}
[2022-03-22T04:16:24,930][WARN ][org.logstash.instrument.metrics.gauge.LazyDelegatingGauge][main] A gauge metric of an unknown type (org.jruby.specialized.RubyArrayOneObject) has been create for key: cluster_uuids. This may result in invalid serialization.  It is recommended to log an issue to the responsible developer/development team.
[2022-03-22T04:16:24,936][INFO ][logstash.javapipeline    ][main] Starting pipeline {:pipeline_id=>"main", "pipeline.workers"=>2, "pipeline.batch.size"=>125, "pipeline.batch.delay"=>50, "pipeline.max_inflight"=>250, "pipeline.sources"=>["/etc/logstash/conf.d/02-beats-input.conf", "/etc/logstash/conf.d/10-syslog.conf", "/etc/logstash/conf.d/11-nginx.conf", "/etc/logstash/conf.d/30-output.conf"], :thread=>"#<Thread:0x45a4ee58 run>"}
[2022-03-22T04:16:26,705][INFO ][logstash.inputs.beats    ][main] Beats inputs: Starting input listener {:address=>"0.0.0.0:5044"}
[2022-03-22T04:16:27,174][INFO ][logstash.javapipeline    ][main] Pipeline started {"pipeline.id"=>"main"}
[2022-03-22T04:16:27,301][INFO ][org.logstash.beats.Server][main] Starting server on port: 5044
[2022-03-22T04:16:27,294][INFO ][logstash.agent           ] Pipelines running {:count=>1, :running_pipelines=>[:main], :non_running_pipelines=>[]}
[2022-03-22T04:16:27,729][INFO ][logstash.agent           ] Successfully started Logstash API endpoint {:port=>9600}
^CTerminating ELK
 * Stopping Elasticsearch Server

==> /var/log/elasticsearch/elasticsearch.log <==
[2022-03-22T04:20:27,617][INFO ][o.e.n.Node               ] [elk] stopping ...
[2022-03-22T04:20:27,633][INFO ][o.e.x.w.WatcherService   ] [elk] stopping watch service, reason [shutdown initiated]
[2022-03-22T04:20:27,635][INFO ][o.e.x.w.WatcherLifeCycleService] [elk] watcher has stopped and shutdown
   ...done.
Killing logstash (pid 226) with SIGTERM
Waiting for logstash (pid 226) to die...
[2022-03-22T04:20:28,055][INFO ][o.e.x.m.p.l.CppLogMessageHandler] [elk] [controller/108] [Main.cc@150] Ml controller exiting
[2022-03-22T04:20:28,056][INFO ][o.e.x.m.p.NativeController] [elk] Native controller process has stopped - no new native processes can be started
[2022-03-22T04:20:28,162][INFO ][o.e.n.Node               ] [elk] stopped
[2022-03-22T04:20:28,162][INFO ][o.e.n.Node               ] [elk] closing ...
[2022-03-22T04:20:28,178][INFO ][o.e.n.Node               ] [elk] closed

==> /var/log/logstash/logstash-plain.log <==
[2022-03-22T04:20:28,249][WARN ][logstash.runner          ] SIGTERM received. Shutting down.

==> /var/log/kibana/kibana5.log <==
{"type":"log","@timestamp":"2022-03-22T04:20:28Z","tags":["error","elasticsearch","data"],"pid":245,"message":"Request error, retrying\nGET http://localhost:9200/_xpack => connect ECONNREFUSED 127.0.0.1:9200"}
{"type":"log","@timestamp":"2022-03-22T04:20:28Z","tags":["warning","elasticsearch","data"],"pid":245,"message":"Unable to revive connection: http://localhost:9200/"}
{"type":"log","@timestamp":"2022-03-22T04:20:28Z","tags":["status","plugin:xpack_main@7.6.1","error"],"pid":245,"state":"red","message":"Status changed from green to red - No Living connections","prevState":"green","prevMsg":"Ready"}
{"type":"log","@timestamp":"2022-03-22T04:20:28Z","tags":["warning","elasticsearch","data"],"pid":245,"message":"No living connections"}
{"type":"log","@timestamp":"2022-03-22T04:20:28Z","tags":["warning","plugins","licensing"],"pid":245,"message":"License information could not be obtained from Elasticsearch due to Error: No Living connections error"}
{"type":"log","@timestamp":"2022-03-22T04:20:28Z","tags":["status","plugin:spaces@7.6.1","error"],"pid":245,"state":"red","message":"Status changed from green to red - No Living connections","prevState":"green","prevMsg":"Ready"}
{"type":"log","@timestamp":"2022-03-22T04:20:28Z","tags":["status","plugin:searchprofiler@7.6.1","error"],"pid":245,"state":"red","message":"Status changed from green to red - No Living connections","prevState":"green","prevMsg":"Ready"}
{"type":"log","@timestamp":"2022-03-22T04:20:28Z","tags":["status","plugin:ml@7.6.1","error"],"pid":245,"state":"red","message":"Status changed from green to red - No Living connections","prevState":"green","prevMsg":"Ready"}
{"type":"log","@timestamp":"2022-03-22T04:20:28Z","tags":["status","plugin:tilemap@7.6.1","error"],"pid":245,"state":"red","message":"Status changed from green to red - No Living connections","prevState":"green","prevMsg":"Ready"}
{"type":"log","@timestamp":"2022-03-22T04:20:28Z","tags":["status","plugin:watcher@7.6.1","error"],"pid":245,"state":"red","message":"Status changed from green to red - No Living connections","prevState":"green","prevMsg":"Ready"}
{"type":"log","@timestamp":"2022-03-22T04:20:28Z","tags":["status","plugin:grokdebugger@7.6.1","error"],"pid":245,"state":"red","message":"Status changed from green to red - No Living connections","prevState":"green","prevMsg":"Ready"}
{"type":"log","@timestamp":"2022-03-22T04:20:28Z","tags":["status","plugin:logstash@7.6.1","error"],"pid":245,"state":"red","message":"Status changed from green to red - No Living connections","prevState":"green","prevMsg":"Ready"}
{"type":"log","@timestamp":"2022-03-22T04:20:28Z","tags":["status","plugin:beats_management@7.6.1","error"],"pid":245,"state":"red","message":"Status changed from green to red - No Living connections","prevState":"green","prevMsg":"Ready"}
{"type":"log","@timestamp":"2022-03-22T04:20:28Z","tags":["status","plugin:index_management@7.6.1","error"],"pid":245,"state":"red","message":"Status changed from green to red - No Living connections","prevState":"green","prevMsg":"Ready"}
{"type":"log","@timestamp":"2022-03-22T04:20:28Z","tags":["status","plugin:index_lifecycle_management@7.6.1","error"],"pid":245,"state":"red","message":"Status changed from green to red - No Living connections","prevState":"green","prevMsg":"Ready"}
{"type":"log","@timestamp":"2022-03-22T04:20:28Z","tags":["status","plugin:rollup@7.6.1","error"],"pid":245,"state":"red","message":"Status changed from green to red - No Living connections","prevState":"green","prevMsg":"Ready"}
{"type":"log","@timestamp":"2022-03-22T04:20:28Z","tags":["status","plugin:transform@7.6.1","error"],"pid":245,"state":"red","message":"Status changed from green to red - No Living connections","prevState":"green","prevMsg":"Ready"}
{"type":"log","@timestamp":"2022-03-22T04:20:28Z","tags":["status","plugin:remote_clusters@7.6.1","error"],"pid":245,"state":"red","message":"Status changed from green to red - No Living connections","prevState":"green","prevMsg":"Ready"}
{"type":"log","@timestamp":"2022-03-22T04:20:28Z","tags":["status","plugin:cross_cluster_replication@7.6.1","error"],"pid":245,"state":"red","message":"Status changed from green to red - No Living connections","prevState":"green","prevMsg":"Ready"}
{"type":"log","@timestamp":"2022-03-22T04:20:28Z","tags":["status","plugin:snapshot_restore@7.6.1","error"],"pid":245,"state":"red","message":"Status changed from green to red - No Living connections","prevState":"green","prevMsg":"Ready"}
{"type":"log","@timestamp":"2022-03-22T04:20:28Z","tags":["status","plugin:reporting@7.6.1","error"],"pid":245,"state":"red","message":"Status changed from green to red - No Living connections","prevState":"green","prevMsg":"Ready"}
{"type":"log","@timestamp":"2022-03-22T04:20:28Z","tags":["status","plugin:security@7.6.1","error"],"pid":245,"state":"red","message":"Status changed from green to red - No Living connections","prevState":"green","prevMsg":"Ready"}
{"type":"log","@timestamp":"2022-03-22T04:20:28Z","tags":["info","monitoring","kibana-monitoring"],"pid":245,"message":"Monitoring status upload endpoint is not enabled in Elasticsearch:Monitoring stats collection is stopped"}
Waiting for logstash (pid 226) to die...
Waiting for logstash (pid 226) to die...
{"type":"log","@timestamp":"2022-03-22T04:20:29Z","tags":["error","elasticsearch","admin"],"pid":245,"message":"Request error, retrying\nGET http://localhost:9200/_nodes?filter_path=nodes.*.version%2Cnodes.*.http.publish_address%2Cnodes.*.ip => connect ECONNREFUSED 127.0.0.1:9200"}
{"type":"log","@timestamp":"2022-03-22T04:20:29Z","tags":["warning","elasticsearch","admin"],"pid":245,"message":"Unable to revive connection: http://localhost:9200/"}
{"type":"log","@timestamp":"2022-03-22T04:20:29Z","tags":["status","plugin:xpack_main@7.6.1","error"],"pid":245,"state":"red","message":"Status changed from red to red - Unable to retrieve version information from Elasticsearch nodes.","prevState":"red","prevMsg":"No Living connections"}
{"type":"log","@timestamp":"2022-03-22T04:20:29Z","tags":["warning","elasticsearch","admin"],"pid":245,"message":"No living connections"}
{"type":"log","@timestamp":"2022-03-22T04:20:29Z","tags":["error","elasticsearch-service"],"pid":245,"message":"Unable to retrieve version information from Elasticsearch nodes."}
{"type":"log","@timestamp":"2022-03-22T04:20:29Z","tags":["status","plugin:spaces@7.6.1","error"],"pid":245,"state":"red","message":"Status changed from red to red - Unable to retrieve version information from Elasticsearch nodes.","prevState":"red","prevMsg":"No Living connections"}
{"type":"log","@timestamp":"2022-03-22T04:20:29Z","tags":["status","plugin:searchprofiler@7.6.1","error"],"pid":245,"state":"red","message":"Status changed from red to red - Unable to retrieve version information from Elasticsearch nodes.","prevState":"red","prevMsg":"No Living connections"}
{"type":"log","@timestamp":"2022-03-22T04:20:29Z","tags":["status","plugin:ml@7.6.1","error"],"pid":245,"state":"red","message":"Status changed from red to red - Unable to retrieve version information from Elasticsearch nodes.","prevState":"red","prevMsg":"No Living connections"}
{"type":"log","@timestamp":"2022-03-22T04:20:29Z","tags":["status","plugin:tilemap@7.6.1","error"],"pid":245,"state":"red","message":"Status changed from red to red - Unable to retrieve version information from Elasticsearch nodes.","prevState":"red","prevMsg":"No Living connections"}
{"type":"log","@timestamp":"2022-03-22T04:20:29Z","tags":["status","plugin:watcher@7.6.1","error"],"pid":245,"state":"red","message":"Status changed from red to red - Unable to retrieve version information from Elasticsearch nodes.","prevState":"red","prevMsg":"No Living connections"}
{"type":"log","@timestamp":"2022-03-22T04:20:29Z","tags":["status","plugin:grokdebugger@7.6.1","error"],"pid":245,"state":"red","message":"Status changed from red to red - Unable to retrieve version information from Elasticsearch nodes.","prevState":"red","prevMsg":"No Living connections"}
{"type":"log","@timestamp":"2022-03-22T04:20:29Z","tags":["status","plugin:logstash@7.6.1","error"],"pid":245,"state":"red","message":"Status changed from red to red - Unable to retrieve version information from Elasticsearch nodes.","prevState":"red","prevMsg":"No Living connections"}
{"type":"log","@timestamp":"2022-03-22T04:20:29Z","tags":["status","plugin:beats_management@7.6.1","error"],"pid":245,"state":"red","message":"Status changed from red to red - Unable to retrieve version information from Elasticsearch nodes.","prevState":"red","prevMsg":"No Living connections"}
{"type":"log","@timestamp":"2022-03-22T04:20:29Z","tags":["status","plugin:index_management@7.6.1","error"],"pid":245,"state":"red","message":"Status changed from red to red - Unable to retrieve version information from Elasticsearch nodes.","prevState":"red","prevMsg":"No Living connections"}
{"type":"log","@timestamp":"2022-03-22T04:20:29Z","tags":["status","plugin:index_lifecycle_management@7.6.1","error"],"pid":245,"state":"red","message":"Status changed from red to red - Unable to retrieve version information from Elasticsearch nodes.","prevState":"red","prevMsg":"No Living connections"}
{"type":"log","@timestamp":"2022-03-22T04:20:29Z","tags":["status","plugin:rollup@7.6.1","error"],"pid":245,"state":"red","message":"Status changed from red to red - Unable to retrieve version information from Elasticsearch nodes.","prevState":"red","prevMsg":"No Living connections"}
{"type":"log","@timestamp":"2022-03-22T04:20:29Z","tags":["status","plugin:transform@7.6.1","error"],"pid":245,"state":"red","message":"Status changed from red to red - Unable to retrieve version information from Elasticsearch nodes.","prevState":"red","prevMsg":"No Living connections"}
{"type":"log","@timestamp":"2022-03-22T04:20:29Z","tags":["status","plugin:remote_clusters@7.6.1","error"],"pid":245,"state":"red","message":"Status changed from red to red - Unable to retrieve version information from Elasticsearch nodes.","prevState":"red","prevMsg":"No Living connections"}
{"type":"log","@timestamp":"2022-03-22T04:20:29Z","tags":["status","plugin:cross_cluster_replication@7.6.1","error"],"pid":245,"state":"red","message":"Status changed from red to red - Unable to retrieve version information from Elasticsearch nodes.","prevState":"red","prevMsg":"No Living connections"}
{"type":"log","@timestamp":"2022-03-22T04:20:29Z","tags":["status","plugin:snapshot_restore@7.6.1","error"],"pid":245,"state":"red","message":"Status changed from red to red - Unable to retrieve version information from Elasticsearch nodes.","prevState":"red","prevMsg":"No Living connections"}
{"type":"log","@timestamp":"2022-03-22T04:20:29Z","tags":["status","plugin:reporting@7.6.1","error"],"pid":245,"state":"red","message":"Status changed from red to red - Unable to retrieve version information from Elasticsearch nodes.","prevState":"red","prevMsg":"No Living connections"}
{"type":"log","@timestamp":"2022-03-22T04:20:29Z","tags":["status","plugin:security@7.6.1","error"],"pid":245,"state":"red","message":"Status changed from red to red - Unable to retrieve version information from Elasticsearch nodes.","prevState":"red","prevMsg":"No Living connections"}
{"type":"log","@timestamp":"2022-03-22T04:20:29Z","tags":["status","plugin:elasticsearch@7.6.1","error"],"pid":245,"state":"red","message":"Status changed from green to red - Unable to retrieve version information from Elasticsearch nodes.","prevState":"green","prevMsg":"Ready"}
{"type":"log","@timestamp":"2022-03-22T04:20:29Z","tags":["warning","elasticsearch","data"],"pid":245,"message":"Unable to revive connection: http://localhost:9200/"}
{"type":"log","@timestamp":"2022-03-22T04:20:29Z","tags":["status","plugin:xpack_main@7.6.1","error"],"pid":245,"state":"red","message":"Status changed from red to red - No Living connections","prevState":"red","prevMsg":"Unable to retrieve version information from Elasticsearch nodes."}
{"type":"log","@timestamp":"2022-03-22T04:20:29Z","tags":["warning","elasticsearch","data"],"pid":245,"message":"No living connections"}
{"type":"log","@timestamp":"2022-03-22T04:20:29Z","tags":["warning","plugins","licensing"],"pid":245,"message":"License information could not be obtained from Elasticsearch due to Error: No Living connections error"}
{"type":"log","@timestamp":"2022-03-22T04:20:29Z","tags":["status","plugin:spaces@7.6.1","error"],"pid":245,"state":"red","message":"Status changed from red to red - No Living connections","prevState":"red","prevMsg":"Unable to retrieve version information from Elasticsearch nodes."}
{"type":"log","@timestamp":"2022-03-22T04:20:29Z","tags":["status","plugin:searchprofiler@7.6.1","error"],"pid":245,"state":"red","message":"Status changed from red to red - No Living connections","prevState":"red","prevMsg":"Unable to retrieve version information from Elasticsearch nodes."}
{"type":"log","@timestamp":"2022-03-22T04:20:29Z","tags":["status","plugin:ml@7.6.1","error"],"pid":245,"state":"red","message":"Status changed from red to red - No Living connections","prevState":"red","prevMsg":"Unable to retrieve version information from Elasticsearch nodes."}
{"type":"log","@timestamp":"2022-03-22T04:20:29Z","tags":["status","plugin:tilemap@7.6.1","error"],"pid":245,"state":"red","message":"Status changed from red to red - No Living connections","prevState":"red","prevMsg":"Unable to retrieve version information from Elasticsearch nodes."}
{"type":"log","@timestamp":"2022-03-22T04:20:29Z","tags":["status","plugin:watcher@7.6.1","error"],"pid":245,"state":"red","message":"Status changed from red to red - No Living connections","prevState":"red","prevMsg":"Unable to retrieve version information from Elasticsearch nodes."}
{"type":"log","@timestamp":"2022-03-22T04:20:29Z","tags":["status","plugin:grokdebugger@7.6.1","error"],"pid":245,"state":"red","message":"Status changed from red to red - No Living connections","prevState":"red","prevMsg":"Unable to retrieve version information from Elasticsearch nodes."}
{"type":"log","@timestamp":"2022-03-22T04:20:29Z","tags":["status","plugin:logstash@7.6.1","error"],"pid":245,"state":"red","message":"Status changed from red to red - No Living connections","prevState":"red","prevMsg":"Unable to retrieve version information from Elasticsearch nodes."}
{"type":"log","@timestamp":"2022-03-22T04:20:29Z","tags":["status","plugin:beats_management@7.6.1","error"],"pid":245,"state":"red","message":"Status changed from red to red - No Living connections","prevState":"red","prevMsg":"Unable to retrieve version information from Elasticsearch nodes."}
{"type":"log","@timestamp":"2022-03-22T04:20:29Z","tags":["status","plugin:index_management@7.6.1","error"],"pid":245,"state":"red","message":"Status changed from red to red - No Living connections","prevState":"red","prevMsg":"Unable to retrieve version information from Elasticsearch nodes."}
{"type":"log","@timestamp":"2022-03-22T04:20:29Z","tags":["status","plugin:index_lifecycle_management@7.6.1","error"],"pid":245,"state":"red","message":"Status changed from red to red - No Living connections","prevState":"red","prevMsg":"Unable to retrieve version information from Elasticsearch nodes."}
{"type":"log","@timestamp":"2022-03-22T04:20:29Z","tags":["status","plugin:rollup@7.6.1","error"],"pid":245,"state":"red","message":"Status changed from red to red - No Living connections","prevState":"red","prevMsg":"Unable to retrieve version information from Elasticsearch nodes."}
{"type":"log","@timestamp":"2022-03-22T04:20:29Z","tags":["status","plugin:transform@7.6.1","error"],"pid":245,"state":"red","message":"Status changed from red to red - No Living connections","prevState":"red","prevMsg":"Unable to retrieve version information from Elasticsearch nodes."}
{"type":"log","@timestamp":"2022-03-22T04:20:29Z","tags":["status","plugin:remote_clusters@7.6.1","error"],"pid":245,"state":"red","message":"Status changed from red to red - No Living connections","prevState":"red","prevMsg":"Unable to retrieve version information from Elasticsearch nodes."}
{"type":"log","@timestamp":"2022-03-22T04:20:29Z","tags":["status","plugin:cross_cluster_replication@7.6.1","error"],"pid":245,"state":"red","message":"Status changed from red to red - No Living connections","prevState":"red","prevMsg":"Unable to retrieve version information from Elasticsearch nodes."}
{"type":"log","@timestamp":"2022-03-22T04:20:29Z","tags":["status","plugin:snapshot_restore@7.6.1","error"],"pid":245,"state":"red","message":"Status changed from red to red - No Living connections","prevState":"red","prevMsg":"Unable to retrieve version information from Elasticsearch nodes."}
{"type":"log","@timestamp":"2022-03-22T04:20:29Z","tags":["status","plugin:reporting@7.6.1","error"],"pid":245,"state":"red","message":"Status changed from red to red - No Living connections","prevState":"red","prevMsg":"Unable to retrieve version information from Elasticsearch nodes."}
{"type":"log","@timestamp":"2022-03-22T04:20:29Z","tags":["status","plugin:security@7.6.1","error"],"pid":245,"state":"red","message":"Status changed from red to red - No Living connections","prevState":"red","prevMsg":"Unable to retrieve version information from Elasticsearch nodes."}
{"type":"log","@timestamp":"2022-03-22T04:20:30Z","tags":["warning","elasticsearch","admin"],"pid":245,"message":"Unable to revive connection: http://localhost:9200/"}
{"type":"log","@timestamp":"2022-03-22T04:20:30Z","tags":["warning","elasticsearch","admin"],"pid":245,"message":"No living connections"}
{"type":"log","@timestamp":"2022-03-22T04:20:30Z","tags":["error","plugins","taskManager","taskManager"],"pid":245,"message":"Failed to poll for work: Error: No Living connections"}
{"type":"log","@timestamp":"2022-03-22T04:20:30Z","tags":["warning","elasticsearch","admin"],"pid":245,"message":"Unable to revive connection: http://localhost:9200/"}
{"type":"log","@timestamp":"2022-03-22T04:20:30Z","tags":["reporting","esqueue","queue-worker","error"],"pid":245,"message":"l11mjnpr006t28d97ac3wwoo - job querying failed: Error: No Living connections\n    at sendReqWithConnection (/opt/kibana/node_modules/elasticsearch/src/lib/transport.js:266:15)\n    at next (/opt/kibana/node_modules/elasticsearch/src/lib/connection_pool.js:243:7)\n    at process._tickCallback (internal/process/next_tick.js:61:11)"}
{"type":"log","@timestamp":"2022-03-22T04:20:30Z","tags":["warning","elasticsearch","admin"],"pid":245,"message":"No living connections"}
Waiting for logstash (pid 226) to die...
Waiting for logstash (pid 226) to die...
{"type":"log","@timestamp":"2022-03-22T04:20:32Z","tags":["warning","elasticsearch","admin"],"pid":245,"message":"Unable to revive connection: http://localhost:9200/"}
{"type":"log","@timestamp":"2022-03-22T04:20:32Z","tags":["warning","elasticsearch","admin"],"pid":245,"message":"No living connections"}
{"type":"log","@timestamp":"2022-03-22T04:20:32Z","tags":["warning","elasticsearch","admin"],"pid":245,"message":"Unable to revive connection: http://localhost:9200/"}
{"type":"log","@timestamp":"2022-03-22T04:20:32Z","tags":["warning","elasticsearch","admin"],"pid":245,"message":"No living connections"}
logstash stop failed; still running.
 * Stopping Kibana5

==> /var/log/logstash/logstash-plain.log <==
[2022-03-22T04:20:33,402][WARN ][org.logstash.execution.ShutdownWatcherExt] {"inflight_count"=>0, "stalling_threads_info"=>{"other"=>[{"thread_id"=>28, "name"=>"[main]<beats", "current_call"=>"[...]/vendor/bundle/jruby/2.5.0/gems/logstash-input-beats-6.0.8-java/lib/logstash/inputs/beats.rb:202:in `run'"}], ["LogStash::Filters::Grok", {"match"=>{"message"=>"%{NGINXACCESS}"}, "id"=>"79b9768aa70d0332e903be95739d28241065576f9282c329e57309632310b19b"}]=>[{"thread_id"=>26, "name"=>"[main]>worker0", "current_call"=>"[...]/logstash-core/lib/logstash/java_pipeline.rb:262:in `block in start_workers'"}, {"thread_id"=>27, "name"=>"[main]>worker1", "current_call"=>"[...]/logstash-core/lib/logstash/java_pipeline.rb:262:in `block in start_workers'"}]}}
[2022-03-22T04:20:33,531][ERROR][org.logstash.execution.ShutdownWatcherExt] The shutdown process appears to be stalled due to busy or blocked plugins. Check the logs for more information.

==> /var/log/kibana/kibana5.log <==
{"type":"log","@timestamp":"2022-03-22T04:20:33Z","tags":["info","plugins-system"],"pid":245,"message":"Stopping all plugins."}
   ...done.
RedAdmin@Elk-Server:~$ sudo docker container list -a
CONTAINER ID   IMAGE          COMMAND                  CREATED          STATUS                      PORTS     NAMES
4d623ec746e0   sebp/elk:761   "/usr/local/bin/star…"   35 minutes ago   Exited (0) 18 seconds ago             elk
RedAdmin@Elk-Server:~$ sudo docker ps
CONTAINER ID   IMAGE     COMMAND   CREATED   STATUS    PORTS     NAMES
RedAdmin@Elk-Server:~$ head IMAGE
head: cannot open 'IMAGE' for reading: No such file or directory
RedAdmin@Elk-Server:~$ exit
logout
Connection to 10.1.0.4 closed.
root@2b6015c8569c:~# ls /etc/ansible/
ansible.cfg  hosts  install-elk.yml  myfirstplaybook.yml
root@2b6015c8569c:~# nano /etc/ansible/install-elk.yml
root@2b6015c8569c:~# ansible-playbook /etc/ansible/install-elk.yml    
[WARNING]: ansible.utils.display.initialize_locale has not been called, this may result in incorrectly calculated text widths that can cause Display to print incorrect line
lengths

PLAY [Configure Elk VM with Docker] **********************************************************************************************************************************************

TASK [Gathering Facts] ***********************************************************************************************************************************************************
ok: [10.1.0.4]

TASK [Use more memory] ***********************************************************************************************************************************************************
ok: [10.1.0.4]

TASK [Install docker.io] *********************************************************************************************************************************************************
ok: [10.1.0.4]

TASK [Install python3-pip] *******************************************************************************************************************************************************
ok: [10.1.0.4]

TASK [Install Docker module] *****************************************************************************************************************************************************
ok: [10.1.0.4]

TASK [Increase virtual memory] ***************************************************************************************************************************************************
changed: [10.1.0.4]

TASK [download and launch a docker elk container] ********************************************************************************************************************************
[DEPRECATION WARNING]: The container_default_behavior option will change its default value from "compatibility" to "no_defaults" in community.docker 2.0.0. To remove this 
warning, please specify an explicit value for it now. This feature will be removed from community.docker in version 2.0.0. Deprecation warnings can be disabled by setting 
deprecation_warnings=False in ansible.cfg.
changed: [10.1.0.4]

TASK [Enable service docker on boot] *********************************************************************************************************************************************
ok: [10.1.0.4]

PLAY RECAP ***********************************************************************************************************************************************************************
10.1.0.4                   : ok=8    changed=2    unreachable=0    failed=0    skipped=0    rescued=0    ignored=0   

root@2b6015c8569c:~# ssh RedAdmin@20.25.68.148
Welcome to Ubuntu 20.04.4 LTS (GNU/Linux 5.13.0-1017-azure x86_64)

 * Documentation:  https://help.ubuntu.com
 * Management:     https://landscape.canonical.com
 * Support:        https://ubuntu.com/advantage

 System information disabled due to load higher than 2.0

 * Super-optimized for small spaces - read how we shrank the memory
   footprint of MicroK8s to make it the smallest full K8s around.

   https://ubuntu.com/blog/microk8s-memory-optimisation

31 updates can be applied immediately.
11 of these updates are standard security updates.
To see these additional updates run: apt list --upgradable


Last login: Tue Mar 22 04:40:47 2022 from 10.0.0.4
RedAdmin@Elk-Server:~$ docker ps
Got permission denied while trying to connect to the Docker daemon socket at unix:///var/run/docker.sock: Get http://%2Fvar%2Frun%2Fdocker.sock/v1.24/containers/json: dial unix /var/run/docker.sock: connect: permission denied
RedAdmin@Elk-Server:~$ sudo docker ps
CONTAINER ID   IMAGE          COMMAND                  CREATED          STATUS              PORTS                                                                              NAMES
4d623ec746e0   sebp/elk:761   "/usr/local/bin/star…"   56 minutes ago   Up About a minute   0.0.0.0:5044->5044/tcp, 0.0.0.0:5601->5601/tcp, 0.0.0.0:9200->9200/tcp, 9300/tcp   elk
RedAdmin@Elk-Server:~$ exit
logout
Connection to 20.25.68.148 closed.
root@2b6015c8569c:~# nano /etc/ansible/install-elk.yml
root@2b6015c8569c:~# ansible-playbook /etc/ansible/install-elk.yml
[WARNING]: ansible.utils.display.initialize_locale has not been called, this may result in incorrectly calculated text widths that can cause Display to print incorrect line
lengths

PLAY [Configure Elk VM with Docker] **********************************************************************************************************************************************

TASK [Gathering Facts] ***********************************************************************************************************************************************************
ok: [10.1.0.4]

TASK [Use more memory] ***********************************************************************************************************************************************************
ok: [10.1.0.4]

TASK [Install docker.io] *********************************************************************************************************************************************************
ok: [10.1.0.4]

TASK [Install python3-pip] *******************************************************************************************************************************************************
ok: [10.1.0.4]

TASK [Install Docker module] *****************************************************************************************************************************************************
ok: [10.1.0.4]

TASK [Increase virtual memory] ***************************************************************************************************************************************************
changed: [10.1.0.4]

TASK [download and launch a docker elk container] ********************************************************************************************************************************
[DEPRECATION WARNING]: The container_default_behavior option will change its default value from "compatibility" to "no_defaults" in community.docker 2.0.0. To remove this 
warning, please specify an explicit value for it now. This feature will be removed from community.docker in version 2.0.0. Deprecation warnings can be disabled by setting 
deprecation_warnings=False in ansible.cfg.
ok: [10.1.0.4]

TASK [Enable service docker on boot] *********************************************************************************************************************************************
ok: [10.1.0.4]

PLAY RECAP ***********************************************************************************************************************************************************************
10.1.0.4                   : ok=8    changed=1    unreachable=0    failed=0    skipped=0    rescued=0    ignored=0   

root@2b6015c8569c:~# ssh RedAdmin@20.25.68.148
Welcome to Ubuntu 20.04.4 LTS (GNU/Linux 5.13.0-1017-azure x86_64)

 * Documentation:  https://help.ubuntu.com
 * Management:     https://landscape.canonical.com
 * Support:        https://ubuntu.com/advantage

  System information as of Tue Mar 22 04:46:22 UTC 2022

  System load:  0.16               Processes:                144
  Usage of /:   16.5% of 28.90GB   Users logged in:          0
  Memory usage: 38%                IPv4 address for docker0: 172.17.0.1
  Swap usage:   0%                 IPv4 address for eth0:    10.1.0.4

 * Super-optimized for small spaces - read how we shrank the memory
   footprint of MicroK8s to make it the smallest full K8s around.

   https://ubuntu.com/blog/microk8s-memory-optimisation

31 updates can be applied immediately.
11 of these updates are standard security updates.
To see these additional updates run: apt list --upgradable


Last login: Tue Mar 22 04:46:11 2022 from 10.0.0.4
RedAdmin@Elk-Server:~$ sudo docker ps
CONTAINER ID   IMAGE          COMMAND                  CREATED             STATUS         PORTS                                                                              NAMES
4d623ec746e0   sebp/elk:761   "/usr/local/bin/star…"   About an hour ago   Up 5 minutes   0.0.0.0:5044->5044/tcp, 0.0.0.0:5601->5601/tcp, 0.0.0.0:9200->9200/tcp, 9300/tcp   elk
RedAdmin@Elk-Server:~$ curl http://localhost:5601/app/kibana
<!DOCTYPE html><html lang="en"><head><meta charSet="utf-8"/><meta http-equiv="X-UA-Compatible" content="IE=edge,chrome=1"/><meta name="viewport" content="width=device-width"/><title>Kibana</title><style>
        
        @font-face {
          font-family: 'Inter UI';
          font-style: normal;
          font-weight: 100;
          src: url('/ui/fonts/inter_ui/Inter-UI-Thin-BETA.woff2') format('woff2'), url('/ui/fonts/inter_ui/Inter-UI-Thin-BETA.woff') format('woff');
        }

        @font-face {
          font-family: 'Inter UI';
          font-style: italic;
          font-weight: 100;
          src: url('/ui/fonts/inter_ui/Inter-UI-ThinItalic-BETA.woff2') format('woff2'), url('/ui/fonts/inter_ui/Inter-UI-ThinItalic-BETA.woff') format('woff');
        }

        @font-face {
          font-family: 'Inter UI';
          font-style: normal;
          font-weight: 200;
          src: url('/ui/fonts/inter_ui/Inter-UI-ExtraLight-BETA.woff2') format('woff2'), url('/ui/fonts/inter_ui/Inter-UI-ExtraLight-BETA.woff') format('woff');
        }

        @font-face {
          font-family: 'Inter UI';
          font-style: italic;
          font-weight: 200;
          src: url('/ui/fonts/inter_ui/Inter-UI-ExtraLightItalic-BETA.woff2') format('woff2'), url('/ui/fonts/inter_ui/Inter-UI-ExtraLightItalic-BETA.woff') format('woff');
        }

        @font-face {
          font-family: 'Inter UI';
          font-style: normal;
          font-weight: 300;
          src: url('/ui/fonts/inter_ui/Inter-UI-Light-BETA.woff2') format('woff2'), url('/ui/fonts/inter_ui/Inter-UI-Light-BETA.woff') format('woff');
        }

        @font-face {
          font-family: 'Inter UI';
          font-style: italic;
          font-weight: 300;
          src: url('/ui/fonts/inter_ui/Inter-UI-LightItalic-BETA.woff2') format('woff2'), url('/ui/fonts/inter_ui/Inter-UI-LightItalic-BETA.woff') format('woff');
        }

        @font-face {
          font-family: 'Inter UI';
          font-style: normal;
          font-weight: 400;
          src: url('/ui/fonts/inter_ui/Inter-UI-Regular.woff2') format('woff2'), url('/ui/fonts/inter_ui/Inter-UI-Regular.woff') format('woff');
        }

        @font-face {
          font-family: 'Inter UI';
          font-style: italic;
          font-weight: 400;
          src: url('/ui/fonts/inter_ui/Inter-UI-Italic.woff2') format('woff2'), url('/ui/fonts/inter_ui/Inter-UI-Italic.woff') format('woff');
        }

        @font-face {
          font-family: 'Inter UI';
          font-style: normal;
          font-weight: 500;
          src: url('/ui/fonts/inter_ui/Inter-UI-Medium.woff2') format('woff2'), url('/ui/fonts/inter_ui/Inter-UI-Medium.woff') format('woff');
        }

        @font-face {
          font-family: 'Inter UI';
          font-style: italic;
          font-weight: 500;
          src: url('/ui/fonts/inter_ui/Inter-UI-MediumItalic.woff2') format('woff2'), url('/ui/fonts/inter_ui/Inter-UI-MediumItalic.woff') format('woff');
        }

        @font-face {
          font-family: 'Inter UI';
          font-style: normal;
          font-weight: 600;
          src: url('/ui/fonts/inter_ui/Inter-UI-SemiBold.woff2') format('woff2'), url('/ui/fonts/inter_ui/Inter-UI-SemiBold.woff') format('woff');
        }

        @font-face {
          font-family: 'Inter UI';
          font-style: italic;
          font-weight: 600;
          src: url('/ui/fonts/inter_ui/Inter-UI-SemiBoldItalic.woff2') format('woff2'), url('/ui/fonts/inter_ui/Inter-UI-SemiBoldItalic.woff') format('woff');
        }

        @font-face {
          font-family: 'Inter UI';
          font-style: normal;
          font-weight: 700;
          src: url('/ui/fonts/inter_ui/Inter-UI-Bold.woff2') format('woff2'), url('/ui/fonts/inter_ui/Inter-UI-Bold.woff') format('woff');
        }

        @font-face {
          font-family: 'Inter UI';
          font-style: italic;
          font-weight: 700;
          src: url('/ui/fonts/inter_ui/Inter-UI-BoldItalic.woff2') format('woff2'), url('/ui/fonts/inter_ui/Inter-UI-BoldItalic.woff') format('woff');
        }

        @font-face {
          font-family: 'Inter UI';
          font-style: normal;
          font-weight: 800;
          src: url('/ui/fonts/inter_ui/Inter-UI-ExtraBold.woff2') format('woff2'), url('/ui/fonts/inter_ui/Inter-UI-ExtraBold.woff') format('woff');
        }

        @font-face {
          font-family: 'Inter UI';
          font-style: italic;
          font-weight: 800;
          src: url('/ui/fonts/inter_ui/Inter-UI-ExtraBoldItalic.woff2') format('woff2'), url('/ui/fonts/inter_ui/Inter-UI-ExtraBoldItalic.woff') format('woff');
        }

        @font-face {
          font-family: 'Inter UI';
          font-style: normal;
          font-weight: 900;
          src: url('/ui/fonts/inter_ui/Inter-UI-Black.woff2') format('woff2'), url('/ui/fonts/inter_ui/Inter-UI-Black.woff') format('woff');
        }

        @font-face {
          font-family: 'Inter UI';
          font-style: italic;
          font-weight: 900;
          src: url('/ui/fonts/inter_ui/Inter-UI-BlackItalic.woff2') format('woff2'), url('/ui/fonts/inter_ui/Inter-UI-BlackItalic.woff') format('woff');
        }

        @font-face {
          font-family: 'Roboto Mono';
          font-style: normal;
          font-weight: 400;
          src: local('Roboto Mono'), local('RobotoMono-Regular'), url('/ui/fonts/roboto_mono/RobotoMono-Regular.ttf') format('woff2');
          unicode-range: U+0000-00FF, U+0131, U+0152-0153, U+02BB-02BC, U+02C6, U+02DA, U+02DC, U+2000-206F, U+2074, U+20AC, U+2122, U+2191, U+2193, U+2212, U+2215, U+FEFF, U+FFFD;
        }

        @font-face {
          font-family: 'Roboto Mono';
          font-style: italic;
          font-weight: 400;
          src: local('Roboto Mono Italic'), local('RobotoMono-Italic'), url('/ui/fonts/roboto_mono/RobotoMono-Italic.ttf') format('ttf');
          unicode-range: U+0000-00FF, U+0131, U+0152-0153, U+02BB-02BC, U+02C6, U+02DA, U+02DC, U+2000-206F, U+2074, U+20AC, U+2122, U+2191, U+2193, U+2212, U+2215, U+FEFF, U+FFFD;
        }

        @font-face {
          font-family: 'Roboto Mono';
          font-style: normal;
          font-weight: 700;
          src: local('Roboto Mono Bold'), local('RobotoMono-Bold'), url('/ui/fonts/roboto_mono/RobotoMono-Bold.ttf') format('woff2');
          unicode-range: U+0000-00FF, U+0131, U+0152-0153, U+02BB-02BC, U+02C6, U+02DA, U+02DC, U+2000-206F, U+2074, U+20AC, U+2122, U+2191, U+2193, U+2212, U+2215, U+FEFF, U+FFFD;
        }

        @font-face {
          font-family: 'Roboto Mono';
          font-style: italic;
          font-weight: 700;
          src: local('Roboto Mono Bold Italic'), local('RobotoMono-BoldItalic'), url('/ui/fonts/roboto_mono/RobotoMono-BoldItalic.ttf') format('woff2');
          unicode-range: U+0000-00FF, U+0131, U+0152-0153, U+02BB-02BC, U+02C6, U+02DA, U+02DC, U+2000-206F, U+2074, U+20AC, U+2122, U+2191, U+2193, U+2212, U+2215, U+FEFF, U+FFFD;
        }
        /*
        Single variable font.

        Note that you may want to do something like this to make sure you're serving
        constant fonts to older browsers:
        html {
          font-family: 'Inter UI', sans-serif;
        }
        @supports (font-variation-settings: normal) {
          html {
            font-family: 'Inter UI var', sans-serif;
          }
        }

        BUGS:
        - Safari 12.0 will default to italic instead of regular when font-weight
          is provided in a @font-face declaration.
          Workaround: Use 'Inter UI var alt' for Safari, or explicitly set
          `font-variation-settings: 'slnt' DEGREE`.

        @font-face {
          font-family: 'Inter UI var';
          font-weight: 100 900;
          font-style: oblique 0deg 10deg;
          src:
            url('/ui/fonts/inter_ui/Inter-UI.var.woff2') format('woff2-variations'),
            url('/ui/fonts/inter_ui/Inter-UI.var.woff2') format('woff2');
        }

        'Inter UI var alt' is recommended for Safari and Edge, for reliable italics.

        @supports (font-variation-settings: normal) {
          html {
            font-family: 'Inter UI var alt', sans-serif;
          }
        }

        @font-face {
          font-family: 'Inter UI var alt';
          font-weight: 100 900;
          font-style: normal;
          font-named-instance: 'Regular';
          src:
            url('/ui/fonts/inter_ui/Inter-UI-upright.var.woff2') format('woff2 supports variations(gvar)'),
            url('/ui/fonts/inter_ui/Inter-UI-upright.var.woff2') format('woff2-variations'),
            url('/ui/fonts/inter_ui/Inter-UI-upright.var.woff2') format('woff2');
        }
        @font-face {
          font-family: 'Inter UI var alt';
          font-weight: 100 900;
          font-style: italic;
          font-named-instance: 'Italic';
          src:
            url('/ui/fonts/inter_ui/Inter-UI-italic.var.woff2') format('woff2 supports variations(gvar)'),
            url('/ui/fonts/inter_ui/Inter-UI-italic.var.woff2') format('woff2-variations'),
            url('/ui/fonts/inter_ui/Inter-UI-italic.var.woff2') format('woff2');
        }
        */
      </style><link rel="apple-touch-icon" sizes="180x180" href="/ui/favicons/apple-touch-icon.png"/><link rel="icon" type="image/png" sizes="32x32" href="/ui/favicons/favicon-32x32.png"/><link rel="icon" type="image/png" sizes="16x16" href="/ui/favicons/favicon-16x16.png"/><link rel="manifest" href="/ui/favicons/manifest.json"/><link rel="mask-icon" color="#e8488b" href="/ui/favicons/safari-pinned-tab.svg"/><link rel="shortcut icon" href="/ui/favicons/favicon.ico"/><meta name="msapplication-config" content="/ui/favicons/browserconfig.xml"/><meta name="theme-color" content="#ffffff"/><style>
          * {
            box-sizing: border-box;
          }

          body, html {
            width: 100%;
            height: 100%;
            margin: 0;
          }

          .kibanaWelcomeView {
            height: 100%;
            display: -webkit-box;
            display: -webkit-flex;
            display: -ms-flexbox;
            display: flex;
            -webkit-box-flex: 1;
            -webkit-flex: 1 0 auto;
                -ms-flex: 1 0 auto;
                    flex: 1 0 auto;
            -webkit-box-orient: vertical;
            -webkit-box-direction: normal;
            -webkit-flex-direction: column;
                -ms-flex-direction: column;
                    flex-direction: column;
            -webkit-box-align: center;
            -webkit-align-items: center;
                -ms-flex-align: center;
                    align-items: center;
            -webkit-box-pack: center;
            -webkit-justify-content: center;
                -ms-flex-pack: center;
                    justify-content: center;
          }

          .kibanaWelcomeLogo {
            width: 60px;
            height: 60px;
            margin: 10px 0 10px 20px;
            background-repeat: no-repeat;
            background-size: contain;
            /* SVG optimized according to http://codepen.io/tigt/post/optimizing-svgs-in-data-uris */
            background-image: url('data:image/svg+xml;base64,PHN2ZyB4bWxucz0iaHR0cDovL3d3dy53My5vcmcvMjAwMC9zdmciIHdpZHRoPSIzMCIgaGVpZ2h0PSIzOSIgdmlld0JveD0iMCAwIDMwIDM5Ij4gIDxnIGZpbGw9Im5vbmUiIGZpbGwtcnVsZT0iZXZlbm9kZCI+ICAgIDxwb2x5Z29uIGZpbGw9IiNGMDRFOTgiIHBvaW50cz0iMCAwIDAgMzQuNTQ3IDI5LjkyMiAuMDIiLz4gICAgPHBhdGggZmlsbD0iIzM0Mzc0MSIgZD0iTTAsMTQuNCBMMCwzNC41NDY4IEwxNC4yODcyLDE4LjA2MTIgQzEwLjA0MTYsMTUuNzM4IDUuMTgwNCwxNC40IDAsMTQuNCIvPiAgICA8cGF0aCBmaWxsPSIjMDBCRkIzIiBkPSJNMTcuMzc0MiwxOS45OTY4IEwyLjcyMSwzNi45MDQ4IEwxLjQzMzQsMzguMzg5MiBMMjkuMjYzOCwzOC4zODkyIEMyNy43NjE0LDMwLjgzODggMjMuNDA0MiwyNC4zMjY0IDE3LjM3NDIsMTkuOTk2OCIvPiAgPC9nPjwvc3ZnPg==');
          }

          .kibanaWelcomeTitle {
            color: #000;
            font-size: 20px;
            font-family: sans-serif;
            margin-top: 20px;
            animation: fadeIn 1s ease-in-out;
            animation-fill-mode: forwards;
            opacity: 0;
            animation-delay: 1.0s;
          }

          .kibanaWelcomeText {
            font-size: 14px;
            font-family: sans-serif;
            color: #98a2b3;
            animation: fadeIn 1s ease-in-out;
            animation-fill-mode: forwards;
            opacity: 0;
            animation-delay: 1.0s;
          }

          .kibanaLoaderWrap {
            height: 128px;
            width: 128px;
            position: relative;
            margin-top: 40px;
          }

          .kibanaLoaderWrap + * {
            margin-top: 24px;
          }

          .kibanaLoader {
            height: 128px;
            width: 128px;
            margin: 0 auto;
            position: relative;
            border: 2px solid transparent;
            border-top: 2px solid #017d73;
            border-radius: 100%;
            display: block;
            opacity: 0;
            animation: rotation .75s .5s infinite linear, fadeIn 1s .5s ease-in-out forwards;
          }

          .kibanaWelcomeLogoCircle {
            position: absolute;
            left: 4px;
            top: 4px;
            width: 120px;
            height: 120px;
            padding: 20px;
            background-color: #fff;
            border-radius: 50%;
            animation: bounceIn .5s ease-in-out;
          }

          @keyframes rotation {
            from {
              transform: rotate(0deg);
            }
            to {
              transform: rotate(359deg);
            }
          }
          @keyframes fadeIn {
            from {
              opacity: 0;
            }
            to {
              opacity: 1;
            }
          }
          @keyframes bounceIn {
            0% {
              opacity: 0;
              transform: scale(.1);
            }
            80% {
              opacity: .5;
              transform: scale(1.2);
            }
            100% {
              opacity: 1;
              transform: scale(1);
            }
          }
        </style></head><body><kbn-csp data="{&quot;strictCsp&quot;:false}"></kbn-csp><kbn-injected-metadata data="{&quot;version&quot;:&quot;7.6.1&quot;,&quot;buildNumber&quot;:29118,&quot;branch&quot;:&quot;7.6&quot;,&quot;basePath&quot;:&quot;&quot;,&quot;env&quot;:{&quot;homeDir&quot;:&quot;/opt/kibana&quot;,&quot;configDir&quot;:&quot;/opt/kibana/config&quot;,&quot;binDir&quot;:&quot;/opt/kibana/bin&quot;,&quot;logDir&quot;:&quot;/opt/kibana/log&quot;,&quot;pluginSearchPaths&quot;:[&quot;/opt/kibana/src/plugins&quot;,&quot;/opt/kibana/x-pack/plugins&quot;,&quot;/opt/kibana/plugins&quot;,&quot;/opt/kibana-extra&quot;],&quot;packageInfo&quot;:{&quot;branch&quot;:&quot;7.6&quot;,&quot;buildNum&quot;:29118,&quot;buildSha&quot;:&quot;5ddabf8510131ebf173762b7405e5e18f2757c12&quot;,&quot;version&quot;:&quot;7.6.1&quot;,&quot;dist&quot;:true},&quot;mode&quot;:{&quot;dev&quot;:false,&quot;name&quot;:&quot;production&quot;,&quot;prod&quot;:true},&quot;cliArgs&quot;:{&quot;dev&quot;:false,&quot;open&quot;:false,&quot;quiet&quot;:false,&quot;silent&quot;:false,&quot;watch&quot;:false,&quot;repl&quot;:false,&quot;runExamples&quot;:false,&quot;basePath&quot;:false,&quot;optimize&quot;:false,&quot;oss&quot;:false},&quot;configs&quot;:[&quot;/opt/kibana/config/kibana.yml&quot;],&quot;isDevClusterMaster&quot;:false},&quot;legacyMode&quot;:true,&quot;i18n&quot;:{&quot;translationsUrl&quot;:&quot;/translations/en.json&quot;},&quot;csp&quot;:{&quot;warnLegacyBrowsers&quot;:true},&quot;vars&quot;:{&quot;activeSpace&quot;:{&quot;valid&quot;:true,&quot;space&quot;:{&quot;id&quot;:&quot;default&quot;,&quot;name&quot;:&quot;Default&quot;,&quot;description&quot;:&quot;This is your default space!&quot;,&quot;color&quot;:&quot;#00bfb3&quot;,&quot;disabledFeatures&quot;:[],&quot;_reserved&quot;:true}},&quot;spacesEnabled&quot;:true,&quot;monitoringUiEnabled&quot;:true,&quot;serverBasePath&quot;:&quot;&quot;,&quot;secureCookies&quot;:false,&quot;session&quot;:{&quot;tenant&quot;:&quot;&quot;},&quot;enableSpaceAwarePrivileges&quot;:true,&quot;logoutUrl&quot;:&quot;/logout&quot;,&quot;mlEnabled&quot;:true,&quot;apmUiEnabled&quot;:true,&quot;apmIndexPatternTitle&quot;:&quot;apm-*&quot;,&quot;apmServiceMapEnabled&quot;:false,&quot;showMapVisualizationTypes&quot;:false,&quot;showMapsInspectorAdapter&quot;:false,&quot;preserveDrawingBuffer&quot;:false,&quot;isEmsEnabled&quot;:true,&quot;emsFontLibraryUrl&quot;:&quot;https://tiles.maps.elastic.co/fonts/{fontstack}/{range}.pbf&quot;,&quot;emsTileLayerId&quot;:{&quot;bright&quot;:&quot;road_map&quot;,&quot;desaturated&quot;:&quot;road_map_desaturated&quot;,&quot;dark&quot;:&quot;dark_map&quot;},&quot;proxyElasticMapsServiceInMaps&quot;:false,&quot;emsFileApiUrl&quot;:&quot;https://vector.maps.elastic.co&quot;,&quot;emsTileApiUrl&quot;:&quot;https://tiles.maps.elastic.co&quot;,&quot;emsLandingPageUrl&quot;:&quot;https://maps.elastic.co/v7.6&quot;,&quot;kbnPkgVersion&quot;:&quot;7.6.1&quot;,&quot;regionmapLayers&quot;:[],&quot;tilemap&quot;:{&quot;options&quot;:{&quot;default&quot;:true,&quot;minZoom&quot;:0,&quot;maxZoom&quot;:10}},&quot;licenseManagementUiEnabled&quot;:true,&quot;ilmUiEnabled&quot;:true,&quot;remoteClustersUiEnabled&quot;:true,&quot;ccrUiEnabled&quot;:true,&quot;slmUiEnabled&quot;:true,&quot;elasticsearchUrl&quot;:&quot;http://localhost:9200/&quot;,&quot;esRequestTimeout&quot;:30000,&quot;esShardTimeout&quot;:30000,&quot;esApiVersion&quot;:&quot;7.x&quot;,&quot;kbnIndex&quot;:&quot;.kibana&quot;,&quot;kbnBaseUrl&quot;:&quot;/app/kibana&quot;,&quot;mapConfig&quot;:{&quot;includeElasticMapsService&quot;:true,&quot;proxyElasticMapsServiceInMaps&quot;:false,&quot;tilemap&quot;:{&quot;options&quot;:{&quot;default&quot;:true,&quot;minZoom&quot;:0,&quot;maxZoom&quot;:10}},&quot;regionmap&quot;:{&quot;includeElasticMapsService&quot;:true,&quot;layers&quot;:[]},&quot;manifestServiceUrl&quot;:&quot;&quot;,&quot;emsFileApiUrl&quot;:&quot;https://vector.maps.elastic.co&quot;,&quot;emsTileApiUrl&quot;:&quot;https://tiles.maps.elastic.co&quot;,&quot;emsLandingPageUrl&quot;:&quot;https://maps.elastic.co/v7.6&quot;,&quot;emsFontLibraryUrl&quot;:&quot;https://tiles.maps.elastic.co/fonts/{fontstack}/{range}.pbf&quot;,&quot;emsTileLayerId&quot;:{&quot;bright&quot;:&quot;road_map&quot;,&quot;desaturated&quot;:&quot;road_map_desaturated&quot;,&quot;dark&quot;:&quot;dark_map&quot;}},&quot;tilemapsConfig&quot;:{&quot;deprecated&quot;:{&quot;isOverridden&quot;:false,&quot;config&quot;:{&quot;options&quot;:{&quot;default&quot;:true,&quot;minZoom&quot;:0,&quot;maxZoom&quot;:10}}}},&quot;newsfeed&quot;:{&quot;service&quot;:{&quot;pathTemplate&quot;:&quot;/kibana/v{VERSION}.json&quot;,&quot;urlRoot&quot;:&quot;https://feeds.elastic.co&quot;},&quot;defaultLanguage&quot;:&quot;en&quot;,&quot;mainInterval&quot;:120000,&quot;fetchInterval&quot;:86400000},&quot;regionmap&quot;:{&quot;includeElasticMapsService&quot;:true,&quot;layers&quot;:[]},&quot;isStatusPageAnonymous&quot;:false,&quot;telemetryEnabled&quot;:true,&quot;telemetryUrl&quot;:&quot;https://telemetry.elastic.co/xpack/v2/send&quot;,&quot;telemetryBanner&quot;:true,&quot;telemetryOptedIn&quot;:true,&quot;telemetryOptInStatusUrl&quot;:&quot;https://telemetry.elastic.co/opt_in_status/v2/send&quot;,&quot;allowChangingOptInStatus&quot;:true,&quot;telemetrySendUsageFrom&quot;:&quot;browser&quot;,&quot;telemetryNotifyUserAboutOptInDefault&quot;:false,&quot;timelionUiEnabled&quot;:false,&quot;enableExternalUrls&quot;:false,&quot;reportingPollConfig&quot;:{&quot;jobCompletionNotifier&quot;:{&quot;interval&quot;:10000,&quot;intervalErrorMultiplier&quot;:5},&quot;jobsRefresh&quot;:{&quot;interval&quot;:5000,&quot;intervalErrorMultiplier&quot;:5}},&quot;enablePanelActionDownload&quot;:true,&quot;kbnDefaultAppId&quot;:&quot;home&quot;,&quot;disableWelcomeScreen&quot;:false,&quot;importAndExportableTypes&quot;:[&quot;config&quot;,&quot;map&quot;,&quot;canvas-workpad&quot;,&quot;canvas-element&quot;,&quot;lens&quot;,&quot;query&quot;,&quot;index-pattern&quot;,&quot;visualization&quot;,&quot;search&quot;,&quot;dashboard&quot;,&quot;url&quot;],&quot;autocompleteTerminateAfter&quot;:100000,&quot;autocompleteTimeout&quot;:1000,&quot;xpackInitialInfo&quot;:{&quot;license&quot;:{&quot;type&quot;:&quot;basic&quot;,&quot;isActive&quot;:true},&quot;features&quot;:{&quot;security&quot;:{&quot;showLogin&quot;:false,&quot;allowLogin&quot;:false,&quot;showLinks&quot;:false,&quot;showRoleMappingsManagement&quot;:false,&quot;allowRoleDocumentLevelSecurity&quot;:false,&quot;allowRoleFieldLevelSecurity&quot;:false,&quot;allowRbac&quot;:false,&quot;linksMessage&quot;:&quot;Access is denied because Security is disabled in Elasticsearch.&quot;},&quot;searchprofiler&quot;:{&quot;showAppLink&quot;:true,&quot;enableAppLink&quot;:true},&quot;ml&quot;:{&quot;isAvailable&quot;:true,&quot;showLinks&quot;:true,&quot;enableLinks&quot;:true,&quot;licenseType&quot;:0,&quot;hasExpired&quot;:false},&quot;tilemap&quot;:{&quot;license&quot;:{&quot;uid&quot;:&quot;edbacc99-d335-4059-866c-361d0e055e05&quot;,&quot;active&quot;:true,&quot;valid&quot;:true}},&quot;watcher&quot;:{&quot;status&quot;:&quot;INVALID&quot;,&quot;message&quot;:&quot;Your basic license does not support Watcher. Please upgrade your license.&quot;},&quot;grokdebugger&quot;:{&quot;enableLink&quot;:true,&quot;enableAPIRoute&quot;:true},&quot;logstash&quot;:{&quot;isAvailable&quot;:false,&quot;enableLinks&quot;:false,&quot;isReadOnly&quot;:false,&quot;message&quot;:&quot;Security must be enabled in order to use Logstash pipeline management features. Please set xpack.security.enabled: true in your elasticsearch.yml.&quot;},&quot;beatsManagement&quot;:{&quot;security&quot;:{&quot;enabled&quot;:false,&quot;available&quot;:true},&quot;settings&quot;:{&quot;enabled&quot;:true,&quot;defaultUserRoles&quot;:[&quot;superuser&quot;],&quot;encryptionKey&quot;:&quot;xpack_beats_default_encryptionKey&quot;,&quot;enrollmentTokensTtlInSeconds&quot;:600}},&quot;index_management&quot;:{&quot;status&quot;:&quot;VALID&quot;},&quot;index_lifecycle_management&quot;:{&quot;isAvailable&quot;:true,&quot;showLinks&quot;:true,&quot;enableLinks&quot;:true},&quot;rollup&quot;:{&quot;isAvailable&quot;:true,&quot;showLinks&quot;:true,&quot;enableLinks&quot;:true},&quot;transform&quot;:{&quot;status&quot;:&quot;VALID&quot;},&quot;remote_clusters&quot;:{&quot;status&quot;:&quot;VALID&quot;},&quot;cross_cluster_replication&quot;:{&quot;isAvailable&quot;:false,&quot;isActive&quot;:false,&quot;message&quot;:&quot;Your basic license does not support Cross-Cluster Replication. Please upgrade your license.&quot;},&quot;snapshot_restore&quot;:{&quot;status&quot;:&quot;VALID&quot;},&quot;monitoring&quot;:{&quot;clusterAlerts&quot;:{&quot;enabled&quot;:false},&quot;message&quot;:&quot;Cluster Alerts are not displayed if Watcher is disabled or the [monitoring] cluster&#x27;s current license is Basic.&quot;},&quot;reporting&quot;:{&quot;csv&quot;:{&quot;showLinks&quot;:true,&quot;enableLinks&quot;:true},&quot;csv_from_savedobject&quot;:{&quot;showLinks&quot;:true,&quot;enableLinks&quot;:true},&quot;png&quot;:{&quot;showLinks&quot;:false,&quot;enableLinks&quot;:false,&quot;message&quot;:&quot;Your basic license does not support PNG Reporting. Please upgrade your license.&quot;},&quot;printablePdf&quot;:{&quot;showLinks&quot;:false,&quot;enableLinks&quot;:false,&quot;message&quot;:&quot;Your basic license does not support PDF Reporting. Please upgrade your license.&quot;},&quot;management&quot;:{&quot;showLinks&quot;:true,&quot;enableLinks&quot;:true,&quot;jobTypes&quot;:[&quot;csv&quot;,&quot;csv_from_savedobject&quot;]}}}}},&quot;uiPlugins&quot;:[{&quot;id&quot;:&quot;licensing&quot;,&quot;plugin&quot;:{&quot;id&quot;:&quot;licensing&quot;,&quot;configPath&quot;:[&quot;xpack&quot;,&quot;licensing&quot;],&quot;requiredPlugins&quot;:[],&quot;optionalPlugins&quot;:[]},&quot;config&quot;:{}},{&quot;id&quot;:&quot;usageCollection&quot;,&quot;plugin&quot;:{&quot;id&quot;:&quot;usageCollection&quot;,&quot;configPath&quot;:[&quot;usageCollection&quot;],&quot;requiredPlugins&quot;:[],&quot;optionalPlugins&quot;:[]},&quot;config&quot;:{&quot;uiMetric&quot;:{&quot;enabled&quot;:true,&quot;debug&quot;:false}}},{&quot;id&quot;:&quot;security&quot;,&quot;plugin&quot;:{&quot;id&quot;:&quot;security&quot;,&quot;configPath&quot;:[&quot;xpack&quot;,&quot;security&quot;],&quot;requiredPlugins&quot;:[&quot;licensing&quot;],&quot;optionalPlugins&quot;:[]},&quot;config&quot;:{}},{&quot;id&quot;:&quot;reporting&quot;,&quot;plugin&quot;:{&quot;id&quot;:&quot;reporting&quot;,&quot;configPath&quot;:&quot;reporting&quot;,&quot;requiredPlugins&quot;:[],&quot;optionalPlugins&quot;:[]},&quot;config&quot;:{}},{&quot;id&quot;:&quot;uiActions&quot;,&quot;plugin&quot;:{&quot;id&quot;:&quot;uiActions&quot;,&quot;configPath&quot;:&quot;uiActions&quot;,&quot;requiredPlugins&quot;:[],&quot;optionalPlugins&quot;:[]},&quot;config&quot;:{}},{&quot;id&quot;:&quot;data&quot;,&quot;plugin&quot;:{&quot;id&quot;:&quot;data&quot;,&quot;configPath&quot;:&quot;data&quot;,&quot;requiredPlugins&quot;:[&quot;uiActions&quot;],&quot;optionalPlugins&quot;:[&quot;usageCollection&quot;]},&quot;config&quot;:{}},{&quot;id&quot;:&quot;navigation&quot;,&quot;plugin&quot;:{&quot;id&quot;:&quot;navigation&quot;,&quot;configPath&quot;:&quot;navigation&quot;,&quot;requiredPlugins&quot;:[&quot;data&quot;],&quot;optionalPlugins&quot;:[]},&quot;config&quot;:{}},{&quot;id&quot;:&quot;status_page&quot;,&quot;plugin&quot;:{&quot;id&quot;:&quot;status_page&quot;,&quot;configPath&quot;:&quot;status_page&quot;,&quot;requiredPlugins&quot;:[],&quot;optionalPlugins&quot;:[]},&quot;config&quot;:{}},{&quot;id&quot;:&quot;share&quot;,&quot;plugin&quot;:{&quot;id&quot;:&quot;share&quot;,&quot;configPath&quot;:&quot;share&quot;,&quot;requiredPlugins&quot;:[],&quot;optionalPlugins&quot;:[]},&quot;config&quot;:{}},{&quot;id&quot;:&quot;newsfeed&quot;,&quot;plugin&quot;:{&quot;id&quot;:&quot;newsfeed&quot;,&quot;configPath&quot;:&quot;newsfeed&quot;,&quot;requiredPlugins&quot;:[],&quot;optionalPlugins&quot;:[]},&quot;config&quot;:{}},{&quot;id&quot;:&quot;kibana_legacy&quot;,&quot;plugin&quot;:{&quot;id&quot;:&quot;kibana_legacy&quot;,&quot;configPath&quot;:&quot;kibana_legacy&quot;,&quot;requiredPlugins&quot;:[],&quot;optionalPlugins&quot;:[]},&quot;config&quot;:{}},{&quot;id&quot;:&quot;management&quot;,&quot;plugin&quot;:{&quot;id&quot;:&quot;management&quot;,&quot;configPath&quot;:&quot;management&quot;,&quot;requiredPlugins&quot;:[&quot;kibana_legacy&quot;],&quot;optionalPlugins&quot;:[]},&quot;config&quot;:{}},{&quot;id&quot;:&quot;dev_tools&quot;,&quot;plugin&quot;:{&quot;id&quot;:&quot;dev_tools&quot;,&quot;configPath&quot;:&quot;dev_tools&quot;,&quot;requiredPlugins&quot;:[&quot;kibana_legacy&quot;],&quot;optionalPlugins&quot;:[]},&quot;config&quot;:{}},{&quot;id&quot;:&quot;inspector&quot;,&quot;plugin&quot;:{&quot;id&quot;:&quot;inspector&quot;,&quot;configPath&quot;:&quot;inspector&quot;,&quot;requiredPlugins&quot;:[],&quot;optionalPlugins&quot;:[]},&quot;config&quot;:{}},{&quot;id&quot;:&quot;expressions&quot;,&quot;plugin&quot;:{&quot;id&quot;:&quot;expressions&quot;,&quot;configPath&quot;:&quot;expressions&quot;,&quot;requiredPlugins&quot;:[&quot;inspector&quot;],&quot;optionalPlugins&quot;:[]},&quot;config&quot;:{}},{&quot;id&quot;:&quot;visualizations&quot;,&quot;plugin&quot;:{&quot;id&quot;:&quot;visualizations&quot;,&quot;configPath&quot;:&quot;visualizations&quot;,&quot;requiredPlugins&quot;:[&quot;expressions&quot;],&quot;optionalPlugins&quot;:[]},&quot;config&quot;:{}},{&quot;id&quot;:&quot;embeddable&quot;,&quot;plugin&quot;:{&quot;id&quot;:&quot;embeddable&quot;,&quot;configPath&quot;:&quot;embeddable&quot;,&quot;requiredPlugins&quot;:[&quot;inspector&quot;,&quot;uiActions&quot;],&quot;optionalPlugins&quot;:[]},&quot;config&quot;:{}},{&quot;id&quot;:&quot;advancedUiActions&quot;,&quot;plugin&quot;:{&quot;id&quot;:&quot;advancedUiActions&quot;,&quot;configPath&quot;:&quot;advancedUiActions&quot;,&quot;requiredPlugins&quot;:[&quot;embeddable&quot;,&quot;uiActions&quot;],&quot;optionalPlugins&quot;:[]},&quot;config&quot;:{}},{&quot;id&quot;:&quot;dashboard_embeddable_container&quot;,&quot;plugin&quot;:{&quot;id&quot;:&quot;dashboard_embeddable_container&quot;,&quot;configPath&quot;:&quot;dashboard_embeddable_container&quot;,&quot;requiredPlugins&quot;:[&quot;embeddable&quot;,&quot;inspector&quot;,&quot;uiActions&quot;],&quot;optionalPlugins&quot;:[]},&quot;config&quot;:{}},{&quot;id&quot;:&quot;home&quot;,&quot;plugin&quot;:{&quot;id&quot;:&quot;home&quot;,&quot;configPath&quot;:&quot;home&quot;,&quot;requiredPlugins&quot;:[],&quot;optionalPlugins&quot;:[]},&quot;config&quot;:{}},{&quot;id&quot;:&quot;cloud&quot;,&quot;plugin&quot;:{&quot;id&quot;:&quot;cloud&quot;,&quot;configPath&quot;:[&quot;xpack&quot;,&quot;cloud&quot;],&quot;requiredPlugins&quot;:[],&quot;optionalPlugins&quot;:[&quot;usageCollection&quot;,&quot;home&quot;]},&quot;config&quot;:{}},{&quot;id&quot;:&quot;graph&quot;,&quot;plugin&quot;:{&quot;id&quot;:&quot;graph&quot;,&quot;configPath&quot;:&quot;graph&quot;,&quot;requiredPlugins&quot;:[&quot;licensing&quot;],&quot;optionalPlugins&quot;:[&quot;home&quot;]},&quot;config&quot;:{}},{&quot;id&quot;:&quot;eui_utils&quot;,&quot;plugin&quot;:{&quot;id&quot;:&quot;eui_utils&quot;,&quot;configPath&quot;:&quot;eui_utils&quot;,&quot;requiredPlugins&quot;:[],&quot;optionalPlugins&quot;:[]},&quot;config&quot;:{}},{&quot;id&quot;:&quot;bfetch&quot;,&quot;plugin&quot;:{&quot;id&quot;:&quot;bfetch&quot;,&quot;configPath&quot;:&quot;bfetch&quot;,&quot;requiredPlugins&quot;:[],&quot;optionalPlugins&quot;:[]},&quot;config&quot;:{}}],&quot;legacyMetadata&quot;:{&quot;app&quot;:{&quot;id&quot;:&quot;kibana&quot;,&quot;title&quot;:&quot;Kibana&quot;,&quot;main&quot;:&quot;plugins/kibana/kibana&quot;,&quot;navLink&quot;:{&quot;id&quot;:&quot;kibana&quot;,&quot;title&quot;:&quot;Kibana&quot;,&quot;order&quot;:0,&quot;url&quot;:&quot;/app/kibana&quot;,&quot;subUrlBase&quot;:&quot;/app/kibana&quot;,&quot;linkToLastSubUrl&quot;:true,&quot;hidden&quot;:false,&quot;disabled&quot;:false,&quot;tooltip&quot;:&quot;&quot;},&quot;linkToLastSubUrl&quot;:true},&quot;bundleId&quot;:&quot;app:kibana&quot;,&quot;nav&quot;:[{&quot;id&quot;:&quot;kibana:discover&quot;,&quot;title&quot;:&quot;Discover&quot;,&quot;order&quot;:-1003,&quot;url&quot;:&quot;/app/kibana#/discover&quot;,&quot;subUrlBase&quot;:&quot;/app/kibana#/discover&quot;,&quot;euiIconType&quot;:&quot;discoverApp&quot;,&quot;linkToLastSubUrl&quot;:true,&quot;hidden&quot;:false,&quot;disabled&quot;:false,&quot;tooltip&quot;:&quot;&quot;},{&quot;id&quot;:&quot;kibana:visualize&quot;,&quot;title&quot;:&quot;Visualize&quot;,&quot;order&quot;:-1002,&quot;url&quot;:&quot;/app/kibana#/visualize&quot;,&quot;subUrlBase&quot;:&quot;/app/kibana#/visualize&quot;,&quot;euiIconType&quot;:&quot;visualizeApp&quot;,&quot;linkToLastSubUrl&quot;:true,&quot;hidden&quot;:false,&quot;disabled&quot;:false,&quot;tooltip&quot;:&quot;&quot;},{&quot;id&quot;:&quot;kibana:dashboard&quot;,&quot;title&quot;:&quot;Dashboard&quot;,&quot;order&quot;:-1001,&quot;url&quot;:&quot;/app/kibana#/dashboards&quot;,&quot;subUrlBase&quot;:&quot;/app/kibana#/dashboard&quot;,&quot;euiIconType&quot;:&quot;dashboardApp&quot;,&quot;linkToLastSubUrl&quot;:true,&quot;hidden&quot;:false,&quot;disabled&quot;:false,&quot;tooltip&quot;:&quot;&quot;},{&quot;id&quot;:&quot;timelion&quot;,&quot;title&quot;:&quot;Timelion&quot;,&quot;order&quot;:-1000,&quot;icon&quot;:&quot;plugins/timelion/icon.svg&quot;,&quot;euiIconType&quot;:&quot;timelionApp&quot;,&quot;url&quot;:&quot;/app/timelion&quot;,&quot;linkToLastSubUrl&quot;:true},{&quot;id&quot;:&quot;canvas&quot;,&quot;title&quot;:&quot;Canvas&quot;,&quot;order&quot;:0,&quot;icon&quot;:&quot;plugins/canvas/icon.svg&quot;,&quot;euiIconType&quot;:&quot;canvasApp&quot;,&quot;url&quot;:&quot;/app/canvas&quot;,&quot;linkToLastSubUrl&quot;:true},{&quot;id&quot;:&quot;maps&quot;,&quot;title&quot;:&quot;Maps&quot;,&quot;order&quot;:0,&quot;icon&quot;:&quot;plugins/maps/icon.svg&quot;,&quot;euiIconType&quot;:&quot;gisApp&quot;,&quot;url&quot;:&quot;/app/maps&quot;,&quot;linkToLastSubUrl&quot;:true},{&quot;id&quot;:&quot;ml&quot;,&quot;title&quot;:&quot;Machine Learning&quot;,&quot;order&quot;:0,&quot;icon&quot;:&quot;plugins/ml/application/ml.svg&quot;,&quot;euiIconType&quot;:&quot;machineLearningApp&quot;,&quot;url&quot;:&quot;/app/ml&quot;,&quot;linkToLastSubUrl&quot;:true},{&quot;id&quot;:&quot;infra:home&quot;,&quot;title&quot;:&quot;Metrics&quot;,&quot;order&quot;:8000,&quot;url&quot;:&quot;/app/infra#/infrastructure&quot;,&quot;subUrlBase&quot;:&quot;/app/infra#/infrastructure&quot;,&quot;icon&quot;:&quot;plugins/infra/images/infra_mono_white.svg&quot;,&quot;euiIconType&quot;:&quot;metricsApp&quot;,&quot;linkToLastSubUrl&quot;:true,&quot;hidden&quot;:false,&quot;disabled&quot;:false,&quot;tooltip&quot;:&quot;&quot;},{&quot;id&quot;:&quot;infra:logs&quot;,&quot;title&quot;:&quot;Logs&quot;,&quot;order&quot;:8001,&quot;url&quot;:&quot;/app/infra#/logs&quot;,&quot;subUrlBase&quot;:&quot;/app/infra#/logs&quot;,&quot;icon&quot;:&quot;plugins/infra/images/logging_mono_white.svg&quot;,&quot;euiIconType&quot;:&quot;logsApp&quot;,&quot;linkToLastSubUrl&quot;:true,&quot;hidden&quot;:false,&quot;disabled&quot;:false,&quot;tooltip&quot;:&quot;&quot;},{&quot;id&quot;:&quot;apm&quot;,&quot;title&quot;:&quot;APM&quot;,&quot;order&quot;:8100,&quot;icon&quot;:&quot;plugins/apm/icon.svg&quot;,&quot;euiIconType&quot;:&quot;apmApp&quot;,&quot;url&quot;:&quot;/app/apm&quot;,&quot;linkToLastSubUrl&quot;:true},{&quot;id&quot;:&quot;uptime&quot;,&quot;title&quot;:&quot;Uptime&quot;,&quot;order&quot;:8900,&quot;icon&quot;:&quot;plugins/uptime/icons/heartbeat_white.svg&quot;,&quot;euiIconType&quot;:&quot;uptimeApp&quot;,&quot;url&quot;:&quot;/app/uptime#/&quot;,&quot;linkToLastSubUrl&quot;:true},{&quot;id&quot;:&quot;siem&quot;,&quot;title&quot;:&quot;SIEM&quot;,&quot;order&quot;:9000,&quot;url&quot;:&quot;/app/siem&quot;,&quot;subUrlBase&quot;:&quot;/app/siem&quot;,&quot;euiIconType&quot;:&quot;securityAnalyticsApp&quot;,&quot;linkToLastSubUrl&quot;:true,&quot;hidden&quot;:false,&quot;disabled&quot;:false,&quot;tooltip&quot;:&quot;&quot;},{&quot;id&quot;:&quot;graph&quot;,&quot;title&quot;:&quot;Graph&quot;,&quot;order&quot;:9000,&quot;icon&quot;:&quot;plugins/graph/icon.png&quot;,&quot;euiIconType&quot;:&quot;graphApp&quot;,&quot;url&quot;:&quot;/app/graph&quot;,&quot;linkToLastSubUrl&quot;:true},{&quot;id&quot;:&quot;kibana:dev_tools&quot;,&quot;title&quot;:&quot;Dev Tools&quot;,&quot;order&quot;:9001,&quot;url&quot;:&quot;/app/kibana#/dev_tools&quot;,&quot;subUrlBase&quot;:&quot;/app/kibana#/dev_tools&quot;,&quot;euiIconType&quot;:&quot;devToolsApp&quot;,&quot;linkToLastSubUrl&quot;:true,&quot;hidden&quot;:false,&quot;disabled&quot;:false,&quot;tooltip&quot;:&quot;&quot;},{&quot;id&quot;:&quot;monitoring&quot;,&quot;title&quot;:&quot;Stack Monitoring&quot;,&quot;order&quot;:9002,&quot;icon&quot;:&quot;plugins/monitoring/icons/monitoring.svg&quot;,&quot;euiIconType&quot;:&quot;monitoringApp&quot;,&quot;url&quot;:&quot;/app/monitoring&quot;,&quot;linkToLastSubUrl&quot;:false},{&quot;id&quot;:&quot;kibana:management&quot;,&quot;title&quot;:&quot;Management&quot;,&quot;order&quot;:9003,&quot;url&quot;:&quot;/app/kibana#/management&quot;,&quot;subUrlBase&quot;:&quot;/app/kibana#/management&quot;,&quot;euiIconType&quot;:&quot;managementApp&quot;,&quot;linkToLastSubUrl&quot;:false,&quot;hidden&quot;:false,&quot;disabled&quot;:false,&quot;tooltip&quot;:&quot;&quot;}],&quot;version&quot;:&quot;7.6.1&quot;,&quot;branch&quot;:&quot;7.6&quot;,&quot;buildNum&quot;:29118,&quot;buildSha&quot;:&quot;5ddabf8510131ebf173762b7405e5e18f2757c12&quot;,&quot;devMode&quot;:false,&quot;basePath&quot;:&quot;&quot;,&quot;uiSettings&quot;:{&quot;defaults&quot;:{&quot;xPack:defaultAdminEmail&quot;:{&quot;name&quot;:&quot;Admin email&quot;,&quot;description&quot;:&quot;Recipient email address for X-Pack admin operations, such as Cluster Alert email notifications from Monitoring.&quot;,&quot;type&quot;:&quot;string&quot;,&quot;value&quot;:null},&quot;xpackDashboardMode:roles&quot;:{&quot;name&quot;:&quot;Dashboards only roles&quot;,&quot;description&quot;:&quot;Roles that belong to View Dashboards Only mode&quot;,&quot;value&quot;:[&quot;kibana_dashboard_only_user&quot;],&quot;category&quot;:[&quot;dashboard&quot;]},&quot;rollups:enableIndexPatterns&quot;:{&quot;name&quot;:&quot;Enable rollup index patterns&quot;,&quot;value&quot;:true,&quot;description&quot;:&quot;Enable the creation of index patterns which capture rollup indices,\n              which in turn enable visualizations based on rollup data. Refresh\n              the page to apply the changes.&quot;,&quot;category&quot;:[&quot;rollups&quot;]},&quot;siem:refreshIntervalDefaults&quot;:{&quot;type&quot;:&quot;json&quot;,&quot;name&quot;:&quot;Time filter refresh interval&quot;,&quot;value&quot;:&quot;{\n  \&quot;pause\&quot;: true,\n  \&quot;value\&quot;: 300000\n}&quot;,&quot;description&quot;:&quot;&lt;p&gt;Default refresh interval for the SIEM time filter, in milliseconds.&lt;/p&gt;&quot;,&quot;category&quot;:[&quot;siem&quot;],&quot;requiresPageReload&quot;:true},&quot;siem:timeDefaults&quot;:{&quot;type&quot;:&quot;json&quot;,&quot;name&quot;:&quot;Time filter period&quot;,&quot;value&quot;:&quot;{\n  \&quot;from\&quot;: \&quot;now-24h\&quot;,\n  \&quot;to\&quot;: \&quot;now\&quot;\n}&quot;,&quot;description&quot;:&quot;&lt;p&gt;Default period of time in the SIEM time filter.&lt;/p&gt;&quot;,&quot;category&quot;:[&quot;siem&quot;],&quot;requiresPageReload&quot;:true},&quot;siem:defaultIndex&quot;:{&quot;name&quot;:&quot;Elasticsearch indices&quot;,&quot;value&quot;:[&quot;apm-*-transaction*&quot;,&quot;auditbeat-*&quot;,&quot;endgame-*&quot;,&quot;filebeat-*&quot;,&quot;packetbeat-*&quot;,&quot;winlogbeat-*&quot;],&quot;description&quot;:&quot;&lt;p&gt;Comma-delimited list of Elasticsearch indices from which the SIEM app collects events.&lt;/p&gt;&quot;,&quot;category&quot;:[&quot;siem&quot;],&quot;requiresPageReload&quot;:true},&quot;siem:defaultAnomalyScore&quot;:{&quot;name&quot;:&quot;Anomaly threshold&quot;,&quot;value&quot;:50,&quot;type&quot;:&quot;number&quot;,&quot;description&quot;:&quot;&lt;p&gt;Value above which Machine Learning job anomalies are displayed in the SIEM app.&lt;/p&gt;&lt;p&gt;Valid values: 0 to 100.&lt;/p&gt;&quot;,&quot;category&quot;:[&quot;siem&quot;],&quot;requiresPageReload&quot;:true},&quot;siem:enableNewsFeed&quot;:{&quot;name&quot;:&quot;News feed&quot;,&quot;value&quot;:true,&quot;description&quot;:&quot;&lt;p&gt;Enables the News feed&lt;/p&gt;&quot;,&quot;type&quot;:&quot;boolean&quot;,&quot;category&quot;:[&quot;siem&quot;],&quot;requiresPageReload&quot;:true},&quot;siem:newsFeedUrl&quot;:{&quot;name&quot;:&quot;News feed URL&quot;,&quot;value&quot;:&quot;https://feeds.elastic.co/security-solution&quot;,&quot;description&quot;:&quot;&lt;p&gt;News feed content will be retrieved from this URL&lt;/p&gt;&quot;,&quot;category&quot;:[&quot;siem&quot;],&quot;requiresPageReload&quot;:true},&quot;buildNum&quot;:{&quot;readonly&quot;:true},&quot;defaultRoute&quot;:{&quot;name&quot;:&quot;Default route&quot;,&quot;value&quot;:&quot;/app/kibana&quot;,&quot;validation&quot;:{&quot;regexString&quot;:&quot;^/&quot;,&quot;message&quot;:&quot;The route must start with a slash (\&quot;/\&quot;)&quot;},&quot;description&quot;:&quot;This setting specifies the default route when opening Kibana. You can use this setting to modify the landing page when opening Kibana. The route must start with a slash (\&quot;/\&quot;).&quot;},&quot;query:queryString:options&quot;:{&quot;name&quot;:&quot;Query string options&quot;,&quot;value&quot;:&quot;{ \&quot;analyze_wildcard\&quot;: true }&quot;,&quot;description&quot;:&quot;&lt;a href=\&quot;https://www.elastic.co/guide/en/elasticsearch/reference/current/query-dsl-query-string-query.html\&quot; target=\&quot;_blank\&quot; rel=\&quot;noopener noreferrer\&quot;&gt;Options&lt;/a&gt; for the lucene query string parser. Is only used when \&quot;Query language\&quot; is set to Lucene.&quot;,&quot;type&quot;:&quot;json&quot;},&quot;query:allowLeadingWildcards&quot;:{&quot;name&quot;:&quot;Allow leading wildcards in query&quot;,&quot;value&quot;:true,&quot;description&quot;:&quot;When set, * is allowed as the first character in a query clause. Currently only applies when experimental query features are enabled in the query bar. To disallow leading wildcards in basic lucene queries, use query:queryString:options.&quot;},&quot;search:queryLanguage&quot;:{&quot;name&quot;:&quot;Query language&quot;,&quot;value&quot;:&quot;kuery&quot;,&quot;description&quot;:&quot;Query language used by the query bar. KQL is a new language built specifically for Kibana.&quot;,&quot;type&quot;:&quot;select&quot;,&quot;options&quot;:[&quot;lucene&quot;,&quot;kuery&quot;],&quot;optionLabels&quot;:{&quot;lucene&quot;:&quot;Lucene&quot;,&quot;kuery&quot;:&quot;KQL&quot;}},&quot;sort:options&quot;:{&quot;name&quot;:&quot;Sort options&quot;,&quot;value&quot;:&quot;{ \&quot;unmapped_type\&quot;: \&quot;boolean\&quot; }&quot;,&quot;description&quot;:&quot;&lt;a href=\&quot;https://www.elastic.co/guide/en/elasticsearch/reference/current/search-request-sort.html\&quot; target=\&quot;_blank\&quot; rel=\&quot;noopener noreferrer\&quot;&gt;Options&lt;/a&gt; for the Elasticsearch sort parameter&quot;,&quot;type&quot;:&quot;json&quot;},&quot;dateFormat&quot;:{&quot;name&quot;:&quot;Date format&quot;,&quot;value&quot;:&quot;MMM D, YYYY @ HH:mm:ss.SSS&quot;,&quot;description&quot;:&quot;When displaying a pretty formatted date, use this &lt;a href=\&quot;https://momentjs.com/docs/#/displaying/format/\&quot; target=\&quot;_blank\&quot; rel=\&quot;noopener noreferrer\&quot;&gt;format&lt;/a&gt;&quot;},&quot;dateFormat:tz&quot;:{&quot;name&quot;:&quot;Timezone for date formatting&quot;,&quot;value&quot;:&quot;Browser&quot;,&quot;description&quot;:&quot;Which timezone should be used. \&quot;Browser\&quot; will use the timezone detected by your browser.&quot;,&quot;type&quot;:&quot;select&quot;,&quot;options&quot;:[&quot;Browser&quot;,&quot;Africa/Abidjan&quot;,&quot;Africa/Accra&quot;,&quot;Africa/Addis_Ababa&quot;,&quot;Africa/Algiers&quot;,&quot;Africa/Asmara&quot;,&quot;Africa/Asmera&quot;,&quot;Africa/Bamako&quot;,&quot;Africa/Bangui&quot;,&quot;Africa/Banjul&quot;,&quot;Africa/Bissau&quot;,&quot;Africa/Blantyre&quot;,&quot;Africa/Brazzaville&quot;,&quot;Africa/Bujumbura&quot;,&quot;Africa/Cairo&quot;,&quot;Africa/Casablanca&quot;,&quot;Africa/Ceuta&quot;,&quot;Africa/Conakry&quot;,&quot;Africa/Dakar&quot;,&quot;Africa/Dar_es_Salaam&quot;,&quot;Africa/Djibouti&quot;,&quot;Africa/Douala&quot;,&quot;Africa/El_Aaiun&quot;,&quot;Africa/Freetown&quot;,&quot;Africa/Gaborone&quot;,&quot;Africa/Harare&quot;,&quot;Africa/Johannesburg&quot;,&quot;Africa/Juba&quot;,&quot;Africa/Kampala&quot;,&quot;Africa/Khartoum&quot;,&quot;Africa/Kigali&quot;,&quot;Africa/Kinshasa&quot;,&quot;Africa/Lagos&quot;,&quot;Africa/Libreville&quot;,&quot;Africa/Lome&quot;,&quot;Africa/Luanda&quot;,&quot;Africa/Lubumbashi&quot;,&quot;Africa/Lusaka&quot;,&quot;Africa/Malabo&quot;,&quot;Africa/Maputo&quot;,&quot;Africa/Maseru&quot;,&quot;Africa/Mbabane&quot;,&quot;Africa/Mogadishu&quot;,&quot;Africa/Monrovia&quot;,&quot;Africa/Nairobi&quot;,&quot;Africa/Ndjamena&quot;,&quot;Africa/Niamey&quot;,&quot;Africa/Nouakchott&quot;,&quot;Africa/Ouagadougou&quot;,&quot;Africa/Porto-Novo&quot;,&quot;Africa/Sao_Tome&quot;,&quot;Africa/Timbuktu&quot;,&quot;Africa/Tripoli&quot;,&quot;Africa/Tunis&quot;,&quot;Africa/Windhoek&quot;,&quot;America/Adak&quot;,&quot;America/Anchorage&quot;,&quot;America/Anguilla&quot;,&quot;America/Antigua&quot;,&quot;America/Araguaina&quot;,&quot;America/Argentina/Buenos_Aires&quot;,&quot;America/Argentina/Catamarca&quot;,&quot;America/Argentina/ComodRivadavia&quot;,&quot;America/Argentina/Cordoba&quot;,&quot;America/Argentina/Jujuy&quot;,&quot;America/Argentina/La_Rioja&quot;,&quot;America/Argentina/Mendoza&quot;,&quot;America/Argentina/Rio_Gallegos&quot;,&quot;America/Argentina/Salta&quot;,&quot;America/Argentina/San_Juan&quot;,&quot;America/Argentina/San_Luis&quot;,&quot;America/Argentina/Tucuman&quot;,&quot;America/Argentina/Ushuaia&quot;,&quot;America/Aruba&quot;,&quot;America/Asuncion&quot;,&quot;America/Atikokan&quot;,&quot;America/Atka&quot;,&quot;America/Bahia&quot;,&quot;America/Bahia_Banderas&quot;,&quot;America/Barbados&quot;,&quot;America/Belem&quot;,&quot;America/Belize&quot;,&quot;America/Blanc-Sablon&quot;,&quot;America/Boa_Vista&quot;,&quot;America/Bogota&quot;,&quot;America/Boise&quot;,&quot;America/Buenos_Aires&quot;,&quot;America/Cambridge_Bay&quot;,&quot;America/Campo_Grande&quot;,&quot;America/Cancun&quot;,&quot;America/Caracas&quot;,&quot;America/Catamarca&quot;,&quot;America/Cayenne&quot;,&quot;America/Cayman&quot;,&quot;America/Chicago&quot;,&quot;America/Chihuahua&quot;,&quot;America/Coral_Harbour&quot;,&quot;America/Cordoba&quot;,&quot;America/Costa_Rica&quot;,&quot;America/Creston&quot;,&quot;America/Cuiaba&quot;,&quot;America/Curacao&quot;,&quot;America/Danmarkshavn&quot;,&quot;America/Dawson&quot;,&quot;America/Dawson_Creek&quot;,&quot;America/Denver&quot;,&quot;America/Detroit&quot;,&quot;America/Dominica&quot;,&quot;America/Edmonton&quot;,&quot;America/Eirunepe&quot;,&quot;America/El_Salvador&quot;,&quot;America/Ensenada&quot;,&quot;America/Fort_Nelson&quot;,&quot;America/Fort_Wayne&quot;,&quot;America/Fortaleza&quot;,&quot;America/Glace_Bay&quot;,&quot;America/Godthab&quot;,&quot;America/Goose_Bay&quot;,&quot;America/Grand_Turk&quot;,&quot;America/Grenada&quot;,&quot;America/Guadeloupe&quot;,&quot;America/Guatemala&quot;,&quot;America/Guayaquil&quot;,&quot;America/Guyana&quot;,&quot;America/Halifax&quot;,&quot;America/Havana&quot;,&quot;America/Hermosillo&quot;,&quot;America/Indiana/Indianapolis&quot;,&quot;America/Indiana/Knox&quot;,&quot;America/Indiana/Marengo&quot;,&quot;America/Indiana/Petersburg&quot;,&quot;America/Indiana/Tell_City&quot;,&quot;America/Indiana/Vevay&quot;,&quot;America/Indiana/Vincennes&quot;,&quot;America/Indiana/Winamac&quot;,&quot;America/Indianapolis&quot;,&quot;America/Inuvik&quot;,&quot;America/Iqaluit&quot;,&quot;America/Jamaica&quot;,&quot;America/Jujuy&quot;,&quot;America/Juneau&quot;,&quot;America/Kentucky/Louisville&quot;,&quot;America/Kentucky/Monticello&quot;,&quot;America/Knox_IN&quot;,&quot;America/Kralendijk&quot;,&quot;America/La_Paz&quot;,&quot;America/Lima&quot;,&quot;America/Los_Angeles&quot;,&quot;America/Louisville&quot;,&quot;America/Lower_Princes&quot;,&quot;America/Maceio&quot;,&quot;America/Managua&quot;,&quot;America/Manaus&quot;,&quot;America/Marigot&quot;,&quot;America/Martinique&quot;,&quot;America/Matamoros&quot;,&quot;America/Mazatlan&quot;,&quot;America/Mendoza&quot;,&quot;America/Menominee&quot;,&quot;America/Merida&quot;,&quot;America/Metlakatla&quot;,&quot;America/Mexico_City&quot;,&quot;America/Miquelon&quot;,&quot;America/Moncton&quot;,&quot;America/Monterrey&quot;,&quot;America/Montevideo&quot;,&quot;America/Montreal&quot;,&quot;America/Montserrat&quot;,&quot;America/Nassau&quot;,&quot;America/New_York&quot;,&quot;America/Nipigon&quot;,&quot;America/Nome&quot;,&quot;America/Noronha&quot;,&quot;America/North_Dakota/Beulah&quot;,&quot;America/North_Dakota/Center&quot;,&quot;America/North_Dakota/New_Salem&quot;,&quot;America/Ojinaga&quot;,&quot;America/Panama&quot;,&quot;America/Pangnirtung&quot;,&quot;America/Paramaribo&quot;,&quot;America/Phoenix&quot;,&quot;America/Port-au-Prince&quot;,&quot;America/Port_of_Spain&quot;,&quot;America/Porto_Acre&quot;,&quot;America/Porto_Velho&quot;,&quot;America/Puerto_Rico&quot;,&quot;America/Punta_Arenas&quot;,&quot;America/Rainy_River&quot;,&quot;America/Rankin_Inlet&quot;,&quot;America/Recife&quot;,&quot;America/Regina&quot;,&quot;America/Resolute&quot;,&quot;America/Rio_Branco&quot;,&quot;America/Rosario&quot;,&quot;America/Santa_Isabel&quot;,&quot;America/Santarem&quot;,&quot;America/Santiago&quot;,&quot;America/Santo_Domingo&quot;,&quot;America/Sao_Paulo&quot;,&quot;America/Scoresbysund&quot;,&quot;America/Shiprock&quot;,&quot;America/Sitka&quot;,&quot;America/St_Barthelemy&quot;,&quot;America/St_Johns&quot;,&quot;America/St_Kitts&quot;,&quot;America/St_Lucia&quot;,&quot;America/St_Thomas&quot;,&quot;America/St_Vincent&quot;,&quot;America/Swift_Current&quot;,&quot;America/Tegucigalpa&quot;,&quot;America/Thule&quot;,&quot;America/Thunder_Bay&quot;,&quot;America/Tijuana&quot;,&quot;America/Toronto&quot;,&quot;America/Tortola&quot;,&quot;America/Vancouver&quot;,&quot;America/Virgin&quot;,&quot;America/Whitehorse&quot;,&quot;America/Winnipeg&quot;,&quot;America/Yakutat&quot;,&quot;America/Yellowknife&quot;,&quot;Antarctica/Casey&quot;,&quot;Antarctica/Davis&quot;,&quot;Antarctica/DumontDUrville&quot;,&quot;Antarctica/Macquarie&quot;,&quot;Antarctica/Mawson&quot;,&quot;Antarctica/McMurdo&quot;,&quot;Antarctica/Palmer&quot;,&quot;Antarctica/Rothera&quot;,&quot;Antarctica/South_Pole&quot;,&quot;Antarctica/Syowa&quot;,&quot;Antarctica/Troll&quot;,&quot;Antarctica/Vostok&quot;,&quot;Arctic/Longyearbyen&quot;,&quot;Asia/Aden&quot;,&quot;Asia/Almaty&quot;,&quot;Asia/Amman&quot;,&quot;Asia/Anadyr&quot;,&quot;Asia/Aqtau&quot;,&quot;Asia/Aqtobe&quot;,&quot;Asia/Ashgabat&quot;,&quot;Asia/Ashkhabad&quot;,&quot;Asia/Atyrau&quot;,&quot;Asia/Baghdad&quot;,&quot;Asia/Bahrain&quot;,&quot;Asia/Baku&quot;,&quot;Asia/Bangkok&quot;,&quot;Asia/Barnaul&quot;,&quot;Asia/Beirut&quot;,&quot;Asia/Bishkek&quot;,&quot;Asia/Brunei&quot;,&quot;Asia/Calcutta&quot;,&quot;Asia/Chita&quot;,&quot;Asia/Choibalsan&quot;,&quot;Asia/Chongqing&quot;,&quot;Asia/Chungking&quot;,&quot;Asia/Colombo&quot;,&quot;Asia/Dacca&quot;,&quot;Asia/Damascus&quot;,&quot;Asia/Dhaka&quot;,&quot;Asia/Dili&quot;,&quot;Asia/Dubai&quot;,&quot;Asia/Dushanbe&quot;,&quot;Asia/Famagusta&quot;,&quot;Asia/Gaza&quot;,&quot;Asia/Harbin&quot;,&quot;Asia/Hebron&quot;,&quot;Asia/Ho_Chi_Minh&quot;,&quot;Asia/Hong_Kong&quot;,&quot;Asia/Hovd&quot;,&quot;Asia/Irkutsk&quot;,&quot;Asia/Istanbul&quot;,&quot;Asia/Jakarta&quot;,&quot;Asia/Jayapura&quot;,&quot;Asia/Jerusalem&quot;,&quot;Asia/Kabul&quot;,&quot;Asia/Kamchatka&quot;,&quot;Asia/Karachi&quot;,&quot;Asia/Kashgar&quot;,&quot;Asia/Kathmandu&quot;,&quot;Asia/Katmandu&quot;,&quot;Asia/Khandyga&quot;,&quot;Asia/Kolkata&quot;,&quot;Asia/Krasnoyarsk&quot;,&quot;Asia/Kuala_Lumpur&quot;,&quot;Asia/Kuching&quot;,&quot;Asia/Kuwait&quot;,&quot;Asia/Macao&quot;,&quot;Asia/Macau&quot;,&quot;Asia/Magadan&quot;,&quot;Asia/Makassar&quot;,&quot;Asia/Manila&quot;,&quot;Asia/Muscat&quot;,&quot;Asia/Nicosia&quot;,&quot;Asia/Novokuznetsk&quot;,&quot;Asia/Novosibirsk&quot;,&quot;Asia/Omsk&quot;,&quot;Asia/Oral&quot;,&quot;Asia/Phnom_Penh&quot;,&quot;Asia/Pontianak&quot;,&quot;Asia/Pyongyang&quot;,&quot;Asia/Qatar&quot;,&quot;Asia/Qostanay&quot;,&quot;Asia/Qyzylorda&quot;,&quot;Asia/Rangoon&quot;,&quot;Asia/Riyadh&quot;,&quot;Asia/Saigon&quot;,&quot;Asia/Sakhalin&quot;,&quot;Asia/Samarkand&quot;,&quot;Asia/Seoul&quot;,&quot;Asia/Shanghai&quot;,&quot;Asia/Singapore&quot;,&quot;Asia/Srednekolymsk&quot;,&quot;Asia/Taipei&quot;,&quot;Asia/Tashkent&quot;,&quot;Asia/Tbilisi&quot;,&quot;Asia/Tehran&quot;,&quot;Asia/Tel_Aviv&quot;,&quot;Asia/Thimbu&quot;,&quot;Asia/Thimphu&quot;,&quot;Asia/Tokyo&quot;,&quot;Asia/Tomsk&quot;,&quot;Asia/Ujung_Pandang&quot;,&quot;Asia/Ulaanbaatar&quot;,&quot;Asia/Ulan_Bator&quot;,&quot;Asia/Urumqi&quot;,&quot;Asia/Ust-Nera&quot;,&quot;Asia/Vientiane&quot;,&quot;Asia/Vladivostok&quot;,&quot;Asia/Yakutsk&quot;,&quot;Asia/Yangon&quot;,&quot;Asia/Yekaterinburg&quot;,&quot;Asia/Yerevan&quot;,&quot;Atlantic/Azores&quot;,&quot;Atlantic/Bermuda&quot;,&quot;Atlantic/Canary&quot;,&quot;Atlantic/Cape_Verde&quot;,&quot;Atlantic/Faeroe&quot;,&quot;Atlantic/Faroe&quot;,&quot;Atlantic/Jan_Mayen&quot;,&quot;Atlantic/Madeira&quot;,&quot;Atlantic/Reykjavik&quot;,&quot;Atlantic/South_Georgia&quot;,&quot;Atlantic/St_Helena&quot;,&quot;Atlantic/Stanley&quot;,&quot;Australia/ACT&quot;,&quot;Australia/Adelaide&quot;,&quot;Australia/Brisbane&quot;,&quot;Australia/Broken_Hill&quot;,&quot;Australia/Canberra&quot;,&quot;Australia/Currie&quot;,&quot;Australia/Darwin&quot;,&quot;Australia/Eucla&quot;,&quot;Australia/Hobart&quot;,&quot;Australia/LHI&quot;,&quot;Australia/Lindeman&quot;,&quot;Australia/Lord_Howe&quot;,&quot;Australia/Melbourne&quot;,&quot;Australia/NSW&quot;,&quot;Australia/North&quot;,&quot;Australia/Perth&quot;,&quot;Australia/Queensland&quot;,&quot;Australia/South&quot;,&quot;Australia/Sydney&quot;,&quot;Australia/Tasmania&quot;,&quot;Australia/Victoria&quot;,&quot;Australia/West&quot;,&quot;Australia/Yancowinna&quot;,&quot;Brazil/Acre&quot;,&quot;Brazil/DeNoronha&quot;,&quot;Brazil/East&quot;,&quot;Brazil/West&quot;,&quot;CET&quot;,&quot;CST6CDT&quot;,&quot;Canada/Atlantic&quot;,&quot;Canada/Central&quot;,&quot;Canada/Eastern&quot;,&quot;Canada/Mountain&quot;,&quot;Canada/Newfoundland&quot;,&quot;Canada/Pacific&quot;,&quot;Canada/Saskatchewan&quot;,&quot;Canada/Yukon&quot;,&quot;Chile/Continental&quot;,&quot;Chile/EasterIsland&quot;,&quot;Cuba&quot;,&quot;EET&quot;,&quot;EST&quot;,&quot;EST5EDT&quot;,&quot;Egypt&quot;,&quot;Eire&quot;,&quot;Etc/GMT&quot;,&quot;Etc/GMT+0&quot;,&quot;Etc/GMT+1&quot;,&quot;Etc/GMT+10&quot;,&quot;Etc/GMT+11&quot;,&quot;Etc/GMT+12&quot;,&quot;Etc/GMT+2&quot;,&quot;Etc/GMT+3&quot;,&quot;Etc/GMT+4&quot;,&quot;Etc/GMT+5&quot;,&quot;Etc/GMT+6&quot;,&quot;Etc/GMT+7&quot;,&quot;Etc/GMT+8&quot;,&quot;Etc/GMT+9&quot;,&quot;Etc/GMT-0&quot;,&quot;Etc/GMT-1&quot;,&quot;Etc/GMT-10&quot;,&quot;Etc/GMT-11&quot;,&quot;Etc/GMT-12&quot;,&quot;Etc/GMT-13&quot;,&quot;Etc/GMT-14&quot;,&quot;Etc/GMT-2&quot;,&quot;Etc/GMT-3&quot;,&quot;Etc/GMT-4&quot;,&quot;Etc/GMT-5&quot;,&quot;Etc/GMT-6&quot;,&quot;Etc/GMT-7&quot;,&quot;Etc/GMT-8&quot;,&quot;Etc/GMT-9&quot;,&quot;Etc/GMT0&quot;,&quot;Etc/Greenwich&quot;,&quot;Etc/UCT&quot;,&quot;Etc/UTC&quot;,&quot;Etc/Universal&quot;,&quot;Etc/Zulu&quot;,&quot;Europe/Amsterdam&quot;,&quot;Europe/Andorra&quot;,&quot;Europe/Astrakhan&quot;,&quot;Europe/Athens&quot;,&quot;Europe/Belfast&quot;,&quot;Europe/Belgrade&quot;,&quot;Europe/Berlin&quot;,&quot;Europe/Bratislava&quot;,&quot;Europe/Brussels&quot;,&quot;Europe/Bucharest&quot;,&quot;Europe/Budapest&quot;,&quot;Europe/Busingen&quot;,&quot;Europe/Chisinau&quot;,&quot;Europe/Copenhagen&quot;,&quot;Europe/Dublin&quot;,&quot;Europe/Gibraltar&quot;,&quot;Europe/Guernsey&quot;,&quot;Europe/Helsinki&quot;,&quot;Europe/Isle_of_Man&quot;,&quot;Europe/Istanbul&quot;,&quot;Europe/Jersey&quot;,&quot;Europe/Kaliningrad&quot;,&quot;Europe/Kiev&quot;,&quot;Europe/Kirov&quot;,&quot;Europe/Lisbon&quot;,&quot;Europe/Ljubljana&quot;,&quot;Europe/London&quot;,&quot;Europe/Luxembourg&quot;,&quot;Europe/Madrid&quot;,&quot;Europe/Malta&quot;,&quot;Europe/Mariehamn&quot;,&quot;Europe/Minsk&quot;,&quot;Europe/Monaco&quot;,&quot;Europe/Moscow&quot;,&quot;Europe/Nicosia&quot;,&quot;Europe/Oslo&quot;,&quot;Europe/Paris&quot;,&quot;Europe/Podgorica&quot;,&quot;Europe/Prague&quot;,&quot;Europe/Riga&quot;,&quot;Europe/Rome&quot;,&quot;Europe/Samara&quot;,&quot;Europe/San_Marino&quot;,&quot;Europe/Sarajevo&quot;,&quot;Europe/Saratov&quot;,&quot;Europe/Simferopol&quot;,&quot;Europe/Skopje&quot;,&quot;Europe/Sofia&quot;,&quot;Europe/Stockholm&quot;,&quot;Europe/Tallinn&quot;,&quot;Europe/Tirane&quot;,&quot;Europe/Tiraspol&quot;,&quot;Europe/Ulyanovsk&quot;,&quot;Europe/Uzhgorod&quot;,&quot;Europe/Vaduz&quot;,&quot;Europe/Vatican&quot;,&quot;Europe/Vienna&quot;,&quot;Europe/Vilnius&quot;,&quot;Europe/Volgograd&quot;,&quot;Europe/Warsaw&quot;,&quot;Europe/Zagreb&quot;,&quot;Europe/Zaporozhye&quot;,&quot;Europe/Zurich&quot;,&quot;GB&quot;,&quot;GB-Eire&quot;,&quot;GMT&quot;,&quot;GMT+0&quot;,&quot;GMT-0&quot;,&quot;GMT0&quot;,&quot;Greenwich&quot;,&quot;HST&quot;,&quot;Hongkong&quot;,&quot;Iceland&quot;,&quot;Indian/Antananarivo&quot;,&quot;Indian/Chagos&quot;,&quot;Indian/Christmas&quot;,&quot;Indian/Cocos&quot;,&quot;Indian/Comoro&quot;,&quot;Indian/Kerguelen&quot;,&quot;Indian/Mahe&quot;,&quot;Indian/Maldives&quot;,&quot;Indian/Mauritius&quot;,&quot;Indian/Mayotte&quot;,&quot;Indian/Reunion&quot;,&quot;Iran&quot;,&quot;Israel&quot;,&quot;Jamaica&quot;,&quot;Japan&quot;,&quot;Kwajalein&quot;,&quot;Libya&quot;,&quot;MET&quot;,&quot;MST&quot;,&quot;MST7MDT&quot;,&quot;Mexico/BajaNorte&quot;,&quot;Mexico/BajaSur&quot;,&quot;Mexico/General&quot;,&quot;NZ&quot;,&quot;NZ-CHAT&quot;,&quot;Navajo&quot;,&quot;PRC&quot;,&quot;PST8PDT&quot;,&quot;Pacific/Apia&quot;,&quot;Pacific/Auckland&quot;,&quot;Pacific/Bougainville&quot;,&quot;Pacific/Chatham&quot;,&quot;Pacific/Chuuk&quot;,&quot;Pacific/Easter&quot;,&quot;Pacific/Efate&quot;,&quot;Pacific/Enderbury&quot;,&quot;Pacific/Fakaofo&quot;,&quot;Pacific/Fiji&quot;,&quot;Pacific/Funafuti&quot;,&quot;Pacific/Galapagos&quot;,&quot;Pacific/Gambier&quot;,&quot;Pacific/Guadalcanal&quot;,&quot;Pacific/Guam&quot;,&quot;Pacific/Honolulu&quot;,&quot;Pacific/Johnston&quot;,&quot;Pacific/Kiritimati&quot;,&quot;Pacific/Kosrae&quot;,&quot;Pacific/Kwajalein&quot;,&quot;Pacific/Majuro&quot;,&quot;Pacific/Marquesas&quot;,&quot;Pacific/Midway&quot;,&quot;Pacific/Nauru&quot;,&quot;Pacific/Niue&quot;,&quot;Pacific/Norfolk&quot;,&quot;Pacific/Noumea&quot;,&quot;Pacific/Pago_Pago&quot;,&quot;Pacific/Palau&quot;,&quot;Pacific/Pitcairn&quot;,&quot;Pacific/Pohnpei&quot;,&quot;Pacific/Ponape&quot;,&quot;Pacific/Port_Moresby&quot;,&quot;Pacific/Rarotonga&quot;,&quot;Pacific/Saipan&quot;,&quot;Pacific/Samoa&quot;,&quot;Pacific/Tahiti&quot;,&quot;Pacific/Tarawa&quot;,&quot;Pacific/Tongatapu&quot;,&quot;Pacific/Truk&quot;,&quot;Pacific/Wake&quot;,&quot;Pacific/Wallis&quot;,&quot;Pacific/Yap&quot;,&quot;Poland&quot;,&quot;Portugal&quot;,&quot;ROC&quot;,&quot;ROK&quot;,&quot;Singapore&quot;,&quot;Turkey&quot;,&quot;UCT&quot;,&quot;US/Alaska&quot;,&quot;US/Aleutian&quot;,&quot;US/Arizona&quot;,&quot;US/Central&quot;,&quot;US/East-Indiana&quot;,&quot;US/Eastern&quot;,&quot;US/Hawaii&quot;,&quot;US/Indiana-Starke&quot;,&quot;US/Michigan&quot;,&quot;US/Mountain&quot;,&quot;US/Pacific&quot;,&quot;US/Pacific-New&quot;,&quot;US/Samoa&quot;,&quot;UTC&quot;,&quot;Universal&quot;,&quot;W-SU&quot;,&quot;WET&quot;,&quot;Zulu&quot;],&quot;requiresPageReload&quot;:true},&quot;dateFormat:scaled&quot;:{&quot;name&quot;:&quot;Scaled date format&quot;,&quot;type&quot;:&quot;json&quot;,&quot;value&quot;:&quot;[\n  [\&quot;\&quot;, \&quot;HH:mm:ss.SSS\&quot;],\n  [\&quot;PT1S\&quot;, \&quot;HH:mm:ss\&quot;],\n  [\&quot;PT1M\&quot;, \&quot;HH:mm\&quot;],\n  [\&quot;PT1H\&quot;, \&quot;YYYY-MM-DD HH:mm\&quot;],\n  [\&quot;P1DT\&quot;, \&quot;YYYY-MM-DD\&quot;],\n  [\&quot;P1YT\&quot;, \&quot;YYYY\&quot;]\n]&quot;,&quot;description&quot;:&quot;Values that define the format used in situations where time-based data is rendered in order, and formatted timestamps should adapt to the interval between measurements. Keys are &lt;a href=\&quot;http://en.wikipedia.org/wiki/ISO_8601#Time_intervals\&quot; target=\&quot;_blank\&quot; rel=\&quot;noopener noreferrer\&quot;&gt;ISO8601 intervals&lt;/a&gt;.&quot;},&quot;dateFormat:dow&quot;:{&quot;name&quot;:&quot;Day of week&quot;,&quot;value&quot;:&quot;Sunday&quot;,&quot;description&quot;:&quot;What day should weeks start on?&quot;,&quot;type&quot;:&quot;select&quot;,&quot;options&quot;:[&quot;Sunday&quot;,&quot;Monday&quot;,&quot;Tuesday&quot;,&quot;Wednesday&quot;,&quot;Thursday&quot;,&quot;Friday&quot;,&quot;Saturday&quot;]},&quot;dateNanosFormat&quot;:{&quot;name&quot;:&quot;Date with nanoseconds format&quot;,&quot;value&quot;:&quot;MMM D, YYYY @ HH:mm:ss.SSSSSSSSS&quot;,&quot;description&quot;:&quot;Used for the &lt;a href=\&quot;https://www.elastic.co/guide/en/elasticsearch/reference/master/date_nanos.html\&quot; target=\&quot;_blank\&quot; rel=\&quot;noopener noreferrer\&quot;&gt;date_nanos&lt;/a&gt; datatype of Elasticsearch&quot;},&quot;defaultIndex&quot;:{&quot;name&quot;:&quot;Default index&quot;,&quot;value&quot;:null,&quot;description&quot;:&quot;The index to access if no index is set&quot;},&quot;defaultColumns&quot;:{&quot;name&quot;:&quot;Default columns&quot;,&quot;value&quot;:[&quot;_source&quot;],&quot;description&quot;:&quot;Columns displayed by default in the Discovery tab&quot;,&quot;category&quot;:[&quot;discover&quot;]},&quot;metaFields&quot;:{&quot;name&quot;:&quot;Meta fields&quot;,&quot;value&quot;:[&quot;_source&quot;,&quot;_id&quot;,&quot;_type&quot;,&quot;_index&quot;,&quot;_score&quot;],&quot;description&quot;:&quot;Fields that exist outside of _source to merge into our document when displaying it&quot;},&quot;discover:sampleSize&quot;:{&quot;name&quot;:&quot;Number of rows&quot;,&quot;value&quot;:500,&quot;description&quot;:&quot;The number of rows to show in the table&quot;,&quot;category&quot;:[&quot;discover&quot;]},&quot;discover:aggs:terms:size&quot;:{&quot;name&quot;:&quot;Number of terms&quot;,&quot;value&quot;:20,&quot;type&quot;:&quot;number&quot;,&quot;description&quot;:&quot;Determines how many terms will be visualized when clicking the \&quot;visualize\&quot; button, in the field drop downs, in the discover sidebar.&quot;,&quot;category&quot;:[&quot;discover&quot;]},&quot;discover:sort:defaultOrder&quot;:{&quot;name&quot;:&quot;Default sort direction&quot;,&quot;value&quot;:&quot;desc&quot;,&quot;options&quot;:[&quot;desc&quot;,&quot;asc&quot;],&quot;optionLabels&quot;:{&quot;desc&quot;:&quot;Descending&quot;,&quot;asc&quot;:&quot;Ascending&quot;},&quot;type&quot;:&quot;select&quot;,&quot;description&quot;:&quot;Controls the default sort direction for time based index patterns in the Discover app.&quot;,&quot;category&quot;:[&quot;discover&quot;]},&quot;discover:searchOnPageLoad&quot;:{&quot;name&quot;:&quot;Search on page load&quot;,&quot;value&quot;:true,&quot;type&quot;:&quot;boolean&quot;,&quot;description&quot;:&quot;Controls whether a search is executed when Discover first loads. This setting does not have an effect when loading a saved search.&quot;,&quot;category&quot;:[&quot;discover&quot;]},&quot;doc_table:highlight&quot;:{&quot;name&quot;:&quot;Highlight results&quot;,&quot;value&quot;:true,&quot;description&quot;:&quot;Highlight results in Discover and Saved Searches Dashboard. Highlighting makes requests slow when working on big documents.&quot;,&quot;category&quot;:[&quot;discover&quot;]},&quot;doc_table:hideTimeColumn&quot;:{&quot;name&quot;:&quot;Hide &#x27;Time&#x27; column&quot;,&quot;value&quot;:false,&quot;description&quot;:&quot;Hide the &#x27;Time&#x27; column in Discover and in all Saved Searches on Dashboards.&quot;,&quot;category&quot;:[&quot;discover&quot;]},&quot;courier:ignoreFilterIfFieldNotInIndex&quot;:{&quot;name&quot;:&quot;Ignore filter(s)&quot;,&quot;value&quot;:false,&quot;description&quot;:&quot;This configuration enhances support for dashboards containing visualizations accessing dissimilar indexes. When disabled, all filters are applied to all visualizations. When enabled, filter(s) will be ignored for a visualization when the visualization&#x27;s index does not contain the filtering field.&quot;,&quot;category&quot;:[&quot;search&quot;]},&quot;courier:setRequestPreference&quot;:{&quot;name&quot;:&quot;Request preference&quot;,&quot;value&quot;:&quot;sessionId&quot;,&quot;options&quot;:[&quot;sessionId&quot;,&quot;custom&quot;,&quot;none&quot;],&quot;optionLabels&quot;:{&quot;sessionId&quot;:&quot;Session ID&quot;,&quot;custom&quot;:&quot;Custom&quot;,&quot;none&quot;:&quot;None&quot;},&quot;type&quot;:&quot;select&quot;,&quot;description&quot;:&quot;Allows you to set which shards handle your search requests.\n          &lt;ul&gt;\n            &lt;li&gt;&lt;strong&gt;Session ID:&lt;/strong&gt; restricts operations to execute all search requests on the same shards.\n              This has the benefit of reusing shard caches across requests.&lt;/li&gt;\n            &lt;li&gt;&lt;strong&gt;Custom:&lt;/strong&gt; allows you to define a your own preference.\n              Use &lt;strong&gt;courier:customRequestPreference&lt;/strong&gt; to customize your preference value.&lt;/li&gt;\n            &lt;li&gt;&lt;strong&gt;None:&lt;/strong&gt; means do not set a preference.\n              This might provide better performance because requests can be spread across all shard copies.\n              However, results might be inconsistent because different shards might be in different refresh states.&lt;/li&gt;\n          &lt;/ul&gt;&quot;,&quot;category&quot;:[&quot;search&quot;]},&quot;courier:customRequestPreference&quot;:{&quot;name&quot;:&quot;Custom request preference&quot;,&quot;value&quot;:&quot;_local&quot;,&quot;type&quot;:&quot;string&quot;,&quot;description&quot;:&quot;&lt;a href=\&quot;https://www.elastic.co/guide/en/elasticsearch/reference/current/search-request-preference.html\&quot; target=\&quot;_blank\&quot; rel=\&quot;noopener noreferrer\&quot;&gt;Request Preference&lt;/a&gt; used when &lt;strong&gt;courier:setRequestPreference&lt;/strong&gt; is set to \&quot;custom\&quot;.&quot;,&quot;category&quot;:[&quot;search&quot;]},&quot;courier:maxConcurrentShardRequests&quot;:{&quot;name&quot;:&quot;Max Concurrent Shard Requests&quot;,&quot;value&quot;:0,&quot;type&quot;:&quot;number&quot;,&quot;description&quot;:&quot;Controls the &lt;a href=\&quot;https://www.elastic.co/guide/en/elasticsearch/reference/current/search-multi-search.html\&quot;\n            target=\&quot;_blank\&quot; rel=\&quot;noopener noreferrer\&quot; &gt;max_concurrent_shard_requests&lt;/a&gt; setting used for _msearch requests sent by Kibana. Set to 0 to disable this config and use the Elasticsearch default.&quot;,&quot;category&quot;:[&quot;search&quot;]},&quot;courier:batchSearches&quot;:{&quot;name&quot;:&quot;Batch concurrent searches&quot;,&quot;value&quot;:false,&quot;type&quot;:&quot;boolean&quot;,&quot;description&quot;:&quot;When disabled, dashboard panels will load individually, and search requests will terminate when users navigate\n           away or update the query. When enabled, dashboard panels will load together when all of the data is loaded, and\n           searches will not terminate.&quot;,&quot;deprecation&quot;:{&quot;message&quot;:&quot;This setting is deprecated and will be removed in Kibana 8.0.&quot;,&quot;docLinksKey&quot;:&quot;kibanaSearchSettings&quot;},&quot;category&quot;:[&quot;search&quot;]},&quot;search:includeFrozen&quot;:{&quot;name&quot;:&quot;Search in frozen indices&quot;,&quot;description&quot;:&quot;Will include &lt;a href=\&quot;https://www.elastic.co/guide/en/elasticsearch/reference/current/frozen-indices.html\&quot;\n        target=\&quot;_blank\&quot; rel=\&quot;noopener noreferrer\&quot;&gt;frozen indices&lt;/a&gt; in results if enabled. Searching through frozen indices\n        might increase the search time.&quot;,&quot;value&quot;:false,&quot;category&quot;:[&quot;search&quot;]},&quot;fields:popularLimit&quot;:{&quot;name&quot;:&quot;Popular fields limit&quot;,&quot;value&quot;:10,&quot;description&quot;:&quot;The top N most popular fields to show&quot;},&quot;histogram:barTarget&quot;:{&quot;name&quot;:&quot;Target bars&quot;,&quot;value&quot;:50,&quot;description&quot;:&quot;Attempt to generate around this many bars when using \&quot;auto\&quot; interval in date histograms&quot;},&quot;histogram:maxBars&quot;:{&quot;name&quot;:&quot;Maximum bars&quot;,&quot;value&quot;:100,&quot;description&quot;:&quot;Never show more than this many bars in date histograms, scale values if needed&quot;},&quot;visualize:enableLabs&quot;:{&quot;name&quot;:&quot;Enable experimental visualizations&quot;,&quot;value&quot;:true,&quot;description&quot;:&quot;Allows users to create, view, and edit experimental visualizations. If disabled,\n          only visualizations that are considered production-ready are available to the user.&quot;,&quot;category&quot;:[&quot;visualization&quot;]},&quot;visualization:tileMap:maxPrecision&quot;:{&quot;name&quot;:&quot;Maximum tile map precision&quot;,&quot;value&quot;:7,&quot;description&quot;:&quot;The maximum geoHash precision displayed on tile maps: 7 is high, 10 is very high, 12 is the max. &lt;a href=\&quot;http://www.elastic.co/guide/en/elasticsearch/reference/current/search-aggregations-bucket-geohashgrid-aggregation.html#_cell_dimensions_at_the_equator\&quot;\n            target=\&quot;_blank\&quot; rel=\&quot;noopener noreferrer\&quot;&gt;Explanation of cell dimensions&lt;/a&gt;&quot;,&quot;category&quot;:[&quot;visualization&quot;]},&quot;visualization:tileMap:WMSdefaults&quot;:{&quot;name&quot;:&quot;Default WMS properties&quot;,&quot;value&quot;:&quot;{\n  \&quot;enabled\&quot;: false,\n  \&quot;options\&quot;: {\n    \&quot;format\&quot;: \&quot;image/png\&quot;,\n    \&quot;transparent\&quot;: true\n  }\n}&quot;,&quot;type&quot;:&quot;json&quot;,&quot;description&quot;:&quot;Default &lt;a href=\&quot;http://leafletjs.com/reference.html#tilelayer-wms\&quot; target=\&quot;_blank\&quot; rel=\&quot;noopener noreferrer\&quot;&gt;properties&lt;/a&gt; for the WMS map server support in the coordinate map&quot;,&quot;category&quot;:[&quot;visualization&quot;]},&quot;visualization:regionmap:showWarnings&quot;:{&quot;name&quot;:&quot;Show region map warning&quot;,&quot;value&quot;:true,&quot;description&quot;:&quot;Whether the region map shows a warning when terms cannot be joined to a shape on the map.&quot;,&quot;category&quot;:[&quot;visualization&quot;]},&quot;visualization:colorMapping&quot;:{&quot;name&quot;:&quot;Color mapping&quot;,&quot;value&quot;:&quot;{\&quot;Count\&quot;:\&quot;#00A69B\&quot;}&quot;,&quot;type&quot;:&quot;json&quot;,&quot;description&quot;:&quot;Maps values to specified colors within visualizations&quot;,&quot;category&quot;:[&quot;visualization&quot;]},&quot;visualization:loadingDelay&quot;:{&quot;name&quot;:&quot;Loading delay&quot;,&quot;value&quot;:&quot;2s&quot;,&quot;description&quot;:&quot;Time to wait before dimming visualizations during query&quot;,&quot;category&quot;:[&quot;visualization&quot;]},&quot;visualization:dimmingOpacity&quot;:{&quot;name&quot;:&quot;Dimming opacity&quot;,&quot;value&quot;:0.5,&quot;type&quot;:&quot;number&quot;,&quot;description&quot;:&quot;The opacity of the chart items that are dimmed when highlighting another element of the chart. The lower this number, the more the highlighted element will stand out. This must be a number between 0 and 1.&quot;,&quot;category&quot;:[&quot;visualization&quot;]},&quot;visualization:heatmap:maxBuckets&quot;:{&quot;name&quot;:&quot;Heatmap maximum buckets&quot;,&quot;value&quot;:50,&quot;type&quot;:&quot;number&quot;,&quot;description&quot;:&quot;The maximum number of buckets a single datasource can return. A higher number might have negative impact on browser rendering performance&quot;,&quot;category&quot;:[&quot;visualization&quot;]},&quot;csv:separator&quot;:{&quot;name&quot;:&quot;CSV separator&quot;,&quot;value&quot;:&quot;,&quot;,&quot;description&quot;:&quot;Separate exported values with this string&quot;},&quot;csv:quoteValues&quot;:{&quot;name&quot;:&quot;Quote CSV values&quot;,&quot;value&quot;:true,&quot;description&quot;:&quot;Should values be quoted in csv exports?&quot;},&quot;history:limit&quot;:{&quot;name&quot;:&quot;History limit&quot;,&quot;value&quot;:10,&quot;description&quot;:&quot;In fields that have history (e.g. query inputs), show this many recent values&quot;},&quot;shortDots:enable&quot;:{&quot;name&quot;:&quot;Shorten fields&quot;,&quot;value&quot;:false,&quot;description&quot;:&quot;Shorten long fields, for example, instead of foo.bar.baz, show f.b.baz&quot;},&quot;truncate:maxHeight&quot;:{&quot;name&quot;:&quot;Maximum table cell height&quot;,&quot;value&quot;:115,&quot;description&quot;:&quot;The maximum height that a cell in a table should occupy. Set to 0 to disable truncation&quot;},&quot;indexPattern:fieldMapping:lookBack&quot;:{&quot;name&quot;:&quot;Recent matching patterns&quot;,&quot;value&quot;:5,&quot;description&quot;:&quot;For index patterns containing timestamps in their names, look for this many recent matching patterns from which to query the field mapping&quot;},&quot;format:defaultTypeMap&quot;:{&quot;name&quot;:&quot;Field type format name&quot;,&quot;value&quot;:&quot;{\n  \&quot;ip\&quot;: { \&quot;id\&quot;: \&quot;ip\&quot;, \&quot;params\&quot;: {} },\n  \&quot;date\&quot;: { \&quot;id\&quot;: \&quot;date\&quot;, \&quot;params\&quot;: {} },\n  \&quot;date_nanos\&quot;: { \&quot;id\&quot;: \&quot;date_nanos\&quot;, \&quot;params\&quot;: {}, \&quot;es\&quot;: true },\n  \&quot;number\&quot;: { \&quot;id\&quot;: \&quot;number\&quot;, \&quot;params\&quot;: {} },\n  \&quot;boolean\&quot;: { \&quot;id\&quot;: \&quot;boolean\&quot;, \&quot;params\&quot;: {} },\n  \&quot;_source\&quot;: { \&quot;id\&quot;: \&quot;_source\&quot;, \&quot;params\&quot;: {} },\n  \&quot;_default_\&quot;: { \&quot;id\&quot;: \&quot;string\&quot;, \&quot;params\&quot;: {} }\n}&quot;,&quot;type&quot;:&quot;json&quot;,&quot;description&quot;:&quot;Map of the format name to use by default for each field type. \&quot;_default_\&quot; is used if the field type is not mentioned explicitly&quot;},&quot;format:number:defaultPattern&quot;:{&quot;name&quot;:&quot;Number format&quot;,&quot;value&quot;:&quot;0,0.[000]&quot;,&quot;type&quot;:&quot;string&quot;,&quot;description&quot;:&quot;Default &lt;a href=\&quot;http://numeraljs.com/\&quot; target=\&quot;_blank\&quot; rel=\&quot;noopener noreferrer\&quot;&gt;numeral format&lt;/a&gt; for the \&quot;number\&quot; format&quot;},&quot;format:bytes:defaultPattern&quot;:{&quot;name&quot;:&quot;Bytes format&quot;,&quot;value&quot;:&quot;0,0.[0]b&quot;,&quot;type&quot;:&quot;string&quot;,&quot;description&quot;:&quot;Default &lt;a href=\&quot;http://numeraljs.com/\&quot; target=\&quot;_blank\&quot; rel=\&quot;noopener noreferrer\&quot;&gt;numeral format&lt;/a&gt; for the \&quot;bytes\&quot; format&quot;},&quot;format:percent:defaultPattern&quot;:{&quot;name&quot;:&quot;Percent format&quot;,&quot;value&quot;:&quot;0,0.[000]%&quot;,&quot;type&quot;:&quot;string&quot;,&quot;description&quot;:&quot;Default &lt;a href=\&quot;http://numeraljs.com/\&quot; target=\&quot;_blank\&quot; rel=\&quot;noopener noreferrer\&quot;&gt;numeral format&lt;/a&gt; for the \&quot;percent\&quot; format&quot;},&quot;format:currency:defaultPattern&quot;:{&quot;name&quot;:&quot;Currency format&quot;,&quot;value&quot;:&quot;($0,0.[00])&quot;,&quot;type&quot;:&quot;string&quot;,&quot;description&quot;:&quot;Default &lt;a href=\&quot;http://numeraljs.com/\&quot; target=\&quot;_blank\&quot; rel=\&quot;noopener noreferrer\&quot;&gt;numeral format&lt;/a&gt; for the \&quot;currency\&quot; format&quot;},&quot;format:number:defaultLocale&quot;:{&quot;name&quot;:&quot;Formatting locale&quot;,&quot;value&quot;:&quot;en&quot;,&quot;type&quot;:&quot;select&quot;,&quot;options&quot;:[&quot;en&quot;,&quot;be-nl&quot;,&quot;chs&quot;,&quot;cs&quot;,&quot;da-dk&quot;,&quot;de-ch&quot;,&quot;de&quot;,&quot;en-gb&quot;,&quot;es-ES&quot;,&quot;es&quot;,&quot;et&quot;,&quot;fi&quot;,&quot;fr-CA&quot;,&quot;fr-ch&quot;,&quot;fr&quot;,&quot;hu&quot;,&quot;it&quot;,&quot;ja&quot;,&quot;nl-nl&quot;,&quot;pl&quot;,&quot;pt-br&quot;,&quot;pt-pt&quot;,&quot;ru-UA&quot;,&quot;ru&quot;,&quot;sk&quot;,&quot;th&quot;,&quot;tr&quot;,&quot;uk-UA&quot;],&quot;description&quot;:&quot;&lt;a href=\&quot;http://numeraljs.com/\&quot; target=\&quot;_blank\&quot; rel=\&quot;noopener noreferrer\&quot;&gt;Numeral language&lt;/a&gt; locale&quot;},&quot;savedObjects:perPage&quot;:{&quot;name&quot;:&quot;Objects per page&quot;,&quot;value&quot;:20,&quot;type&quot;:&quot;number&quot;,&quot;description&quot;:&quot;Number of objects to show per page in the load dialog&quot;},&quot;savedObjects:listingLimit&quot;:{&quot;name&quot;:&quot;Objects listing limit&quot;,&quot;type&quot;:&quot;number&quot;,&quot;value&quot;:1000,&quot;description&quot;:&quot;Number of objects to fetch for the listing pages&quot;},&quot;timepicker:timeDefaults&quot;:{&quot;name&quot;:&quot;Time filter defaults&quot;,&quot;value&quot;:&quot;{\n  \&quot;from\&quot;: \&quot;now-15m\&quot;,\n  \&quot;to\&quot;: \&quot;now\&quot;\n}&quot;,&quot;type&quot;:&quot;json&quot;,&quot;description&quot;:&quot;The timefilter selection to use when Kibana is started without one&quot;,&quot;requiresPageReload&quot;:true},&quot;timepicker:refreshIntervalDefaults&quot;:{&quot;name&quot;:&quot;Time filter refresh interval&quot;,&quot;value&quot;:&quot;{\n  \&quot;pause\&quot;: false,\n  \&quot;value\&quot;: 0\n}&quot;,&quot;type&quot;:&quot;json&quot;,&quot;description&quot;:&quot;The timefilter&#x27;s default refresh interval&quot;,&quot;requiresPageReload&quot;:true},&quot;timepicker:quickRanges&quot;:{&quot;name&quot;:&quot;Time filter quick ranges&quot;,&quot;value&quot;:&quot;[\n  {\n    \&quot;from\&quot;: \&quot;now/d\&quot;,\n    \&quot;to\&quot;: \&quot;now/d\&quot;,\n    \&quot;display\&quot;: \&quot;Today\&quot;\n  },\n  {\n    \&quot;from\&quot;: \&quot;now/w\&quot;,\n    \&quot;to\&quot;: \&quot;now/w\&quot;,\n    \&quot;display\&quot;: \&quot;This week\&quot;\n  },\n  {\n    \&quot;from\&quot;: \&quot;now-15m\&quot;,\n    \&quot;to\&quot;: \&quot;now\&quot;,\n    \&quot;display\&quot;: \&quot;Last 15 minutes\&quot;\n  },\n  {\n    \&quot;from\&quot;: \&quot;now-30m\&quot;,\n    \&quot;to\&quot;: \&quot;now\&quot;,\n    \&quot;display\&quot;: \&quot;Last 30 minutes\&quot;\n  },\n  {\n    \&quot;from\&quot;: \&quot;now-1h\&quot;,\n    \&quot;to\&quot;: \&quot;now\&quot;,\n    \&quot;display\&quot;: \&quot;Last 1 hour\&quot;\n  },\n  {\n    \&quot;from\&quot;: \&quot;now-24h\&quot;,\n    \&quot;to\&quot;: \&quot;now\&quot;,\n    \&quot;display\&quot;: \&quot;Last 24 hours\&quot;\n  },\n  {\n    \&quot;from\&quot;: \&quot;now-7d\&quot;,\n    \&quot;to\&quot;: \&quot;now\&quot;,\n    \&quot;display\&quot;: \&quot;Last 7 days\&quot;\n  },\n  {\n    \&quot;from\&quot;: \&quot;now-30d\&quot;,\n    \&quot;to\&quot;: \&quot;now\&quot;,\n    \&quot;display\&quot;: \&quot;Last 30 days\&quot;\n  },\n  {\n    \&quot;from\&quot;: \&quot;now-90d\&quot;,\n    \&quot;to\&quot;: \&quot;now\&quot;,\n    \&quot;display\&quot;: \&quot;Last 90 days\&quot;\n  },\n  {\n    \&quot;from\&quot;: \&quot;now-1y\&quot;,\n    \&quot;to\&quot;: \&quot;now\&quot;,\n    \&quot;display\&quot;: \&quot;Last 1 year\&quot;\n  }\n]&quot;,&quot;type&quot;:&quot;json&quot;,&quot;description&quot;:&quot;The list of ranges to show in the Quick section of the time filter. This should be an array of objects, with each object containing \&quot;from\&quot;, \&quot;to\&quot; (see &lt;a href=\&quot;https://www.elastic.co/guide/en/elasticsearch/reference/current/common-options.html#date-math\&quot;\n            target=\&quot;_blank\&quot; rel=\&quot;noopener noreferrer\&quot;&gt;accepted formats&lt;/a&gt;), and \&quot;display\&quot; (the title to be displayed).&quot;},&quot;theme:darkMode&quot;:{&quot;name&quot;:&quot;Dark mode&quot;,&quot;value&quot;:false,&quot;description&quot;:&quot;Enable a dark mode for the Kibana UI. A page refresh is required for the setting to be applied.&quot;,&quot;requiresPageReload&quot;:true},&quot;filters:pinnedByDefault&quot;:{&quot;name&quot;:&quot;Pin filters by default&quot;,&quot;value&quot;:false,&quot;description&quot;:&quot;Whether the filters should have a global state (be pinned) by default&quot;},&quot;filterEditor:suggestValues&quot;:{&quot;name&quot;:&quot;Filter editor suggest values&quot;,&quot;value&quot;:true,&quot;description&quot;:&quot;Set this property to false to prevent the filter editor from suggesting values for fields.&quot;},&quot;notifications:banner&quot;:{&quot;name&quot;:&quot;Custom banner notification&quot;,&quot;value&quot;:&quot;&quot;,&quot;type&quot;:&quot;markdown&quot;,&quot;description&quot;:&quot;A custom banner intended for temporary notices to all users. &lt;a href=\&quot;https://help.github.com/articles/basic-writing-and-formatting-syntax/\&quot;\n            target=\&quot;_blank\&quot; rel=\&quot;noopener noreferrer\&quot;&gt;Markdown supported&lt;/a&gt;.&quot;,&quot;category&quot;:[&quot;notifications&quot;]},&quot;notifications:lifetime:banner&quot;:{&quot;name&quot;:&quot;Banner notification lifetime&quot;,&quot;value&quot;:3000000,&quot;description&quot;:&quot;The time in milliseconds which a banner notification will be displayed on-screen for. Setting to Infinity will disable the countdown.&quot;,&quot;type&quot;:&quot;number&quot;,&quot;category&quot;:[&quot;notifications&quot;]},&quot;notifications:lifetime:error&quot;:{&quot;name&quot;:&quot;Error notification lifetime&quot;,&quot;value&quot;:300000,&quot;description&quot;:&quot;The time in milliseconds which an error notification will be displayed on-screen for. Setting to Infinity will disable.&quot;,&quot;type&quot;:&quot;number&quot;,&quot;category&quot;:[&quot;notifications&quot;]},&quot;notifications:lifetime:warning&quot;:{&quot;name&quot;:&quot;Warning notification lifetime&quot;,&quot;value&quot;:10000,&quot;description&quot;:&quot;The time in milliseconds which a warning notification will be displayed on-screen for. Setting to Infinity will disable.&quot;,&quot;type&quot;:&quot;number&quot;,&quot;category&quot;:[&quot;notifications&quot;]},&quot;notifications:lifetime:info&quot;:{&quot;name&quot;:&quot;Info notification lifetime&quot;,&quot;value&quot;:5000,&quot;description&quot;:&quot;The time in milliseconds which an information notification will be displayed on-screen for. Setting to Infinity will disable.&quot;,&quot;type&quot;:&quot;number&quot;,&quot;category&quot;:[&quot;notifications&quot;]},&quot;metrics:max_buckets&quot;:{&quot;name&quot;:&quot;Maximum buckets&quot;,&quot;value&quot;:2000,&quot;description&quot;:&quot;The maximum number of buckets a single datasource can return&quot;},&quot;state:storeInSessionStorage&quot;:{&quot;name&quot;:&quot;Store URLs in session storage&quot;,&quot;value&quot;:false,&quot;description&quot;:&quot;The URL can sometimes grow to be too large for some browsers to handle. To counter-act this we are testing if storing parts of the URL in session storage could help. Please let us know how it goes!&quot;},&quot;indexPattern:placeholder&quot;:{&quot;name&quot;:&quot;Index pattern placeholder&quot;,&quot;value&quot;:&quot;&quot;,&quot;description&quot;:&quot;The placeholder for the \&quot;Index pattern name\&quot; field in \&quot;Management &gt; Index Patterns &gt; Create Index Pattern\&quot;.&quot;},&quot;context:defaultSize&quot;:{&quot;name&quot;:&quot;Context size&quot;,&quot;value&quot;:5,&quot;description&quot;:&quot;The number of surrounding entries to show in the context view&quot;,&quot;category&quot;:[&quot;discover&quot;]},&quot;context:step&quot;:{&quot;name&quot;:&quot;Context size step&quot;,&quot;value&quot;:5,&quot;description&quot;:&quot;The step size to increment or decrement the context size by&quot;,&quot;category&quot;:[&quot;discover&quot;]},&quot;context:tieBreakerFields&quot;:{&quot;name&quot;:&quot;Tie breaker fields&quot;,&quot;value&quot;:[&quot;_doc&quot;],&quot;description&quot;:&quot;A comma-separated list of fields to use for tie-breaking between documents that have the same timestamp value. From this list the first field that is present and sortable in the current index pattern is used.&quot;,&quot;category&quot;:[&quot;discover&quot;]},&quot;accessibility:disableAnimations&quot;:{&quot;name&quot;:&quot;Disable Animations&quot;,&quot;value&quot;:false,&quot;description&quot;:&quot;Turn off all unnecessary animations in the Kibana UI. Refresh the page to apply the changes.&quot;,&quot;category&quot;:[&quot;accessibility&quot;],&quot;requiresPageReload&quot;:true},&quot;telemetry:optIn&quot;:{&quot;name&quot;:&quot;Telemetry opt-in&quot;,&quot;description&quot;:&quot;Help us improve the Elastic Stack by providing usage statistics for basic features. We will not share this data outside of Elastic.&quot;,&quot;value&quot;:false,&quot;readonly&quot;:true},&quot;timelion:showTutorial&quot;:{&quot;name&quot;:&quot;Show tutorial&quot;,&quot;value&quot;:false,&quot;description&quot;:&quot;Should I show the tutorial by default when entering the timelion app?&quot;,&quot;category&quot;:[&quot;timelion&quot;]},&quot;timelion:es.timefield&quot;:{&quot;name&quot;:&quot;Time field&quot;,&quot;value&quot;:&quot;@timestamp&quot;,&quot;description&quot;:&quot;Default field containing a timestamp when using .es()&quot;,&quot;category&quot;:[&quot;timelion&quot;]},&quot;timelion:es.default_index&quot;:{&quot;name&quot;:&quot;Default index&quot;,&quot;value&quot;:&quot;_all&quot;,&quot;description&quot;:&quot;Default elasticsearch index to search with .es()&quot;,&quot;category&quot;:[&quot;timelion&quot;]},&quot;timelion:target_buckets&quot;:{&quot;name&quot;:&quot;Target buckets&quot;,&quot;value&quot;:200,&quot;description&quot;:&quot;The number of buckets to shoot for when using auto intervals&quot;,&quot;category&quot;:[&quot;timelion&quot;]},&quot;timelion:max_buckets&quot;:{&quot;name&quot;:&quot;Maximum buckets&quot;,&quot;value&quot;:2000,&quot;description&quot;:&quot;The maximum number of buckets a single datasource can return&quot;,&quot;category&quot;:[&quot;timelion&quot;]},&quot;timelion:default_columns&quot;:{&quot;name&quot;:&quot;Default columns&quot;,&quot;value&quot;:2,&quot;description&quot;:&quot;Number of columns on a timelion sheet by default&quot;,&quot;category&quot;:[&quot;timelion&quot;]},&quot;timelion:default_rows&quot;:{&quot;name&quot;:&quot;Default rows&quot;,&quot;value&quot;:2,&quot;description&quot;:&quot;Number of rows on a timelion sheet by default&quot;,&quot;category&quot;:[&quot;timelion&quot;]},&quot;timelion:min_interval&quot;:{&quot;name&quot;:&quot;Minimum interval&quot;,&quot;value&quot;:&quot;1ms&quot;,&quot;description&quot;:&quot;The smallest interval that will be calculated when using \&quot;auto\&quot;&quot;,&quot;category&quot;:[&quot;timelion&quot;]},&quot;timelion:graphite.url&quot;:{&quot;name&quot;:&quot;Graphite URL&quot;,&quot;value&quot;:null,&quot;description&quot;:&quot;&lt;em&gt;[experimental]&lt;/em&gt; The &lt;a href=\&quot;https://www.hostedgraphite.com/UID/ACCESS_KEY/graphite\&quot; target=\&quot;_blank\&quot; rel=\&quot;noopener\&quot;&gt;URL&lt;/a&gt; of your graphite host&quot;,&quot;type&quot;:&quot;select&quot;,&quot;options&quot;:[],&quot;category&quot;:[&quot;timelion&quot;]},&quot;timelion:quandl.key&quot;:{&quot;name&quot;:&quot;Quandl key&quot;,&quot;value&quot;:&quot;someKeyHere&quot;,&quot;description&quot;:&quot;&lt;em&gt;[experimental]&lt;/em&gt; Your API key from www.quandl.com&quot;,&quot;category&quot;:[&quot;timelion&quot;]},&quot;xpackReporting:customPdfLogo&quot;:{&quot;name&quot;:&quot;PDF footer image&quot;,&quot;value&quot;:null,&quot;description&quot;:&quot;Custom image to use in the PDF&#x27;s footer&quot;,&quot;type&quot;:&quot;image&quot;,&quot;validation&quot;:{&quot;maxSize&quot;:{&quot;length&quot;:273066,&quot;description&quot;:&quot;200 kB&quot;}},&quot;category&quot;:[&quot;reporting&quot;]}},&quot;user&quot;:{&quot;buildNum&quot;:{&quot;userValue&quot;:29118}}}}}"></kbn-injected-metadata><div class="kibanaWelcomeView" id="kbn_loading_message" style="display:none" data-test-subj="kbnLoadingMessage"><div class="kibanaLoaderWrap"><div class="kibanaLoader"></div><div class="kibanaWelcomeLogoCircle"><div class="kibanaWelcomeLogo"></div></div></div><div class="kibanaWelcomeText" data-error-message="Kibana did not load properly. Check the server output for more information.">Loading Kibana</div></div><div class="kibanaWelcomeView" id="kbn_legacy_browser_error" style="display:none"><div class="kibanaLoaderWrap"><div class="kibanaWelcomeLogoCircle"><div class="kibanaWelcomeLogo"></div></div></div><h2 class="kibanaWelcomeTitle">Please upgrade your browser</h2><div class="kibanaWelcomeText">This Kibana installation has strict security requirements enabled that your current browser does not meet.</div></div><script>
            // Since this is an unsafe inline script, this code will not run
            // in browsers that support content security policy(CSP). This is
            // intentional as we check for the existence of __kbnCspNotEnforced__ in
            // bootstrap.
            window.__kbnCspNotEnforced__ = true;
          </script><script src="/bundles/app/kibana/bootstrap.js"></script></body></html>RedAdmin@Elk-Server:~$ 
RedAdmin@Elk-Server:~$ exit
logout
Connection to 20.25.68.148 closed.
root@2b6015c8569c:~# exit
exit
RedAdmin@JumpBoxProvisioner:~$ exit
logout
Connection to 104.45.239.207 closed.
cookie@Krubskayas-MacBook-Pro ~ % ssh RedAdmin@40.118.184.122
The authenticity of host '40.118.184.122 (40.118.184.122)' can't be established.
ED25519 key fingerprint is SHA256:1/TaBd97SGSiwExrmaedwvGO5r2cdY8aTFiTPzdH0rw.
This host key is known by the following other names/addresses:
    ~/.ssh/known_hosts:11: 138.91.76.229
    ~/.ssh/known_hosts:14: 168.61.5.104
    ~/.ssh/known_hosts:15: 13.64.225.20
    ~/.ssh/known_hosts:16: 104.45.239.207
Are you sure you want to continue connecting (yes/no/[fingerprint])? yes
Warning: Permanently added '40.118.184.122' (ED25519) to the list of known hosts.
Welcome to Ubuntu 18.04.6 LTS (GNU/Linux 5.4.0-1072-azure x86_64)

 * Documentation:  https://help.ubuntu.com
 * Management:     https://landscape.canonical.com
 * Support:        https://ubuntu.com/advantage

  System information as of Wed Mar 23 03:03:28 UTC 2022

  System load:  0.16               Processes:              104
  Usage of /:   14.7% of 28.90GB   Users logged in:        0
  Memory usage: 33%                IP address for eth0:    10.0.0.4
  Swap usage:   0%                 IP address for docker0: 172.17.0.1

 * Super-optimized for small spaces - read how we shrank the memory
   footprint of MicroK8s to make it the smallest full K8s around.

   https://ubuntu.com/blog/microk8s-memory-optimisation

4 updates can be applied immediately.
To see these additional updates run: apt list --upgradable


*** System restart required ***
Last login: Tue Mar 22 02:11:40 2022 from 172.17.0.2
RedAdmin@JumpBoxProvisioner:~$ sudo docker list -a
unknown shorthand flag: 'a' in -a
See 'docker --help'.

Usage:  docker [OPTIONS] COMMAND

A self-sufficient runtime for containers

Options:
      --config string      Location of client config files (default "/home/RedAdmin/.docker")
  -c, --context string     Name of the context to use to connect to the daemon (overrides DOCKER_HOST env var and default context set with "docker context use")
  -D, --debug              Enable debug mode
  -H, --host list          Daemon socket(s) to connect to
  -l, --log-level string   Set the logging level ("debug"|"info"|"warn"|"error"|"fatal") (default "info")
      --tls                Use TLS; implied by --tlsverify
      --tlscacert string   Trust certs signed only by this CA (default "/home/RedAdmin/.docker/ca.pem")
      --tlscert string     Path to TLS certificate file (default "/home/RedAdmin/.docker/cert.pem")
      --tlskey string      Path to TLS key file (default "/home/RedAdmin/.docker/key.pem")
      --tlsverify          Use TLS and verify the remote
  -v, --version            Print version information and quit

Management Commands:
  builder     Manage builds
  config      Manage Docker configs
  container   Manage containers
  context     Manage contexts
  image       Manage images
  manifest    Manage Docker image manifests and manifest lists
  network     Manage networks
  node        Manage Swarm nodes
  plugin      Manage plugins
  secret      Manage Docker secrets
  service     Manage services
  stack       Manage Docker stacks
  swarm       Manage Swarm
  system      Manage Docker
  trust       Manage trust on Docker images
  volume      Manage volumes

Commands:
  attach      Attach local standard input, output, and error streams to a running container
  build       Build an image from a Dockerfile
  commit      Create a new image from a container's changes
  cp          Copy files/folders between a container and the local filesystem
  create      Create a new container
  diff        Inspect changes to files or directories on a container's filesystem
  events      Get real time events from the server
  exec        Run a command in a running container
  export      Export a container's filesystem as a tar archive
  history     Show the history of an image
  images      List images
  import      Import the contents from a tarball to create a filesystem image
  info        Display system-wide information
  inspect     Return low-level information on Docker objects
  kill        Kill one or more running containers
  load        Load an image from a tar archive or STDIN
  login       Log in to a Docker registry
  logout      Log out from a Docker registry
  logs        Fetch the logs of a container
  pause       Pause all processes within one or more containers
  port        List port mappings or a specific mapping for the container
  ps          List containers
  pull        Pull an image or a repository from a registry
  push        Push an image or a repository to a registry
  rename      Rename a container
  restart     Restart one or more containers
  rm          Remove one or more containers
  rmi         Remove one or more images
  run         Run a command in a new container
  save        Save one or more images to a tar archive (streamed to STDOUT by default)
  search      Search the Docker Hub for images
  start       Start one or more stopped containers
  stats       Display a live stream of container(s) resource usage statistics
  stop        Stop one or more running containers
  tag         Create a tag TARGET_IMAGE that refers to SOURCE_IMAGE
  top         Display the running processes of a container
  unpause     Unpause all processes within one or more containers
  update      Update configuration of one or more containers
  version     Show the Docker version information
  wait        Block until one or more containers stop, then print their exit codes

Run 'docker COMMAND --help' for more information on a command.

To get more help with docker, check out our guides at https://docs.docker.com/go/guides/

RedAdmin@JumpBoxProvisioner:~$ sudo docker container list -a
CONTAINER ID   IMAGE                    COMMAND                  CREATED      STATUS                    PORTS     NAMES
79d575b1fe6b   cyberxsecurity/dvwa      "/main.sh"               3 days ago   Exited (137) 2 days ago             dvwa
2b6015c8569c   cyberxsecurity/ansible   "/bin/sh -c /bin/bas…"   3 days ago   Exited (0) 22 hours ago             optimistic_ellis
RedAdmin@JumpBoxProvisioner:~$ sudo docker start optimistic_ellis
optimistic_ellis
RedAdmin@JumpBoxProvisioner:~$ sudo docker attach optimistic_ellis
root@2b6015c8569c:~# ssh RedAdmin@20.231.76.151
The authenticity of host '20.231.76.151 (20.231.76.151)' can't be established.
ECDSA key fingerprint is SHA256:xX+uN6zvaVEaj0vB+3kW1KiAmGr0ThrZUThykMhWAs0.
Are you sure you want to continue connecting (yes/no/[fingerprint])? yes
Warning: Permanently added '20.231.76.151' (ECDSA) to the list of known hosts.
Welcome to Ubuntu 20.04.4 LTS (GNU/Linux 5.13.0-1017-azure x86_64)

 * Documentation:  https://help.ubuntu.com
 * Management:     https://landscape.canonical.com
 * Support:        https://ubuntu.com/advantage

  System information as of Wed Mar 23 03:07:07 UTC 2022

  System load:  0.12               Processes:                142
  Usage of /:   16.8% of 28.90GB   Users logged in:          0
  Memory usage: 34%                IPv4 address for docker0: 172.17.0.1
  Swap usage:   0%                 IPv4 address for eth0:    10.1.0.4

 * Super-optimized for small spaces - read how we shrank the memory
   footprint of MicroK8s to make it the smallest full K8s around.

   https://ubuntu.com/blog/microk8s-memory-optimisation

20 updates can be applied immediately.
To see these additional updates run: apt list --upgradable


*** System restart required ***
Last login: Tue Mar 22 04:46:22 2022 from 104.45.239.207
RedAdmin@Elk-Server:~$ docker pss
docker: 'pss' is not a docker command.
See 'docker --help'
RedAdmin@Elk-Server:~$ sudo docker pss
docker: 'pss' is not a docker command.
See 'docker --help'
RedAdmin@Elk-Server:~$ docker ps
Got permission denied while trying to connect to the Docker daemon socket at unix:///var/run/docker.sock: Get http://%2Fvar%2Frun%2Fdocker.sock/v1.24/containers/json: dial unix /var/run/docker.sock: connect: permission denied
RedAdmin@Elk-Server:~$ sudo docker ps
CONTAINER ID   IMAGE          COMMAND                  CREATED        STATUS          PORTS                                                                              NAMES
4d623ec746e0   sebp/elk:761   "/usr/local/bin/star…"   23 hours ago   Up 50 minutes   0.0.0.0:5044->5044/tcp, 0.0.0.0:5601->5601/tcp, 0.0.0.0:9200->9200/tcp, 9300/tcp   elk
RedAdmin@Elk-Server:~$ curl http://localhost:5601/app/kibana
<!DOCTYPE html><html lang="en"><head><meta charSet="utf-8"/><meta http-equiv="X-UA-Compatible" content="IE=edge,chrome=1"/><meta name="viewport" content="width=device-width"/><title>Kibana</title><style>
        
        @font-face {
          font-family: 'Inter UI';
          font-style: normal;
          font-weight: 100;
          src: url('/ui/fonts/inter_ui/Inter-UI-Thin-BETA.woff2') format('woff2'), url('/ui/fonts/inter_ui/Inter-UI-Thin-BETA.woff') format('woff');
        }

        @font-face {
          font-family: 'Inter UI';
          font-style: italic;
          font-weight: 100;
          src: url('/ui/fonts/inter_ui/Inter-UI-ThinItalic-BETA.woff2') format('woff2'), url('/ui/fonts/inter_ui/Inter-UI-ThinItalic-BETA.woff') format('woff');
        }

        @font-face {
          font-family: 'Inter UI';
          font-style: normal;
          font-weight: 200;
          src: url('/ui/fonts/inter_ui/Inter-UI-ExtraLight-BETA.woff2') format('woff2'), url('/ui/fonts/inter_ui/Inter-UI-ExtraLight-BETA.woff') format('woff');
        }

        @font-face {
          font-family: 'Inter UI';
          font-style: italic;
          font-weight: 200;
          src: url('/ui/fonts/inter_ui/Inter-UI-ExtraLightItalic-BETA.woff2') format('woff2'), url('/ui/fonts/inter_ui/Inter-UI-ExtraLightItalic-BETA.woff') format('woff');
        }

        @font-face {
          font-family: 'Inter UI';
          font-style: normal;
          font-weight: 300;
          src: url('/ui/fonts/inter_ui/Inter-UI-Light-BETA.woff2') format('woff2'), url('/ui/fonts/inter_ui/Inter-UI-Light-BETA.woff') format('woff');
        }

        @font-face {
          font-family: 'Inter UI';
          font-style: italic;
          font-weight: 300;
          src: url('/ui/fonts/inter_ui/Inter-UI-LightItalic-BETA.woff2') format('woff2'), url('/ui/fonts/inter_ui/Inter-UI-LightItalic-BETA.woff') format('woff');
        }

        @font-face {
          font-family: 'Inter UI';
          font-style: normal;
          font-weight: 400;
          src: url('/ui/fonts/inter_ui/Inter-UI-Regular.woff2') format('woff2'), url('/ui/fonts/inter_ui/Inter-UI-Regular.woff') format('woff');
        }

        @font-face {
          font-family: 'Inter UI';
          font-style: italic;
          font-weight: 400;
          src: url('/ui/fonts/inter_ui/Inter-UI-Italic.woff2') format('woff2'), url('/ui/fonts/inter_ui/Inter-UI-Italic.woff') format('woff');
        }

        @font-face {
          font-family: 'Inter UI';
          font-style: normal;
          font-weight: 500;
          src: url('/ui/fonts/inter_ui/Inter-UI-Medium.woff2') format('woff2'), url('/ui/fonts/inter_ui/Inter-UI-Medium.woff') format('woff');
        }

        @font-face {
          font-family: 'Inter UI';
          font-style: italic;
          font-weight: 500;
          src: url('/ui/fonts/inter_ui/Inter-UI-MediumItalic.woff2') format('woff2'), url('/ui/fonts/inter_ui/Inter-UI-MediumItalic.woff') format('woff');
        }

        @font-face {
          font-family: 'Inter UI';
          font-style: normal;
          font-weight: 600;
          src: url('/ui/fonts/inter_ui/Inter-UI-SemiBold.woff2') format('woff2'), url('/ui/fonts/inter_ui/Inter-UI-SemiBold.woff') format('woff');
        }

        @font-face {
          font-family: 'Inter UI';
          font-style: italic;
          font-weight: 600;
          src: url('/ui/fonts/inter_ui/Inter-UI-SemiBoldItalic.woff2') format('woff2'), url('/ui/fonts/inter_ui/Inter-UI-SemiBoldItalic.woff') format('woff');
        }

        @font-face {
          font-family: 'Inter UI';
          font-style: normal;
          font-weight: 700;
          src: url('/ui/fonts/inter_ui/Inter-UI-Bold.woff2') format('woff2'), url('/ui/fonts/inter_ui/Inter-UI-Bold.woff') format('woff');
        }

        @font-face {
          font-family: 'Inter UI';
          font-style: italic;
          font-weight: 700;
          src: url('/ui/fonts/inter_ui/Inter-UI-BoldItalic.woff2') format('woff2'), url('/ui/fonts/inter_ui/Inter-UI-BoldItalic.woff') format('woff');
        }

        @font-face {
          font-family: 'Inter UI';
          font-style: normal;
          font-weight: 800;
          src: url('/ui/fonts/inter_ui/Inter-UI-ExtraBold.woff2') format('woff2'), url('/ui/fonts/inter_ui/Inter-UI-ExtraBold.woff') format('woff');
        }

        @font-face {
          font-family: 'Inter UI';
          font-style: italic;
          font-weight: 800;
          src: url('/ui/fonts/inter_ui/Inter-UI-ExtraBoldItalic.woff2') format('woff2'), url('/ui/fonts/inter_ui/Inter-UI-ExtraBoldItalic.woff') format('woff');
        }

        @font-face {
          font-family: 'Inter UI';
          font-style: normal;
          font-weight: 900;
          src: url('/ui/fonts/inter_ui/Inter-UI-Black.woff2') format('woff2'), url('/ui/fonts/inter_ui/Inter-UI-Black.woff') format('woff');
        }

        @font-face {
          font-family: 'Inter UI';
          font-style: italic;
          font-weight: 900;
          src: url('/ui/fonts/inter_ui/Inter-UI-BlackItalic.woff2') format('woff2'), url('/ui/fonts/inter_ui/Inter-UI-BlackItalic.woff') format('woff');
        }

        @font-face {
          font-family: 'Roboto Mono';
          font-style: normal;
          font-weight: 400;
          src: local('Roboto Mono'), local('RobotoMono-Regular'), url('/ui/fonts/roboto_mono/RobotoMono-Regular.ttf') format('woff2');
          unicode-range: U+0000-00FF, U+0131, U+0152-0153, U+02BB-02BC, U+02C6, U+02DA, U+02DC, U+2000-206F, U+2074, U+20AC, U+2122, U+2191, U+2193, U+2212, U+2215, U+FEFF, U+FFFD;
        }

        @font-face {
          font-family: 'Roboto Mono';
          font-style: italic;
          font-weight: 400;
          src: local('Roboto Mono Italic'), local('RobotoMono-Italic'), url('/ui/fonts/roboto_mono/RobotoMono-Italic.ttf') format('ttf');
          unicode-range: U+0000-00FF, U+0131, U+0152-0153, U+02BB-02BC, U+02C6, U+02DA, U+02DC, U+2000-206F, U+2074, U+20AC, U+2122, U+2191, U+2193, U+2212, U+2215, U+FEFF, U+FFFD;
        }

        @font-face {
          font-family: 'Roboto Mono';
          font-style: normal;
          font-weight: 700;
          src: local('Roboto Mono Bold'), local('RobotoMono-Bold'), url('/ui/fonts/roboto_mono/RobotoMono-Bold.ttf') format('woff2');
          unicode-range: U+0000-00FF, U+0131, U+0152-0153, U+02BB-02BC, U+02C6, U+02DA, U+02DC, U+2000-206F, U+2074, U+20AC, U+2122, U+2191, U+2193, U+2212, U+2215, U+FEFF, U+FFFD;
        }

        @font-face {
          font-family: 'Roboto Mono';
          font-style: italic;
          font-weight: 700;
          src: local('Roboto Mono Bold Italic'), local('RobotoMono-BoldItalic'), url('/ui/fonts/roboto_mono/RobotoMono-BoldItalic.ttf') format('woff2');
          unicode-range: U+0000-00FF, U+0131, U+0152-0153, U+02BB-02BC, U+02C6, U+02DA, U+02DC, U+2000-206F, U+2074, U+20AC, U+2122, U+2191, U+2193, U+2212, U+2215, U+FEFF, U+FFFD;
        }
        /*
        Single variable font.

        Note that you may want to do something like this to make sure you're serving
        constant fonts to older browsers:
        html {
          font-family: 'Inter UI', sans-serif;
        }
        @supports (font-variation-settings: normal) {
          html {
            font-family: 'Inter UI var', sans-serif;
          }
        }

        BUGS:
        - Safari 12.0 will default to italic instead of regular when font-weight
          is provided in a @font-face declaration.
          Workaround: Use 'Inter UI var alt' for Safari, or explicitly set
          `font-variation-settings: 'slnt' DEGREE`.

        @font-face {
          font-family: 'Inter UI var';
          font-weight: 100 900;
          font-style: oblique 0deg 10deg;
          src:
            url('/ui/fonts/inter_ui/Inter-UI.var.woff2') format('woff2-variations'),
            url('/ui/fonts/inter_ui/Inter-UI.var.woff2') format('woff2');
        }

        'Inter UI var alt' is recommended for Safari and Edge, for reliable italics.

        @supports (font-variation-settings: normal) {
          html {
            font-family: 'Inter UI var alt', sans-serif;
          }
        }

        @font-face {
          font-family: 'Inter UI var alt';
          font-weight: 100 900;
          font-style: normal;
          font-named-instance: 'Regular';
          src:
            url('/ui/fonts/inter_ui/Inter-UI-upright.var.woff2') format('woff2 supports variations(gvar)'),
            url('/ui/fonts/inter_ui/Inter-UI-upright.var.woff2') format('woff2-variations'),
            url('/ui/fonts/inter_ui/Inter-UI-upright.var.woff2') format('woff2');
        }
        @font-face {
          font-family: 'Inter UI var alt';
          font-weight: 100 900;
          font-style: italic;
          font-named-instance: 'Italic';
          src:
            url('/ui/fonts/inter_ui/Inter-UI-italic.var.woff2') format('woff2 supports variations(gvar)'),
            url('/ui/fonts/inter_ui/Inter-UI-italic.var.woff2') format('woff2-variations'),
            url('/ui/fonts/inter_ui/Inter-UI-italic.var.woff2') format('woff2');
        }
        */
      </style><link rel="apple-touch-icon" sizes="180x180" href="/ui/favicons/apple-touch-icon.png"/><link rel="icon" type="image/png" sizes="32x32" href="/ui/favicons/favicon-32x32.png"/><link rel="icon" type="image/png" sizes="16x16" href="/ui/favicons/favicon-16x16.png"/><link rel="manifest" href="/ui/favicons/manifest.json"/><link rel="mask-icon" color="#e8488b" href="/ui/favicons/safari-pinned-tab.svg"/><link rel="shortcut icon" href="/ui/favicons/favicon.ico"/><meta name="msapplication-config" content="/ui/favicons/browserconfig.xml"/><meta name="theme-color" content="#ffffff"/><style>
          * {
            box-sizing: border-box;
          }

          body, html {
            width: 100%;
            height: 100%;
            margin: 0;
          }

          .kibanaWelcomeView {
            height: 100%;
            display: -webkit-box;
            display: -webkit-flex;
            display: -ms-flexbox;
            display: flex;
            -webkit-box-flex: 1;
            -webkit-flex: 1 0 auto;
                -ms-flex: 1 0 auto;
                    flex: 1 0 auto;
            -webkit-box-orient: vertical;
            -webkit-box-direction: normal;
            -webkit-flex-direction: column;
                -ms-flex-direction: column;
                    flex-direction: column;
            -webkit-box-align: center;
            -webkit-align-items: center;
                -ms-flex-align: center;
                    align-items: center;
            -webkit-box-pack: center;
            -webkit-justify-content: center;
                -ms-flex-pack: center;
                    justify-content: center;
          }

          .kibanaWelcomeLogo {
            width: 60px;
            height: 60px;
            margin: 10px 0 10px 20px;
            background-repeat: no-repeat;
            background-size: contain;
            /* SVG optimized according to http://codepen.io/tigt/post/optimizing-svgs-in-data-uris */
            background-image: url('data:image/svg+xml;base64,PHN2ZyB4bWxucz0iaHR0cDovL3d3dy53My5vcmcvMjAwMC9zdmciIHdpZHRoPSIzMCIgaGVpZ2h0PSIzOSIgdmlld0JveD0iMCAwIDMwIDM5Ij4gIDxnIGZpbGw9Im5vbmUiIGZpbGwtcnVsZT0iZXZlbm9kZCI+ICAgIDxwb2x5Z29uIGZpbGw9IiNGMDRFOTgiIHBvaW50cz0iMCAwIDAgMzQuNTQ3IDI5LjkyMiAuMDIiLz4gICAgPHBhdGggZmlsbD0iIzM0Mzc0MSIgZD0iTTAsMTQuNCBMMCwzNC41NDY4IEwxNC4yODcyLDE4LjA2MTIgQzEwLjA0MTYsMTUuNzM4IDUuMTgwNCwxNC40IDAsMTQuNCIvPiAgICA8cGF0aCBmaWxsPSIjMDBCRkIzIiBkPSJNMTcuMzc0MiwxOS45OTY4IEwyLjcyMSwzNi45MDQ4IEwxLjQzMzQsMzguMzg5MiBMMjkuMjYzOCwzOC4zODkyIEMyNy43NjE0LDMwLjgzODggMjMuNDA0MiwyNC4zMjY0IDE3LjM3NDIsMTkuOTk2OCIvPiAgPC9nPjwvc3ZnPg==');
          }

          .kibanaWelcomeTitle {
            color: #000;
            font-size: 20px;
            font-family: sans-serif;
            margin-top: 20px;
            animation: fadeIn 1s ease-in-out;
            animation-fill-mode: forwards;
            opacity: 0;
            animation-delay: 1.0s;
          }

          .kibanaWelcomeText {
            font-size: 14px;
            font-family: sans-serif;
            color: #98a2b3;
            animation: fadeIn 1s ease-in-out;
            animation-fill-mode: forwards;
            opacity: 0;
            animation-delay: 1.0s;
          }

          .kibanaLoaderWrap {
            height: 128px;
            width: 128px;
            position: relative;
            margin-top: 40px;
          }

          .kibanaLoaderWrap + * {
            margin-top: 24px;
          }

          .kibanaLoader {
            height: 128px;
            width: 128px;
            margin: 0 auto;
            position: relative;
            border: 2px solid transparent;
            border-top: 2px solid #017d73;
            border-radius: 100%;
            display: block;
            opacity: 0;
            animation: rotation .75s .5s infinite linear, fadeIn 1s .5s ease-in-out forwards;
          }

          .kibanaWelcomeLogoCircle {
            position: absolute;
            left: 4px;
            top: 4px;
            width: 120px;
            height: 120px;
            padding: 20px;
            background-color: #fff;
            border-radius: 50%;
            animation: bounceIn .5s ease-in-out;
          }

          @keyframes rotation {
            from {
              transform: rotate(0deg);
            }
            to {
              transform: rotate(359deg);
            }
          }
          @keyframes fadeIn {
            from {
              opacity: 0;
            }
            to {
              opacity: 1;
            }
          }
          @keyframes bounceIn {
            0% {
              opacity: 0;
              transform: scale(.1);
            }
            80% {
              opacity: .5;
              transform: scale(1.2);
            }
            100% {
              opacity: 1;
              transform: scale(1);
            }
          }
        </style></head><body><kbn-csp data="{&quot;strictCsp&quot;:false}"></kbn-csp><kbn-injected-metadata data="{&quot;version&quot;:&quot;7.6.1&quot;,&quot;buildNumber&quot;:29118,&quot;branch&quot;:&quot;7.6&quot;,&quot;basePath&quot;:&quot;&quot;,&quot;env&quot;:{&quot;homeDir&quot;:&quot;/opt/kibana&quot;,&quot;configDir&quot;:&quot;/opt/kibana/config&quot;,&quot;binDir&quot;:&quot;/opt/kibana/bin&quot;,&quot;logDir&quot;:&quot;/opt/kibana/log&quot;,&quot;pluginSearchPaths&quot;:[&quot;/opt/kibana/src/plugins&quot;,&quot;/opt/kibana/x-pack/plugins&quot;,&quot;/opt/kibana/plugins&quot;,&quot;/opt/kibana-extra&quot;],&quot;packageInfo&quot;:{&quot;branch&quot;:&quot;7.6&quot;,&quot;buildNum&quot;:29118,&quot;buildSha&quot;:&quot;5ddabf8510131ebf173762b7405e5e18f2757c12&quot;,&quot;version&quot;:&quot;7.6.1&quot;,&quot;dist&quot;:true},&quot;mode&quot;:{&quot;dev&quot;:false,&quot;name&quot;:&quot;production&quot;,&quot;prod&quot;:true},&quot;cliArgs&quot;:{&quot;dev&quot;:false,&quot;open&quot;:false,&quot;quiet&quot;:false,&quot;silent&quot;:false,&quot;watch&quot;:false,&quot;repl&quot;:false,&quot;runExamples&quot;:false,&quot;basePath&quot;:false,&quot;optimize&quot;:false,&quot;oss&quot;:false},&quot;configs&quot;:[&quot;/opt/kibana/config/kibana.yml&quot;],&quot;isDevClusterMaster&quot;:false},&quot;legacyMode&quot;:true,&quot;i18n&quot;:{&quot;translationsUrl&quot;:&quot;/translations/en.json&quot;},&quot;csp&quot;:{&quot;warnLegacyBrowsers&quot;:true},&quot;vars&quot;:{&quot;activeSpace&quot;:{&quot;valid&quot;:true,&quot;space&quot;:{&quot;id&quot;:&quot;default&quot;,&quot;name&quot;:&quot;Default&quot;,&quot;description&quot;:&quot;This is your default space!&quot;,&quot;color&quot;:&quot;#00bfb3&quot;,&quot;disabledFeatures&quot;:[],&quot;_reserved&quot;:true}},&quot;spacesEnabled&quot;:true,&quot;monitoringUiEnabled&quot;:true,&quot;serverBasePath&quot;:&quot;&quot;,&quot;secureCookies&quot;:false,&quot;session&quot;:{&quot;tenant&quot;:&quot;&quot;},&quot;enableSpaceAwarePrivileges&quot;:true,&quot;logoutUrl&quot;:&quot;/logout&quot;,&quot;mlEnabled&quot;:true,&quot;apmUiEnabled&quot;:true,&quot;apmIndexPatternTitle&quot;:&quot;apm-*&quot;,&quot;apmServiceMapEnabled&quot;:false,&quot;showMapVisualizationTypes&quot;:false,&quot;showMapsInspectorAdapter&quot;:false,&quot;preserveDrawingBuffer&quot;:false,&quot;isEmsEnabled&quot;:true,&quot;emsFontLibraryUrl&quot;:&quot;https://tiles.maps.elastic.co/fonts/{fontstack}/{range}.pbf&quot;,&quot;emsTileLayerId&quot;:{&quot;bright&quot;:&quot;road_map&quot;,&quot;desaturated&quot;:&quot;road_map_desaturated&quot;,&quot;dark&quot;:&quot;dark_map&quot;},&quot;proxyElasticMapsServiceInMaps&quot;:false,&quot;emsFileApiUrl&quot;:&quot;https://vector.maps.elastic.co&quot;,&quot;emsTileApiUrl&quot;:&quot;https://tiles.maps.elastic.co&quot;,&quot;emsLandingPageUrl&quot;:&quot;https://maps.elastic.co/v7.6&quot;,&quot;kbnPkgVersion&quot;:&quot;7.6.1&quot;,&quot;regionmapLayers&quot;:[],&quot;tilemap&quot;:{&quot;options&quot;:{&quot;default&quot;:true,&quot;minZoom&quot;:0,&quot;maxZoom&quot;:10}},&quot;licenseManagementUiEnabled&quot;:true,&quot;ilmUiEnabled&quot;:true,&quot;remoteClustersUiEnabled&quot;:true,&quot;ccrUiEnabled&quot;:true,&quot;slmUiEnabled&quot;:true,&quot;elasticsearchUrl&quot;:&quot;http://localhost:9200/&quot;,&quot;esRequestTimeout&quot;:30000,&quot;esShardTimeout&quot;:30000,&quot;esApiVersion&quot;:&quot;7.x&quot;,&quot;kbnIndex&quot;:&quot;.kibana&quot;,&quot;kbnBaseUrl&quot;:&quot;/app/kibana&quot;,&quot;mapConfig&quot;:{&quot;includeElasticMapsService&quot;:true,&quot;proxyElasticMapsServiceInMaps&quot;:false,&quot;tilemap&quot;:{&quot;options&quot;:{&quot;default&quot;:true,&quot;minZoom&quot;:0,&quot;maxZoom&quot;:10}},&quot;regionmap&quot;:{&quot;includeElasticMapsService&quot;:true,&quot;layers&quot;:[]},&quot;manifestServiceUrl&quot;:&quot;&quot;,&quot;emsFileApiUrl&quot;:&quot;https://vector.maps.elastic.co&quot;,&quot;emsTileApiUrl&quot;:&quot;https://tiles.maps.elastic.co&quot;,&quot;emsLandingPageUrl&quot;:&quot;https://maps.elastic.co/v7.6&quot;,&quot;emsFontLibraryUrl&quot;:&quot;https://tiles.maps.elastic.co/fonts/{fontstack}/{range}.pbf&quot;,&quot;emsTileLayerId&quot;:{&quot;bright&quot;:&quot;road_map&quot;,&quot;desaturated&quot;:&quot;road_map_desaturated&quot;,&quot;dark&quot;:&quot;dark_map&quot;}},&quot;tilemapsConfig&quot;:{&quot;deprecated&quot;:{&quot;isOverridden&quot;:false,&quot;config&quot;:{&quot;options&quot;:{&quot;default&quot;:true,&quot;minZoom&quot;:0,&quot;maxZoom&quot;:10}}}},&quot;newsfeed&quot;:{&quot;service&quot;:{&quot;pathTemplate&quot;:&quot;/kibana/v{VERSION}.json&quot;,&quot;urlRoot&quot;:&quot;https://feeds.elastic.co&quot;},&quot;defaultLanguage&quot;:&quot;en&quot;,&quot;mainInterval&quot;:120000,&quot;fetchInterval&quot;:86400000},&quot;regionmap&quot;:{&quot;includeElasticMapsService&quot;:true,&quot;layers&quot;:[]},&quot;telemetryEnabled&quot;:true,&quot;telemetryUrl&quot;:&quot;https://telemetry.elastic.co/xpack/v2/send&quot;,&quot;telemetryBanner&quot;:true,&quot;telemetryOptedIn&quot;:true,&quot;telemetryOptInStatusUrl&quot;:&quot;https://telemetry.elastic.co/opt_in_status/v2/send&quot;,&quot;allowChangingOptInStatus&quot;:true,&quot;telemetrySendUsageFrom&quot;:&quot;browser&quot;,&quot;telemetryNotifyUserAboutOptInDefault&quot;:false,&quot;isStatusPageAnonymous&quot;:false,&quot;timelionUiEnabled&quot;:false,&quot;enableExternalUrls&quot;:false,&quot;reportingPollConfig&quot;:{&quot;jobCompletionNotifier&quot;:{&quot;interval&quot;:10000,&quot;intervalErrorMultiplier&quot;:5},&quot;jobsRefresh&quot;:{&quot;interval&quot;:5000,&quot;intervalErrorMultiplier&quot;:5}},&quot;enablePanelActionDownload&quot;:true,&quot;kbnDefaultAppId&quot;:&quot;home&quot;,&quot;disableWelcomeScreen&quot;:false,&quot;importAndExportableTypes&quot;:[&quot;config&quot;,&quot;map&quot;,&quot;canvas-workpad&quot;,&quot;canvas-element&quot;,&quot;lens&quot;,&quot;query&quot;,&quot;index-pattern&quot;,&quot;visualization&quot;,&quot;search&quot;,&quot;dashboard&quot;,&quot;url&quot;],&quot;autocompleteTerminateAfter&quot;:100000,&quot;autocompleteTimeout&quot;:1000,&quot;xpackInitialInfo&quot;:{&quot;license&quot;:{&quot;type&quot;:&quot;basic&quot;,&quot;isActive&quot;:true},&quot;features&quot;:{&quot;security&quot;:{&quot;showLogin&quot;:false,&quot;allowLogin&quot;:false,&quot;showLinks&quot;:false,&quot;showRoleMappingsManagement&quot;:false,&quot;allowRoleDocumentLevelSecurity&quot;:false,&quot;allowRoleFieldLevelSecurity&quot;:false,&quot;allowRbac&quot;:false,&quot;linksMessage&quot;:&quot;Access is denied because Security is disabled in Elasticsearch.&quot;},&quot;searchprofiler&quot;:{&quot;showAppLink&quot;:true,&quot;enableAppLink&quot;:true},&quot;ml&quot;:{&quot;isAvailable&quot;:true,&quot;showLinks&quot;:true,&quot;enableLinks&quot;:true,&quot;licenseType&quot;:0,&quot;hasExpired&quot;:false},&quot;tilemap&quot;:{&quot;license&quot;:{&quot;uid&quot;:&quot;edbacc99-d335-4059-866c-361d0e055e05&quot;,&quot;active&quot;:true,&quot;valid&quot;:true}},&quot;watcher&quot;:{&quot;status&quot;:&quot;INVALID&quot;,&quot;message&quot;:&quot;Your basic license does not support Watcher. Please upgrade your license.&quot;},&quot;grokdebugger&quot;:{&quot;enableLink&quot;:true,&quot;enableAPIRoute&quot;:true},&quot;logstash&quot;:{&quot;isAvailable&quot;:false,&quot;enableLinks&quot;:false,&quot;isReadOnly&quot;:false,&quot;message&quot;:&quot;Security must be enabled in order to use Logstash pipeline management features. Please set xpack.security.enabled: true in your elasticsearch.yml.&quot;},&quot;beatsManagement&quot;:{&quot;security&quot;:{&quot;enabled&quot;:false,&quot;available&quot;:true},&quot;settings&quot;:{&quot;enabled&quot;:true,&quot;defaultUserRoles&quot;:[&quot;superuser&quot;],&quot;encryptionKey&quot;:&quot;xpack_beats_default_encryptionKey&quot;,&quot;enrollmentTokensTtlInSeconds&quot;:600}},&quot;index_management&quot;:{&quot;status&quot;:&quot;VALID&quot;},&quot;index_lifecycle_management&quot;:{&quot;isAvailable&quot;:true,&quot;showLinks&quot;:true,&quot;enableLinks&quot;:true},&quot;rollup&quot;:{&quot;isAvailable&quot;:true,&quot;showLinks&quot;:true,&quot;enableLinks&quot;:true},&quot;transform&quot;:{&quot;status&quot;:&quot;VALID&quot;},&quot;remote_clusters&quot;:{&quot;status&quot;:&quot;VALID&quot;},&quot;cross_cluster_replication&quot;:{&quot;isAvailable&quot;:false,&quot;isActive&quot;:false,&quot;message&quot;:&quot;Your basic license does not support Cross-Cluster Replication. Please upgrade your license.&quot;},&quot;snapshot_restore&quot;:{&quot;status&quot;:&quot;VALID&quot;},&quot;monitoring&quot;:{&quot;clusterAlerts&quot;:{&quot;enabled&quot;:false},&quot;message&quot;:&quot;Cluster Alerts are not displayed if Watcher is disabled or the [monitoring] cluster&#x27;s current license is Basic.&quot;},&quot;reporting&quot;:{&quot;csv&quot;:{&quot;showLinks&quot;:true,&quot;enableLinks&quot;:true},&quot;csv_from_savedobject&quot;:{&quot;showLinks&quot;:true,&quot;enableLinks&quot;:true},&quot;png&quot;:{&quot;showLinks&quot;:false,&quot;enableLinks&quot;:false,&quot;message&quot;:&quot;Your basic license does not support PNG Reporting. Please upgrade your license.&quot;},&quot;printablePdf&quot;:{&quot;showLinks&quot;:false,&quot;enableLinks&quot;:false,&quot;message&quot;:&quot;Your basic license does not support PDF Reporting. Please upgrade your license.&quot;},&quot;management&quot;:{&quot;showLinks&quot;:true,&quot;enableLinks&quot;:true,&quot;jobTypes&quot;:[&quot;csv&quot;,&quot;csv_from_savedobject&quot;]}}}}},&quot;uiPlugins&quot;:[{&quot;id&quot;:&quot;licensing&quot;,&quot;plugin&quot;:{&quot;id&quot;:&quot;licensing&quot;,&quot;configPath&quot;:[&quot;xpack&quot;,&quot;licensing&quot;],&quot;requiredPlugins&quot;:[],&quot;optionalPlugins&quot;:[]},&quot;config&quot;:{}},{&quot;id&quot;:&quot;usageCollection&quot;,&quot;plugin&quot;:{&quot;id&quot;:&quot;usageCollection&quot;,&quot;configPath&quot;:[&quot;usageCollection&quot;],&quot;requiredPlugins&quot;:[],&quot;optionalPlugins&quot;:[]},&quot;config&quot;:{&quot;uiMetric&quot;:{&quot;enabled&quot;:true,&quot;debug&quot;:false}}},{&quot;id&quot;:&quot;security&quot;,&quot;plugin&quot;:{&quot;id&quot;:&quot;security&quot;,&quot;configPath&quot;:[&quot;xpack&quot;,&quot;security&quot;],&quot;requiredPlugins&quot;:[&quot;licensing&quot;],&quot;optionalPlugins&quot;:[]},&quot;config&quot;:{}},{&quot;id&quot;:&quot;reporting&quot;,&quot;plugin&quot;:{&quot;id&quot;:&quot;reporting&quot;,&quot;configPath&quot;:&quot;reporting&quot;,&quot;requiredPlugins&quot;:[],&quot;optionalPlugins&quot;:[]},&quot;config&quot;:{}},{&quot;id&quot;:&quot;uiActions&quot;,&quot;plugin&quot;:{&quot;id&quot;:&quot;uiActions&quot;,&quot;configPath&quot;:&quot;uiActions&quot;,&quot;requiredPlugins&quot;:[],&quot;optionalPlugins&quot;:[]},&quot;config&quot;:{}},{&quot;id&quot;:&quot;data&quot;,&quot;plugin&quot;:{&quot;id&quot;:&quot;data&quot;,&quot;configPath&quot;:&quot;data&quot;,&quot;requiredPlugins&quot;:[&quot;uiActions&quot;],&quot;optionalPlugins&quot;:[&quot;usageCollection&quot;]},&quot;config&quot;:{}},{&quot;id&quot;:&quot;navigation&quot;,&quot;plugin&quot;:{&quot;id&quot;:&quot;navigation&quot;,&quot;configPath&quot;:&quot;navigation&quot;,&quot;requiredPlugins&quot;:[&quot;data&quot;],&quot;optionalPlugins&quot;:[]},&quot;config&quot;:{}},{&quot;id&quot;:&quot;newsfeed&quot;,&quot;plugin&quot;:{&quot;id&quot;:&quot;newsfeed&quot;,&quot;configPath&quot;:&quot;newsfeed&quot;,&quot;requiredPlugins&quot;:[],&quot;optionalPlugins&quot;:[]},&quot;config&quot;:{}},{&quot;id&quot;:&quot;share&quot;,&quot;plugin&quot;:{&quot;id&quot;:&quot;share&quot;,&quot;configPath&quot;:&quot;share&quot;,&quot;requiredPlugins&quot;:[],&quot;optionalPlugins&quot;:[]},&quot;config&quot;:{}},{&quot;id&quot;:&quot;status_page&quot;,&quot;plugin&quot;:{&quot;id&quot;:&quot;status_page&quot;,&quot;configPath&quot;:&quot;status_page&quot;,&quot;requiredPlugins&quot;:[],&quot;optionalPlugins&quot;:[]},&quot;config&quot;:{}},{&quot;id&quot;:&quot;eui_utils&quot;,&quot;plugin&quot;:{&quot;id&quot;:&quot;eui_utils&quot;,&quot;configPath&quot;:&quot;eui_utils&quot;,&quot;requiredPlugins&quot;:[],&quot;optionalPlugins&quot;:[]},&quot;config&quot;:{}},{&quot;id&quot;:&quot;home&quot;,&quot;plugin&quot;:{&quot;id&quot;:&quot;home&quot;,&quot;configPath&quot;:&quot;home&quot;,&quot;requiredPlugins&quot;:[],&quot;optionalPlugins&quot;:[]},&quot;config&quot;:{}},{&quot;id&quot;:&quot;cloud&quot;,&quot;plugin&quot;:{&quot;id&quot;:&quot;cloud&quot;,&quot;configPath&quot;:[&quot;xpack&quot;,&quot;cloud&quot;],&quot;requiredPlugins&quot;:[],&quot;optionalPlugins&quot;:[&quot;usageCollection&quot;,&quot;home&quot;]},&quot;config&quot;:{}},{&quot;id&quot;:&quot;graph&quot;,&quot;plugin&quot;:{&quot;id&quot;:&quot;graph&quot;,&quot;configPath&quot;:&quot;graph&quot;,&quot;requiredPlugins&quot;:[&quot;licensing&quot;],&quot;optionalPlugins&quot;:[&quot;home&quot;]},&quot;config&quot;:{}},{&quot;id&quot;:&quot;inspector&quot;,&quot;plugin&quot;:{&quot;id&quot;:&quot;inspector&quot;,&quot;configPath&quot;:&quot;inspector&quot;,&quot;requiredPlugins&quot;:[],&quot;optionalPlugins&quot;:[]},&quot;config&quot;:{}},{&quot;id&quot;:&quot;expressions&quot;,&quot;plugin&quot;:{&quot;id&quot;:&quot;expressions&quot;,&quot;configPath&quot;:&quot;expressions&quot;,&quot;requiredPlugins&quot;:[&quot;inspector&quot;],&quot;optionalPlugins&quot;:[]},&quot;config&quot;:{}},{&quot;id&quot;:&quot;visualizations&quot;,&quot;plugin&quot;:{&quot;id&quot;:&quot;visualizations&quot;,&quot;configPath&quot;:&quot;visualizations&quot;,&quot;requiredPlugins&quot;:[&quot;expressions&quot;],&quot;optionalPlugins&quot;:[]},&quot;config&quot;:{}},{&quot;id&quot;:&quot;embeddable&quot;,&quot;plugin&quot;:{&quot;id&quot;:&quot;embeddable&quot;,&quot;configPath&quot;:&quot;embeddable&quot;,&quot;requiredPlugins&quot;:[&quot;inspector&quot;,&quot;uiActions&quot;],&quot;optionalPlugins&quot;:[]},&quot;config&quot;:{}},{&quot;id&quot;:&quot;dashboard_embeddable_container&quot;,&quot;plugin&quot;:{&quot;id&quot;:&quot;dashboard_embeddable_container&quot;,&quot;configPath&quot;:&quot;dashboard_embeddable_container&quot;,&quot;requiredPlugins&quot;:[&quot;embeddable&quot;,&quot;inspector&quot;,&quot;uiActions&quot;],&quot;optionalPlugins&quot;:[]},&quot;config&quot;:{}},{&quot;id&quot;:&quot;advancedUiActions&quot;,&quot;plugin&quot;:{&quot;id&quot;:&quot;advancedUiActions&quot;,&quot;configPath&quot;:&quot;advancedUiActions&quot;,&quot;requiredPlugins&quot;:[&quot;embeddable&quot;,&quot;uiActions&quot;],&quot;optionalPlugins&quot;:[]},&quot;config&quot;:{}},{&quot;id&quot;:&quot;kibana_legacy&quot;,&quot;plugin&quot;:{&quot;id&quot;:&quot;kibana_legacy&quot;,&quot;configPath&quot;:&quot;kibana_legacy&quot;,&quot;requiredPlugins&quot;:[],&quot;optionalPlugins&quot;:[]},&quot;config&quot;:{}},{&quot;id&quot;:&quot;management&quot;,&quot;plugin&quot;:{&quot;id&quot;:&quot;management&quot;,&quot;configPath&quot;:&quot;management&quot;,&quot;requiredPlugins&quot;:[&quot;kibana_legacy&quot;],&quot;optionalPlugins&quot;:[]},&quot;config&quot;:{}},{&quot;id&quot;:&quot;dev_tools&quot;,&quot;plugin&quot;:{&quot;id&quot;:&quot;dev_tools&quot;,&quot;configPath&quot;:&quot;dev_tools&quot;,&quot;requiredPlugins&quot;:[&quot;kibana_legacy&quot;],&quot;optionalPlugins&quot;:[]},&quot;config&quot;:{}},{&quot;id&quot;:&quot;bfetch&quot;,&quot;plugin&quot;:{&quot;id&quot;:&quot;bfetch&quot;,&quot;configPath&quot;:&quot;bfetch&quot;,&quot;requiredPlugins&quot;:[],&quot;optionalPlugins&quot;:[]},&quot;config&quot;:{}}],&quot;legacyMetadata&quot;:{&quot;app&quot;:{&quot;id&quot;:&quot;kibana&quot;,&quot;title&quot;:&quot;Kibana&quot;,&quot;main&quot;:&quot;plugins/kibana/kibana&quot;,&quot;navLink&quot;:{&quot;id&quot;:&quot;kibana&quot;,&quot;title&quot;:&quot;Kibana&quot;,&quot;order&quot;:0,&quot;url&quot;:&quot;/app/kibana&quot;,&quot;subUrlBase&quot;:&quot;/app/kibana&quot;,&quot;linkToLastSubUrl&quot;:true,&quot;hidden&quot;:false,&quot;disabled&quot;:false,&quot;tooltip&quot;:&quot;&quot;},&quot;linkToLastSubUrl&quot;:true},&quot;bundleId&quot;:&quot;app:kibana&quot;,&quot;nav&quot;:[{&quot;id&quot;:&quot;kibana:discover&quot;,&quot;title&quot;:&quot;Discover&quot;,&quot;order&quot;:-1003,&quot;url&quot;:&quot;/app/kibana#/discover&quot;,&quot;subUrlBase&quot;:&quot;/app/kibana#/discover&quot;,&quot;euiIconType&quot;:&quot;discoverApp&quot;,&quot;linkToLastSubUrl&quot;:true,&quot;hidden&quot;:false,&quot;disabled&quot;:false,&quot;tooltip&quot;:&quot;&quot;},{&quot;id&quot;:&quot;kibana:visualize&quot;,&quot;title&quot;:&quot;Visualize&quot;,&quot;order&quot;:-1002,&quot;url&quot;:&quot;/app/kibana#/visualize&quot;,&quot;subUrlBase&quot;:&quot;/app/kibana#/visualize&quot;,&quot;euiIconType&quot;:&quot;visualizeApp&quot;,&quot;linkToLastSubUrl&quot;:true,&quot;hidden&quot;:false,&quot;disabled&quot;:false,&quot;tooltip&quot;:&quot;&quot;},{&quot;id&quot;:&quot;kibana:dashboard&quot;,&quot;title&quot;:&quot;Dashboard&quot;,&quot;order&quot;:-1001,&quot;url&quot;:&quot;/app/kibana#/dashboards&quot;,&quot;subUrlBase&quot;:&quot;/app/kibana#/dashboard&quot;,&quot;euiIconType&quot;:&quot;dashboardApp&quot;,&quot;linkToLastSubUrl&quot;:true,&quot;hidden&quot;:false,&quot;disabled&quot;:false,&quot;tooltip&quot;:&quot;&quot;},{&quot;id&quot;:&quot;timelion&quot;,&quot;title&quot;:&quot;Timelion&quot;,&quot;order&quot;:-1000,&quot;icon&quot;:&quot;plugins/timelion/icon.svg&quot;,&quot;euiIconType&quot;:&quot;timelionApp&quot;,&quot;url&quot;:&quot;/app/timelion&quot;,&quot;linkToLastSubUrl&quot;:true},{&quot;id&quot;:&quot;canvas&quot;,&quot;title&quot;:&quot;Canvas&quot;,&quot;order&quot;:0,&quot;icon&quot;:&quot;plugins/canvas/icon.svg&quot;,&quot;euiIconType&quot;:&quot;canvasApp&quot;,&quot;url&quot;:&quot;/app/canvas&quot;,&quot;linkToLastSubUrl&quot;:true},{&quot;id&quot;:&quot;maps&quot;,&quot;title&quot;:&quot;Maps&quot;,&quot;order&quot;:0,&quot;icon&quot;:&quot;plugins/maps/icon.svg&quot;,&quot;euiIconType&quot;:&quot;gisApp&quot;,&quot;url&quot;:&quot;/app/maps&quot;,&quot;linkToLastSubUrl&quot;:true},{&quot;id&quot;:&quot;ml&quot;,&quot;title&quot;:&quot;Machine Learning&quot;,&quot;order&quot;:0,&quot;icon&quot;:&quot;plugins/ml/application/ml.svg&quot;,&quot;euiIconType&quot;:&quot;machineLearningApp&quot;,&quot;url&quot;:&quot;/app/ml&quot;,&quot;linkToLastSubUrl&quot;:true},{&quot;id&quot;:&quot;infra:home&quot;,&quot;title&quot;:&quot;Metrics&quot;,&quot;order&quot;:8000,&quot;url&quot;:&quot;/app/infra#/infrastructure&quot;,&quot;subUrlBase&quot;:&quot;/app/infra#/infrastructure&quot;,&quot;icon&quot;:&quot;plugins/infra/images/infra_mono_white.svg&quot;,&quot;euiIconType&quot;:&quot;metricsApp&quot;,&quot;linkToLastSubUrl&quot;:true,&quot;hidden&quot;:false,&quot;disabled&quot;:false,&quot;tooltip&quot;:&quot;&quot;},{&quot;id&quot;:&quot;infra:logs&quot;,&quot;title&quot;:&quot;Logs&quot;,&quot;order&quot;:8001,&quot;url&quot;:&quot;/app/infra#/logs&quot;,&quot;subUrlBase&quot;:&quot;/app/infra#/logs&quot;,&quot;icon&quot;:&quot;plugins/infra/images/logging_mono_white.svg&quot;,&quot;euiIconType&quot;:&quot;logsApp&quot;,&quot;linkToLastSubUrl&quot;:true,&quot;hidden&quot;:false,&quot;disabled&quot;:false,&quot;tooltip&quot;:&quot;&quot;},{&quot;id&quot;:&quot;apm&quot;,&quot;title&quot;:&quot;APM&quot;,&quot;order&quot;:8100,&quot;icon&quot;:&quot;plugins/apm/icon.svg&quot;,&quot;euiIconType&quot;:&quot;apmApp&quot;,&quot;url&quot;:&quot;/app/apm&quot;,&quot;linkToLastSubUrl&quot;:true},{&quot;id&quot;:&quot;uptime&quot;,&quot;title&quot;:&quot;Uptime&quot;,&quot;order&quot;:8900,&quot;icon&quot;:&quot;plugins/uptime/icons/heartbeat_white.svg&quot;,&quot;euiIconType&quot;:&quot;uptimeApp&quot;,&quot;url&quot;:&quot;/app/uptime#/&quot;,&quot;linkToLastSubUrl&quot;:true},{&quot;id&quot;:&quot;siem&quot;,&quot;title&quot;:&quot;SIEM&quot;,&quot;order&quot;:9000,&quot;url&quot;:&quot;/app/siem&quot;,&quot;subUrlBase&quot;:&quot;/app/siem&quot;,&quot;euiIconType&quot;:&quot;securityAnalyticsApp&quot;,&quot;linkToLastSubUrl&quot;:true,&quot;hidden&quot;:false,&quot;disabled&quot;:false,&quot;tooltip&quot;:&quot;&quot;},{&quot;id&quot;:&quot;graph&quot;,&quot;title&quot;:&quot;Graph&quot;,&quot;order&quot;:9000,&quot;icon&quot;:&quot;plugins/graph/icon.png&quot;,&quot;euiIconType&quot;:&quot;graphApp&quot;,&quot;url&quot;:&quot;/app/graph&quot;,&quot;linkToLastSubUrl&quot;:true},{&quot;id&quot;:&quot;kibana:dev_tools&quot;,&quot;title&quot;:&quot;Dev Tools&quot;,&quot;order&quot;:9001,&quot;url&quot;:&quot;/app/kibana#/dev_tools&quot;,&quot;subUrlBase&quot;:&quot;/app/kibana#/dev_tools&quot;,&quot;euiIconType&quot;:&quot;devToolsApp&quot;,&quot;linkToLastSubUrl&quot;:true,&quot;hidden&quot;:false,&quot;disabled&quot;:false,&quot;tooltip&quot;:&quot;&quot;},{&quot;id&quot;:&quot;monitoring&quot;,&quot;title&quot;:&quot;Stack Monitoring&quot;,&quot;order&quot;:9002,&quot;icon&quot;:&quot;plugins/monitoring/icons/monitoring.svg&quot;,&quot;euiIconType&quot;:&quot;monitoringApp&quot;,&quot;url&quot;:&quot;/app/monitoring&quot;,&quot;linkToLastSubUrl&quot;:false},{&quot;id&quot;:&quot;kibana:management&quot;,&quot;title&quot;:&quot;Management&quot;,&quot;order&quot;:9003,&quot;url&quot;:&quot;/app/kibana#/management&quot;,&quot;subUrlBase&quot;:&quot;/app/kibana#/management&quot;,&quot;euiIconType&quot;:&quot;managementApp&quot;,&quot;linkToLastSubUrl&quot;:false,&quot;hidden&quot;:false,&quot;disabled&quot;:false,&quot;tooltip&quot;:&quot;&quot;}],&quot;version&quot;:&quot;7.6.1&quot;,&quot;branch&quot;:&quot;7.6&quot;,&quot;buildNum&quot;:29118,&quot;buildSha&quot;:&quot;5ddabf8510131ebf173762b7405e5e18f2757c12&quot;,&quot;devMode&quot;:false,&quot;basePath&quot;:&quot;&quot;,&quot;uiSettings&quot;:{&quot;defaults&quot;:{&quot;xPack:defaultAdminEmail&quot;:{&quot;name&quot;:&quot;Admin email&quot;,&quot;description&quot;:&quot;Recipient email address for X-Pack admin operations, such as Cluster Alert email notifications from Monitoring.&quot;,&quot;type&quot;:&quot;string&quot;,&quot;value&quot;:null},&quot;xpackDashboardMode:roles&quot;:{&quot;name&quot;:&quot;Dashboards only roles&quot;,&quot;description&quot;:&quot;Roles that belong to View Dashboards Only mode&quot;,&quot;value&quot;:[&quot;kibana_dashboard_only_user&quot;],&quot;category&quot;:[&quot;dashboard&quot;]},&quot;rollups:enableIndexPatterns&quot;:{&quot;name&quot;:&quot;Enable rollup index patterns&quot;,&quot;value&quot;:true,&quot;description&quot;:&quot;Enable the creation of index patterns which capture rollup indices,\n              which in turn enable visualizations based on rollup data. Refresh\n              the page to apply the changes.&quot;,&quot;category&quot;:[&quot;rollups&quot;]},&quot;siem:refreshIntervalDefaults&quot;:{&quot;type&quot;:&quot;json&quot;,&quot;name&quot;:&quot;Time filter refresh interval&quot;,&quot;value&quot;:&quot;{\n  \&quot;pause\&quot;: true,\n  \&quot;value\&quot;: 300000\n}&quot;,&quot;description&quot;:&quot;&lt;p&gt;Default refresh interval for the SIEM time filter, in milliseconds.&lt;/p&gt;&quot;,&quot;category&quot;:[&quot;siem&quot;],&quot;requiresPageReload&quot;:true},&quot;siem:timeDefaults&quot;:{&quot;type&quot;:&quot;json&quot;,&quot;name&quot;:&quot;Time filter period&quot;,&quot;value&quot;:&quot;{\n  \&quot;from\&quot;: \&quot;now-24h\&quot;,\n  \&quot;to\&quot;: \&quot;now\&quot;\n}&quot;,&quot;description&quot;:&quot;&lt;p&gt;Default period of time in the SIEM time filter.&lt;/p&gt;&quot;,&quot;category&quot;:[&quot;siem&quot;],&quot;requiresPageReload&quot;:true},&quot;siem:defaultIndex&quot;:{&quot;name&quot;:&quot;Elasticsearch indices&quot;,&quot;value&quot;:[&quot;apm-*-transaction*&quot;,&quot;auditbeat-*&quot;,&quot;endgame-*&quot;,&quot;filebeat-*&quot;,&quot;packetbeat-*&quot;,&quot;winlogbeat-*&quot;],&quot;description&quot;:&quot;&lt;p&gt;Comma-delimited list of Elasticsearch indices from which the SIEM app collects events.&lt;/p&gt;&quot;,&quot;category&quot;:[&quot;siem&quot;],&quot;requiresPageReload&quot;:true},&quot;siem:defaultAnomalyScore&quot;:{&quot;name&quot;:&quot;Anomaly threshold&quot;,&quot;value&quot;:50,&quot;type&quot;:&quot;number&quot;,&quot;description&quot;:&quot;&lt;p&gt;Value above which Machine Learning job anomalies are displayed in the SIEM app.&lt;/p&gt;&lt;p&gt;Valid values: 0 to 100.&lt;/p&gt;&quot;,&quot;category&quot;:[&quot;siem&quot;],&quot;requiresPageReload&quot;:true},&quot;siem:enableNewsFeed&quot;:{&quot;name&quot;:&quot;News feed&quot;,&quot;value&quot;:true,&quot;description&quot;:&quot;&lt;p&gt;Enables the News feed&lt;/p&gt;&quot;,&quot;type&quot;:&quot;boolean&quot;,&quot;category&quot;:[&quot;siem&quot;],&quot;requiresPageReload&quot;:true},&quot;siem:newsFeedUrl&quot;:{&quot;name&quot;:&quot;News feed URL&quot;,&quot;value&quot;:&quot;https://feeds.elastic.co/security-solution&quot;,&quot;description&quot;:&quot;&lt;p&gt;News feed content will be retrieved from this URL&lt;/p&gt;&quot;,&quot;category&quot;:[&quot;siem&quot;],&quot;requiresPageReload&quot;:true},&quot;buildNum&quot;:{&quot;readonly&quot;:true},&quot;defaultRoute&quot;:{&quot;name&quot;:&quot;Default route&quot;,&quot;value&quot;:&quot;/app/kibana&quot;,&quot;validation&quot;:{&quot;regexString&quot;:&quot;^/&quot;,&quot;message&quot;:&quot;The route must start with a slash (\&quot;/\&quot;)&quot;},&quot;description&quot;:&quot;This setting specifies the default route when opening Kibana. You can use this setting to modify the landing page when opening Kibana. The route must start with a slash (\&quot;/\&quot;).&quot;},&quot;query:queryString:options&quot;:{&quot;name&quot;:&quot;Query string options&quot;,&quot;value&quot;:&quot;{ \&quot;analyze_wildcard\&quot;: true }&quot;,&quot;description&quot;:&quot;&lt;a href=\&quot;https://www.elastic.co/guide/en/elasticsearch/reference/current/query-dsl-query-string-query.html\&quot; target=\&quot;_blank\&quot; rel=\&quot;noopener noreferrer\&quot;&gt;Options&lt;/a&gt; for the lucene query string parser. Is only used when \&quot;Query language\&quot; is set to Lucene.&quot;,&quot;type&quot;:&quot;json&quot;},&quot;query:allowLeadingWildcards&quot;:{&quot;name&quot;:&quot;Allow leading wildcards in query&quot;,&quot;value&quot;:true,&quot;description&quot;:&quot;When set, * is allowed as the first character in a query clause. Currently only applies when experimental query features are enabled in the query bar. To disallow leading wildcards in basic lucene queries, use query:queryString:options.&quot;},&quot;search:queryLanguage&quot;:{&quot;name&quot;:&quot;Query language&quot;,&quot;value&quot;:&quot;kuery&quot;,&quot;description&quot;:&quot;Query language used by the query bar. KQL is a new language built specifically for Kibana.&quot;,&quot;type&quot;:&quot;select&quot;,&quot;options&quot;:[&quot;lucene&quot;,&quot;kuery&quot;],&quot;optionLabels&quot;:{&quot;lucene&quot;:&quot;Lucene&quot;,&quot;kuery&quot;:&quot;KQL&quot;}},&quot;sort:options&quot;:{&quot;name&quot;:&quot;Sort options&quot;,&quot;value&quot;:&quot;{ \&quot;unmapped_type\&quot;: \&quot;boolean\&quot; }&quot;,&quot;description&quot;:&quot;&lt;a href=\&quot;https://www.elastic.co/guide/en/elasticsearch/reference/current/search-request-sort.html\&quot; target=\&quot;_blank\&quot; rel=\&quot;noopener noreferrer\&quot;&gt;Options&lt;/a&gt; for the Elasticsearch sort parameter&quot;,&quot;type&quot;:&quot;json&quot;},&quot;dateFormat&quot;:{&quot;name&quot;:&quot;Date format&quot;,&quot;value&quot;:&quot;MMM D, YYYY @ HH:mm:ss.SSS&quot;,&quot;description&quot;:&quot;When displaying a pretty formatted date, use this &lt;a href=\&quot;https://momentjs.com/docs/#/displaying/format/\&quot; target=\&quot;_blank\&quot; rel=\&quot;noopener noreferrer\&quot;&gt;format&lt;/a&gt;&quot;},&quot;dateFormat:tz&quot;:{&quot;name&quot;:&quot;Timezone for date formatting&quot;,&quot;value&quot;:&quot;Browser&quot;,&quot;description&quot;:&quot;Which timezone should be used. \&quot;Browser\&quot; will use the timezone detected by your browser.&quot;,&quot;type&quot;:&quot;select&quot;,&quot;options&quot;:[&quot;Browser&quot;,&quot;Africa/Abidjan&quot;,&quot;Africa/Accra&quot;,&quot;Africa/Addis_Ababa&quot;,&quot;Africa/Algiers&quot;,&quot;Africa/Asmara&quot;,&quot;Africa/Asmera&quot;,&quot;Africa/Bamako&quot;,&quot;Africa/Bangui&quot;,&quot;Africa/Banjul&quot;,&quot;Africa/Bissau&quot;,&quot;Africa/Blantyre&quot;,&quot;Africa/Brazzaville&quot;,&quot;Africa/Bujumbura&quot;,&quot;Africa/Cairo&quot;,&quot;Africa/Casablanca&quot;,&quot;Africa/Ceuta&quot;,&quot;Africa/Conakry&quot;,&quot;Africa/Dakar&quot;,&quot;Africa/Dar_es_Salaam&quot;,&quot;Africa/Djibouti&quot;,&quot;Africa/Douala&quot;,&quot;Africa/El_Aaiun&quot;,&quot;Africa/Freetown&quot;,&quot;Africa/Gaborone&quot;,&quot;Africa/Harare&quot;,&quot;Africa/Johannesburg&quot;,&quot;Africa/Juba&quot;,&quot;Africa/Kampala&quot;,&quot;Africa/Khartoum&quot;,&quot;Africa/Kigali&quot;,&quot;Africa/Kinshasa&quot;,&quot;Africa/Lagos&quot;,&quot;Africa/Libreville&quot;,&quot;Africa/Lome&quot;,&quot;Africa/Luanda&quot;,&quot;Africa/Lubumbashi&quot;,&quot;Africa/Lusaka&quot;,&quot;Africa/Malabo&quot;,&quot;Africa/Maputo&quot;,&quot;Africa/Maseru&quot;,&quot;Africa/Mbabane&quot;,&quot;Africa/Mogadishu&quot;,&quot;Africa/Monrovia&quot;,&quot;Africa/Nairobi&quot;,&quot;Africa/Ndjamena&quot;,&quot;Africa/Niamey&quot;,&quot;Africa/Nouakchott&quot;,&quot;Africa/Ouagadougou&quot;,&quot;Africa/Porto-Novo&quot;,&quot;Africa/Sao_Tome&quot;,&quot;Africa/Timbuktu&quot;,&quot;Africa/Tripoli&quot;,&quot;Africa/Tunis&quot;,&quot;Africa/Windhoek&quot;,&quot;America/Adak&quot;,&quot;America/Anchorage&quot;,&quot;America/Anguilla&quot;,&quot;America/Antigua&quot;,&quot;America/Araguaina&quot;,&quot;America/Argentina/Buenos_Aires&quot;,&quot;America/Argentina/Catamarca&quot;,&quot;America/Argentina/ComodRivadavia&quot;,&quot;America/Argentina/Cordoba&quot;,&quot;America/Argentina/Jujuy&quot;,&quot;America/Argentina/La_Rioja&quot;,&quot;America/Argentina/Mendoza&quot;,&quot;America/Argentina/Rio_Gallegos&quot;,&quot;America/Argentina/Salta&quot;,&quot;America/Argentina/San_Juan&quot;,&quot;America/Argentina/San_Luis&quot;,&quot;America/Argentina/Tucuman&quot;,&quot;America/Argentina/Ushuaia&quot;,&quot;America/Aruba&quot;,&quot;America/Asuncion&quot;,&quot;America/Atikokan&quot;,&quot;America/Atka&quot;,&quot;America/Bahia&quot;,&quot;America/Bahia_Banderas&quot;,&quot;America/Barbados&quot;,&quot;America/Belem&quot;,&quot;America/Belize&quot;,&quot;America/Blanc-Sablon&quot;,&quot;America/Boa_Vista&quot;,&quot;America/Bogota&quot;,&quot;America/Boise&quot;,&quot;America/Buenos_Aires&quot;,&quot;America/Cambridge_Bay&quot;,&quot;America/Campo_Grande&quot;,&quot;America/Cancun&quot;,&quot;America/Caracas&quot;,&quot;America/Catamarca&quot;,&quot;America/Cayenne&quot;,&quot;America/Cayman&quot;,&quot;America/Chicago&quot;,&quot;America/Chihuahua&quot;,&quot;America/Coral_Harbour&quot;,&quot;America/Cordoba&quot;,&quot;America/Costa_Rica&quot;,&quot;America/Creston&quot;,&quot;America/Cuiaba&quot;,&quot;America/Curacao&quot;,&quot;America/Danmarkshavn&quot;,&quot;America/Dawson&quot;,&quot;America/Dawson_Creek&quot;,&quot;America/Denver&quot;,&quot;America/Detroit&quot;,&quot;America/Dominica&quot;,&quot;America/Edmonton&quot;,&quot;America/Eirunepe&quot;,&quot;America/El_Salvador&quot;,&quot;America/Ensenada&quot;,&quot;America/Fort_Nelson&quot;,&quot;America/Fort_Wayne&quot;,&quot;America/Fortaleza&quot;,&quot;America/Glace_Bay&quot;,&quot;America/Godthab&quot;,&quot;America/Goose_Bay&quot;,&quot;America/Grand_Turk&quot;,&quot;America/Grenada&quot;,&quot;America/Guadeloupe&quot;,&quot;America/Guatemala&quot;,&quot;America/Guayaquil&quot;,&quot;America/Guyana&quot;,&quot;America/Halifax&quot;,&quot;America/Havana&quot;,&quot;America/Hermosillo&quot;,&quot;America/Indiana/Indianapolis&quot;,&quot;America/Indiana/Knox&quot;,&quot;America/Indiana/Marengo&quot;,&quot;America/Indiana/Petersburg&quot;,&quot;America/Indiana/Tell_City&quot;,&quot;America/Indiana/Vevay&quot;,&quot;America/Indiana/Vincennes&quot;,&quot;America/Indiana/Winamac&quot;,&quot;America/Indianapolis&quot;,&quot;America/Inuvik&quot;,&quot;America/Iqaluit&quot;,&quot;America/Jamaica&quot;,&quot;America/Jujuy&quot;,&quot;America/Juneau&quot;,&quot;America/Kentucky/Louisville&quot;,&quot;America/Kentucky/Monticello&quot;,&quot;America/Knox_IN&quot;,&quot;America/Kralendijk&quot;,&quot;America/La_Paz&quot;,&quot;America/Lima&quot;,&quot;America/Los_Angeles&quot;,&quot;America/Louisville&quot;,&quot;America/Lower_Princes&quot;,&quot;America/Maceio&quot;,&quot;America/Managua&quot;,&quot;America/Manaus&quot;,&quot;America/Marigot&quot;,&quot;America/Martinique&quot;,&quot;America/Matamoros&quot;,&quot;America/Mazatlan&quot;,&quot;America/Mendoza&quot;,&quot;America/Menominee&quot;,&quot;America/Merida&quot;,&quot;America/Metlakatla&quot;,&quot;America/Mexico_City&quot;,&quot;America/Miquelon&quot;,&quot;America/Moncton&quot;,&quot;America/Monterrey&quot;,&quot;America/Montevideo&quot;,&quot;America/Montreal&quot;,&quot;America/Montserrat&quot;,&quot;America/Nassau&quot;,&quot;America/New_York&quot;,&quot;America/Nipigon&quot;,&quot;America/Nome&quot;,&quot;America/Noronha&quot;,&quot;America/North_Dakota/Beulah&quot;,&quot;America/North_Dakota/Center&quot;,&quot;America/North_Dakota/New_Salem&quot;,&quot;America/Ojinaga&quot;,&quot;America/Panama&quot;,&quot;America/Pangnirtung&quot;,&quot;America/Paramaribo&quot;,&quot;America/Phoenix&quot;,&quot;America/Port-au-Prince&quot;,&quot;America/Port_of_Spain&quot;,&quot;America/Porto_Acre&quot;,&quot;America/Porto_Velho&quot;,&quot;America/Puerto_Rico&quot;,&quot;America/Punta_Arenas&quot;,&quot;America/Rainy_River&quot;,&quot;America/Rankin_Inlet&quot;,&quot;America/Recife&quot;,&quot;America/Regina&quot;,&quot;America/Resolute&quot;,&quot;America/Rio_Branco&quot;,&quot;America/Rosario&quot;,&quot;America/Santa_Isabel&quot;,&quot;America/Santarem&quot;,&quot;America/Santiago&quot;,&quot;America/Santo_Domingo&quot;,&quot;America/Sao_Paulo&quot;,&quot;America/Scoresbysund&quot;,&quot;America/Shiprock&quot;,&quot;America/Sitka&quot;,&quot;America/St_Barthelemy&quot;,&quot;America/St_Johns&quot;,&quot;America/St_Kitts&quot;,&quot;America/St_Lucia&quot;,&quot;America/St_Thomas&quot;,&quot;America/St_Vincent&quot;,&quot;America/Swift_Current&quot;,&quot;America/Tegucigalpa&quot;,&quot;America/Thule&quot;,&quot;America/Thunder_Bay&quot;,&quot;America/Tijuana&quot;,&quot;America/Toronto&quot;,&quot;America/Tortola&quot;,&quot;America/Vancouver&quot;,&quot;America/Virgin&quot;,&quot;America/Whitehorse&quot;,&quot;America/Winnipeg&quot;,&quot;America/Yakutat&quot;,&quot;America/Yellowknife&quot;,&quot;Antarctica/Casey&quot;,&quot;Antarctica/Davis&quot;,&quot;Antarctica/DumontDUrville&quot;,&quot;Antarctica/Macquarie&quot;,&quot;Antarctica/Mawson&quot;,&quot;Antarctica/McMurdo&quot;,&quot;Antarctica/Palmer&quot;,&quot;Antarctica/Rothera&quot;,&quot;Antarctica/South_Pole&quot;,&quot;Antarctica/Syowa&quot;,&quot;Antarctica/Troll&quot;,&quot;Antarctica/Vostok&quot;,&quot;Arctic/Longyearbyen&quot;,&quot;Asia/Aden&quot;,&quot;Asia/Almaty&quot;,&quot;Asia/Amman&quot;,&quot;Asia/Anadyr&quot;,&quot;Asia/Aqtau&quot;,&quot;Asia/Aqtobe&quot;,&quot;Asia/Ashgabat&quot;,&quot;Asia/Ashkhabad&quot;,&quot;Asia/Atyrau&quot;,&quot;Asia/Baghdad&quot;,&quot;Asia/Bahrain&quot;,&quot;Asia/Baku&quot;,&quot;Asia/Bangkok&quot;,&quot;Asia/Barnaul&quot;,&quot;Asia/Beirut&quot;,&quot;Asia/Bishkek&quot;,&quot;Asia/Brunei&quot;,&quot;Asia/Calcutta&quot;,&quot;Asia/Chita&quot;,&quot;Asia/Choibalsan&quot;,&quot;Asia/Chongqing&quot;,&quot;Asia/Chungking&quot;,&quot;Asia/Colombo&quot;,&quot;Asia/Dacca&quot;,&quot;Asia/Damascus&quot;,&quot;Asia/Dhaka&quot;,&quot;Asia/Dili&quot;,&quot;Asia/Dubai&quot;,&quot;Asia/Dushanbe&quot;,&quot;Asia/Famagusta&quot;,&quot;Asia/Gaza&quot;,&quot;Asia/Harbin&quot;,&quot;Asia/Hebron&quot;,&quot;Asia/Ho_Chi_Minh&quot;,&quot;Asia/Hong_Kong&quot;,&quot;Asia/Hovd&quot;,&quot;Asia/Irkutsk&quot;,&quot;Asia/Istanbul&quot;,&quot;Asia/Jakarta&quot;,&quot;Asia/Jayapura&quot;,&quot;Asia/Jerusalem&quot;,&quot;Asia/Kabul&quot;,&quot;Asia/Kamchatka&quot;,&quot;Asia/Karachi&quot;,&quot;Asia/Kashgar&quot;,&quot;Asia/Kathmandu&quot;,&quot;Asia/Katmandu&quot;,&quot;Asia/Khandyga&quot;,&quot;Asia/Kolkata&quot;,&quot;Asia/Krasnoyarsk&quot;,&quot;Asia/Kuala_Lumpur&quot;,&quot;Asia/Kuching&quot;,&quot;Asia/Kuwait&quot;,&quot;Asia/Macao&quot;,&quot;Asia/Macau&quot;,&quot;Asia/Magadan&quot;,&quot;Asia/Makassar&quot;,&quot;Asia/Manila&quot;,&quot;Asia/Muscat&quot;,&quot;Asia/Nicosia&quot;,&quot;Asia/Novokuznetsk&quot;,&quot;Asia/Novosibirsk&quot;,&quot;Asia/Omsk&quot;,&quot;Asia/Oral&quot;,&quot;Asia/Phnom_Penh&quot;,&quot;Asia/Pontianak&quot;,&quot;Asia/Pyongyang&quot;,&quot;Asia/Qatar&quot;,&quot;Asia/Qostanay&quot;,&quot;Asia/Qyzylorda&quot;,&quot;Asia/Rangoon&quot;,&quot;Asia/Riyadh&quot;,&quot;Asia/Saigon&quot;,&quot;Asia/Sakhalin&quot;,&quot;Asia/Samarkand&quot;,&quot;Asia/Seoul&quot;,&quot;Asia/Shanghai&quot;,&quot;Asia/Singapore&quot;,&quot;Asia/Srednekolymsk&quot;,&quot;Asia/Taipei&quot;,&quot;Asia/Tashkent&quot;,&quot;Asia/Tbilisi&quot;,&quot;Asia/Tehran&quot;,&quot;Asia/Tel_Aviv&quot;,&quot;Asia/Thimbu&quot;,&quot;Asia/Thimphu&quot;,&quot;Asia/Tokyo&quot;,&quot;Asia/Tomsk&quot;,&quot;Asia/Ujung_Pandang&quot;,&quot;Asia/Ulaanbaatar&quot;,&quot;Asia/Ulan_Bator&quot;,&quot;Asia/Urumqi&quot;,&quot;Asia/Ust-Nera&quot;,&quot;Asia/Vientiane&quot;,&quot;Asia/Vladivostok&quot;,&quot;Asia/Yakutsk&quot;,&quot;Asia/Yangon&quot;,&quot;Asia/Yekaterinburg&quot;,&quot;Asia/Yerevan&quot;,&quot;Atlantic/Azores&quot;,&quot;Atlantic/Bermuda&quot;,&quot;Atlantic/Canary&quot;,&quot;Atlantic/Cape_Verde&quot;,&quot;Atlantic/Faeroe&quot;,&quot;Atlantic/Faroe&quot;,&quot;Atlantic/Jan_Mayen&quot;,&quot;Atlantic/Madeira&quot;,&quot;Atlantic/Reykjavik&quot;,&quot;Atlantic/South_Georgia&quot;,&quot;Atlantic/St_Helena&quot;,&quot;Atlantic/Stanley&quot;,&quot;Australia/ACT&quot;,&quot;Australia/Adelaide&quot;,&quot;Australia/Brisbane&quot;,&quot;Australia/Broken_Hill&quot;,&quot;Australia/Canberra&quot;,&quot;Australia/Currie&quot;,&quot;Australia/Darwin&quot;,&quot;Australia/Eucla&quot;,&quot;Australia/Hobart&quot;,&quot;Australia/LHI&quot;,&quot;Australia/Lindeman&quot;,&quot;Australia/Lord_Howe&quot;,&quot;Australia/Melbourne&quot;,&quot;Australia/NSW&quot;,&quot;Australia/North&quot;,&quot;Australia/Perth&quot;,&quot;Australia/Queensland&quot;,&quot;Australia/South&quot;,&quot;Australia/Sydney&quot;,&quot;Australia/Tasmania&quot;,&quot;Australia/Victoria&quot;,&quot;Australia/West&quot;,&quot;Australia/Yancowinna&quot;,&quot;Brazil/Acre&quot;,&quot;Brazil/DeNoronha&quot;,&quot;Brazil/East&quot;,&quot;Brazil/West&quot;,&quot;CET&quot;,&quot;CST6CDT&quot;,&quot;Canada/Atlantic&quot;,&quot;Canada/Central&quot;,&quot;Canada/Eastern&quot;,&quot;Canada/Mountain&quot;,&quot;Canada/Newfoundland&quot;,&quot;Canada/Pacific&quot;,&quot;Canada/Saskatchewan&quot;,&quot;Canada/Yukon&quot;,&quot;Chile/Continental&quot;,&quot;Chile/EasterIsland&quot;,&quot;Cuba&quot;,&quot;EET&quot;,&quot;EST&quot;,&quot;EST5EDT&quot;,&quot;Egypt&quot;,&quot;Eire&quot;,&quot;Etc/GMT&quot;,&quot;Etc/GMT+0&quot;,&quot;Etc/GMT+1&quot;,&quot;Etc/GMT+10&quot;,&quot;Etc/GMT+11&quot;,&quot;Etc/GMT+12&quot;,&quot;Etc/GMT+2&quot;,&quot;Etc/GMT+3&quot;,&quot;Etc/GMT+4&quot;,&quot;Etc/GMT+5&quot;,&quot;Etc/GMT+6&quot;,&quot;Etc/GMT+7&quot;,&quot;Etc/GMT+8&quot;,&quot;Etc/GMT+9&quot;,&quot;Etc/GMT-0&quot;,&quot;Etc/GMT-1&quot;,&quot;Etc/GMT-10&quot;,&quot;Etc/GMT-11&quot;,&quot;Etc/GMT-12&quot;,&quot;Etc/GMT-13&quot;,&quot;Etc/GMT-14&quot;,&quot;Etc/GMT-2&quot;,&quot;Etc/GMT-3&quot;,&quot;Etc/GMT-4&quot;,&quot;Etc/GMT-5&quot;,&quot;Etc/GMT-6&quot;,&quot;Etc/GMT-7&quot;,&quot;Etc/GMT-8&quot;,&quot;Etc/GMT-9&quot;,&quot;Etc/GMT0&quot;,&quot;Etc/Greenwich&quot;,&quot;Etc/UCT&quot;,&quot;Etc/UTC&quot;,&quot;Etc/Universal&quot;,&quot;Etc/Zulu&quot;,&quot;Europe/Amsterdam&quot;,&quot;Europe/Andorra&quot;,&quot;Europe/Astrakhan&quot;,&quot;Europe/Athens&quot;,&quot;Europe/Belfast&quot;,&quot;Europe/Belgrade&quot;,&quot;Europe/Berlin&quot;,&quot;Europe/Bratislava&quot;,&quot;Europe/Brussels&quot;,&quot;Europe/Bucharest&quot;,&quot;Europe/Budapest&quot;,&quot;Europe/Busingen&quot;,&quot;Europe/Chisinau&quot;,&quot;Europe/Copenhagen&quot;,&quot;Europe/Dublin&quot;,&quot;Europe/Gibraltar&quot;,&quot;Europe/Guernsey&quot;,&quot;Europe/Helsinki&quot;,&quot;Europe/Isle_of_Man&quot;,&quot;Europe/Istanbul&quot;,&quot;Europe/Jersey&quot;,&quot;Europe/Kaliningrad&quot;,&quot;Europe/Kiev&quot;,&quot;Europe/Kirov&quot;,&quot;Europe/Lisbon&quot;,&quot;Europe/Ljubljana&quot;,&quot;Europe/London&quot;,&quot;Europe/Luxembourg&quot;,&quot;Europe/Madrid&quot;,&quot;Europe/Malta&quot;,&quot;Europe/Mariehamn&quot;,&quot;Europe/Minsk&quot;,&quot;Europe/Monaco&quot;,&quot;Europe/Moscow&quot;,&quot;Europe/Nicosia&quot;,&quot;Europe/Oslo&quot;,&quot;Europe/Paris&quot;,&quot;Europe/Podgorica&quot;,&quot;Europe/Prague&quot;,&quot;Europe/Riga&quot;,&quot;Europe/Rome&quot;,&quot;Europe/Samara&quot;,&quot;Europe/San_Marino&quot;,&quot;Europe/Sarajevo&quot;,&quot;Europe/Saratov&quot;,&quot;Europe/Simferopol&quot;,&quot;Europe/Skopje&quot;,&quot;Europe/Sofia&quot;,&quot;Europe/Stockholm&quot;,&quot;Europe/Tallinn&quot;,&quot;Europe/Tirane&quot;,&quot;Europe/Tiraspol&quot;,&quot;Europe/Ulyanovsk&quot;,&quot;Europe/Uzhgorod&quot;,&quot;Europe/Vaduz&quot;,&quot;Europe/Vatican&quot;,&quot;Europe/Vienna&quot;,&quot;Europe/Vilnius&quot;,&quot;Europe/Volgograd&quot;,&quot;Europe/Warsaw&quot;,&quot;Europe/Zagreb&quot;,&quot;Europe/Zaporozhye&quot;,&quot;Europe/Zurich&quot;,&quot;GB&quot;,&quot;GB-Eire&quot;,&quot;GMT&quot;,&quot;GMT+0&quot;,&quot;GMT-0&quot;,&quot;GMT0&quot;,&quot;Greenwich&quot;,&quot;HST&quot;,&quot;Hongkong&quot;,&quot;Iceland&quot;,&quot;Indian/Antananarivo&quot;,&quot;Indian/Chagos&quot;,&quot;Indian/Christmas&quot;,&quot;Indian/Cocos&quot;,&quot;Indian/Comoro&quot;,&quot;Indian/Kerguelen&quot;,&quot;Indian/Mahe&quot;,&quot;Indian/Maldives&quot;,&quot;Indian/Mauritius&quot;,&quot;Indian/Mayotte&quot;,&quot;Indian/Reunion&quot;,&quot;Iran&quot;,&quot;Israel&quot;,&quot;Jamaica&quot;,&quot;Japan&quot;,&quot;Kwajalein&quot;,&quot;Libya&quot;,&quot;MET&quot;,&quot;MST&quot;,&quot;MST7MDT&quot;,&quot;Mexico/BajaNorte&quot;,&quot;Mexico/BajaSur&quot;,&quot;Mexico/General&quot;,&quot;NZ&quot;,&quot;NZ-CHAT&quot;,&quot;Navajo&quot;,&quot;PRC&quot;,&quot;PST8PDT&quot;,&quot;Pacific/Apia&quot;,&quot;Pacific/Auckland&quot;,&quot;Pacific/Bougainville&quot;,&quot;Pacific/Chatham&quot;,&quot;Pacific/Chuuk&quot;,&quot;Pacific/Easter&quot;,&quot;Pacific/Efate&quot;,&quot;Pacific/Enderbury&quot;,&quot;Pacific/Fakaofo&quot;,&quot;Pacific/Fiji&quot;,&quot;Pacific/Funafuti&quot;,&quot;Pacific/Galapagos&quot;,&quot;Pacific/Gambier&quot;,&quot;Pacific/Guadalcanal&quot;,&quot;Pacific/Guam&quot;,&quot;Pacific/Honolulu&quot;,&quot;Pacific/Johnston&quot;,&quot;Pacific/Kiritimati&quot;,&quot;Pacific/Kosrae&quot;,&quot;Pacific/Kwajalein&quot;,&quot;Pacific/Majuro&quot;,&quot;Pacific/Marquesas&quot;,&quot;Pacific/Midway&quot;,&quot;Pacific/Nauru&quot;,&quot;Pacific/Niue&quot;,&quot;Pacific/Norfolk&quot;,&quot;Pacific/Noumea&quot;,&quot;Pacific/Pago_Pago&quot;,&quot;Pacific/Palau&quot;,&quot;Pacific/Pitcairn&quot;,&quot;Pacific/Pohnpei&quot;,&quot;Pacific/Ponape&quot;,&quot;Pacific/Port_Moresby&quot;,&quot;Pacific/Rarotonga&quot;,&quot;Pacific/Saipan&quot;,&quot;Pacific/Samoa&quot;,&quot;Pacific/Tahiti&quot;,&quot;Pacific/Tarawa&quot;,&quot;Pacific/Tongatapu&quot;,&quot;Pacific/Truk&quot;,&quot;Pacific/Wake&quot;,&quot;Pacific/Wallis&quot;,&quot;Pacific/Yap&quot;,&quot;Poland&quot;,&quot;Portugal&quot;,&quot;ROC&quot;,&quot;ROK&quot;,&quot;Singapore&quot;,&quot;Turkey&quot;,&quot;UCT&quot;,&quot;US/Alaska&quot;,&quot;US/Aleutian&quot;,&quot;US/Arizona&quot;,&quot;US/Central&quot;,&quot;US/East-Indiana&quot;,&quot;US/Eastern&quot;,&quot;US/Hawaii&quot;,&quot;US/Indiana-Starke&quot;,&quot;US/Michigan&quot;,&quot;US/Mountain&quot;,&quot;US/Pacific&quot;,&quot;US/Pacific-New&quot;,&quot;US/Samoa&quot;,&quot;UTC&quot;,&quot;Universal&quot;,&quot;W-SU&quot;,&quot;WET&quot;,&quot;Zulu&quot;],&quot;requiresPageReload&quot;:true},&quot;dateFormat:scaled&quot;:{&quot;name&quot;:&quot;Scaled date format&quot;,&quot;type&quot;:&quot;json&quot;,&quot;value&quot;:&quot;[\n  [\&quot;\&quot;, \&quot;HH:mm:ss.SSS\&quot;],\n  [\&quot;PT1S\&quot;, \&quot;HH:mm:ss\&quot;],\n  [\&quot;PT1M\&quot;, \&quot;HH:mm\&quot;],\n  [\&quot;PT1H\&quot;, \&quot;YYYY-MM-DD HH:mm\&quot;],\n  [\&quot;P1DT\&quot;, \&quot;YYYY-MM-DD\&quot;],\n  [\&quot;P1YT\&quot;, \&quot;YYYY\&quot;]\n]&quot;,&quot;description&quot;:&quot;Values that define the format used in situations where time-based data is rendered in order, and formatted timestamps should adapt to the interval between measurements. Keys are &lt;a href=\&quot;http://en.wikipedia.org/wiki/ISO_8601#Time_intervals\&quot; target=\&quot;_blank\&quot; rel=\&quot;noopener noreferrer\&quot;&gt;ISO8601 intervals&lt;/a&gt;.&quot;},&quot;dateFormat:dow&quot;:{&quot;name&quot;:&quot;Day of week&quot;,&quot;value&quot;:&quot;Sunday&quot;,&quot;description&quot;:&quot;What day should weeks start on?&quot;,&quot;type&quot;:&quot;select&quot;,&quot;options&quot;:[&quot;Sunday&quot;,&quot;Monday&quot;,&quot;Tuesday&quot;,&quot;Wednesday&quot;,&quot;Thursday&quot;,&quot;Friday&quot;,&quot;Saturday&quot;]},&quot;dateNanosFormat&quot;:{&quot;name&quot;:&quot;Date with nanoseconds format&quot;,&quot;value&quot;:&quot;MMM D, YYYY @ HH:mm:ss.SSSSSSSSS&quot;,&quot;description&quot;:&quot;Used for the &lt;a href=\&quot;https://www.elastic.co/guide/en/elasticsearch/reference/master/date_nanos.html\&quot; target=\&quot;_blank\&quot; rel=\&quot;noopener noreferrer\&quot;&gt;date_nanos&lt;/a&gt; datatype of Elasticsearch&quot;},&quot;defaultIndex&quot;:{&quot;name&quot;:&quot;Default index&quot;,&quot;value&quot;:null,&quot;description&quot;:&quot;The index to access if no index is set&quot;},&quot;defaultColumns&quot;:{&quot;name&quot;:&quot;Default columns&quot;,&quot;value&quot;:[&quot;_source&quot;],&quot;description&quot;:&quot;Columns displayed by default in the Discovery tab&quot;,&quot;category&quot;:[&quot;discover&quot;]},&quot;metaFields&quot;:{&quot;name&quot;:&quot;Meta fields&quot;,&quot;value&quot;:[&quot;_source&quot;,&quot;_id&quot;,&quot;_type&quot;,&quot;_index&quot;,&quot;_score&quot;],&quot;description&quot;:&quot;Fields that exist outside of _source to merge into our document when displaying it&quot;},&quot;discover:sampleSize&quot;:{&quot;name&quot;:&quot;Number of rows&quot;,&quot;value&quot;:500,&quot;description&quot;:&quot;The number of rows to show in the table&quot;,&quot;category&quot;:[&quot;discover&quot;]},&quot;discover:aggs:terms:size&quot;:{&quot;name&quot;:&quot;Number of terms&quot;,&quot;value&quot;:20,&quot;type&quot;:&quot;number&quot;,&quot;description&quot;:&quot;Determines how many terms will be visualized when clicking the \&quot;visualize\&quot; button, in the field drop downs, in the discover sidebar.&quot;,&quot;category&quot;:[&quot;discover&quot;]},&quot;discover:sort:defaultOrder&quot;:{&quot;name&quot;:&quot;Default sort direction&quot;,&quot;value&quot;:&quot;desc&quot;,&quot;options&quot;:[&quot;desc&quot;,&quot;asc&quot;],&quot;optionLabels&quot;:{&quot;desc&quot;:&quot;Descending&quot;,&quot;asc&quot;:&quot;Ascending&quot;},&quot;type&quot;:&quot;select&quot;,&quot;description&quot;:&quot;Controls the default sort direction for time based index patterns in the Discover app.&quot;,&quot;category&quot;:[&quot;discover&quot;]},&quot;discover:searchOnPageLoad&quot;:{&quot;name&quot;:&quot;Search on page load&quot;,&quot;value&quot;:true,&quot;type&quot;:&quot;boolean&quot;,&quot;description&quot;:&quot;Controls whether a search is executed when Discover first loads. This setting does not have an effect when loading a saved search.&quot;,&quot;category&quot;:[&quot;discover&quot;]},&quot;doc_table:highlight&quot;:{&quot;name&quot;:&quot;Highlight results&quot;,&quot;value&quot;:true,&quot;description&quot;:&quot;Highlight results in Discover and Saved Searches Dashboard. Highlighting makes requests slow when working on big documents.&quot;,&quot;category&quot;:[&quot;discover&quot;]},&quot;doc_table:hideTimeColumn&quot;:{&quot;name&quot;:&quot;Hide &#x27;Time&#x27; column&quot;,&quot;value&quot;:false,&quot;description&quot;:&quot;Hide the &#x27;Time&#x27; column in Discover and in all Saved Searches on Dashboards.&quot;,&quot;category&quot;:[&quot;discover&quot;]},&quot;courier:ignoreFilterIfFieldNotInIndex&quot;:{&quot;name&quot;:&quot;Ignore filter(s)&quot;,&quot;value&quot;:false,&quot;description&quot;:&quot;This configuration enhances support for dashboards containing visualizations accessing dissimilar indexes. When disabled, all filters are applied to all visualizations. When enabled, filter(s) will be ignored for a visualization when the visualization&#x27;s index does not contain the filtering field.&quot;,&quot;category&quot;:[&quot;search&quot;]},&quot;courier:setRequestPreference&quot;:{&quot;name&quot;:&quot;Request preference&quot;,&quot;value&quot;:&quot;sessionId&quot;,&quot;options&quot;:[&quot;sessionId&quot;,&quot;custom&quot;,&quot;none&quot;],&quot;optionLabels&quot;:{&quot;sessionId&quot;:&quot;Session ID&quot;,&quot;custom&quot;:&quot;Custom&quot;,&quot;none&quot;:&quot;None&quot;},&quot;type&quot;:&quot;select&quot;,&quot;description&quot;:&quot;Allows you to set which shards handle your search requests.\n          &lt;ul&gt;\n            &lt;li&gt;&lt;strong&gt;Session ID:&lt;/strong&gt; restricts operations to execute all search requests on the same shards.\n              This has the benefit of reusing shard caches across requests.&lt;/li&gt;\n            &lt;li&gt;&lt;strong&gt;Custom:&lt;/strong&gt; allows you to define a your own preference.\n              Use &lt;strong&gt;courier:customRequestPreference&lt;/strong&gt; to customize your preference value.&lt;/li&gt;\n            &lt;li&gt;&lt;strong&gt;None:&lt;/strong&gt; means do not set a preference.\n              This might provide better performance because requests can be spread across all shard copies.\n              However, results might be inconsistent because different shards might be in different refresh states.&lt;/li&gt;\n          &lt;/ul&gt;&quot;,&quot;category&quot;:[&quot;search&quot;]},&quot;courier:customRequestPreference&quot;:{&quot;name&quot;:&quot;Custom request preference&quot;,&quot;value&quot;:&quot;_local&quot;,&quot;type&quot;:&quot;string&quot;,&quot;description&quot;:&quot;&lt;a href=\&quot;https://www.elastic.co/guide/en/elasticsearch/reference/current/search-request-preference.html\&quot; target=\&quot;_blank\&quot; rel=\&quot;noopener noreferrer\&quot;&gt;Request Preference&lt;/a&gt; used when &lt;strong&gt;courier:setRequestPreference&lt;/strong&gt; is set to \&quot;custom\&quot;.&quot;,&quot;category&quot;:[&quot;search&quot;]},&quot;courier:maxConcurrentShardRequests&quot;:{&quot;name&quot;:&quot;Max Concurrent Shard Requests&quot;,&quot;value&quot;:0,&quot;type&quot;:&quot;number&quot;,&quot;description&quot;:&quot;Controls the &lt;a href=\&quot;https://www.elastic.co/guide/en/elasticsearch/reference/current/search-multi-search.html\&quot;\n            target=\&quot;_blank\&quot; rel=\&quot;noopener noreferrer\&quot; &gt;max_concurrent_shard_requests&lt;/a&gt; setting used for _msearch requests sent by Kibana. Set to 0 to disable this config and use the Elasticsearch default.&quot;,&quot;category&quot;:[&quot;search&quot;]},&quot;courier:batchSearches&quot;:{&quot;name&quot;:&quot;Batch concurrent searches&quot;,&quot;value&quot;:false,&quot;type&quot;:&quot;boolean&quot;,&quot;description&quot;:&quot;When disabled, dashboard panels will load individually, and search requests will terminate when users navigate\n           away or update the query. When enabled, dashboard panels will load together when all of the data is loaded, and\n           searches will not terminate.&quot;,&quot;deprecation&quot;:{&quot;message&quot;:&quot;This setting is deprecated and will be removed in Kibana 8.0.&quot;,&quot;docLinksKey&quot;:&quot;kibanaSearchSettings&quot;},&quot;category&quot;:[&quot;search&quot;]},&quot;search:includeFrozen&quot;:{&quot;name&quot;:&quot;Search in frozen indices&quot;,&quot;description&quot;:&quot;Will include &lt;a href=\&quot;https://www.elastic.co/guide/en/elasticsearch/reference/current/frozen-indices.html\&quot;\n        target=\&quot;_blank\&quot; rel=\&quot;noopener noreferrer\&quot;&gt;frozen indices&lt;/a&gt; in results if enabled. Searching through frozen indices\n        might increase the search time.&quot;,&quot;value&quot;:false,&quot;category&quot;:[&quot;search&quot;]},&quot;fields:popularLimit&quot;:{&quot;name&quot;:&quot;Popular fields limit&quot;,&quot;value&quot;:10,&quot;description&quot;:&quot;The top N most popular fields to show&quot;},&quot;histogram:barTarget&quot;:{&quot;name&quot;:&quot;Target bars&quot;,&quot;value&quot;:50,&quot;description&quot;:&quot;Attempt to generate around this many bars when using \&quot;auto\&quot; interval in date histograms&quot;},&quot;histogram:maxBars&quot;:{&quot;name&quot;:&quot;Maximum bars&quot;,&quot;value&quot;:100,&quot;description&quot;:&quot;Never show more than this many bars in date histograms, scale values if needed&quot;},&quot;visualize:enableLabs&quot;:{&quot;name&quot;:&quot;Enable experimental visualizations&quot;,&quot;value&quot;:true,&quot;description&quot;:&quot;Allows users to create, view, and edit experimental visualizations. If disabled,\n          only visualizations that are considered production-ready are available to the user.&quot;,&quot;category&quot;:[&quot;visualization&quot;]},&quot;visualization:tileMap:maxPrecision&quot;:{&quot;name&quot;:&quot;Maximum tile map precision&quot;,&quot;value&quot;:7,&quot;description&quot;:&quot;The maximum geoHash precision displayed on tile maps: 7 is high, 10 is very high, 12 is the max. &lt;a href=\&quot;http://www.elastic.co/guide/en/elasticsearch/reference/current/search-aggregations-bucket-geohashgrid-aggregation.html#_cell_dimensions_at_the_equator\&quot;\n            target=\&quot;_blank\&quot; rel=\&quot;noopener noreferrer\&quot;&gt;Explanation of cell dimensions&lt;/a&gt;&quot;,&quot;category&quot;:[&quot;visualization&quot;]},&quot;visualization:tileMap:WMSdefaults&quot;:{&quot;name&quot;:&quot;Default WMS properties&quot;,&quot;value&quot;:&quot;{\n  \&quot;enabled\&quot;: false,\n  \&quot;options\&quot;: {\n    \&quot;format\&quot;: \&quot;image/png\&quot;,\n    \&quot;transparent\&quot;: true\n  }\n}&quot;,&quot;type&quot;:&quot;json&quot;,&quot;description&quot;:&quot;Default &lt;a href=\&quot;http://leafletjs.com/reference.html#tilelayer-wms\&quot; target=\&quot;_blank\&quot; rel=\&quot;noopener noreferrer\&quot;&gt;properties&lt;/a&gt; for the WMS map server support in the coordinate map&quot;,&quot;category&quot;:[&quot;visualization&quot;]},&quot;visualization:regionmap:showWarnings&quot;:{&quot;name&quot;:&quot;Show region map warning&quot;,&quot;value&quot;:true,&quot;description&quot;:&quot;Whether the region map shows a warning when terms cannot be joined to a shape on the map.&quot;,&quot;category&quot;:[&quot;visualization&quot;]},&quot;visualization:colorMapping&quot;:{&quot;name&quot;:&quot;Color mapping&quot;,&quot;value&quot;:&quot;{\&quot;Count\&quot;:\&quot;#00A69B\&quot;}&quot;,&quot;type&quot;:&quot;json&quot;,&quot;description&quot;:&quot;Maps values to specified colors within visualizations&quot;,&quot;category&quot;:[&quot;visualization&quot;]},&quot;visualization:loadingDelay&quot;:{&quot;name&quot;:&quot;Loading delay&quot;,&quot;value&quot;:&quot;2s&quot;,&quot;description&quot;:&quot;Time to wait before dimming visualizations during query&quot;,&quot;category&quot;:[&quot;visualization&quot;]},&quot;visualization:dimmingOpacity&quot;:{&quot;name&quot;:&quot;Dimming opacity&quot;,&quot;value&quot;:0.5,&quot;type&quot;:&quot;number&quot;,&quot;description&quot;:&quot;The opacity of the chart items that are dimmed when highlighting another element of the chart. The lower this number, the more the highlighted element will stand out. This must be a number between 0 and 1.&quot;,&quot;category&quot;:[&quot;visualization&quot;]},&quot;visualization:heatmap:maxBuckets&quot;:{&quot;name&quot;:&quot;Heatmap maximum buckets&quot;,&quot;value&quot;:50,&quot;type&quot;:&quot;number&quot;,&quot;description&quot;:&quot;The maximum number of buckets a single datasource can return. A higher number might have negative impact on browser rendering performance&quot;,&quot;category&quot;:[&quot;visualization&quot;]},&quot;csv:separator&quot;:{&quot;name&quot;:&quot;CSV separator&quot;,&quot;value&quot;:&quot;,&quot;,&quot;description&quot;:&quot;Separate exported values with this string&quot;},&quot;csv:quoteValues&quot;:{&quot;name&quot;:&quot;Quote CSV values&quot;,&quot;value&quot;:true,&quot;description&quot;:&quot;Should values be quoted in csv exports?&quot;},&quot;history:limit&quot;:{&quot;name&quot;:&quot;History limit&quot;,&quot;value&quot;:10,&quot;description&quot;:&quot;In fields that have history (e.g. query inputs), show this many recent values&quot;},&quot;shortDots:enable&quot;:{&quot;name&quot;:&quot;Shorten fields&quot;,&quot;value&quot;:false,&quot;description&quot;:&quot;Shorten long fields, for example, instead of foo.bar.baz, show f.b.baz&quot;},&quot;truncate:maxHeight&quot;:{&quot;name&quot;:&quot;Maximum table cell height&quot;,&quot;value&quot;:115,&quot;description&quot;:&quot;The maximum height that a cell in a table should occupy. Set to 0 to disable truncation&quot;},&quot;indexPattern:fieldMapping:lookBack&quot;:{&quot;name&quot;:&quot;Recent matching patterns&quot;,&quot;value&quot;:5,&quot;description&quot;:&quot;For index patterns containing timestamps in their names, look for this many recent matching patterns from which to query the field mapping&quot;},&quot;format:defaultTypeMap&quot;:{&quot;name&quot;:&quot;Field type format name&quot;,&quot;value&quot;:&quot;{\n  \&quot;ip\&quot;: { \&quot;id\&quot;: \&quot;ip\&quot;, \&quot;params\&quot;: {} },\n  \&quot;date\&quot;: { \&quot;id\&quot;: \&quot;date\&quot;, \&quot;params\&quot;: {} },\n  \&quot;date_nanos\&quot;: { \&quot;id\&quot;: \&quot;date_nanos\&quot;, \&quot;params\&quot;: {}, \&quot;es\&quot;: true },\n  \&quot;number\&quot;: { \&quot;id\&quot;: \&quot;number\&quot;, \&quot;params\&quot;: {} },\n  \&quot;boolean\&quot;: { \&quot;id\&quot;: \&quot;boolean\&quot;, \&quot;params\&quot;: {} },\n  \&quot;_source\&quot;: { \&quot;id\&quot;: \&quot;_source\&quot;, \&quot;params\&quot;: {} },\n  \&quot;_default_\&quot;: { \&quot;id\&quot;: \&quot;string\&quot;, \&quot;params\&quot;: {} }\n}&quot;,&quot;type&quot;:&quot;json&quot;,&quot;description&quot;:&quot;Map of the format name to use by default for each field type. \&quot;_default_\&quot; is used if the field type is not mentioned explicitly&quot;},&quot;format:number:defaultPattern&quot;:{&quot;name&quot;:&quot;Number format&quot;,&quot;value&quot;:&quot;0,0.[000]&quot;,&quot;type&quot;:&quot;string&quot;,&quot;description&quot;:&quot;Default &lt;a href=\&quot;http://numeraljs.com/\&quot; target=\&quot;_blank\&quot; rel=\&quot;noopener noreferrer\&quot;&gt;numeral format&lt;/a&gt; for the \&quot;number\&quot; format&quot;},&quot;format:bytes:defaultPattern&quot;:{&quot;name&quot;:&quot;Bytes format&quot;,&quot;value&quot;:&quot;0,0.[0]b&quot;,&quot;type&quot;:&quot;string&quot;,&quot;description&quot;:&quot;Default &lt;a href=\&quot;http://numeraljs.com/\&quot; target=\&quot;_blank\&quot; rel=\&quot;noopener noreferrer\&quot;&gt;numeral format&lt;/a&gt; for the \&quot;bytes\&quot; format&quot;},&quot;format:percent:defaultPattern&quot;:{&quot;name&quot;:&quot;Percent format&quot;,&quot;value&quot;:&quot;0,0.[000]%&quot;,&quot;type&quot;:&quot;string&quot;,&quot;description&quot;:&quot;Default &lt;a href=\&quot;http://numeraljs.com/\&quot; target=\&quot;_blank\&quot; rel=\&quot;noopener noreferrer\&quot;&gt;numeral format&lt;/a&gt; for the \&quot;percent\&quot; format&quot;},&quot;format:currency:defaultPattern&quot;:{&quot;name&quot;:&quot;Currency format&quot;,&quot;value&quot;:&quot;($0,0.[00])&quot;,&quot;type&quot;:&quot;string&quot;,&quot;description&quot;:&quot;Default &lt;a href=\&quot;http://numeraljs.com/\&quot; target=\&quot;_blank\&quot; rel=\&quot;noopener noreferrer\&quot;&gt;numeral format&lt;/a&gt; for the \&quot;currency\&quot; format&quot;},&quot;format:number:defaultLocale&quot;:{&quot;name&quot;:&quot;Formatting locale&quot;,&quot;value&quot;:&quot;en&quot;,&quot;type&quot;:&quot;select&quot;,&quot;options&quot;:[&quot;en&quot;,&quot;be-nl&quot;,&quot;chs&quot;,&quot;cs&quot;,&quot;da-dk&quot;,&quot;de-ch&quot;,&quot;de&quot;,&quot;en-gb&quot;,&quot;es-ES&quot;,&quot;es&quot;,&quot;et&quot;,&quot;fi&quot;,&quot;fr-CA&quot;,&quot;fr-ch&quot;,&quot;fr&quot;,&quot;hu&quot;,&quot;it&quot;,&quot;ja&quot;,&quot;nl-nl&quot;,&quot;pl&quot;,&quot;pt-br&quot;,&quot;pt-pt&quot;,&quot;ru-UA&quot;,&quot;ru&quot;,&quot;sk&quot;,&quot;th&quot;,&quot;tr&quot;,&quot;uk-UA&quot;],&quot;description&quot;:&quot;&lt;a href=\&quot;http://numeraljs.com/\&quot; target=\&quot;_blank\&quot; rel=\&quot;noopener noreferrer\&quot;&gt;Numeral language&lt;/a&gt; locale&quot;},&quot;savedObjects:perPage&quot;:{&quot;name&quot;:&quot;Objects per page&quot;,&quot;value&quot;:20,&quot;type&quot;:&quot;number&quot;,&quot;description&quot;:&quot;Number of objects to show per page in the load dialog&quot;},&quot;savedObjects:listingLimit&quot;:{&quot;name&quot;:&quot;Objects listing limit&quot;,&quot;type&quot;:&quot;number&quot;,&quot;value&quot;:1000,&quot;description&quot;:&quot;Number of objects to fetch for the listing pages&quot;},&quot;timepicker:timeDefaults&quot;:{&quot;name&quot;:&quot;Time filter defaults&quot;,&quot;value&quot;:&quot;{\n  \&quot;from\&quot;: \&quot;now-15m\&quot;,\n  \&quot;to\&quot;: \&quot;now\&quot;\n}&quot;,&quot;type&quot;:&quot;json&quot;,&quot;description&quot;:&quot;The timefilter selection to use when Kibana is started without one&quot;,&quot;requiresPageReload&quot;:true},&quot;timepicker:refreshIntervalDefaults&quot;:{&quot;name&quot;:&quot;Time filter refresh interval&quot;,&quot;value&quot;:&quot;{\n  \&quot;pause\&quot;: false,\n  \&quot;value\&quot;: 0\n}&quot;,&quot;type&quot;:&quot;json&quot;,&quot;description&quot;:&quot;The timefilter&#x27;s default refresh interval&quot;,&quot;requiresPageReload&quot;:true},&quot;timepicker:quickRanges&quot;:{&quot;name&quot;:&quot;Time filter quick ranges&quot;,&quot;value&quot;:&quot;[\n  {\n    \&quot;from\&quot;: \&quot;now/d\&quot;,\n    \&quot;to\&quot;: \&quot;now/d\&quot;,\n    \&quot;display\&quot;: \&quot;Today\&quot;\n  },\n  {\n    \&quot;from\&quot;: \&quot;now/w\&quot;,\n    \&quot;to\&quot;: \&quot;now/w\&quot;,\n    \&quot;display\&quot;: \&quot;This week\&quot;\n  },\n  {\n    \&quot;from\&quot;: \&quot;now-15m\&quot;,\n    \&quot;to\&quot;: \&quot;now\&quot;,\n    \&quot;display\&quot;: \&quot;Last 15 minutes\&quot;\n  },\n  {\n    \&quot;from\&quot;: \&quot;now-30m\&quot;,\n    \&quot;to\&quot;: \&quot;now\&quot;,\n    \&quot;display\&quot;: \&quot;Last 30 minutes\&quot;\n  },\n  {\n    \&quot;from\&quot;: \&quot;now-1h\&quot;,\n    \&quot;to\&quot;: \&quot;now\&quot;,\n    \&quot;display\&quot;: \&quot;Last 1 hour\&quot;\n  },\n  {\n    \&quot;from\&quot;: \&quot;now-24h\&quot;,\n    \&quot;to\&quot;: \&quot;now\&quot;,\n    \&quot;display\&quot;: \&quot;Last 24 hours\&quot;\n  },\n  {\n    \&quot;from\&quot;: \&quot;now-7d\&quot;,\n    \&quot;to\&quot;: \&quot;now\&quot;,\n    \&quot;display\&quot;: \&quot;Last 7 days\&quot;\n  },\n  {\n    \&quot;from\&quot;: \&quot;now-30d\&quot;,\n    \&quot;to\&quot;: \&quot;now\&quot;,\n    \&quot;display\&quot;: \&quot;Last 30 days\&quot;\n  },\n  {\n    \&quot;from\&quot;: \&quot;now-90d\&quot;,\n    \&quot;to\&quot;: \&quot;now\&quot;,\n    \&quot;display\&quot;: \&quot;Last 90 days\&quot;\n  },\n  {\n    \&quot;from\&quot;: \&quot;now-1y\&quot;,\n    \&quot;to\&quot;: \&quot;now\&quot;,\n    \&quot;display\&quot;: \&quot;Last 1 year\&quot;\n  }\n]&quot;,&quot;type&quot;:&quot;json&quot;,&quot;description&quot;:&quot;The list of ranges to show in the Quick section of the time filter. This should be an array of objects, with each object containing \&quot;from\&quot;, \&quot;to\&quot; (see &lt;a href=\&quot;https://www.elastic.co/guide/en/elasticsearch/reference/current/common-options.html#date-math\&quot;\n            target=\&quot;_blank\&quot; rel=\&quot;noopener noreferrer\&quot;&gt;accepted formats&lt;/a&gt;), and \&quot;display\&quot; (the title to be displayed).&quot;},&quot;theme:darkMode&quot;:{&quot;name&quot;:&quot;Dark mode&quot;,&quot;value&quot;:false,&quot;description&quot;:&quot;Enable a dark mode for the Kibana UI. A page refresh is required for the setting to be applied.&quot;,&quot;requiresPageReload&quot;:true},&quot;filters:pinnedByDefault&quot;:{&quot;name&quot;:&quot;Pin filters by default&quot;,&quot;value&quot;:false,&quot;description&quot;:&quot;Whether the filters should have a global state (be pinned) by default&quot;},&quot;filterEditor:suggestValues&quot;:{&quot;name&quot;:&quot;Filter editor suggest values&quot;,&quot;value&quot;:true,&quot;description&quot;:&quot;Set this property to false to prevent the filter editor from suggesting values for fields.&quot;},&quot;notifications:banner&quot;:{&quot;name&quot;:&quot;Custom banner notification&quot;,&quot;value&quot;:&quot;&quot;,&quot;type&quot;:&quot;markdown&quot;,&quot;description&quot;:&quot;A custom banner intended for temporary notices to all users. &lt;a href=\&quot;https://help.github.com/articles/basic-writing-and-formatting-syntax/\&quot;\n            target=\&quot;_blank\&quot; rel=\&quot;noopener noreferrer\&quot;&gt;Markdown supported&lt;/a&gt;.&quot;,&quot;category&quot;:[&quot;notifications&quot;]},&quot;notifications:lifetime:banner&quot;:{&quot;name&quot;:&quot;Banner notification lifetime&quot;,&quot;value&quot;:3000000,&quot;description&quot;:&quot;The time in milliseconds which a banner notification will be displayed on-screen for. Setting to Infinity will disable the countdown.&quot;,&quot;type&quot;:&quot;number&quot;,&quot;category&quot;:[&quot;notifications&quot;]},&quot;notifications:lifetime:error&quot;:{&quot;name&quot;:&quot;Error notification lifetime&quot;,&quot;value&quot;:300000,&quot;description&quot;:&quot;The time in milliseconds which an error notification will be displayed on-screen for. Setting to Infinity will disable.&quot;,&quot;type&quot;:&quot;number&quot;,&quot;category&quot;:[&quot;notifications&quot;]},&quot;notifications:lifetime:warning&quot;:{&quot;name&quot;:&quot;Warning notification lifetime&quot;,&quot;value&quot;:10000,&quot;description&quot;:&quot;The time in milliseconds which a warning notification will be displayed on-screen for. Setting to Infinity will disable.&quot;,&quot;type&quot;:&quot;number&quot;,&quot;category&quot;:[&quot;notifications&quot;]},&quot;notifications:lifetime:info&quot;:{&quot;name&quot;:&quot;Info notification lifetime&quot;,&quot;value&quot;:5000,&quot;description&quot;:&quot;The time in milliseconds which an information notification will be displayed on-screen for. Setting to Infinity will disable.&quot;,&quot;type&quot;:&quot;number&quot;,&quot;category&quot;:[&quot;notifications&quot;]},&quot;metrics:max_buckets&quot;:{&quot;name&quot;:&quot;Maximum buckets&quot;,&quot;value&quot;:2000,&quot;description&quot;:&quot;The maximum number of buckets a single datasource can return&quot;},&quot;state:storeInSessionStorage&quot;:{&quot;name&quot;:&quot;Store URLs in session storage&quot;,&quot;value&quot;:false,&quot;description&quot;:&quot;The URL can sometimes grow to be too large for some browsers to handle. To counter-act this we are testing if storing parts of the URL in session storage could help. Please let us know how it goes!&quot;},&quot;indexPattern:placeholder&quot;:{&quot;name&quot;:&quot;Index pattern placeholder&quot;,&quot;value&quot;:&quot;&quot;,&quot;description&quot;:&quot;The placeholder for the \&quot;Index pattern name\&quot; field in \&quot;Management &gt; Index Patterns &gt; Create Index Pattern\&quot;.&quot;},&quot;context:defaultSize&quot;:{&quot;name&quot;:&quot;Context size&quot;,&quot;value&quot;:5,&quot;description&quot;:&quot;The number of surrounding entries to show in the context view&quot;,&quot;category&quot;:[&quot;discover&quot;]},&quot;context:step&quot;:{&quot;name&quot;:&quot;Context size step&quot;,&quot;value&quot;:5,&quot;description&quot;:&quot;The step size to increment or decrement the context size by&quot;,&quot;category&quot;:[&quot;discover&quot;]},&quot;context:tieBreakerFields&quot;:{&quot;name&quot;:&quot;Tie breaker fields&quot;,&quot;value&quot;:[&quot;_doc&quot;],&quot;description&quot;:&quot;A comma-separated list of fields to use for tie-breaking between documents that have the same timestamp value. From this list the first field that is present and sortable in the current index pattern is used.&quot;,&quot;category&quot;:[&quot;discover&quot;]},&quot;accessibility:disableAnimations&quot;:{&quot;name&quot;:&quot;Disable Animations&quot;,&quot;value&quot;:false,&quot;description&quot;:&quot;Turn off all unnecessary animations in the Kibana UI. Refresh the page to apply the changes.&quot;,&quot;category&quot;:[&quot;accessibility&quot;],&quot;requiresPageReload&quot;:true},&quot;telemetry:optIn&quot;:{&quot;name&quot;:&quot;Telemetry opt-in&quot;,&quot;description&quot;:&quot;Help us improve the Elastic Stack by providing usage statistics for basic features. We will not share this data outside of Elastic.&quot;,&quot;value&quot;:false,&quot;readonly&quot;:true},&quot;timelion:showTutorial&quot;:{&quot;name&quot;:&quot;Show tutorial&quot;,&quot;value&quot;:false,&quot;description&quot;:&quot;Should I show the tutorial by default when entering the timelion app?&quot;,&quot;category&quot;:[&quot;timelion&quot;]},&quot;timelion:es.timefield&quot;:{&quot;name&quot;:&quot;Time field&quot;,&quot;value&quot;:&quot;@timestamp&quot;,&quot;description&quot;:&quot;Default field containing a timestamp when using .es()&quot;,&quot;category&quot;:[&quot;timelion&quot;]},&quot;timelion:es.default_index&quot;:{&quot;name&quot;:&quot;Default index&quot;,&quot;value&quot;:&quot;_all&quot;,&quot;description&quot;:&quot;Default elasticsearch index to search with .es()&quot;,&quot;category&quot;:[&quot;timelion&quot;]},&quot;timelion:target_buckets&quot;:{&quot;name&quot;:&quot;Target buckets&quot;,&quot;value&quot;:200,&quot;description&quot;:&quot;The number of buckets to shoot for when using auto intervals&quot;,&quot;category&quot;:[&quot;timelion&quot;]},&quot;timelion:max_buckets&quot;:{&quot;name&quot;:&quot;Maximum buckets&quot;,&quot;value&quot;:2000,&quot;description&quot;:&quot;The maximum number of buckets a single datasource can return&quot;,&quot;category&quot;:[&quot;timelion&quot;]},&quot;timelion:default_columns&quot;:{&quot;name&quot;:&quot;Default columns&quot;,&quot;value&quot;:2,&quot;description&quot;:&quot;Number of columns on a timelion sheet by default&quot;,&quot;category&quot;:[&quot;timelion&quot;]},&quot;timelion:default_rows&quot;:{&quot;name&quot;:&quot;Default rows&quot;,&quot;value&quot;:2,&quot;description&quot;:&quot;Number of rows on a timelion sheet by default&quot;,&quot;category&quot;:[&quot;timelion&quot;]},&quot;timelion:min_interval&quot;:{&quot;name&quot;:&quot;Minimum interval&quot;,&quot;value&quot;:&quot;1ms&quot;,&quot;description&quot;:&quot;The smallest interval that will be calculated when using \&quot;auto\&quot;&quot;,&quot;category&quot;:[&quot;timelion&quot;]},&quot;timelion:graphite.url&quot;:{&quot;name&quot;:&quot;Graphite URL&quot;,&quot;value&quot;:null,&quot;description&quot;:&quot;&lt;em&gt;[experimental]&lt;/em&gt; The &lt;a href=\&quot;https://www.hostedgraphite.com/UID/ACCESS_KEY/graphite\&quot; target=\&quot;_blank\&quot; rel=\&quot;noopener\&quot;&gt;URL&lt;/a&gt; of your graphite host&quot;,&quot;type&quot;:&quot;select&quot;,&quot;options&quot;:[],&quot;category&quot;:[&quot;timelion&quot;]},&quot;timelion:quandl.key&quot;:{&quot;name&quot;:&quot;Quandl key&quot;,&quot;value&quot;:&quot;someKeyHere&quot;,&quot;description&quot;:&quot;&lt;em&gt;[experimental]&lt;/em&gt; Your API key from www.quandl.com&quot;,&quot;category&quot;:[&quot;timelion&quot;]},&quot;xpackReporting:customPdfLogo&quot;:{&quot;name&quot;:&quot;PDF footer image&quot;,&quot;value&quot;:null,&quot;description&quot;:&quot;Custom image to use in the PDF&#x27;s footer&quot;,&quot;type&quot;:&quot;image&quot;,&quot;validation&quot;:{&quot;maxSize&quot;:{&quot;length&quot;:273066,&quot;description&quot;:&quot;200 kB&quot;}},&quot;category&quot;:[&quot;reporting&quot;]}},&quot;user&quot;:{&quot;buildNum&quot;:{&quot;userValue&quot;:29118}}}}}"></kbn-injected-metadata><div class="kibanaWelcomeView" id="kbn_loading_message" style="display:none" data-test-subj="kbnLoadingMessage"><div class="kibanaLoaderWrap"><div class="kibanaLoader"></div><div class="kibanaWelcomeLogoCircle"><div class="kibanaWelcomeLogo"></div></div></div><div class="kibanaWelcomeText" data-error-message="Kibana did not load properly. Check the server output for more information.">Loading Kibana</div></div><div class="kibanaWelcomeView" id="kbn_legacy_browser_error" style="display:none"><div class="kibanaLoaderWrap"><div class="kibanaWelcomeLogoCircle"><div class="kibanaWelcomeLogo"></div></div></div><h2 class="kibanaWelcomeTitle">Please upgrade your browser</h2><div class="kibanaWelcomeText">This Kibana installation has strict security requirements enabled that your current browser does not meet.</div></div><script>
            // Since this is an unsafe inline script, this code will not run
            // in browsers that support content security policy(CSP). This is
            // intentional as we check for the existence of __kbnCspNotEnforced__ in
            // bootstrap.
            window.__kbnCspNotEnforced__ = true;
          </script><script src="/bundles/app/kibana/bootstrap.js"></script></body></html>RedAdmin@Elk-Server:~$ 
RedAdmin@Elk-Server:~$ exit
logout
Connection to 20.231.76.151 closed.
root@2b6015c8569c:~# curl https://gist.githubusercontent.com/slape/5cc350109583af6cbe577bbcc0710c93/raw/eca603b72586fbe148c11f9c87bf96a63cb25760/Filebeat > /etc/ansible/filebeat-config.yml
  % Total    % Received % Xferd  Average Speed   Time    Time     Time  Current
                                 Dload  Upload   Total   Spent    Left  Speed
100 73112  100 73112    0     0   405k      0 --:--:-- --:--:-- --:--:--  405k
root@2b6015c8569c:~# sudo docker container list -a
bash: sudo: command not found
root@2b6015c8569c:~# sudo -l
bash: sudo: command not found
root@2b6015c8569c:~# nano /etc/ansible/filebeat-config.yml
root@2b6015c8569c:~# sudo filebeat-playbook.yml
bash: sudo: command not found
root@2b6015c8569c:~# cd /etc/ansible/roles/
bash: cd: /etc/ansible/roles/: No such file or directory
root@2b6015c8569c:~# ls
root@2b6015c8569c:~# ls /etc/ansible/
ansible.cfg  filebeat-config.yml  hosts  install-elk.yml  myfirstplaybook.yml
root@2b6015c8569c:~# nano /etc/ansible/filebeat-config.yml 
root@2b6015c8569c:~# nano /etc/ansible/roles/filebeat-playbook.yml
root@2b6015c8569c:~# curl https://gist.githubusercontent.com/slape/5cc350109583af6cbe577bbcc0710c93/raw/eca603b72586fbe148c11f9c87bf96a63cb25760/Filebeat > /etc/ansible/files/filebeat-config.yml
bash: /etc/ansible/files/filebeat-config.yml: No such file or directory
root@2b6015c8569c:~# nano /etc/ansible/roles/filebeat-playbook.yml
root@2b6015c8569c:~# ls /etc/ansible/
ansible.cfg  filebeat-config.yml  hosts  install-elk.yml  myfirstplaybook.yml
root@2b6015c8569c:~# nanot /etc/ansible/roles/filebeat-playbook.yml
bash: nanot: command not found
root@2b6015c8569c:~# nanot /etc/ansible/filebeat-playbook.yml
bash: nanot: command not found
root@2b6015c8569c:~# nano /etc/ansible/filebeat-playbook.yml
root@2b6015c8569c:~# ansible all -m command -a "mkdir ~/files"
10.0.0.4 | CHANGED | rc=0 >>

10.0.0.5 | CHANGED | rc=0 >>

10.0.0.6 | CHANGED | rc=0 >>

10.1.0.4 | CHANGED | rc=0 >>

root@2b6015c8569c:~# curl https://gist.githubusercontent.com/slape/5cc350109583af6cbe577bbcc0710c93/raw/eca603b72586fbe148c11f9c87bf96a63cb25760/Filebeat > /etc/ansible/files/filebeat-config.yml
bash: /etc/ansible/files/filebeat-config.yml: No such file or directory
root@2b6015c8569c:~# ls /etc/ansible/
ansible.cfg  filebeat-config.yml  hosts  install-elk.yml  myfirstplaybook.yml
root@2b6015c8569c:~# ls -la 
total 40
drwx------ 1 root root 4096 Mar 19 18:30 .
drwxr-xr-x 1 root root 4096 Mar 19 16:59 ..
drwxr-xr-x 4 root root 4096 Mar 19 18:24 .ansible
-rw------- 1 root root 1818 Mar 22 05:01 .bash_history
-rw-r--r-- 1 root root 3106 Dec  5  2019 .bashrc
drwxr-xr-x 3 root root 4096 May 27  2021 .cache
drwx------ 1 root root 4096 Mar 19 17:44 .local
-rw-r--r-- 1 root root  161 Dec  5  2019 .profile
drwx------ 2 root root 4096 Mar 19 17:32 .ssh
root@2b6015c8569c:~# nano /etc/ansible/mkdir.yml
root@2b6015c8569c:~# ansible-playbook mkdir.yml
ERROR! the playbook: mkdir.yml could not be found
root@2b6015c8569c:~# ls /etc/ansible/
ansible.cfg  filebeat-config.yml  hosts  install-elk.yml  mkdir.yml  myfirstplaybook.yml
root@2b6015c8569c:~# ansible-playbook /etc/ansible/mkdir.yml       
[WARNING]: ansible.utils.display.initialize_locale has not been called, this may result in incorrectly calculated text widths that can cause Display to print incorrect line
lengths

PLAY [all] ***********************************************************************************************************************************************************************

TASK [Gathering Facts] ***********************************************************************************************************************************************************
ok: [10.0.0.5]
ok: [10.0.0.6]
ok: [10.0.0.4]
ok: [10.1.0.4]

TASK [files dir] *****************************************************************************************************************************************************************
fatal: [10.0.0.6]: FAILED! => {"changed": false, "msg": "There was an issue creating /etc/ansible as requested: [Errno 13] Permission denied: b'/etc/ansible'", "path": "/etc/ansible/files"}
fatal: [10.0.0.5]: FAILED! => {"changed": false, "msg": "There was an issue creating /etc/ansible as requested: [Errno 13] Permission denied: b'/etc/ansible'", "path": "/etc/ansible/files"}
fatal: [10.0.0.4]: FAILED! => {"changed": false, "msg": "There was an issue creating /etc/ansible as requested: [Errno 13] Permission denied: b'/etc/ansible'", "path": "/etc/ansible/files"}
fatal: [10.1.0.4]: FAILED! => {"changed": false, "msg": "There was an issue creating /etc/ansible as requested: [Errno 13] Permission denied: b'/etc/ansible'", "path": "/etc/ansible/files"}

PLAY RECAP ***********************************************************************************************************************************************************************
10.0.0.4                   : ok=1    changed=0    unreachable=0    failed=1    skipped=0    rescued=0    ignored=0   
10.0.0.5                   : ok=1    changed=0    unreachable=0    failed=1    skipped=0    rescued=0    ignored=0   
10.0.0.6                   : ok=1    changed=0    unreachable=0    failed=1    skipped=0    rescued=0    ignored=0   
10.1.0.4                   : ok=1    changed=0    unreachable=0    failed=1    skipped=0    rescued=0    ignored=0   

root@2b6015c8569c:~# sudo ansible-playbook /etc/ansible/mkdir.yml
bash: sudo: command not found
root@2b6015c8569c:~# nano /etc/ansible/mkdir.yml
root@2b6015c8569c:~# ansible-playbook /etc/ansible/mkdir.yml
[WARNING]: ansible.utils.display.initialize_locale has not been called, this may result in incorrectly calculated text widths that can cause Display to print incorrect line
lengths

PLAY [all] ***********************************************************************************************************************************************************************

TASK [Gathering Facts] ***********************************************************************************************************************************************************
ok: [10.0.0.6]
ok: [10.0.0.5]
ok: [10.0.0.4]
ok: [10.1.0.4]

TASK [files dir] *****************************************************************************************************************************************************************
fatal: [10.0.0.4]: FAILED! => {"changed": false, "msg": "There was an issue creating /etc/ansible as requested: [Errno 13] Permission denied: b'/etc/ansible'", "path": "/etc/ansible/files"}
fatal: [10.0.0.5]: FAILED! => {"changed": false, "msg": "There was an issue creating /etc/ansible as requested: [Errno 13] Permission denied: b'/etc/ansible'", "path": "/etc/ansible/files"}
fatal: [10.0.0.6]: FAILED! => {"changed": false, "msg": "There was an issue creating /etc/ansible as requested: [Errno 13] Permission denied: b'/etc/ansible'", "path": "/etc/ansible/files"}
fatal: [10.1.0.4]: FAILED! => {"changed": false, "msg": "There was an issue creating /etc/ansible as requested: [Errno 13] Permission denied: b'/etc/ansible'", "path": "/etc/ansible/files"}

PLAY RECAP ***********************************************************************************************************************************************************************
10.0.0.4                   : ok=1    changed=0    unreachable=0    failed=1    skipped=0    rescued=0    ignored=0   
10.0.0.5                   : ok=1    changed=0    unreachable=0    failed=1    skipped=0    rescued=0    ignored=0   
10.0.0.6                   : ok=1    changed=0    unreachable=0    failed=1    skipped=0    rescued=0    ignored=0   
10.1.0.4                   : ok=1    changed=0    unreachable=0    failed=1    skipped=0    rescued=0    ignored=0   

root@2b6015c8569c:~# cd /etc/ansible/
root@2b6015c8569c:/etc/ansible# mkdir roles 
root@2b6015c8569c:/etc/ansible# mkdir files
root@2b6015c8569c:/etc/ansible# cd ..
root@2b6015c8569c:/etc# cd ..
root@2b6015c8569c:/# ls /etc/ansible
ansible.cfg  filebeat-config.yml  files  hosts  install-elk.yml  mkdir.yml  myfirstplaybook.yml  roles
root@2b6015c8569c:/# rm mkdir.yml
rm: cannot remove 'mkdir.yml': No such file or directory
root@2b6015c8569c:/# cd /etc/ansible/
root@2b6015c8569c:/etc/ansible# rm mkdir.yml
root@2b6015c8569c:/etc/ansible# ls
ansible.cfg  filebeat-config.yml  files  hosts  install-elk.yml  myfirstplaybook.yml  roles
root@2b6015c8569c:/etc/ansible# cd ../..
root@2b6015c8569c:/# curl https://gist.githubusercontent.com/slape/5cc350109583af6cbe577bbcc0710c93/raw/eca603b72586fbe148c11f9c87bf96a63cb25760/Filebeat > /etc/ansible/files/filebeat-config.yml
  % Total    % Received % Xferd  Average Speed   Time    Time     Time  Current
                                 Dload  Upload   Total   Spent    Left  Speed
100 73112  100 73112    0     0   362k      0 --:--:-- --:--:-- --:--:--  360k
root@2b6015c8569c:/# cd /etc/ansible/
root@2b6015c8569c:/etc/ansible# ls
ansible.cfg  filebeat-config.yml  files  hosts  install-elk.yml  myfirstplaybook.yml  roles
root@2b6015c8569c:/etc/ansible# cd ../..
root@2b6015c8569c:/# nano /etc/ansible/roles/filebeat-playbook.yml
root@2b6015c8569c:/# ansible-playbook /etc/ansible/roles/filebeat-playbook.yml 
[WARNING]: ansible.utils.display.initialize_locale has not been called, this may result in incorrectly calculated text widths that can cause Display to print incorrect line
lengths

PLAY [Installing and Launch Filebeat] ********************************************************************************************************************************************

TASK [Gathering Facts] ***********************************************************************************************************************************************************
ok: [10.0.0.4]
ok: [10.0.0.5]
ok: [10.0.0.6]

TASK [Download .deb file] ********************************************************************************************************************************************************
changed: [10.0.0.6]
changed: [10.0.0.5]
changed: [10.0.0.4]

TASK [Install .deb] **************************************************************************************************************************************************************
changed: [10.0.0.4]
changed: [10.0.0.5]
changed: [10.0.0.6]

TASK [Drop in filebeat.yml] ******************************************************************************************************************************************************
changed: [10.0.0.5]
changed: [10.0.0.6]
changed: [10.0.0.4]

TASK [Enable and Configure System Module] ****************************************************************************************************************************************
changed: [10.0.0.5]
changed: [10.0.0.4]
changed: [10.0.0.6]

TASK [Setup filebeat] ************************************************************************************************************************************************************
fatal: [10.0.0.5]: FAILED! => {"changed": true, "cmd": ["filebeat", "setup"], "delta": "0:00:03.104188", "end": "2022-03-23 04:53:22.877495", "msg": "non-zero return code", "rc": 1, "start": "2022-03-23 04:53:19.773307", "stderr": "Exiting: Couldn't connect to any of the configured Elasticsearch hosts. Errors: [Error connection to Elasticsearch http://10.0.0.12:9200: Get http://10.0.0.12:9200: dial tcp 10.0.0.12:9200: connect: no route to host]", "stderr_lines": ["Exiting: Couldn't connect to any of the configured Elasticsearch hosts. Errors: [Error connection to Elasticsearch http://10.0.0.12:9200: Get http://10.0.0.12:9200: dial tcp 10.0.0.12:9200: connect: no route to host]"], "stdout": "", "stdout_lines": []}
fatal: [10.0.0.4]: FAILED! => {"changed": true, "cmd": ["filebeat", "setup"], "delta": "0:00:03.112701", "end": "2022-03-23 04:53:22.878971", "msg": "non-zero return code", "rc": 1, "start": "2022-03-23 04:53:19.766270", "stderr": "Exiting: Couldn't connect to any of the configured Elasticsearch hosts. Errors: [Error connection to Elasticsearch http://10.0.0.12:9200: Get http://10.0.0.12:9200: dial tcp 10.0.0.12:9200: connect: no route to host]", "stderr_lines": ["Exiting: Couldn't connect to any of the configured Elasticsearch hosts. Errors: [Error connection to Elasticsearch http://10.0.0.12:9200: Get http://10.0.0.12:9200: dial tcp 10.0.0.12:9200: connect: no route to host]"], "stdout": "", "stdout_lines": []}
fatal: [10.0.0.6]: FAILED! => {"changed": true, "cmd": ["filebeat", "setup"], "delta": "0:00:03.120348", "end": "2022-03-23 04:53:22.973602", "msg": "non-zero return code", "rc": 1, "start": "2022-03-23 04:53:19.853254", "stderr": "Exiting: Couldn't connect to any of the configured Elasticsearch hosts. Errors: [Error connection to Elasticsearch http://10.0.0.12:9200: Get http://10.0.0.12:9200: dial tcp 10.0.0.12:9200: connect: no route to host]", "stderr_lines": ["Exiting: Couldn't connect to any of the configured Elasticsearch hosts. Errors: [Error connection to Elasticsearch http://10.0.0.12:9200: Get http://10.0.0.12:9200: dial tcp 10.0.0.12:9200: connect: no route to host]"], "stdout": "", "stdout_lines": []}

PLAY RECAP ***********************************************************************************************************************************************************************
10.0.0.4                   : ok=5    changed=4    unreachable=0    failed=1    skipped=0    rescued=0    ignored=0   
10.0.0.5                   : ok=5    changed=4    unreachable=0    failed=1    skipped=0    rescued=0    ignored=0   
10.0.0.6                   : ok=5    changed=4    unreachable=0    failed=1    skipped=0    rescued=0    ignored=0   

root@2b6015c8569c:/# nano /etc/ansible/roles/filebeat-playbook.yml
root@2b6015c8569c:/# nano /etc/ansible/roles/filebeat-playbook.yml
root@2b6015c8569c:/# nano /etc/ansible/roles/filebeat-playbook.yml
root@2b6015c8569c:/# nano /etc/ansible/roles/filebeat-playbook.yml
root@2b6015c8569c:/# ansible-playbook /etc/ansible/roles/filebeat-playbook.yml
[WARNING]: ansible.utils.display.initialize_locale has not been called, this may result in incorrectly calculated text widths that can cause Display to print incorrect line
lengths

PLAY [Installing and Launch Filebeat] ********************************************************************************************************************************************

TASK [Gathering Facts] ***********************************************************************************************************************************************************
ok: [10.0.0.4]
ok: [10.0.0.5]
ok: [10.0.0.6]

TASK [Download .deb file] ********************************************************************************************************************************************************
changed: [10.0.0.6]
changed: [10.0.0.5]
changed: [10.0.0.4]

TASK [Install .deb] **************************************************************************************************************************************************************
changed: [10.0.0.4]
changed: [10.0.0.6]
changed: [10.0.0.5]

TASK [Drop in filebeat.yml] ******************************************************************************************************************************************************
ok: [10.0.0.4]
ok: [10.0.0.5]
ok: [10.0.0.6]

TASK [Enable and Configure System Module] ****************************************************************************************************************************************
changed: [10.0.0.5]
changed: [10.0.0.4]
changed: [10.0.0.6]

TASK [Setup filebeat] ************************************************************************************************************************************************************
fatal: [10.0.0.4]: FAILED! => {"changed": true, "cmd": ["filebeat", "setup"], "delta": "0:00:03.111662", "end": "2022-03-23 05:02:06.430703", "msg": "non-zero return code", "rc": 1, "start": "2022-03-23 05:02:03.319041", "stderr": "Exiting: Couldn't connect to any of the configured Elasticsearch hosts. Errors: [Error connection to Elasticsearch http://10.0.0.12:9200: Get http://10.0.0.12:9200: dial tcp 10.0.0.12:9200: connect: no route to host]", "stderr_lines": ["Exiting: Couldn't connect to any of the configured Elasticsearch hosts. Errors: [Error connection to Elasticsearch http://10.0.0.12:9200: Get http://10.0.0.12:9200: dial tcp 10.0.0.12:9200: connect: no route to host]"], "stdout": "", "stdout_lines": []}
fatal: [10.0.0.5]: FAILED! => {"changed": true, "cmd": ["filebeat", "setup"], "delta": "0:00:03.123505", "end": "2022-03-23 05:02:06.469156", "msg": "non-zero return code", "rc": 1, "start": "2022-03-23 05:02:03.345651", "stderr": "Exiting: Couldn't connect to any of the configured Elasticsearch hosts. Errors: [Error connection to Elasticsearch http://10.0.0.12:9200: Get http://10.0.0.12:9200: dial tcp 10.0.0.12:9200: connect: no route to host]", "stderr_lines": ["Exiting: Couldn't connect to any of the configured Elasticsearch hosts. Errors: [Error connection to Elasticsearch http://10.0.0.12:9200: Get http://10.0.0.12:9200: dial tcp 10.0.0.12:9200: connect: no route to host]"], "stdout": "", "stdout_lines": []}
fatal: [10.0.0.6]: FAILED! => {"changed": true, "cmd": ["filebeat", "setup"], "delta": "0:00:03.130134", "end": "2022-03-23 05:02:06.525535", "msg": "non-zero return code", "rc": 1, "start": "2022-03-23 05:02:03.395401", "stderr": "Exiting: Couldn't connect to any of the configured Elasticsearch hosts. Errors: [Error connection to Elasticsearch http://10.0.0.12:9200: Get http://10.0.0.12:9200: dial tcp 10.0.0.12:9200: connect: no route to host]", "stderr_lines": ["Exiting: Couldn't connect to any of the configured Elasticsearch hosts. Errors: [Error connection to Elasticsearch http://10.0.0.12:9200: Get http://10.0.0.12:9200: dial tcp 10.0.0.12:9200: connect: no route to host]"], "stdout": "", "stdout_lines": []}

PLAY RECAP ***********************************************************************************************************************************************************************
10.0.0.4                   : ok=5    changed=3    unreachable=0    failed=1    skipped=0    rescued=0    ignored=0   
10.0.0.5                   : ok=5    changed=3    unreachable=0    failed=1    skipped=0    rescued=0    ignored=0   
10.0.0.6                   : ok=5    changed=3    unreachable=0    failed=1    skipped=0    rescued=0    ignored=0   

root@2b6015c8569c:/# nano /etc/ansible/roles/filebeat-playbook.yml
root@2b6015c8569c:/# ansible-playbook /etc/ansible/roles/filebeat-playbook.yml
[WARNING]: ansible.utils.display.initialize_locale has not been called, this may result in incorrectly calculated text widths that can cause Display to print incorrect line
lengths

PLAY [Installing and Launch Filebeat] ********************************************************************************************************************************************

TASK [Gathering Facts] ***********************************************************************************************************************************************************
ok: [10.0.0.5]
ok: [10.0.0.6]
ok: [10.0.0.4]

TASK [Download .deb file] ********************************************************************************************************************************************************
changed: [10.0.0.5]
changed: [10.0.0.6]
changed: [10.0.0.4]

TASK [Install .deb] **************************************************************************************************************************************************************
changed: [10.0.0.4]
changed: [10.0.0.5]
changed: [10.0.0.6]

TASK [Drop in filebeat.yml] ******************************************************************************************************************************************************
ok: [10.0.0.6]
ok: [10.0.0.4]
ok: [10.0.0.5]

TASK [Enable and Configure System Module] ****************************************************************************************************************************************
changed: [10.0.0.5]
changed: [10.0.0.4]
changed: [10.0.0.6]

TASK [Setup filebeat] ************************************************************************************************************************************************************
fatal: [10.0.0.4]: FAILED! => {"changed": true, "cmd": ["filebeat", "setup"], "delta": "0:00:03.114738", "end": "2022-03-23 05:05:53.918035", "msg": "non-zero return code", "rc": 1, "start": "2022-03-23 05:05:50.803297", "stderr": "Exiting: Couldn't connect to any of the configured Elasticsearch hosts. Errors: [Error connection to Elasticsearch http://10.0.0.12:9200: Get http://10.0.0.12:9200: dial tcp 10.0.0.12:9200: connect: no route to host]", "stderr_lines": ["Exiting: Couldn't connect to any of the configured Elasticsearch hosts. Errors: [Error connection to Elasticsearch http://10.0.0.12:9200: Get http://10.0.0.12:9200: dial tcp 10.0.0.12:9200: connect: no route to host]"], "stdout": "", "stdout_lines": []}
fatal: [10.0.0.5]: FAILED! => {"changed": true, "cmd": ["filebeat", "setup"], "delta": "0:00:03.126341", "end": "2022-03-23 05:05:53.950163", "msg": "non-zero return code", "rc": 1, "start": "2022-03-23 05:05:50.823822", "stderr": "Exiting: Couldn't connect to any of the configured Elasticsearch hosts. Errors: [Error connection to Elasticsearch http://10.0.0.12:9200: Get http://10.0.0.12:9200: dial tcp 10.0.0.12:9200: connect: no route to host]", "stderr_lines": ["Exiting: Couldn't connect to any of the configured Elasticsearch hosts. Errors: [Error connection to Elasticsearch http://10.0.0.12:9200: Get http://10.0.0.12:9200: dial tcp 10.0.0.12:9200: connect: no route to host]"], "stdout": "", "stdout_lines": []}
fatal: [10.0.0.6]: FAILED! => {"changed": true, "cmd": ["filebeat", "setup"], "delta": "0:00:03.105052", "end": "2022-03-23 05:05:54.045256", "msg": "non-zero return code", "rc": 1, "start": "2022-03-23 05:05:50.940204", "stderr": "Exiting: Couldn't connect to any of the configured Elasticsearch hosts. Errors: [Error connection to Elasticsearch http://10.0.0.12:9200: Get http://10.0.0.12:9200: dial tcp 10.0.0.12:9200: connect: no route to host]", "stderr_lines": ["Exiting: Couldn't connect to any of the configured Elasticsearch hosts. Errors: [Error connection to Elasticsearch http://10.0.0.12:9200: Get http://10.0.0.12:9200: dial tcp 10.0.0.12:9200: connect: no route to host]"], "stdout": "", "stdout_lines": []}

PLAY RECAP ***********************************************************************************************************************************************************************
10.0.0.4                   : ok=5    changed=3    unreachable=0    failed=1    skipped=0    rescued=0    ignored=0   
10.0.0.5                   : ok=5    changed=3    unreachable=0    failed=1    skipped=0    rescued=0    ignored=0   
10.0.0.6                   : ok=5    changed=3    unreachable=0    failed=1    skipped=0    rescued=0    ignored=0   

root@2b6015c8569c:/# nano /etc/ansible/roles/filebeat-playbook.yml
root@2b6015c8569c:/# ansible-playbook /etc/ansible/roles/filebeat-playbook.yml
[WARNING]: ansible.utils.display.initialize_locale has not been called, this may result in incorrectly calculated text widths that can cause Display to print incorrect line
lengths

PLAY [Installing and Launch Filebeat] ********************************************************************************************************************************************

TASK [Gathering Facts] ***********************************************************************************************************************************************************
ok: [10.0.0.4]
ok: [10.0.0.6]
ok: [10.0.0.5]

TASK [Download .deb file] ********************************************************************************************************************************************************
changed: [10.0.0.5]
changed: [10.0.0.6]
changed: [10.0.0.4]

TASK [Install .deb] **************************************************************************************************************************************************************
fatal: [10.0.0.4]: FAILED! => {"changed": true, "cmd": ["sudo", "dpkg", "-i", "filebeat-7.6.1-amd64.deb"], "delta": "0:00:00.031027", "end": "2022-03-23 05:09:32.270716", "msg": "non-zero return code", "rc": 2, "start": "2022-03-23 05:09:32.239689", "stderr": "dpkg: error: cannot access archive 'filebeat-7.6.1-amd64.deb': No such file or directory", "stderr_lines": ["dpkg: error: cannot access archive 'filebeat-7.6.1-amd64.deb': No such file or directory"], "stdout": "", "stdout_lines": []}
fatal: [10.0.0.5]: FAILED! => {"changed": true, "cmd": ["sudo", "dpkg", "-i", "filebeat-7.6.1-amd64.deb"], "delta": "0:00:00.024103", "end": "2022-03-23 05:09:32.330284", "msg": "non-zero return code", "rc": 2, "start": "2022-03-23 05:09:32.306181", "stderr": "dpkg: error: cannot access archive 'filebeat-7.6.1-amd64.deb': No such file or directory", "stderr_lines": ["dpkg: error: cannot access archive 'filebeat-7.6.1-amd64.deb': No such file or directory"], "stdout": "", "stdout_lines": []}
fatal: [10.0.0.6]: FAILED! => {"changed": true, "cmd": ["sudo", "dpkg", "-i", "filebeat-7.6.1-amd64.deb"], "delta": "0:00:00.026109", "end": "2022-03-23 05:09:32.354223", "msg": "non-zero return code", "rc": 2, "start": "2022-03-23 05:09:32.328114", "stderr": "dpkg: error: cannot access archive 'filebeat-7.6.1-amd64.deb': No such file or directory", "stderr_lines": ["dpkg: error: cannot access archive 'filebeat-7.6.1-amd64.deb': No such file or directory"], "stdout": "", "stdout_lines": []}

PLAY RECAP ***********************************************************************************************************************************************************************
10.0.0.4                   : ok=2    changed=1    unreachable=0    failed=1    skipped=0    rescued=0    ignored=0   
10.0.0.5                   : ok=2    changed=1    unreachable=0    failed=1    skipped=0    rescued=0    ignored=0   
10.0.0.6                   : ok=2    changed=1    unreachable=0    failed=1    skipped=0    rescued=0    ignored=0   

root@2b6015c8569c:/# nano /etc/ansible/roles/filebeat-playbook.yml
root@2b6015c8569c:/# nano /etc/ansible/roles/filebeat-playbook.yml
root@2b6015c8569c:/# nano /etc/ansible/roles/filebeat-playbook.yml
root@2b6015c8569c:/# ansible-playbook /etc/ansible/roles/filebeat-playbook.yml
[WARNING]: ansible.utils.display.initialize_locale has not been called, this may result in incorrectly calculated text widths that can cause Display to print incorrect line
lengths

PLAY [Installing and Launch Filebeat] ********************************************************************************************************************************************

TASK [Gathering Facts] ***********************************************************************************************************************************************************
ok: [10.0.0.4]
ok: [10.0.0.5]
ok: [10.0.0.6]

TASK [Download .deb file] ********************************************************************************************************************************************************
changed: [10.0.0.6]
changed: [10.0.0.5]
changed: [10.0.0.4]

TASK [Install .deb] **************************************************************************************************************************************************************
 
^C [ERROR]: User interrupted execution
root@2b6015c8569c:/# nano /etc/ansible/roles/filebeat-playbook.yml            
root@2b6015c8569c:/# ansible-playbook /etc/ansible/roles/filebeat-playbook.yml
[WARNING]: ansible.utils.display.initialize_locale has not been called, this may result in incorrectly calculated text widths that can cause Display to print incorrect line
lengths

PLAY [Installing and Launch Filebeat] ********************************************************************************************************************************************

TASK [Gathering Facts] ***********************************************************************************************************************************************************
ok: [10.0.0.5]
ok: [10.0.0.4]
ok: [10.0.0.6]

TASK [Download .deb file] ********************************************************************************************************************************************************
changed: [10.0.0.6]
changed: [10.0.0.5]
changed: [10.0.0.4]

TASK [Install .deb] **************************************************************************************************************************************************************
^C [ERROR]: User interrupted execution
root@2b6015c8569c:/# cd /etc/ansible/
root@2b6015c8569c:/etc/ansible# ls
ansible.cfg  filebeat-config.yml  files  hosts  install-elk.yml  myfirstplaybook.yml  roles
root@2b6015c8569c:/etc/ansible# cd files
root@2b6015c8569c:/etc/ansible/files# ls
filebeat-config.yml
root@2b6015c8569c:/etc/ansible/files# cd ..
root@2b6015c8569c:/etc/ansible# cd roles
root@2b6015c8569c:/etc/ansible/roles# ls
filebeat-playbook.yml
root@2b6015c8569c:/etc/ansible/roles# ansible-playbook filebeat-playbook.yml 
[WARNING]: ansible.utils.display.initialize_locale has not been called, this may result in incorrectly calculated text widths that can cause Display to print incorrect line
lengths

PLAY [Installing and Launch Filebeat] ********************************************************************************************************************************************

TASK [Gathering Facts] ***********************************************************************************************************************************************************
ok: [10.0.0.5]
ok: [10.0.0.4]
ok: [10.0.0.6]

TASK [Download .deb file] ********************************************************************************************************************************************************
changed: [10.0.0.4]
changed: [10.0.0.5]
changed: [10.0.0.6]

TASK [Install .deb] **************************************************************************************************************************************************************
^C [ERROR]: User interrupted execution
root@2b6015c8569c:/etc/ansible/roles# nano filebeat-playbook.yml 
root@2b6015c8569c:/etc/ansible/roles# ansible-playbook filebeat-playbook.yml 
[WARNING]: ansible.utils.display.initialize_locale has not been called, this may result in incorrectly calculated text widths that can cause Display to print incorrect line lengths

PLAY [Installing and Launch Filebeat] ******************************************************************************************************************************************************************************************************************************************

TASK [Gathering Facts] *********************************************************************************************************************************************************************************************************************************************************
ok: [10.0.0.5]
ok: [10.0.0.6]
ok: [10.0.0.4]

TASK [Download .deb file] ******************************************************************************************************************************************************************************************************************************************************
changed: [10.0.0.4]
changed: [10.0.0.6]
changed: [10.0.0.5]

TASK [Install .deb] ************************************************************************************************************************************************************************************************************************************************************
^C [ERROR]: User interrupted execution
root@2b6015c8569c:/etc/ansible/roles# cd ../..
root@2b6015c8569c:/etc# cd ..
root@2b6015c8569c:/# curl https://gist.githubusercontent.com/slape/5cc350109583af6cbe577bbcc0710c93/raw/eca603b72586fbe148c11f9c87bf96a63cb25760/Filebeat > /etc/ansible/filebeat-root@2b6015c8569c:/# curl https://gist.githubusercontent.com/slape/5cc350109583af6cbe577bbcc0710c93/raw/eca603b72586fbe148c11f9c87bf96a63cb25760/Filebeat > /etc/ansible/filebeat-root@2b6015c8569c:/# curl https://gist.githubusercontent.com/slape/5cc350109583af6cbe577bbcc0710c93/raw/eca603b72586fbe148c11f9c87bf96a63cb25760/Filebeat > /etc/ansible/filebeat-
config.ymlConnection to 40.118.184.122 closed by remote host.
Connection to 40.118.184.122 closed.
cookie@Krubskayas-MacBook-Pro ~ % curl --head https?/posthere.io
zsh: no matches found: https?/posthere.io
cookie@Krubskayas-MacBook-Pro ~ % curl --head https://posthere.io
HTTP/1.1 200 OK
Server: nginx/1.9.2
Date: Thu, 24 Mar 2022 02:04:39 GMT
Content-Type: text/html
Content-Length: 12905
Last-Modified: Thu, 26 Mar 2020 17:34:43 GMT
Connection: close
ETag: "5e7ce7b3-3269"
Accept-Ranges: bytes

cookie@Krubskayas-MacBook-Pro ~ % curl -x https://posthere.io/8796-4632-a3b7
curl: no URL specified!
curl: try 'curl --help' or 'curl --manual' for more information
cookie@Krubskayas-MacBook-Pro ~ % curl -x POST https://posthere.io/8796-4632-a3b7
curl: (5) Could not resolve proxy: POST
cookie@Krubskayas-MacBook-Pro ~ % ssh RedAdmin@13.64.142.222                     
The authenticity of host '13.64.142.222 (13.64.142.222)' can't be established.
ED25519 key fingerprint is SHA256:1/TaBd97SGSiwExrmaedwvGO5r2cdY8aTFiTPzdH0rw.
This host key is known by the following other names/addresses:
    ~/.ssh/known_hosts:11: 138.91.76.229
    ~/.ssh/known_hosts:14: 168.61.5.104
    ~/.ssh/known_hosts:15: 13.64.225.20
    ~/.ssh/known_hosts:16: 104.45.239.207
    ~/.ssh/known_hosts:17: 40.118.184.122
Are you sure you want to continue connecting (yes/no/[fingerprint])? yes
Warning: Permanently added '13.64.142.222' (ED25519) to the list of known hosts.
Welcome to Ubuntu 18.04.6 LTS (GNU/Linux 5.4.0-1073-azure x86_64)

 * Documentation:  https://help.ubuntu.com
 * Management:     https://landscape.canonical.com
 * Support:        https://ubuntu.com/advantage

  System information as of Sat Mar 26 03:40:24 UTC 2022

  System load:  0.0                Processes:              99
  Usage of /:   15.2% of 28.90GB   Users logged in:        0
  Memory usage: 35%                IP address for eth0:    10.0.0.4
  Swap usage:   0%                 IP address for docker0: 172.17.0.1

 * Super-optimized for small spaces - read how we shrank the memory
   footprint of MicroK8s to make it the smallest full K8s around.

   https://ubuntu.com/blog/microk8s-memory-optimisation

4 updates can be applied immediately.
To see these additional updates run: apt list --upgradable


Last login: Wed Mar 23 05:32:16 2022 from 172.17.0.2
RedAdmin@JumpBoxProvisioner:~$ sudo -l
Matching Defaults entries for RedAdmin on JumpBoxProvisioner:
    env_reset, mail_badpass, secure_path=/usr/local/sbin\:/usr/local/bin\:/usr/sbin\:/usr/bin\:/sbin\:/bin\:/snap/bin

User RedAdmin may run the following commands on JumpBoxProvisioner:
    (ALL : ALL) ALL
    (ALL) NOPASSWD: ALL
    (ALL) NOPASSWD: ALL
RedAdmin@JumpBoxProvisioner:~$ sudo docker container list -a
CONTAINER ID   IMAGE                    COMMAND                  CREATED      STATUS                    PORTS     NAMES
79d575b1fe6b   cyberxsecurity/dvwa      "/main.sh"               6 days ago   Exited (137) 5 days ago             dvwa
2b6015c8569c   cyberxsecurity/ansible   "/bin/sh -c /bin/bas…"   6 days ago   Exited (137) 2 days ago             optimistic_ellis
RedAdmin@JumpBoxProvisioner:~$ sudo docke start optimistic_ellis
sudo: docke: command not found
RedAdmin@JumpBoxProvisioner:~$ sudo docker start optimistic_ellis
optimistic_ellis
RedAdmin@JumpBoxProvisioner:~$ sudo docker attach optimistic_ellis
root@2b6015c8569c:~# ls 
root@2b6015c8569c:~# ls /etc/ansible/
ansible.cfg  filebeat-config.yml  files  hosts  install-elk.yml  myfirstplaybook.yml  roles
root@2b6015c8569c:~# cd /etc/ansible/ files
bash: cd: too many arguments
root@2b6015c8569c:~# cd /etc/ansible/files
root@2b6015c8569c:/etc/ansible/files# ls
filebeat-config.yml
root@2b6015c8569c:/etc/ansible/files# nano filebeath-config.yml
root@2b6015c8569c:/etc/ansible/files# ls
filebeat-config.yml
root@2b6015c8569c:/etc/ansible/files# nano filebeat-config.yml
root@2b6015c8569c:/etc/ansible/files# cd ..
root@2b6015c8569c:/etc/ansible# ks
bash: ks: command not found
root@2b6015c8569c:/etc/ansible# ls
ansible.cfg  filebeat-config.yml  files  hosts  install-elk.yml  myfirstplaybook.yml  roles
root@2b6015c8569c:/etc/ansible# cd /etc/ansible/roles
root@2b6015c8569c:/etc/ansible/roles# ls
filebeat-playbook.yml
root@2b6015c8569c:/etc/ansible/roles# nano filebeat-playbook.yml 
root@2b6015c8569c:/etc/ansible/roles# ansible-playbook /etc//ansible/roles/filebeat-playbook.yml 
[WARNING]: ansible.utils.display.initialize_locale has not been called, this may result in incorrectly calculated text widths that can cause Display to print incorrect line
lengths

PLAY [Installing and Launch Filebeat] ********************************************************************************************************************************************

TASK [Gathering Facts] ***********************************************************************************************************************************************************
ok: [10.0.0.4]
ok: [10.0.0.5]
ok: [10.0.0.6]

TASK [Download .deb file] ********************************************************************************************************************************************************
changed: [10.0.0.4]
changed: [10.0.0.6]
changed: [10.0.0.5]

TASK [Install .deb] **************************************************************************************************************************************************************
changed: [10.0.0.4]
changed: [10.0.0.6]
changed: [10.0.0.5]

TASK [Drop in filebeat.yml] ******************************************************************************************************************************************************
ok: [10.0.0.6]
ok: [10.0.0.5]
ok: [10.0.0.4]

TASK [Enable and Configure System Module] ****************************************************************************************************************************************
changed: [10.0.0.4]
changed: [10.0.0.5]
changed: [10.0.0.6]

TASK [Setup filebeat] ************************************************************************************************************************************************************
fatal: [10.0.0.4]: FAILED! => {"changed": true, "cmd": ["filebeat", "setup"], "delta": "0:00:03.136237", "end": "2022-03-26 03:58:11.905368", "msg": "non-zero return code", "rc": 1, "start": "2022-03-26 03:58:08.769131", "stderr": "Exiting: Couldn't connect to any of the configured Elasticsearch hosts. Errors: [Error connection to Elasticsearch http://10.0.0.12:9200: Get http://10.0.0.12:9200: dial tcp 10.0.0.12:9200: connect: no route to host]", "stderr_lines": ["Exiting: Couldn't connect to any of the configured Elasticsearch hosts. Errors: [Error connection to Elasticsearch http://10.0.0.12:9200: Get http://10.0.0.12:9200: dial tcp 10.0.0.12:9200: connect: no route to host]"], "stdout": "", "stdout_lines": []}
fatal: [10.0.0.5]: FAILED! => {"changed": true, "cmd": ["filebeat", "setup"], "delta": "0:00:03.107959", "end": "2022-03-26 03:58:11.920533", "msg": "non-zero return code", "rc": 1, "start": "2022-03-26 03:58:08.812574", "stderr": "Exiting: Couldn't connect to any of the configured Elasticsearch hosts. Errors: [Error connection to Elasticsearch http://10.0.0.12:9200: Get http://10.0.0.12:9200: dial tcp 10.0.0.12:9200: connect: no route to host]", "stderr_lines": ["Exiting: Couldn't connect to any of the configured Elasticsearch hosts. Errors: [Error connection to Elasticsearch http://10.0.0.12:9200: Get http://10.0.0.12:9200: dial tcp 10.0.0.12:9200: connect: no route to host]"], "stdout": "", "stdout_lines": []}
fatal: [10.0.0.6]: FAILED! => {"changed": true, "cmd": ["filebeat", "setup"], "delta": "0:00:03.125919", "end": "2022-03-26 03:58:11.969713", "msg": "non-zero return code", "rc": 1, "start": "2022-03-26 03:58:08.843794", "stderr": "Exiting: Couldn't connect to any of the configured Elasticsearch hosts. Errors: [Error connection to Elasticsearch http://10.0.0.12:9200: Get http://10.0.0.12:9200: dial tcp 10.0.0.12:9200: connect: no route to host]", "stderr_lines": ["Exiting: Couldn't connect to any of the configured Elasticsearch hosts. Errors: [Error connection to Elasticsearch http://10.0.0.12:9200: Get http://10.0.0.12:9200: dial tcp 10.0.0.12:9200: connect: no route to host]"], "stdout": "", "stdout_lines": []}

PLAY RECAP ***********************************************************************************************************************************************************************
10.0.0.4                   : ok=5    changed=3    unreachable=0    failed=1    skipped=0    rescued=0    ignored=0   
10.0.0.5                   : ok=5    changed=3    unreachable=0    failed=1    skipped=0    rescued=0    ignored=0   
10.0.0.6                   : ok=5    changed=3    unreachable=0    failed=1    skipped=0    rescued=0    ignored=0   

root@2b6015c8569c:/etc/ansible/roles# nano filebeat-playbook.yml 
root@2b6015c8569c:/etc/ansible/roles# ansible-playbook /etc//ansible/roles/filebeat-playbook.yml 
[WARNING]: ansible.utils.display.initialize_locale has not been called, this may result in incorrectly calculated text widths that can cause Display to print incorrect line
lengths

PLAY [Installing and Launch Filebeat] ********************************************************************************************************************************************

TASK [Gathering Facts] ***********************************************************************************************************************************************************
ok: [10.0.0.6]
ok: [10.0.0.4]
ok: [10.0.0.5]

TASK [Download .deb file] ********************************************************************************************************************************************************
changed: [10.0.0.5]
changed: [10.0.0.6]
changed: [10.0.0.4]

TASK [Install .deb] **************************************************************************************************************************************************************
client_loop: send disconnect: Broken pipe
cookie@Krubskayas-MacBook-Pro ~ % ssh RedAdmin@13.64.142.222                     
Welcome to Ubuntu 18.04.6 LTS (GNU/Linux 5.4.0-1073-azure x86_64)

 * Documentation:  https://help.ubuntu.com
 * Management:     https://landscape.canonical.com
 * Support:        https://ubuntu.com/advantage

  System information as of Sat Mar 26 04:20:07 UTC 2022

  System load:  0.25               Processes:              120
  Usage of /:   15.2% of 28.90GB   Users logged in:        1
  Memory usage: 45%                IP address for eth0:    10.0.0.4
  Swap usage:   0%                 IP address for docker0: 172.17.0.1

 * Super-optimized for small spaces - read how we shrank the memory
   footprint of MicroK8s to make it the smallest full K8s around.

   https://ubuntu.com/blog/microk8s-memory-optimisation

4 updates can be applied immediately.
To see these additional updates run: apt list --upgradable

New release '20.04.4 LTS' available.
Run 'do-release-upgrade' to upgrade to it.


Last login: Sat Mar 26 04:02:30 2022 from 172.17.0.2
RedAdmin@JumpBoxProvisioner:~$ sudo docker attach optimistic_ellis
^C [ERROR]: User interrupted execution
root@2b6015c8569c:/etc/ansible/roles# exit
exit
RedAdmin@JumpBoxProvisioner:~$ sudo docker start optimistic_ellis
optimistic_ellis
RedAdmin@JumpBoxProvisioner:~$ sudo docker attach optimistic_ellis
root@2b6015c8569c:~# ansible -m ping all        
10.0.0.6 | SUCCESS => {
    "changed": false,
    "ping": "pong"
}
10.0.0.5 | SUCCESS => {
    "changed": false,
    "ping": "pong"
}
10.0.0.4 | SUCCESS => {
    "changed": false,
    "ping": "pong"
}
10.1.0.4 | SUCCESS => {
    "changed": false,
    "ping": "pong"
}
root@2b6015c8569c:~# ls /etc/ansible.
ls: cannot access '/etc/ansible.': No such file or directory
root@2b6015c8569c:~# ls /etc/ansible/
ansible.cfg  filebeat-config.yml  files  hosts  install-elk.yml  myfirstplaybook.yml  roles
root@2b6015c8569c:~# docker ps
bash: docker: command not found
root@2b6015c8569c:~# nano /etc/ansible/filebeat-config/yml
root@2b6015c8569c:~# ls /etc/ansible/
ansible.cfg  filebeat-config.yml  files  hosts  install-elk.yml  myfirstplaybook.yml  roles
root@2b6015c8569c:~# nano /etc/ansible/files/filebeat-config.yml
root@2b6015c8569c:~# ansible-playbook /etc//ansible/roles/filebeat-playbook.yml
[WARNING]: ansible.utils.display.initialize_locale has not been called, this may result in incorrectly calculated text widths that can cause Display to print incorrect line
lengths

PLAY [Installing and Launch Filebeat] ********************************************************************************************************************************************

TASK [Gathering Facts] ***********************************************************************************************************************************************************
ok: [10.0.0.4]
ok: [10.0.0.6]
ok: [10.0.0.5]

TASK [Download .deb file] ********************************************************************************************************************************************************
changed: [10.0.0.6]
changed: [10.0.0.5]
changed: [10.0.0.4]

TASK [Install .deb] **************************************************************************************************************************************************************
^C [ERROR]: User interrupted execution
root@2b6015c8569c:~# ansible-playbook /etc/ansible/install-elk.yml
[WARNING]: ansible.utils.display.initialize_locale has not been called, this may result in incorrectly calculated text widths that can cause Display to print incorrect line
lengths

PLAY [Configure Elk VM with Docker] **********************************************************************************************************************************************

TASK [Gathering Facts] ***********************************************************************************************************************************************************
ok: [10.1.0.4]

TASK [Use more memory] ***********************************************************************************************************************************************************
ok: [10.1.0.4]

TASK [Install docker.io] *********************************************************************************************************************************************************
ok: [10.1.0.4]

TASK [Install python3-pip] *******************************************************************************************************************************************************
ok: [10.1.0.4]

TASK [Install Docker module] *****************************************************************************************************************************************************
ok: [10.1.0.4]

TASK [Increase virtual memory] ***************************************************************************************************************************************************
changed: [10.1.0.4]

TASK [download and launch a docker elk container] ********************************************************************************************************************************
[DEPRECATION WARNING]: The container_default_behavior option will change its default value from "compatibility" to "no_defaults" in community.docker 2.0.0. To remove this 
warning, please specify an explicit value for it now. This feature will be removed from community.docker in version 2.0.0. Deprecation warnings can be disabled by setting 
deprecation_warnings=False in ansible.cfg.
ok: [10.1.0.4]

TASK [Enable service docker on boot] *********************************************************************************************************************************************
ok: [10.1.0.4]

PLAY RECAP ***********************************************************************************************************************************************************************
10.1.0.4                   : ok=8    changed=1    unreachable=0    failed=0    skipped=0    rescued=0    ignored=0   

root@2b6015c8569c:~# curl -L -O https://gist.githubusercontent.com/slape/5cc350109583af6cbe577bbcc0710c93/raw/eca603b72586fbe148c11f9c87bf96a63cb25760/Filebeat > /etc/ansible/files/filebeat-config.yml
  % Total    % Received % Xferd  Average Speed   Time    Time     Time  Current
                                 Dload  Upload   Total   Spent    Left  Speed
100 73112  100 73112    0     0   285k      0 --:--:-- --:--:-- --:--:--  284k
root@2b6015c8569c:~# ls /etc/ansible/
ansible.cfg  filebeat-config.yml  files  hosts  install-elk.yml  myfirstplaybook.yml  roles
root@2b6015c8569c:~# ls /etc/ansible/files
filebeat-config.yml
root@2b6015c8569c:~# curl -L -O https://gist.githubusercontent.com/slape/5cc350109583af6cbe577bbcc0710c93/raw/eca603b72586fbe148c11f9c87bf96a63cb25760/Filebeat > /etc/ansible/filebeat-config.yml
  % Total    % Received % Xferd  Average Speed   Time    Time     Time  Current
                                 Dload  Upload   Total   Spent    Left  Speed
100 73112  100 73112    0     0  1373k      0 --:--:-- --:--:-- --:--:-- 1373k
root@2b6015c8569c:~# ls /etc/ansible/
ansible.cfg  filebeat-config.yml  files  hosts  install-elk.yml  myfirstplaybook.yml  roles
root@2b6015c8569c:~# nano /etc/ansible/filebeat-config.yml
root@2b6015c8569c:~# nano /etc/ansible/files/filebeat-config.yml
root@2b6015c8569c:~# ssh RedAdmin@20.85.221.52
The authenticity of host '20.85.221.52 (20.85.221.52)' can't be established.
ECDSA key fingerprint is SHA256:xX+uN6zvaVEaj0vB+3kW1KiAmGr0ThrZUThykMhWAs0.
Are you sure you want to continue connecting (yes/no/[fingerprint])? yes
Warning: Permanently added '20.85.221.52' (ECDSA) to the list of known hosts.
Welcome to Ubuntu 20.04.4 LTS (GNU/Linux 5.13.0-1017-azure x86_64)

 * Documentation:  https://help.ubuntu.com
 * Management:     https://landscape.canonical.com
 * Support:        https://ubuntu.com/advantage

  System information as of Sat Mar 26 05:04:28 UTC 2022

  System load:  0.01               Processes:                141
  Usage of /:   16.9% of 28.90GB   Users logged in:          0
  Memory usage: 35%                IPv4 address for docker0: 172.17.0.1
  Swap usage:   0%                 IPv4 address for eth0:    10.1.0.4

 * Super-optimized for small spaces - read how we shrank the memory
   footprint of MicroK8s to make it the smallest full K8s around.

   https://ubuntu.com/blog/microk8s-memory-optimisation

20 updates can be applied immediately.
To see these additional updates run: apt list --upgradable


Last login: Sat Mar 26 04:44:09 2022 from 10.0.0.4
RedAdmin@Elk-Server:~$ ls
files
RedAdmin@Elk-Server:~$ cd files
RedAdmin@Elk-Server:~/files$ ls
RedAdmin@Elk-Server:~/files$ cd ..
RedAdmin@Elk-Server:~$ sudo docker ps
CONTAINER ID   IMAGE          COMMAND                  CREATED      STATUS      PORTS                                                                              NAMES
4d623ec746e0   sebp/elk:761   "/usr/local/bin/star…"   4 days ago   Up 2 days   0.0.0.0:5044->5044/tcp, 0.0.0.0:5601->5601/tcp, 0.0.0.0:9200->9200/tcp, 9300/tcp   elk
RedAdmin@Elk-Server:~$ curl http://20.231.76.151:5601/app/kibana
curl: (28) Failed to connect to 20.231.76.151 port 5601: Connection timed out
RedAdmin@Elk-Server:~$ sudo docker start elk
elk
RedAdmin@Elk-Server:~$ sudo docker attach elk
^CTerminating ELK
 * Stopping Elasticsearch Server
   ...done.
Killing logstash (pid 233) with SIGTERM
Waiting for logstash (pid 233) to die...
{"type":"log","@timestamp":"2022-03-26T05:19:37Z","tags":["error","elasticsearch","admin"],"pid":244,"message":"Request error, retrying\nGET http://localhost:9200/.kibana/_doc/config%3A7.6.1 => connect ECONNREFUSED 127.0.0.1:9200"}
{"type":"log","@timestamp":"2022-03-26T05:19:37Z","tags":["warning","elasticsearch","admin"],"pid":244,"message":"Unable to revive connection: http://localhost:9200/"}
{"type":"log","@timestamp":"2022-03-26T05:19:37Z","tags":["warning","elasticsearch","admin"],"pid":244,"message":"No living connections"}
{"type":"log","@timestamp":"2022-03-26T05:19:37Z","tags":["warning","plugins","usageCollection"],"pid":244,"message":"{ Error: No Living connections\n    at sendReqWithConnection (/opt/kibana/node_modules/elasticsearch/src/lib/transport.js:266:15)\n    at next (/opt/kibana/node_modules/elasticsearch/src/lib/connection_pool.js:243:7)\n    at process._tickCallback (internal/process/next_tick.js:61:11)\n  message: 'No Living connections',\n  body: undefined,\n  status: undefined }"}
{"type":"log","@timestamp":"2022-03-26T05:19:37Z","tags":["warning","plugins","usageCollection"],"pid":244,"message":"Unable to fetch data from kibana_settings collector"}
{"type":"log","@timestamp":"2022-03-26T05:19:37Z","tags":["error","elasticsearch","admin"],"pid":244,"message":"Request error, retrying\nPOST http://localhost:9200/_monitoring/bulk?system_id=kibana&system_api_version=6&interval=10000ms => connect ECONNREFUSED 127.0.0.1:9200"}
{"type":"log","@timestamp":"2022-03-26T05:19:37Z","tags":["warning","elasticsearch","admin"],"pid":244,"message":"Unable to revive connection: http://localhost:9200/"}
{"type":"log","@timestamp":"2022-03-26T05:19:37Z","tags":["warning","monitoring","kibana-monitoring"],"pid":244,"message":"Error: No Living connections\n    at sendReqWithConnection (/opt/kibana/node_modules/elasticsearch/src/lib/transport.js:266:15)\n    at next (/opt/kibana/node_modules/elasticsearch/src/lib/connection_pool.js:243:7)\n    at process._tickCallback (internal/process/next_tick.js:61:11)"}
{"type":"log","@timestamp":"2022-03-26T05:19:37Z","tags":["warning","elasticsearch","admin"],"pid":244,"message":"No living connections"}
{"type":"log","@timestamp":"2022-03-26T05:19:37Z","tags":["warning","monitoring","kibana-monitoring"],"pid":244,"message":"Unable to bulk upload the stats payload to the local cluster"}
{"type":"log","@timestamp":"2022-03-26T05:19:37Z","tags":["warning","elasticsearch","admin"],"pid":244,"message":"Unable to revive connection: http://localhost:9200/"}
{"type":"log","@timestamp":"2022-03-26T05:19:37Z","tags":["status","plugin:xpack_main@7.6.1","error"],"pid":244,"state":"red","message":"Status changed from green to red - Unable to retrieve version information from Elasticsearch nodes.","prevState":"green","prevMsg":"Ready"}
{"type":"log","@timestamp":"2022-03-26T05:19:37Z","tags":["warning","elasticsearch","admin"],"pid":244,"message":"No living connections"}
{"type":"log","@timestamp":"2022-03-26T05:19:37Z","tags":["error","elasticsearch-service"],"pid":244,"message":"Unable to retrieve version information from Elasticsearch nodes."}
{"type":"log","@timestamp":"2022-03-26T05:19:37Z","tags":["status","plugin:spaces@7.6.1","error"],"pid":244,"state":"red","message":"Status changed from green to red - Unable to retrieve version information from Elasticsearch nodes.","prevState":"green","prevMsg":"Ready"}
{"type":"log","@timestamp":"2022-03-26T05:19:37Z","tags":["status","plugin:searchprofiler@7.6.1","error"],"pid":244,"state":"red","message":"Status changed from green to red - Unable to retrieve version information from Elasticsearch nodes.","prevState":"green","prevMsg":"Ready"}
{"type":"log","@timestamp":"2022-03-26T05:19:37Z","tags":["status","plugin:ml@7.6.1","error"],"pid":244,"state":"red","message":"Status changed from green to red - Unable to retrieve version information from Elasticsearch nodes.","prevState":"green","prevMsg":"Ready"}
{"type":"log","@timestamp":"2022-03-26T05:19:37Z","tags":["status","plugin:tilemap@7.6.1","error"],"pid":244,"state":"red","message":"Status changed from green to red - Unable to retrieve version information from Elasticsearch nodes.","prevState":"green","prevMsg":"Ready"}
{"type":"log","@timestamp":"2022-03-26T05:19:37Z","tags":["status","plugin:watcher@7.6.1","error"],"pid":244,"state":"red","message":"Status changed from green to red - Unable to retrieve version information from Elasticsearch nodes.","prevState":"green","prevMsg":"Ready"}
{"type":"log","@timestamp":"2022-03-26T05:19:37Z","tags":["status","plugin:grokdebugger@7.6.1","error"],"pid":244,"state":"red","message":"Status changed from green to red - Unable to retrieve version information from Elasticsearch nodes.","prevState":"green","prevMsg":"Ready"}
{"type":"log","@timestamp":"2022-03-26T05:19:37Z","tags":["status","plugin:logstash@7.6.1","error"],"pid":244,"state":"red","message":"Status changed from green to red - Unable to retrieve version information from Elasticsearch nodes.","prevState":"green","prevMsg":"Ready"}
{"type":"log","@timestamp":"2022-03-26T05:19:37Z","tags":["status","plugin:beats_management@7.6.1","error"],"pid":244,"state":"red","message":"Status changed from green to red - Unable to retrieve version information from Elasticsearch nodes.","prevState":"green","prevMsg":"Ready"}
{"type":"log","@timestamp":"2022-03-26T05:19:37Z","tags":["status","plugin:index_management@7.6.1","error"],"pid":244,"state":"red","message":"Status changed from green to red - Unable to retrieve version information from Elasticsearch nodes.","prevState":"green","prevMsg":"Ready"}
{"type":"log","@timestamp":"2022-03-26T05:19:37Z","tags":["status","plugin:index_lifecycle_management@7.6.1","error"],"pid":244,"state":"red","message":"Status changed from green to red - Unable to retrieve version information from Elasticsearch nodes.","prevState":"green","prevMsg":"Ready"}
{"type":"log","@timestamp":"2022-03-26T05:19:37Z","tags":["status","plugin:rollup@7.6.1","error"],"pid":244,"state":"red","message":"Status changed from green to red - Unable to retrieve version information from Elasticsearch nodes.","prevState":"green","prevMsg":"Ready"}
{"type":"log","@timestamp":"2022-03-26T05:19:37Z","tags":["status","plugin:transform@7.6.1","error"],"pid":244,"state":"red","message":"Status changed from green to red - Unable to retrieve version information from Elasticsearch nodes.","prevState":"green","prevMsg":"Ready"}
{"type":"log","@timestamp":"2022-03-26T05:19:37Z","tags":["status","plugin:remote_clusters@7.6.1","error"],"pid":244,"state":"red","message":"Status changed from green to red - Unable to retrieve version information from Elasticsearch nodes.","prevState":"green","prevMsg":"Ready"}
{"type":"log","@timestamp":"2022-03-26T05:19:37Z","tags":["status","plugin:cross_cluster_replication@7.6.1","error"],"pid":244,"state":"red","message":"Status changed from green to red - Unable to retrieve version information from Elasticsearch nodes.","prevState":"green","prevMsg":"Ready"}
{"type":"log","@timestamp":"2022-03-26T05:19:37Z","tags":["status","plugin:snapshot_restore@7.6.1","error"],"pid":244,"state":"red","message":"Status changed from green to red - Unable to retrieve version information from Elasticsearch nodes.","prevState":"green","prevMsg":"Ready"}
{"type":"log","@timestamp":"2022-03-26T05:19:37Z","tags":["status","plugin:reporting@7.6.1","error"],"pid":244,"state":"red","message":"Status changed from green to red - Unable to retrieve version information from Elasticsearch nodes.","prevState":"green","prevMsg":"Ready"}
{"type":"log","@timestamp":"2022-03-26T05:19:37Z","tags":["status","plugin:security@7.6.1","error"],"pid":244,"state":"red","message":"Status changed from green to red - Unable to retrieve version information from Elasticsearch nodes.","prevState":"green","prevMsg":"Ready"}
{"type":"log","@timestamp":"2022-03-26T05:19:37Z","tags":["status","plugin:elasticsearch@7.6.1","error"],"pid":244,"state":"red","message":"Status changed from green to red - Unable to retrieve version information from Elasticsearch nodes.","prevState":"green","prevMsg":"Ready"}
{"type":"log","@timestamp":"2022-03-26T05:19:37Z","tags":["warning","elasticsearch","admin"],"pid":244,"message":"Unable to revive connection: http://localhost:9200/"}
{"type":"log","@timestamp":"2022-03-26T05:19:37Z","tags":["warning","elasticsearch","admin"],"pid":244,"message":"No living connections"}
{"type":"log","@timestamp":"2022-03-26T05:19:37Z","tags":["error","plugins","taskManager","taskManager"],"pid":244,"message":"Failed to poll for work: Error: No Living connections"}
{"type":"log","@timestamp":"2022-03-26T05:19:37Z","tags":["error","elasticsearch","data"],"pid":244,"message":"Request error, retrying\nGET http://localhost:9200/_xpack => connect ECONNREFUSED 127.0.0.1:9200"}
{"type":"log","@timestamp":"2022-03-26T05:19:37Z","tags":["warning","elasticsearch","data"],"pid":244,"message":"Unable to revive connection: http://localhost:9200/"}
{"type":"log","@timestamp":"2022-03-26T05:19:37Z","tags":["status","plugin:xpack_main@7.6.1","error"],"pid":244,"state":"red","message":"Status changed from red to red - No Living connections","prevState":"red","prevMsg":"Unable to retrieve version information from Elasticsearch nodes."}
{"type":"log","@timestamp":"2022-03-26T05:19:37Z","tags":["warning","elasticsearch","data"],"pid":244,"message":"No living connections"}
{"type":"log","@timestamp":"2022-03-26T05:19:37Z","tags":["warning","plugins","licensing"],"pid":244,"message":"License information could not be obtained from Elasticsearch due to Error: No Living connections error"}
{"type":"log","@timestamp":"2022-03-26T05:19:37Z","tags":["status","plugin:spaces@7.6.1","error"],"pid":244,"state":"red","message":"Status changed from red to red - No Living connections","prevState":"red","prevMsg":"Unable to retrieve version information from Elasticsearch nodes."}
{"type":"log","@timestamp":"2022-03-26T05:19:37Z","tags":["status","plugin:searchprofiler@7.6.1","error"],"pid":244,"state":"red","message":"Status changed from red to red - No Living connections","prevState":"red","prevMsg":"Unable to retrieve version information from Elasticsearch nodes."}
{"type":"log","@timestamp":"2022-03-26T05:19:37Z","tags":["status","plugin:ml@7.6.1","error"],"pid":244,"state":"red","message":"Status changed from red to red - No Living connections","prevState":"red","prevMsg":"Unable to retrieve version information from Elasticsearch nodes."}
{"type":"log","@timestamp":"2022-03-26T05:19:37Z","tags":["status","plugin:tilemap@7.6.1","error"],"pid":244,"state":"red","message":"Status changed from red to red - No Living connections","prevState":"red","prevMsg":"Unable to retrieve version information from Elasticsearch nodes."}
{"type":"log","@timestamp":"2022-03-26T05:19:37Z","tags":["status","plugin:watcher@7.6.1","error"],"pid":244,"state":"red","message":"Status changed from red to red - No Living connections","prevState":"red","prevMsg":"Unable to retrieve version information from Elasticsearch nodes."}
{"type":"log","@timestamp":"2022-03-26T05:19:37Z","tags":["status","plugin:grokdebugger@7.6.1","error"],"pid":244,"state":"red","message":"Status changed from red to red - No Living connections","prevState":"red","prevMsg":"Unable to retrieve version information from Elasticsearch nodes."}
{"type":"log","@timestamp":"2022-03-26T05:19:37Z","tags":["status","plugin:logstash@7.6.1","error"],"pid":244,"state":"red","message":"Status changed from red to red - No Living connections","prevState":"red","prevMsg":"Unable to retrieve version information from Elasticsearch nodes."}
{"type":"log","@timestamp":"2022-03-26T05:19:37Z","tags":["status","plugin:beats_management@7.6.1","error"],"pid":244,"state":"red","message":"Status changed from red to red - No Living connections","prevState":"red","prevMsg":"Unable to retrieve version information from Elasticsearch nodes."}
{"type":"log","@timestamp":"2022-03-26T05:19:37Z","tags":["status","plugin:index_management@7.6.1","error"],"pid":244,"state":"red","message":"Status changed from red to red - No Living connections","prevState":"red","prevMsg":"Unable to retrieve version information from Elasticsearch nodes."}
{"type":"log","@timestamp":"2022-03-26T05:19:37Z","tags":["status","plugin:index_lifecycle_management@7.6.1","error"],"pid":244,"state":"red","message":"Status changed from red to red - No Living connections","prevState":"red","prevMsg":"Unable to retrieve version information from Elasticsearch nodes."}
{"type":"log","@timestamp":"2022-03-26T05:19:37Z","tags":["status","plugin:rollup@7.6.1","error"],"pid":244,"state":"red","message":"Status changed from red to red - No Living connections","prevState":"red","prevMsg":"Unable to retrieve version information from Elasticsearch nodes."}
{"type":"log","@timestamp":"2022-03-26T05:19:37Z","tags":["status","plugin:transform@7.6.1","error"],"pid":244,"state":"red","message":"Status changed from red to red - No Living connections","prevState":"red","prevMsg":"Unable to retrieve version information from Elasticsearch nodes."}
{"type":"log","@timestamp":"2022-03-26T05:19:37Z","tags":["status","plugin:remote_clusters@7.6.1","error"],"pid":244,"state":"red","message":"Status changed from red to red - No Living connections","prevState":"red","prevMsg":"Unable to retrieve version information from Elasticsearch nodes."}
{"type":"log","@timestamp":"2022-03-26T05:19:37Z","tags":["status","plugin:cross_cluster_replication@7.6.1","error"],"pid":244,"state":"red","message":"Status changed from red to red - No Living connections","prevState":"red","prevMsg":"Unable to retrieve version information from Elasticsearch nodes."}
{"type":"log","@timestamp":"2022-03-26T05:19:37Z","tags":["status","plugin:snapshot_restore@7.6.1","error"],"pid":244,"state":"red","message":"Status changed from red to red - No Living connections","prevState":"red","prevMsg":"Unable to retrieve version information from Elasticsearch nodes."}
{"type":"log","@timestamp":"2022-03-26T05:19:37Z","tags":["status","plugin:reporting@7.6.1","error"],"pid":244,"state":"red","message":"Status changed from red to red - No Living connections","prevState":"red","prevMsg":"Unable to retrieve version information from Elasticsearch nodes."}
{"type":"log","@timestamp":"2022-03-26T05:19:37Z","tags":["status","plugin:security@7.6.1","error"],"pid":244,"state":"red","message":"Status changed from red to red - No Living connections","prevState":"red","prevMsg":"Unable to retrieve version information from Elasticsearch nodes."}
{"type":"log","@timestamp":"2022-03-26T05:19:37Z","tags":["info","monitoring","kibana-monitoring"],"pid":244,"message":"Monitoring status upload endpoint is not enabled in Elasticsearch:Monitoring stats collection is stopped"}
Waiting for logstash (pid 233) to die...
{"type":"log","@timestamp":"2022-03-26T05:19:37Z","tags":["warning","elasticsearch","admin"],"pid":244,"message":"Unable to revive connection: http://localhost:9200/"}
{"type":"log","@timestamp":"2022-03-26T05:19:37Z","tags":["reporting","esqueue","queue-worker","error"],"pid":244,"message":"l148oqlv006s28d97af20otr - job querying failed: Error: No Living connections\n    at sendReqWithConnection (/opt/kibana/node_modules/elasticsearch/src/lib/transport.js:266:15)\n    at next (/opt/kibana/node_modules/elasticsearch/src/lib/connection_pool.js:243:7)\n    at process._tickCallback (internal/process/next_tick.js:61:11)"}
{"type":"log","@timestamp":"2022-03-26T05:19:37Z","tags":["warning","elasticsearch","admin"],"pid":244,"message":"No living connections"}
Waiting for logstash (pid 233) to die...
{"type":"log","@timestamp":"2022-03-26T05:19:38Z","tags":["warning","elasticsearch","admin"],"pid":244,"message":"Unable to revive connection: http://localhost:9200/"}
{"type":"log","@timestamp":"2022-03-26T05:19:38Z","tags":["warning","elasticsearch","admin"],"pid":244,"message":"No living connections"}

Waiting for logstash (pid 233) to die...
{"type":"log","@timestamp":"2022-03-26T05:19:39Z","tags":["warning","elasticsearch","admin"],"pid":244,"message":"Unable to revive connection: http://localhost:9200/"}
{"type":"log","@timestamp":"2022-03-26T05:19:39Z","tags":["warning","elasticsearch","admin"],"pid":244,"message":"No living connections"}
{"type":"log","@timestamp":"2022-03-26T05:19:40Z","tags":["warning","elasticsearch","admin"],"pid":244,"message":"Unable to revive connection: http://localhost:9200/"}
{"type":"log","@timestamp":"2022-03-26T05:19:40Z","tags":["warning","elasticsearch","admin"],"pid":244,"message":"No living connections"}
{"type":"log","@timestamp":"2022-03-26T05:19:40Z","tags":["error","plugins","taskManager","taskManager"],"pid":244,"message":"Failed to poll for work: Error: No Living connections"}
Waiting for logstash (pid 233) to die...
^Clogstash stop failed; still running.
 * Stopping Kibana5
{"type":"log","@timestamp":"2022-03-26T05:19:42Z","tags":["info","plugins-system"],"pid":244,"message":"Stopping all plugins."}
   ...done.
RedAdmin@Elk-Server:~$ sudo docker container list -a
CONTAINER ID   IMAGE          COMMAND                  CREATED      STATUS                      PORTS     NAMES
4d623ec746e0   sebp/elk:761   "/usr/local/bin/star…"   4 days ago   Exited (0) 20 seconds ago             elk
RedAdmin@Elk-Server:~$ exit
logout
Connection to 20.85.221.52 closed.
root@2b6015c8569c:~# ssh RedAdmin@10.1.0.4
Welcome to Ubuntu 20.04.4 LTS (GNU/Linux 5.13.0-1017-azure x86_64)

 * Documentation:  https://help.ubuntu.com
 * Management:     https://landscape.canonical.com
 * Support:        https://ubuntu.com/advantage

  System information as of Sat Mar 26 05:20:50 UTC 2022

  System load:  0.34               Processes:                136
  Usage of /:   17.1% of 28.90GB   Users logged in:          0
  Memory usage: 6%                 IPv4 address for docker0: 172.17.0.1
  Swap usage:   0%                 IPv4 address for eth0:    10.1.0.4

 * Super-optimized for small spaces - read how we shrank the memory
   footprint of MicroK8s to make it the smallest full K8s around.

   https://ubuntu.com/blog/microk8s-memory-optimisation

20 updates can be applied immediately.
To see these additional updates run: apt list --upgradable


Last login: Sat Mar 26 05:04:28 2022 from 13.64.142.222
RedAdmin@Elk-Server:~$ sudo docker start elk
elk
RedAdmin@Elk-Server:~$ sudo docker attach elk
waiting for Elasticsearch to be up (4/30)
waiting for Elasticsearch to be up (5/30)
waiting for Elasticsearch to be up (6/30)
waiting for Elasticsearch to be up (7/30)
waiting for Elasticsearch to be up (8/30)
waiting for Elasticsearch to be up (9/30)
waiting for Elasticsearch to be up (10/30)
waiting for Elasticsearch to be up (11/30)
waiting for Elasticsearch to be up (12/30)
waiting for Elasticsearch to be up (13/30)
Waiting for Elasticsearch cluster to respond (1/30)
logstash started.
 * Starting Kibana5
   ...done.
==> /var/log/elasticsearch/elasticsearch.log <==
[2022-03-26T05:21:15,126][INFO ][o.e.b.BootstrapChecks    ] [elk] bound or publishing to a non-loopback address, enforcing bootstrap checks
[2022-03-26T05:21:15,160][INFO ][o.e.c.c.Coordinator      ] [elk] cluster UUID [1uYUCVIBSJCYbNykHdJTkA]
[2022-03-26T05:21:15,490][INFO ][o.e.c.s.MasterService    ] [elk] elected-as-master ([1] nodes joined)[{elk}{OeK1iSNNSJqgT_b3wmAf6g}{QuEYOXw3SsqOxDAVpl5SAQ}{172.17.0.2}{172.17.0.2:9300}{dilm}{ml.machine_memory=8340164608, xpack.installed=true, ml.max_open_jobs=20} elect leader, _BECOME_MASTER_TASK_, _FINISH_ELECTION_], term: 6, version: 58, delta: master node changed {previous [], current [{elk}{OeK1iSNNSJqgT_b3wmAf6g}{QuEYOXw3SsqOxDAVpl5SAQ}{172.17.0.2}{172.17.0.2:9300}{dilm}{ml.machine_memory=8340164608, xpack.installed=true, ml.max_open_jobs=20}]}
[2022-03-26T05:21:15,608][INFO ][o.e.c.s.ClusterApplierService] [elk] master node changed {previous [], current [{elk}{OeK1iSNNSJqgT_b3wmAf6g}{QuEYOXw3SsqOxDAVpl5SAQ}{172.17.0.2}{172.17.0.2:9300}{dilm}{ml.machine_memory=8340164608, xpack.installed=true, ml.max_open_jobs=20}]}, term: 6, version: 58, reason: Publication{term=6, version=58}
[2022-03-26T05:21:15,687][INFO ][o.e.h.AbstractHttpServerTransport] [elk] publish_address {172.17.0.2:9200}, bound_addresses {0.0.0.0:9200}
[2022-03-26T05:21:15,687][INFO ][o.e.n.Node               ] [elk] started
[2022-03-26T05:21:16,245][INFO ][o.e.l.LicenseService     ] [elk] license [edbacc99-d335-4059-866c-361d0e055e05] mode [basic] - valid
[2022-03-26T05:21:16,247][INFO ][o.e.x.s.s.SecurityStatusChangeListener] [elk] Active license is now [BASIC]; Security is disabled
[2022-03-26T05:21:16,264][INFO ][o.e.g.GatewayService     ] [elk] recovered [3] indices into cluster_state
[2022-03-26T05:21:17,502][INFO ][o.e.c.r.a.AllocationService] [elk] Cluster health status changed from [RED] to [GREEN] (reason: [shards started [[.kibana_task_manager_1][0], [.kibana_1][0]]]).

==> /var/log/logstash/logstash-plain.log <==
[2022-03-26T05:19:37,064][WARN ][logstash.runner          ] SIGTERM received. Shutting down.
[2022-03-26T05:19:42,316][WARN ][org.logstash.execution.ShutdownWatcherExt] {"inflight_count"=>0, "stalling_threads_info"=>{"other"=>[{"thread_id"=>29, "name"=>"[main]<beats", "current_call"=>"[...]/vendor/bundle/jruby/2.5.0/gems/logstash-input-beats-6.0.8-java/lib/logstash/inputs/beats.rb:202:in `run'"}], ["LogStash::Filters::Grok", {"match"=>{"message"=>"%{NGINXACCESS}"}, "id"=>"79b9768aa70d0332e903be95739d28241065576f9282c329e57309632310b19b"}]=>[{"thread_id"=>27, "name"=>"[main]>worker0", "current_call"=>"[...]/logstash-core/lib/logstash/java_pipeline.rb:262:in `block in start_workers'"}, {"thread_id"=>28, "name"=>"[main]>worker1", "current_call"=>"[...]/logstash-core/lib/logstash/java_pipeline.rb:262:in `block in start_workers'"}]}}
[2022-03-26T05:19:42,506][ERROR][org.logstash.execution.ShutdownWatcherExt] The shutdown process appears to be stalled due to busy or blocked plugins. Check the logs for more information.

==> /var/log/kibana/kibana5.log <==
{"type":"log","@timestamp":"2022-03-26T05:19:37Z","tags":["reporting","esqueue","queue-worker","error"],"pid":244,"message":"l148oqlv006s28d97af20otr - job querying failed: Error: No Living connections\n    at sendReqWithConnection (/opt/kibana/node_modules/elasticsearch/src/lib/transport.js:266:15)\n    at next (/opt/kibana/node_modules/elasticsearch/src/lib/connection_pool.js:243:7)\n    at process._tickCallback (internal/process/next_tick.js:61:11)"}
{"type":"log","@timestamp":"2022-03-26T05:19:37Z","tags":["warning","elasticsearch","admin"],"pid":244,"message":"No living connections"}
{"type":"log","@timestamp":"2022-03-26T05:19:38Z","tags":["warning","elasticsearch","admin"],"pid":244,"message":"Unable to revive connection: http://localhost:9200/"}
{"type":"log","@timestamp":"2022-03-26T05:19:38Z","tags":["warning","elasticsearch","admin"],"pid":244,"message":"No living connections"}
{"type":"log","@timestamp":"2022-03-26T05:19:39Z","tags":["warning","elasticsearch","admin"],"pid":244,"message":"Unable to revive connection: http://localhost:9200/"}
{"type":"log","@timestamp":"2022-03-26T05:19:39Z","tags":["warning","elasticsearch","admin"],"pid":244,"message":"No living connections"}
{"type":"log","@timestamp":"2022-03-26T05:19:40Z","tags":["warning","elasticsearch","admin"],"pid":244,"message":"Unable to revive connection: http://localhost:9200/"}
{"type":"log","@timestamp":"2022-03-26T05:19:40Z","tags":["warning","elasticsearch","admin"],"pid":244,"message":"No living connections"}
{"type":"log","@timestamp":"2022-03-26T05:19:40Z","tags":["error","plugins","taskManager","taskManager"],"pid":244,"message":"Failed to poll for work: Error: No Living connections"}
{"type":"log","@timestamp":"2022-03-26T05:19:42Z","tags":["info","plugins-system"],"pid":244,"message":"Stopping all plugins."}
{"type":"log","@timestamp":"2022-03-26T05:21:25Z","tags":["info","plugins-service"],"pid":244,"message":"Plugin \"case\" is disabled."}
{"type":"log","@timestamp":"2022-03-26T05:21:31Z","tags":["info","plugins-system"],"pid":244,"message":"Setting up [37] plugins: [taskManager,siem,licensing,infra,encryptedSavedObjects,code,usageCollection,metrics,canvas,timelion,features,security,apm_oss,translations,reporting,uiActions,data,navigation,status_page,share,newsfeed,kibana_legacy,management,dev_tools,inspector,expressions,visualizations,embeddable,advancedUiActions,dashboard_embeddable_container,home,spaces,cloud,apm,graph,eui_utils,bfetch]"}
{"type":"log","@timestamp":"2022-03-26T05:21:31Z","tags":["info","plugins","taskManager"],"pid":244,"message":"Setting up plugin"}
{"type":"log","@timestamp":"2022-03-26T05:21:31Z","tags":["info","plugins","siem"],"pid":244,"message":"Setting up plugin"}
{"type":"log","@timestamp":"2022-03-26T05:21:31Z","tags":["info","plugins","licensing"],"pid":244,"message":"Setting up plugin"}
{"type":"log","@timestamp":"2022-03-26T05:21:31Z","tags":["info","plugins","infra"],"pid":244,"message":"Setting up plugin"}
{"type":"log","@timestamp":"2022-03-26T05:21:31Z","tags":["info","plugins","encryptedSavedObjects"],"pid":244,"message":"Setting up plugin"}
{"type":"log","@timestamp":"2022-03-26T05:21:31Z","tags":["warning","plugins","encryptedSavedObjects","config"],"pid":244,"message":"Generating a random key for xpack.encryptedSavedObjects.encryptionKey. To be able to decrypt encrypted saved objects attributes after restart, please set xpack.encryptedSavedObjects.encryptionKey in kibana.yml"}
{"type":"log","@timestamp":"2022-03-26T05:21:31Z","tags":["info","plugins","code"],"pid":244,"message":"Setting up plugin"}
{"type":"log","@timestamp":"2022-03-26T05:21:31Z","tags":["info","plugins","usageCollection"],"pid":244,"message":"Setting up plugin"}
{"type":"log","@timestamp":"2022-03-26T05:21:31Z","tags":["info","plugins","metrics"],"pid":244,"message":"Setting up plugin"}
{"type":"log","@timestamp":"2022-03-26T05:21:31Z","tags":["info","plugins","canvas"],"pid":244,"message":"Setting up plugin"}
{"type":"log","@timestamp":"2022-03-26T05:21:31Z","tags":["info","plugins","timelion"],"pid":244,"message":"Setting up plugin"}
{"type":"log","@timestamp":"2022-03-26T05:21:31Z","tags":["info","plugins","features"],"pid":244,"message":"Setting up plugin"}
{"type":"log","@timestamp":"2022-03-26T05:21:31Z","tags":["info","plugins","security"],"pid":244,"message":"Setting up plugin"}
{"type":"log","@timestamp":"2022-03-26T05:21:31Z","tags":["warning","plugins","security","config"],"pid":244,"message":"Generating a random key for xpack.security.encryptionKey. To prevent sessions from being invalidated on restart, please set xpack.security.encryptionKey in kibana.yml"}
{"type":"log","@timestamp":"2022-03-26T05:21:31Z","tags":["warning","plugins","security","config"],"pid":244,"message":"Session cookies will be transmitted over insecure connections. This is not recommended."}
{"type":"log","@timestamp":"2022-03-26T05:21:32Z","tags":["info","plugins","apm_oss"],"pid":244,"message":"Setting up plugin"}
{"type":"log","@timestamp":"2022-03-26T05:21:32Z","tags":["info","plugins","translations"],"pid":244,"message":"Setting up plugin"}
{"type":"log","@timestamp":"2022-03-26T05:21:32Z","tags":["info","plugins","data"],"pid":244,"message":"Setting up plugin"}
{"type":"log","@timestamp":"2022-03-26T05:21:32Z","tags":["info","plugins","share"],"pid":244,"message":"Setting up plugin"}
{"type":"log","@timestamp":"2022-03-26T05:21:32Z","tags":["info","plugins","home"],"pid":244,"message":"Setting up plugin"}
{"type":"log","@timestamp":"2022-03-26T05:21:32Z","tags":["info","plugins","spaces"],"pid":244,"message":"Setting up plugin"}
{"type":"log","@timestamp":"2022-03-26T05:21:32Z","tags":["info","plugins","cloud"],"pid":244,"message":"Setting up plugin"}
{"type":"log","@timestamp":"2022-03-26T05:21:32Z","tags":["info","plugins","apm"],"pid":244,"message":"Setting up plugin"}
{"type":"log","@timestamp":"2022-03-26T05:21:32Z","tags":["info","plugins","graph"],"pid":244,"message":"Setting up plugin"}
{"type":"log","@timestamp":"2022-03-26T05:21:32Z","tags":["info","plugins","bfetch"],"pid":244,"message":"Setting up plugin"}
{"type":"log","@timestamp":"2022-03-26T05:21:32Z","tags":["info","savedobjects-service"],"pid":244,"message":"Waiting until all Elasticsearch nodes are compatible with Kibana before starting saved objects migrations..."}
{"type":"log","@timestamp":"2022-03-26T05:21:32Z","tags":["info","savedobjects-service"],"pid":244,"message":"Starting saved objects migrations"}
{"type":"log","@timestamp":"2022-03-26T05:21:32Z","tags":["info","plugins-system"],"pid":244,"message":"Starting [22] plugins: [taskManager,siem,licensing,infra,encryptedSavedObjects,code,usageCollection,metrics,canvas,timelion,features,security,apm_oss,translations,data,share,home,spaces,cloud,apm,graph,bfetch]"}
{"type":"log","@timestamp":"2022-03-26T05:21:34Z","tags":["status","plugin:kibana@7.6.1","info"],"pid":244,"state":"green","message":"Status changed from uninitialized to green - Ready","prevState":"uninitialized","prevMsg":"uninitialized"}
{"type":"log","@timestamp":"2022-03-26T05:21:35Z","tags":["info","plugins","taskManager","taskManager"],"pid":244,"message":"TaskManager is identified by the Kibana UUID: c1bb4973-dd70-4b00-a93a-70a9ad502e44"}

==> /var/log/elasticsearch/elasticsearch.log <==
[2022-03-26T05:21:36,258][INFO ][o.e.c.m.MetaDataIndexTemplateService] [elk] adding template [.management-beats] for index patterns [.management-beats]

==> /var/log/kibana/kibana5.log <==
{"type":"log","@timestamp":"2022-03-26T05:21:34Z","tags":["status","plugin:elasticsearch@7.6.1","info"],"pid":244,"state":"yellow","message":"Status changed from uninitialized to yellow - Waiting for Elasticsearch","prevState":"uninitialized","prevMsg":"uninitialized"}
{"type":"log","@timestamp":"2022-03-26T05:21:34Z","tags":["status","plugin:elasticsearch@7.6.1","info"],"pid":244,"state":"green","message":"Status changed from yellow to green - Ready","prevState":"yellow","prevMsg":"Waiting for Elasticsearch"}
{"type":"log","@timestamp":"2022-03-26T05:21:34Z","tags":["status","plugin:xpack_main@7.6.1","info"],"pid":244,"state":"green","message":"Status changed from uninitialized to green - Ready","prevState":"uninitialized","prevMsg":"uninitialized"}
{"type":"log","@timestamp":"2022-03-26T05:21:34Z","tags":["status","plugin:graph@7.6.1","info"],"pid":244,"state":"green","message":"Status changed from uninitialized to green - Ready","prevState":"uninitialized","prevMsg":"uninitialized"}
{"type":"log","@timestamp":"2022-03-26T05:21:34Z","tags":["info","monitoring","kibana-monitoring"],"pid":244,"message":"Starting monitoring stats collection"}
{"type":"log","@timestamp":"2022-03-26T05:21:35Z","tags":["status","plugin:monitoring@7.6.1","info"],"pid":244,"state":"green","message":"Status changed from uninitialized to green - Ready","prevState":"uninitialized","prevMsg":"uninitialized"}
{"type":"log","@timestamp":"2022-03-26T05:21:35Z","tags":["status","plugin:spaces@7.6.1","info"],"pid":244,"state":"green","message":"Status changed from uninitialized to green - Ready","prevState":"uninitialized","prevMsg":"uninitialized"}
{"type":"log","@timestamp":"2022-03-26T05:21:35Z","tags":["status","plugin:security@7.6.1","info"],"pid":244,"state":"green","message":"Status changed from uninitialized to green - Ready","prevState":"uninitialized","prevMsg":"uninitialized"}
{"type":"log","@timestamp":"2022-03-26T05:21:35Z","tags":["status","plugin:searchprofiler@7.6.1","info"],"pid":244,"state":"green","message":"Status changed from uninitialized to green - Ready","prevState":"uninitialized","prevMsg":"uninitialized"}
{"type":"log","@timestamp":"2022-03-26T05:21:35Z","tags":["status","plugin:ml@7.6.1","info"],"pid":244,"state":"green","message":"Status changed from uninitialized to green - Ready","prevState":"uninitialized","prevMsg":"uninitialized"}
{"type":"log","@timestamp":"2022-03-26T05:21:35Z","tags":["status","plugin:tilemap@7.6.1","info"],"pid":244,"state":"green","message":"Status changed from uninitialized to green - Ready","prevState":"uninitialized","prevMsg":"uninitialized"}
{"type":"log","@timestamp":"2022-03-26T05:21:35Z","tags":["status","plugin:watcher@7.6.1","info"],"pid":244,"state":"green","message":"Status changed from uninitialized to green - Ready","prevState":"uninitialized","prevMsg":"uninitialized"}
{"type":"log","@timestamp":"2022-03-26T05:21:35Z","tags":["status","plugin:grokdebugger@7.6.1","info"],"pid":244,"state":"green","message":"Status changed from uninitialized to green - Ready","prevState":"uninitialized","prevMsg":"uninitialized"}
{"type":"log","@timestamp":"2022-03-26T05:21:35Z","tags":["status","plugin:dashboard_mode@7.6.1","info"],"pid":244,"state":"green","message":"Status changed from uninitialized to green - Ready","prevState":"uninitialized","prevMsg":"uninitialized"}
{"type":"log","@timestamp":"2022-03-26T05:21:35Z","tags":["status","plugin:logstash@7.6.1","info"],"pid":244,"state":"green","message":"Status changed from uninitialized to green - Ready","prevState":"uninitialized","prevMsg":"uninitialized"}
{"type":"log","@timestamp":"2022-03-26T05:21:35Z","tags":["status","plugin:beats_management@7.6.1","info"],"pid":244,"state":"green","message":"Status changed from uninitialized to green - Ready","prevState":"uninitialized","prevMsg":"uninitialized"}
{"type":"log","@timestamp":"2022-03-26T05:21:35Z","tags":["status","plugin:apm_oss@7.6.1","info"],"pid":244,"state":"green","message":"Status changed from uninitialized to green - Ready","prevState":"uninitialized","prevMsg":"uninitialized"}
{"type":"log","@timestamp":"2022-03-26T05:21:35Z","tags":["status","plugin:apm@7.6.1","info"],"pid":244,"state":"green","message":"Status changed from uninitialized to green - Ready","prevState":"uninitialized","prevMsg":"uninitialized"}
{"type":"log","@timestamp":"2022-03-26T05:21:35Z","tags":["status","plugin:maps@7.6.1","info"],"pid":244,"state":"green","message":"Status changed from uninitialized to green - Ready","prevState":"uninitialized","prevMsg":"uninitialized"}
{"type":"log","@timestamp":"2022-03-26T05:21:35Z","tags":["status","plugin:interpreter@7.6.1","info"],"pid":244,"state":"green","message":"Status changed from uninitialized to green - Ready","prevState":"uninitialized","prevMsg":"uninitialized"}
{"type":"log","@timestamp":"2022-03-26T05:21:35Z","tags":["status","plugin:canvas@7.6.1","info"],"pid":244,"state":"green","message":"Status changed from uninitialized to green - Ready","prevState":"uninitialized","prevMsg":"uninitialized"}
{"type":"log","@timestamp":"2022-03-26T05:21:35Z","tags":["status","plugin:license_management@7.6.1","info"],"pid":244,"state":"green","message":"Status changed from uninitialized to green - Ready","prevState":"uninitialized","prevMsg":"uninitialized"}
{"type":"log","@timestamp":"2022-03-26T05:21:35Z","tags":["status","plugin:index_management@7.6.1","info"],"pid":244,"state":"green","message":"Status changed from uninitialized to green - Ready","prevState":"uninitialized","prevMsg":"uninitialized"}
{"type":"log","@timestamp":"2022-03-26T05:21:35Z","tags":["status","plugin:console@7.6.1","info"],"pid":244,"state":"green","message":"Status changed from uninitialized to green - Ready","prevState":"uninitialized","prevMsg":"uninitialized"}
{"type":"log","@timestamp":"2022-03-26T05:21:35Z","tags":["status","plugin:console_extensions@7.6.1","info"],"pid":244,"state":"green","message":"Status changed from uninitialized to green - Ready","prevState":"uninitialized","prevMsg":"uninitialized"}
{"type":"log","@timestamp":"2022-03-26T05:21:35Z","tags":["status","plugin:index_lifecycle_management@7.6.1","info"],"pid":244,"state":"green","message":"Status changed from uninitialized to green - Ready","prevState":"uninitialized","prevMsg":"uninitialized"}
{"type":"log","@timestamp":"2022-03-26T05:21:35Z","tags":["status","plugin:kuery_autocomplete@7.6.1","info"],"pid":244,"state":"green","message":"Status changed from uninitialized to green - Ready","prevState":"uninitialized","prevMsg":"uninitialized"}
{"type":"log","@timestamp":"2022-03-26T05:21:35Z","tags":["status","plugin:metrics@7.6.1","info"],"pid":244,"state":"green","message":"Status changed from uninitialized to green - Ready","prevState":"uninitialized","prevMsg":"uninitialized"}
{"type":"log","@timestamp":"2022-03-26T05:21:35Z","tags":["status","plugin:infra@7.6.1","info"],"pid":244,"state":"green","message":"Status changed from uninitialized to green - Ready","prevState":"uninitialized","prevMsg":"uninitialized"}
{"type":"log","@timestamp":"2022-03-26T05:21:35Z","tags":["status","plugin:task_manager@7.6.1","info"],"pid":244,"state":"green","message":"Status changed from uninitialized to green - Ready","prevState":"uninitialized","prevMsg":"uninitialized"}
{"type":"log","@timestamp":"2022-03-26T05:21:35Z","tags":["status","plugin:rollup@7.6.1","info"],"pid":244,"state":"green","message":"Status changed from uninitialized to green - Ready","prevState":"uninitialized","prevMsg":"uninitialized"}
{"type":"log","@timestamp":"2022-03-26T05:21:35Z","tags":["status","plugin:transform@7.6.1","info"],"pid":244,"state":"green","message":"Status changed from uninitialized to green - Ready","prevState":"uninitialized","prevMsg":"uninitialized"}
{"type":"log","@timestamp":"2022-03-26T05:21:35Z","tags":["status","plugin:encryptedSavedObjects@7.6.1","info"],"pid":244,"state":"green","message":"Status changed from uninitialized to green - Ready","prevState":"uninitialized","prevMsg":"uninitialized"}
{"type":"log","@timestamp":"2022-03-26T05:21:35Z","tags":["status","plugin:actions@7.6.1","info"],"pid":244,"state":"green","message":"Status changed from uninitialized to green - Ready","prevState":"uninitialized","prevMsg":"uninitialized"}
{"type":"log","@timestamp":"2022-03-26T05:21:35Z","tags":["status","plugin:alerting@7.6.1","info"],"pid":244,"state":"green","message":"Status changed from uninitialized to green - Ready","prevState":"uninitialized","prevMsg":"uninitialized"}
{"type":"log","@timestamp":"2022-03-26T05:21:35Z","tags":["status","plugin:siem@7.6.1","info"],"pid":244,"state":"green","message":"Status changed from uninitialized to green - Ready","prevState":"uninitialized","prevMsg":"uninitialized"}
{"type":"log","@timestamp":"2022-03-26T05:21:35Z","tags":["status","plugin:remote_clusters@7.6.1","info"],"pid":244,"state":"green","message":"Status changed from uninitialized to green - Ready","prevState":"uninitialized","prevMsg":"uninitialized"}
{"type":"log","@timestamp":"2022-03-26T05:21:35Z","tags":["status","plugin:cross_cluster_replication@7.6.1","info"],"pid":244,"state":"green","message":"Status changed from uninitialized to green - Ready","prevState":"uninitialized","prevMsg":"uninitialized"}
{"type":"log","@timestamp":"2022-03-26T05:21:35Z","tags":["status","plugin:upgrade_assistant@7.6.1","info"],"pid":244,"state":"green","message":"Status changed from uninitialized to green - Ready","prevState":"uninitialized","prevMsg":"uninitialized"}
{"type":"log","@timestamp":"2022-03-26T05:21:35Z","tags":["status","plugin:uptime@7.6.1","info"],"pid":244,"state":"green","message":"Status changed from uninitialized to green - Ready","prevState":"uninitialized","prevMsg":"uninitialized"}
{"type":"log","@timestamp":"2022-03-26T05:21:35Z","tags":["status","plugin:oss_telemetry@7.6.1","info"],"pid":244,"state":"green","message":"Status changed from uninitialized to green - Ready","prevState":"uninitialized","prevMsg":"uninitialized"}
{"type":"log","@timestamp":"2022-03-26T05:21:35Z","tags":["status","plugin:file_upload@7.6.1","info"],"pid":244,"state":"green","message":"Status changed from uninitialized to green - Ready","prevState":"uninitialized","prevMsg":"uninitialized"}
{"type":"log","@timestamp":"2022-03-26T05:21:35Z","tags":["status","plugin:data@7.6.1","info"],"pid":244,"state":"green","message":"Status changed from uninitialized to green - Ready","prevState":"uninitialized","prevMsg":"uninitialized"}
{"type":"log","@timestamp":"2022-03-26T05:21:35Z","tags":["status","plugin:lens@7.6.1","info"],"pid":244,"state":"green","message":"Status changed from uninitialized to green - Ready","prevState":"uninitialized","prevMsg":"uninitialized"}
{"type":"log","@timestamp":"2022-03-26T05:21:35Z","tags":["status","plugin:snapshot_restore@7.6.1","info"],"pid":244,"state":"green","message":"Status changed from uninitialized to green - Ready","prevState":"uninitialized","prevMsg":"uninitialized"}
{"type":"log","@timestamp":"2022-03-26T05:21:35Z","tags":["status","plugin:input_control_vis@7.6.1","info"],"pid":244,"state":"green","message":"Status changed from uninitialized to green - Ready","prevState":"uninitialized","prevMsg":"uninitialized"}
{"type":"log","@timestamp":"2022-03-26T05:21:35Z","tags":["status","plugin:kibana_react@7.6.1","info"],"pid":244,"state":"green","message":"Status changed from uninitialized to green - Ready","prevState":"uninitialized","prevMsg":"uninitialized"}
{"type":"log","@timestamp":"2022-03-26T05:21:35Z","tags":["status","plugin:management@7.6.1","info"],"pid":244,"state":"green","message":"Status changed from uninitialized to green - Ready","prevState":"uninitialized","prevMsg":"uninitialized"}
{"type":"log","@timestamp":"2022-03-26T05:21:35Z","tags":["status","plugin:navigation@7.6.1","info"],"pid":244,"state":"green","message":"Status changed from uninitialized to green - Ready","prevState":"uninitialized","prevMsg":"uninitialized"}
{"type":"log","@timestamp":"2022-03-26T05:21:35Z","tags":["status","plugin:region_map@7.6.1","info"],"pid":244,"state":"green","message":"Status changed from uninitialized to green - Ready","prevState":"uninitialized","prevMsg":"uninitialized"}
{"type":"log","@timestamp":"2022-03-26T05:21:35Z","tags":["status","plugin:telemetry@7.6.1","info"],"pid":244,"state":"green","message":"Status changed from uninitialized to green - Ready","prevState":"uninitialized","prevMsg":"uninitialized"}
{"type":"log","@timestamp":"2022-03-26T05:21:36Z","tags":["status","plugin:timelion@7.6.1","info"],"pid":244,"state":"green","message":"Status changed from uninitialized to green - Ready","prevState":"uninitialized","prevMsg":"uninitialized"}
{"type":"log","@timestamp":"2022-03-26T05:21:36Z","tags":["status","plugin:ui_metric@7.6.1","info"],"pid":244,"state":"green","message":"Status changed from uninitialized to green - Ready","prevState":"uninitialized","prevMsg":"uninitialized"}
{"type":"log","@timestamp":"2022-03-26T05:21:36Z","tags":["status","plugin:markdown_vis@7.6.1","info"],"pid":244,"state":"green","message":"Status changed from uninitialized to green - Ready","prevState":"uninitialized","prevMsg":"uninitialized"}
{"type":"log","@timestamp":"2022-03-26T05:21:36Z","tags":["status","plugin:metric_vis@7.6.1","info"],"pid":244,"state":"green","message":"Status changed from uninitialized to green - Ready","prevState":"uninitialized","prevMsg":"uninitialized"}
{"type":"log","@timestamp":"2022-03-26T05:21:36Z","tags":["status","plugin:table_vis@7.6.1","info"],"pid":244,"state":"green","message":"Status changed from uninitialized to green - Ready","prevState":"uninitialized","prevMsg":"uninitialized"}
{"type":"log","@timestamp":"2022-03-26T05:21:36Z","tags":["status","plugin:tagcloud@7.6.1","info"],"pid":244,"state":"green","message":"Status changed from uninitialized to green - Ready","prevState":"uninitialized","prevMsg":"uninitialized"}
{"type":"log","@timestamp":"2022-03-26T05:21:36Z","tags":["status","plugin:vega@7.6.1","info"],"pid":244,"state":"green","message":"Status changed from uninitialized to green - Ready","prevState":"uninitialized","prevMsg":"uninitialized"}
{"type":"log","@timestamp":"2022-03-26T05:21:37Z","tags":["reporting","warning"],"pid":244,"message":"Generating a random key for xpack.reporting.encryptionKey. To prevent pending reports from failing on restart, please set xpack.reporting.encryptionKey in kibana.yml"}
{"type":"log","@timestamp":"2022-03-26T05:21:37Z","tags":["info","http","server","Kibana"],"pid":244,"message":"http server running at http://0.0.0.0:5601"}
{"type":"log","@timestamp":"2022-03-26T05:21:37Z","tags":["status","plugin:reporting@7.6.1","info"],"pid":244,"state":"green","message":"Status changed from uninitialized to green - Ready","prevState":"uninitialized","prevMsg":"uninitialized"}
{"type":"log","@timestamp":"2022-03-26T05:21:37Z","tags":["listening","info"],"pid":244,"message":"Server running at http://0.0.0.0:5601"}
{"type":"log","@timestamp":"2022-03-26T05:21:37Z","tags":["reporting","error"],"pid":244,"message":"The Reporting plugin encountered issues launching Chromium in a self-test. You may have trouble generating reports."}
{"type":"error","@timestamp":"2022-03-26T05:21:37Z","tags":["reporting","error"],"pid":244,"level":"error","error":{"message":"Failed to launch chrome!\n[0326/052137.034040:WARNING:resource_bundle.cc(358)] locale_file_path.empty() for locale \n[0326/052137.047973:FATAL:zygote_host_impl_linux.cc(116)] No usable sandbox! Update your kernel or see https://chromium.googlesource.com/chromium/src/+/master/docs/linux_suid_sandbox_development.md for more information on developing with the SUID sandbox. If you want to live dangerously and need an immediate workaround, you can try using --no-sandbox.\n#0 0x564244de9bf9 <unknown>\n#1 0x564244d56783 <unknown>\n#2 0x564244d69e23 <unknown>\n#3 0x5642462282ee <unknown>\n#4 0x564244d160f8 <unknown>\n#5 0x56424622e98c <unknown>\n#6 0x564244d0fad1 <unknown>\n#7 0x564244d52c3d <unknown>\n#8 0x564244d529bb <unknown>\n#9 0x7f5c0d0aeb97 __libc_start_main\n#10 0x56424325902a _start\n\nReceived signal 6\n#0 0x564244de9bf9 <unknown>\n#1 0x564244d56783 <unknown>\n#2 0x564244de9781 <unknown>\n#3 0x7f5c0e837890 <unknown>\n#4 0x7f5c0d0cbe97 gsignal\n#5 0x7f5c0d0cd801 abort\n#6 0x564244de85c5 <unknown>\n#7 0x564244d6a107 <unknown>\n#8 0x5642462282ee <unknown>\n#9 0x564244d160f8 <unknown>\n#10 0x56424622e98c <unknown>\n#11 0x564244d0fad1 <unknown>\n#12 0x564244d52c3d <unknown>\n#13 0x564244d529bb <unknown>\n#14 0x7f5c0d0aeb97 __libc_start_main\n#15 0x56424325902a _start\n  r8: 0000000000000000  r9: 00007ffd34b88ea0 r10: 0000000000000008 r11: 0000000000000246\n r12: 00007ffd34b8a168 r13: 00000a142bf9bb80 r14: 00007ffd34b8a170 r15: 00007ffd34b8a178\n  di: 0000000000000002  si: 00007ffd34b88ea0  bp: 00007ffd34b890f0  bx: 00007ffd34b89148\n  dx: 0000000000000000  ax: 0000000000000000  cx: 00007f5c0d0cbe97  sp: 00007ffd34b88ea0\n  ip: 00007f5c0d0cbe97 efl: 0000000000000246 cgf: 002b000000000033 erf: 0000000000000000\n trp: 0000000000000000 msk: 0000000000000000 cr2: 0000000000000000\n[end of stack trace]\nCalling _exit(1). Core file will not be generated.\n\n\nTROUBLESHOOTING: https://github.com/GoogleChrome/puppeteer/blob/master/docs/troubleshooting.md\n","name":"Error","stack":"Error: Failed to launch chrome!\n[0326/052137.034040:WARNING:resource_bundle.cc(358)] locale_file_path.empty() for locale \n[0326/052137.047973:FATAL:zygote_host_impl_linux.cc(116)] No usable sandbox! Update your kernel or see https://chromium.googlesource.com/chromium/src/+/master/docs/linux_suid_sandbox_development.md for more information on developing with the SUID sandbox. If you want to live dangerously and need an immediate workaround, you can try using --no-sandbox.\n#0 0x564244de9bf9 <unknown>\n#1 0x564244d56783 <unknown>\n#2 0x564244d69e23 <unknown>\n#3 0x5642462282ee <unknown>\n#4 0x564244d160f8 <unknown>\n#5 0x56424622e98c <unknown>\n#6 0x564244d0fad1 <unknown>\n#7 0x564244d52c3d <unknown>\n#8 0x564244d529bb <unknown>\n#9 0x7f5c0d0aeb97 __libc_start_main\n#10 0x56424325902a _start\n\nReceived signal 6\n#0 0x564244de9bf9 <unknown>\n#1 0x564244d56783 <unknown>\n#2 0x564244de9781 <unknown>\n#3 0x7f5c0e837890 <unknown>\n#4 0x7f5c0d0cbe97 gsignal\n#5 0x7f5c0d0cd801 abort\n#6 0x564244de85c5 <unknown>\n#7 0x564244d6a107 <unknown>\n#8 0x5642462282ee <unknown>\n#9 0x564244d160f8 <unknown>\n#10 0x56424622e98c <unknown>\n#11 0x564244d0fad1 <unknown>\n#12 0x564244d52c3d <unknown>\n#13 0x564244d529bb <unknown>\n#14 0x7f5c0d0aeb97 __libc_start_main\n#15 0x56424325902a _start\n  r8: 0000000000000000  r9: 00007ffd34b88ea0 r10: 0000000000000008 r11: 0000000000000246\n r12: 00007ffd34b8a168 r13: 00000a142bf9bb80 r14: 00007ffd34b8a170 r15: 00007ffd34b8a178\n  di: 0000000000000002  si: 00007ffd34b88ea0  bp: 00007ffd34b890f0  bx: 00007ffd34b89148\n  dx: 0000000000000000  ax: 0000000000000000  cx: 00007f5c0d0cbe97  sp: 00007ffd34b88ea0\n  ip: 00007f5c0d0cbe97 efl: 0000000000000246 cgf: 002b000000000033 erf: 0000000000000000\n trp: 0000000000000000 msk: 0000000000000000 cr2: 0000000000000000\n[end of stack trace]\nCalling _exit(1). Core file will not be generated.\n\n\nTROUBLESHOOTING: https://github.com/GoogleChrome/puppeteer/blob/master/docs/troubleshooting.md\n\n    at onClose (/opt/kibana/node_modules/puppeteer-core/lib/Launcher.js:349:14)\n    at Interface.helper.addEventListener (/opt/kibana/node_modules/puppeteer-core/lib/Launcher.js:338:50)\n    at Interface.emit (events.js:203:15)\n    at Interface.close (readline.js:397:8)\n    at Socket.onend (readline.js:173:10)\n    at Socket.emit (events.js:203:15)\n    at endReadableNT (_stream_readable.js:1145:12)\n    at process._tickCallback (internal/process/next_tick.js:63:19)"},"message":"Failed to launch chrome!\n[0326/052137.034040:WARNING:resource_bundle.cc(358)] locale_file_path.empty() for locale \n[0326/052137.047973:FATAL:zygote_host_impl_linux.cc(116)] No usable sandbox! Update your kernel or see https://chromium.googlesource.com/chromium/src/+/master/docs/linux_suid_sandbox_development.md for more information on developing with the SUID sandbox. If you want to live dangerously and need an immediate workaround, you can try using --no-sandbox.\n#0 0x564244de9bf9 <unknown>\n#1 0x564244d56783 <unknown>\n#2 0x564244d69e23 <unknown>\n#3 0x5642462282ee <unknown>\n#4 0x564244d160f8 <unknown>\n#5 0x56424622e98c <unknown>\n#6 0x564244d0fad1 <unknown>\n#7 0x564244d52c3d <unknown>\n#8 0x564244d529bb <unknown>\n#9 0x7f5c0d0aeb97 __libc_start_main\n#10 0x56424325902a _start\n\nReceived signal 6\n#0 0x564244de9bf9 <unknown>\n#1 0x564244d56783 <unknown>\n#2 0x564244de9781 <unknown>\n#3 0x7f5c0e837890 <unknown>\n#4 0x7f5c0d0cbe97 gsignal\n#5 0x7f5c0d0cd801 abort\n#6 0x564244de85c5 <unknown>\n#7 0x564244d6a107 <unknown>\n#8 0x5642462282ee <unknown>\n#9 0x564244d160f8 <unknown>\n#10 0x56424622e98c <unknown>\n#11 0x564244d0fad1 <unknown>\n#12 0x564244d52c3d <unknown>\n#13 0x564244d529bb <unknown>\n#14 0x7f5c0d0aeb97 __libc_start_main\n#15 0x56424325902a _start\n  r8: 0000000000000000  r9: 00007ffd34b88ea0 r10: 0000000000000008 r11: 0000000000000246\n r12: 00007ffd34b8a168 r13: 00000a142bf9bb80 r14: 00007ffd34b8a170 r15: 00007ffd34b8a178\n  di: 0000000000000002  si: 00007ffd34b88ea0  bp: 00007ffd34b890f0  bx: 00007ffd34b89148\n  dx: 0000000000000000  ax: 0000000000000000  cx: 00007f5c0d0cbe97  sp: 00007ffd34b88ea0\n  ip: 00007f5c0d0cbe97 efl: 0000000000000246 cgf: 002b000000000033 erf: 0000000000000000\n trp: 0000000000000000 msk: 0000000000000000 cr2: 0000000000000000\n[end of stack trace]\nCalling _exit(1). Core file will not be generated.\n\n\nTROUBLESHOOTING: https://github.com/GoogleChrome/puppeteer/blob/master/docs/troubleshooting.md\n"}
{"type":"log","@timestamp":"2022-03-26T05:21:37Z","tags":["reporting","warning"],"pid":244,"message":"See Chromium's log output at \"/opt/kibana/data/headless_shell-linux/chrome_debug.log\""}
{"type":"log","@timestamp":"2022-03-26T05:21:37Z","tags":["reporting","warning"],"pid":244,"message":"Reporting plugin self-check generated a warning: Error: Could not close browser client handle!"}

==> /var/log/logstash/logstash-plain.log <==
[2022-03-26T05:21:53,648][INFO ][logstash.runner          ] Starting Logstash {"logstash.version"=>"7.6.1"}
[2022-03-26T05:21:57,215][INFO ][org.reflections.Reflections] Reflections took 59 ms to scan 1 urls, producing 20 keys and 40 values 
[2022-03-26T05:21:58,535][INFO ][logstash.outputs.elasticsearch][main] Elasticsearch pool URLs updated {:changes=>{:removed=>[], :added=>[http://localhost:9200/]}}
[2022-03-26T05:21:58,880][WARN ][logstash.outputs.elasticsearch][main] Restored connection to ES instance {:url=>"http://localhost:9200/"}
[2022-03-26T05:21:58,976][INFO ][logstash.outputs.elasticsearch][main] ES Output version determined {:es_version=>7}
[2022-03-26T05:21:58,981][WARN ][logstash.outputs.elasticsearch][main] Detected a 6.x and above cluster: the `type` event field won't be used to determine the document _type {:es_version=>7}
[2022-03-26T05:21:59,127][INFO ][logstash.outputs.elasticsearch][main] New Elasticsearch output {:class=>"LogStash::Outputs::ElasticSearch", :hosts=>["//localhost"]}
[2022-03-26T05:21:59,739][WARN ][org.logstash.instrument.metrics.gauge.LazyDelegatingGauge][main] A gauge metric of an unknown type (org.jruby.specialized.RubyArrayOneObject) has been create for key: cluster_uuids. This may result in invalid serialization.  It is recommended to log an issue to the responsible developer/development team.
[2022-03-26T05:21:59,745][INFO ][logstash.javapipeline    ][main] Starting pipeline {:pipeline_id=>"main", "pipeline.workers"=>2, "pipeline.batch.size"=>125, "pipeline.batch.delay"=>50, "pipeline.max_inflight"=>250, "pipeline.sources"=>["/etc/logstash/conf.d/02-beats-input.conf", "/etc/logstash/conf.d/10-syslog.conf", "/etc/logstash/conf.d/11-nginx.conf", "/etc/logstash/conf.d/30-output.conf"], :thread=>"#<Thread:0x45a4ee58 run>"}
[2022-03-26T05:22:01,249][INFO ][logstash.inputs.beats    ][main] Beats inputs: Starting input listener {:address=>"0.0.0.0:5044"}
[2022-03-26T05:22:01,746][INFO ][logstash.javapipeline    ][main] Pipeline started {"pipeline.id"=>"main"}
[2022-03-26T05:22:01,849][INFO ][logstash.agent           ] Pipelines running {:count=>1, :running_pipelines=>[:main], :non_running_pipelines=>[]}
[2022-03-26T05:22:01,882][INFO ][org.logstash.beats.Server][main] Starting server on port: 5044
[2022-03-26T05:22:02,295][INFO ][logstash.agent           ] Successfully started Logstash API endpoint {:port=>9600}
 
^CTerminating ELK
 * Stopping Elasticsearch Server

==> /var/log/elasticsearch/elasticsearch.log <==
[2022-03-26T05:29:11,006][INFO ][o.e.n.Node               ] [elk] stopping ...
[2022-03-26T05:29:11,026][INFO ][o.e.x.w.WatcherService   ] [elk] stopping watch service, reason [shutdown initiated]
[2022-03-26T05:29:11,027][INFO ][o.e.x.w.WatcherLifeCycleService] [elk] watcher has stopped and shutdown
   ...done.
Killing logstash (pid 227) with SIGTERM
Waiting for logstash (pid 227) to die...
[2022-03-26T05:29:11,292][INFO ][o.e.x.m.p.l.CppLogMessageHandler] [elk] [controller/107] [Main.cc@150] Ml controller exiting
[2022-03-26T05:29:11,293][INFO ][o.e.x.m.p.NativeController] [elk] Native controller process has stopped - no new native processes can be started
[2022-03-26T05:29:11,327][INFO ][o.e.n.Node               ] [elk] stopped
[2022-03-26T05:29:11,329][INFO ][o.e.n.Node               ] [elk] closing ...
[2022-03-26T05:29:11,346][INFO ][o.e.n.Node               ] [elk] closed

==> /var/log/logstash/logstash-plain.log <==
[2022-03-26T05:29:11,395][WARN ][logstash.runner          ] SIGTERM received. Shutting down.

==> /var/log/kibana/kibana5.log <==
{"type":"log","@timestamp":"2022-03-26T05:29:11Z","tags":["error","elasticsearch","admin"],"pid":244,"message":"Request error, retrying\nGET http://localhost:9200/_nodes?filter_path=nodes.*.version%2Cnodes.*.http.publish_address%2Cnodes.*.ip => connect ECONNREFUSED 127.0.0.1:9200"}
{"type":"log","@timestamp":"2022-03-26T05:29:11Z","tags":["warning","elasticsearch","admin"],"pid":244,"message":"Unable to revive connection: http://localhost:9200/"}
{"type":"log","@timestamp":"2022-03-26T05:29:11Z","tags":["status","plugin:xpack_main@7.6.1","error"],"pid":244,"state":"red","message":"Status changed from green to red - Unable to retrieve version information from Elasticsearch nodes.","prevState":"green","prevMsg":"Ready"}
{"type":"log","@timestamp":"2022-03-26T05:29:11Z","tags":["warning","elasticsearch","admin"],"pid":244,"message":"No living connections"}
{"type":"log","@timestamp":"2022-03-26T05:29:11Z","tags":["error","elasticsearch-service"],"pid":244,"message":"Unable to retrieve version information from Elasticsearch nodes."}
{"type":"log","@timestamp":"2022-03-26T05:29:11Z","tags":["status","plugin:spaces@7.6.1","error"],"pid":244,"state":"red","message":"Status changed from green to red - Unable to retrieve version information from Elasticsearch nodes.","prevState":"green","prevMsg":"Ready"}
{"type":"log","@timestamp":"2022-03-26T05:29:11Z","tags":["status","plugin:searchprofiler@7.6.1","error"],"pid":244,"state":"red","message":"Status changed from green to red - Unable to retrieve version information from Elasticsearch nodes.","prevState":"green","prevMsg":"Ready"}
{"type":"log","@timestamp":"2022-03-26T05:29:11Z","tags":["status","plugin:ml@7.6.1","error"],"pid":244,"state":"red","message":"Status changed from green to red - Unable to retrieve version information from Elasticsearch nodes.","prevState":"green","prevMsg":"Ready"}
{"type":"log","@timestamp":"2022-03-26T05:29:11Z","tags":["status","plugin:tilemap@7.6.1","error"],"pid":244,"state":"red","message":"Status changed from green to red - Unable to retrieve version information from Elasticsearch nodes.","prevState":"green","prevMsg":"Ready"}
{"type":"log","@timestamp":"2022-03-26T05:29:11Z","tags":["status","plugin:watcher@7.6.1","error"],"pid":244,"state":"red","message":"Status changed from green to red - Unable to retrieve version information from Elasticsearch nodes.","prevState":"green","prevMsg":"Ready"}
{"type":"log","@timestamp":"2022-03-26T05:29:11Z","tags":["status","plugin:grokdebugger@7.6.1","error"],"pid":244,"state":"red","message":"Status changed from green to red - Unable to retrieve version information from Elasticsearch nodes.","prevState":"green","prevMsg":"Ready"}
{"type":"log","@timestamp":"2022-03-26T05:29:11Z","tags":["status","plugin:logstash@7.6.1","error"],"pid":244,"state":"red","message":"Status changed from green to red - Unable to retrieve version information from Elasticsearch nodes.","prevState":"green","prevMsg":"Ready"}
{"type":"log","@timestamp":"2022-03-26T05:29:11Z","tags":["status","plugin:beats_management@7.6.1","error"],"pid":244,"state":"red","message":"Status changed from green to red - Unable to retrieve version information from Elasticsearch nodes.","prevState":"green","prevMsg":"Ready"}
{"type":"log","@timestamp":"2022-03-26T05:29:11Z","tags":["status","plugin:index_management@7.6.1","error"],"pid":244,"state":"red","message":"Status changed from green to red - Unable to retrieve version information from Elasticsearch nodes.","prevState":"green","prevMsg":"Ready"}
{"type":"log","@timestamp":"2022-03-26T05:29:11Z","tags":["status","plugin:index_lifecycle_management@7.6.1","error"],"pid":244,"state":"red","message":"Status changed from green to red - Unable to retrieve version information from Elasticsearch nodes.","prevState":"green","prevMsg":"Ready"}
{"type":"log","@timestamp":"2022-03-26T05:29:11Z","tags":["status","plugin:rollup@7.6.1","error"],"pid":244,"state":"red","message":"Status changed from green to red - Unable to retrieve version information from Elasticsearch nodes.","prevState":"green","prevMsg":"Ready"}
{"type":"log","@timestamp":"2022-03-26T05:29:11Z","tags":["status","plugin:transform@7.6.1","error"],"pid":244,"state":"red","message":"Status changed from green to red - Unable to retrieve version information from Elasticsearch nodes.","prevState":"green","prevMsg":"Ready"}
{"type":"log","@timestamp":"2022-03-26T05:29:11Z","tags":["status","plugin:remote_clusters@7.6.1","error"],"pid":244,"state":"red","message":"Status changed from green to red - Unable to retrieve version information from Elasticsearch nodes.","prevState":"green","prevMsg":"Ready"}
{"type":"log","@timestamp":"2022-03-26T05:29:11Z","tags":["status","plugin:cross_cluster_replication@7.6.1","error"],"pid":244,"state":"red","message":"Status changed from green to red - Unable to retrieve version information from Elasticsearch nodes.","prevState":"green","prevMsg":"Ready"}
{"type":"log","@timestamp":"2022-03-26T05:29:11Z","tags":["status","plugin:snapshot_restore@7.6.1","error"],"pid":244,"state":"red","message":"Status changed from green to red - Unable to retrieve version information from Elasticsearch nodes.","prevState":"green","prevMsg":"Ready"}
{"type":"log","@timestamp":"2022-03-26T05:29:11Z","tags":["status","plugin:reporting@7.6.1","error"],"pid":244,"state":"red","message":"Status changed from green to red - Unable to retrieve version information from Elasticsearch nodes.","prevState":"green","prevMsg":"Ready"}
{"type":"log","@timestamp":"2022-03-26T05:29:11Z","tags":["status","plugin:security@7.6.1","error"],"pid":244,"state":"red","message":"Status changed from green to red - Unable to retrieve version information from Elasticsearch nodes.","prevState":"green","prevMsg":"Ready"}
{"type":"log","@timestamp":"2022-03-26T05:29:11Z","tags":["status","plugin:elasticsearch@7.6.1","error"],"pid":244,"state":"red","message":"Status changed from green to red - Unable to retrieve version information from Elasticsearch nodes.","prevState":"green","prevMsg":"Ready"}
{"type":"log","@timestamp":"2022-03-26T05:29:11Z","tags":["error","elasticsearch","data"],"pid":244,"message":"Request error, retrying\nGET http://localhost:9200/_xpack => connect ECONNREFUSED 127.0.0.1:9200"}
{"type":"log","@timestamp":"2022-03-26T05:29:11Z","tags":["warning","elasticsearch","data"],"pid":244,"message":"Unable to revive connection: http://localhost:9200/"}
{"type":"log","@timestamp":"2022-03-26T05:29:11Z","tags":["status","plugin:xpack_main@7.6.1","error"],"pid":244,"state":"red","message":"Status changed from red to red - No Living connections","prevState":"red","prevMsg":"Unable to retrieve version information from Elasticsearch nodes."}
{"type":"log","@timestamp":"2022-03-26T05:29:11Z","tags":["warning","elasticsearch","data"],"pid":244,"message":"No living connections"}
{"type":"log","@timestamp":"2022-03-26T05:29:11Z","tags":["warning","plugins","licensing"],"pid":244,"message":"License information could not be obtained from Elasticsearch due to Error: No Living connections error"}
{"type":"log","@timestamp":"2022-03-26T05:29:11Z","tags":["status","plugin:spaces@7.6.1","error"],"pid":244,"state":"red","message":"Status changed from red to red - No Living connections","prevState":"red","prevMsg":"Unable to retrieve version information from Elasticsearch nodes."}
{"type":"log","@timestamp":"2022-03-26T05:29:11Z","tags":["status","plugin:searchprofiler@7.6.1","error"],"pid":244,"state":"red","message":"Status changed from red to red - No Living connections","prevState":"red","prevMsg":"Unable to retrieve version information from Elasticsearch nodes."}
{"type":"log","@timestamp":"2022-03-26T05:29:11Z","tags":["status","plugin:ml@7.6.1","error"],"pid":244,"state":"red","message":"Status changed from red to red - No Living connections","prevState":"red","prevMsg":"Unable to retrieve version information from Elasticsearch nodes."}
{"type":"log","@timestamp":"2022-03-26T05:29:11Z","tags":["status","plugin:tilemap@7.6.1","error"],"pid":244,"state":"red","message":"Status changed from red to red - No Living connections","prevState":"red","prevMsg":"Unable to retrieve version information from Elasticsearch nodes."}
{"type":"log","@timestamp":"2022-03-26T05:29:11Z","tags":["status","plugin:watcher@7.6.1","error"],"pid":244,"state":"red","message":"Status changed from red to red - No Living connections","prevState":"red","prevMsg":"Unable to retrieve version information from Elasticsearch nodes."}
{"type":"log","@timestamp":"2022-03-26T05:29:11Z","tags":["status","plugin:grokdebugger@7.6.1","error"],"pid":244,"state":"red","message":"Status changed from red to red - No Living connections","prevState":"red","prevMsg":"Unable to retrieve version information from Elasticsearch nodes."}
{"type":"log","@timestamp":"2022-03-26T05:29:11Z","tags":["status","plugin:logstash@7.6.1","error"],"pid":244,"state":"red","message":"Status changed from red to red - No Living connections","prevState":"red","prevMsg":"Unable to retrieve version information from Elasticsearch nodes."}
{"type":"log","@timestamp":"2022-03-26T05:29:11Z","tags":["status","plugin:beats_management@7.6.1","error"],"pid":244,"state":"red","message":"Status changed from red to red - No Living connections","prevState":"red","prevMsg":"Unable to retrieve version information from Elasticsearch nodes."}
{"type":"log","@timestamp":"2022-03-26T05:29:11Z","tags":["status","plugin:index_management@7.6.1","error"],"pid":244,"state":"red","message":"Status changed from red to red - No Living connections","prevState":"red","prevMsg":"Unable to retrieve version information from Elasticsearch nodes."}
{"type":"log","@timestamp":"2022-03-26T05:29:11Z","tags":["status","plugin:index_lifecycle_management@7.6.1","error"],"pid":244,"state":"red","message":"Status changed from red to red - No Living connections","prevState":"red","prevMsg":"Unable to retrieve version information from Elasticsearch nodes."}
{"type":"log","@timestamp":"2022-03-26T05:29:11Z","tags":["status","plugin:rollup@7.6.1","error"],"pid":244,"state":"red","message":"Status changed from red to red - No Living connections","prevState":"red","prevMsg":"Unable to retrieve version information from Elasticsearch nodes."}
{"type":"log","@timestamp":"2022-03-26T05:29:11Z","tags":["status","plugin:transform@7.6.1","error"],"pid":244,"state":"red","message":"Status changed from red to red - No Living connections","prevState":"red","prevMsg":"Unable to retrieve version information from Elasticsearch nodes."}
{"type":"log","@timestamp":"2022-03-26T05:29:11Z","tags":["status","plugin:remote_clusters@7.6.1","error"],"pid":244,"state":"red","message":"Status changed from red to red - No Living connections","prevState":"red","prevMsg":"Unable to retrieve version information from Elasticsearch nodes."}
{"type":"log","@timestamp":"2022-03-26T05:29:11Z","tags":["status","plugin:cross_cluster_replication@7.6.1","error"],"pid":244,"state":"red","message":"Status changed from red to red - No Living connections","prevState":"red","prevMsg":"Unable to retrieve version information from Elasticsearch nodes."}
{"type":"log","@timestamp":"2022-03-26T05:29:11Z","tags":["status","plugin:snapshot_restore@7.6.1","error"],"pid":244,"state":"red","message":"Status changed from red to red - No Living connections","prevState":"red","prevMsg":"Unable to retrieve version information from Elasticsearch nodes."}
{"type":"log","@timestamp":"2022-03-26T05:29:11Z","tags":["status","plugin:reporting@7.6.1","error"],"pid":244,"state":"red","message":"Status changed from red to red - No Living connections","prevState":"red","prevMsg":"Unable to retrieve version information from Elasticsearch nodes."}
{"type":"log","@timestamp":"2022-03-26T05:29:11Z","tags":["status","plugin:security@7.6.1","error"],"pid":244,"state":"red","message":"Status changed from red to red - No Living connections","prevState":"red","prevMsg":"Unable to retrieve version information from Elasticsearch nodes."}
{"type":"log","@timestamp":"2022-03-26T05:29:11Z","tags":["info","monitoring","kibana-monitoring"],"pid":244,"message":"Monitoring status upload endpoint is not enabled in Elasticsearch:Monitoring stats collection is stopped"}
Waiting for logstash (pid 227) to die...
Waiting for logstash (pid 227) to die...
{"type":"log","@timestamp":"2022-03-26T05:29:13Z","tags":["warning","elasticsearch","admin"],"pid":244,"message":"Unable to revive connection: http://localhost:9200/"}
{"type":"log","@timestamp":"2022-03-26T05:29:13Z","tags":["warning","elasticsearch","admin"],"pid":244,"message":"No living connections"}
{"type":"log","@timestamp":"2022-03-26T05:29:13Z","tags":["error","plugins","taskManager","taskManager"],"pid":244,"message":"Failed to poll for work: Error: No Living connections"}
{"type":"log","@timestamp":"2022-03-26T05:29:13Z","tags":["warning","elasticsearch","admin"],"pid":244,"message":"Unable to revive connection: http://localhost:9200/"}
{"type":"log","@timestamp":"2022-03-26T05:29:13Z","tags":["reporting","esqueue","queue-worker","error"],"pid":244,"message":"l17endov006s28d97ac78op5 - job querying failed: Error: No Living connections\n    at sendReqWithConnection (/opt/kibana/node_modules/elasticsearch/src/lib/transport.js:266:15)\n    at next (/opt/kibana/node_modules/elasticsearch/src/lib/connection_pool.js:243:7)\n    at process._tickCallback (internal/process/next_tick.js:61:11)"}
{"type":"log","@timestamp":"2022-03-26T05:29:13Z","tags":["warning","elasticsearch","admin"],"pid":244,"message":"No living connections"}
{"type":"log","@timestamp":"2022-03-26T05:29:13Z","tags":["warning","elasticsearch","admin"],"pid":244,"message":"Unable to revive connection: http://localhost:9200/"}
{"type":"log","@timestamp":"2022-03-26T05:29:13Z","tags":["warning","elasticsearch","admin"],"pid":244,"message":"No living connections"}
Waiting for logstash (pid 227) to die...
Waiting for logstash (pid 227) to die...
logstash stop failed; still running.
 * Stopping Kibana5

==> /var/log/logstash/logstash-plain.log <==
[2022-03-26T05:29:16,558][WARN ][org.logstash.execution.ShutdownWatcherExt] {"inflight_count"=>0, "stalling_threads_info"=>{"other"=>[{"thread_id"=>28, "name"=>"[main]<beats", "current_call"=>"[...]/vendor/bundle/jruby/2.5.0/gems/logstash-input-beats-6.0.8-java/lib/logstash/inputs/beats.rb:202:in `run'"}], ["LogStash::Filters::Grok", {"match"=>{"message"=>"%{NGINXACCESS}"}, "id"=>"79b9768aa70d0332e903be95739d28241065576f9282c329e57309632310b19b"}]=>[{"thread_id"=>26, "name"=>"[main]>worker0", "current_call"=>"[...]/logstash-core/lib/logstash/java_pipeline.rb:262:in `block in start_workers'"}, {"thread_id"=>27, "name"=>"[main]>worker1", "current_call"=>"[...]/logstash-core/lib/logstash/java_pipeline.rb:262:in `block in start_workers'"}]}}
[2022-03-26T05:29:16,712][ERROR][org.logstash.execution.ShutdownWatcherExt] The shutdown process appears to be stalled due to busy or blocked plugins. Check the logs for more information.

==> /var/log/kibana/kibana5.log <==
{"type":"log","@timestamp":"2022-03-26T05:29:16Z","tags":["warning","elasticsearch","admin"],"pid":244,"message":"Unable to revive connection: http://localhost:9200/"}
{"type":"log","@timestamp":"2022-03-26T05:29:16Z","tags":["warning","elasticsearch","admin"],"pid":244,"message":"No living connections"}
{"type":"log","@timestamp":"2022-03-26T05:29:16Z","tags":["warning","elasticsearch","admin"],"pid":244,"message":"Unable to revive connection: http://localhost:9200/"}
{"type":"log","@timestamp":"2022-03-26T05:29:16Z","tags":["warning","elasticsearch","admin"],"pid":244,"message":"No living connections"}
{"type":"log","@timestamp":"2022-03-26T05:29:16Z","tags":["error","plugins","taskManager","taskManager"],"pid":244,"message":"Failed to poll for work: Error: No Living connections"}
{"type":"log","@timestamp":"2022-03-26T05:29:16Z","tags":["info","plugins-system"],"pid":244,"message":"Stopping all plugins."}
   ...done.
RedAdmin@Elk-Server:~$ ping 20.85.221.52
PING 20.85.221.52 (20.85.221.52) 56(84) bytes of data.
^C
--- 20.85.221.52 ping statistics ---
19 packets transmitted, 0 received, 100% packet loss, time 18422ms

RedAdmin@Elk-Server:~$ nmap -p 80 20.85.221.52

Command 'nmap' not found, but can be installed with:

sudo snap install nmap  # version 7.92, or
sudo apt  install nmap  # version 7.80+dfsg1-2build1

See 'snap info nmap' for additional versions.

RedAdmin@Elk-Server:~$ sudo snap install nmap  # version 7.92
nmap 7.92 from Maximiliano Bertacchini (maxiberta) installed
RedAdmin@Elk-Server:~$ nmap -p 80 20.85.221.52
Starting Nmap 7.92 ( https://nmap.org ) at 2022-03-26 05:31 UTC
Note: Host seems down. If it is really up, but blocking our ping probes, try -Pn
Nmap done: 1 IP address (0 hosts up) scanned in 3.09 seconds
RedAdmin@Elk-Server:~$ sudo docker ps
CONTAINER ID   IMAGE     COMMAND   CREATED   STATUS    PORTS     NAMES
RedAdmin@Elk-Server:~$ sudo docker start elk
elk
RedAdmin@Elk-Server:~$ sudo docker attach elk
waiting for Elasticsearch to be up (3/30)
waiting for Elasticsearch to be up (4/30)
waiting for Elasticsearch to be up (5/30)
waiting for Elasticsearch to be up (6/30)
waiting for Elasticsearch to be up (7/30)
waiting for Elasticsearch to be up (8/30)
waiting for Elasticsearch to be up (9/30)
waiting for Elasticsearch to be up (10/30)
waiting for Elasticsearch to be up (11/30)
waiting for Elasticsearch to be up (12/30)
waiting for Elasticsearch to be up (13/30)
waiting for Elasticsearch to be up (14/30)
Waiting for Elasticsearch cluster to respond (1/30)
logstash started.
 * Starting Kibana5
   ...done.
==> /var/log/elasticsearch/elasticsearch.log <==
[2022-03-26T05:46:17,747][INFO ][o.e.b.BootstrapChecks    ] [elk] bound or publishing to a non-loopback address, enforcing bootstrap checks
[2022-03-26T05:46:17,797][INFO ][o.e.c.c.Coordinator      ] [elk] cluster UUID [1uYUCVIBSJCYbNykHdJTkA]
[2022-03-26T05:46:18,159][INFO ][o.e.c.s.MasterService    ] [elk] elected-as-master ([1] nodes joined)[{elk}{OeK1iSNNSJqgT_b3wmAf6g}{CKQ5yoiGQ3WRy-XJDlAfUg}{172.17.0.2}{172.17.0.2:9300}{dilm}{ml.machine_memory=8340164608, xpack.installed=true, ml.max_open_jobs=20} elect leader, _BECOME_MASTER_TASK_, _FINISH_ELECTION_], term: 7, version: 65, delta: master node changed {previous [], current [{elk}{OeK1iSNNSJqgT_b3wmAf6g}{CKQ5yoiGQ3WRy-XJDlAfUg}{172.17.0.2}{172.17.0.2:9300}{dilm}{ml.machine_memory=8340164608, xpack.installed=true, ml.max_open_jobs=20}]}
[2022-03-26T05:46:18,295][INFO ][o.e.c.s.ClusterApplierService] [elk] master node changed {previous [], current [{elk}{OeK1iSNNSJqgT_b3wmAf6g}{CKQ5yoiGQ3WRy-XJDlAfUg}{172.17.0.2}{172.17.0.2:9300}{dilm}{ml.machine_memory=8340164608, xpack.installed=true, ml.max_open_jobs=20}]}, term: 7, version: 65, reason: Publication{term=7, version=65}
[2022-03-26T05:46:18,407][INFO ][o.e.h.AbstractHttpServerTransport] [elk] publish_address {172.17.0.2:9200}, bound_addresses {0.0.0.0:9200}
[2022-03-26T05:46:18,407][INFO ][o.e.n.Node               ] [elk] started
[2022-03-26T05:46:18,947][INFO ][o.e.l.LicenseService     ] [elk] license [edbacc99-d335-4059-866c-361d0e055e05] mode [basic] - valid
[2022-03-26T05:46:18,948][INFO ][o.e.x.s.s.SecurityStatusChangeListener] [elk] Active license is now [BASIC]; Security is disabled
[2022-03-26T05:46:18,977][INFO ][o.e.g.GatewayService     ] [elk] recovered [3] indices into cluster_state
[2022-03-26T05:46:20,242][INFO ][o.e.c.r.a.AllocationService] [elk] Cluster health status changed from [RED] to [GREEN] (reason: [shards started [[.kibana_1][0], [.kibana_task_manager_1][0]]]).

==> /var/log/logstash/logstash-plain.log <==
[2022-03-26T05:21:59,739][WARN ][org.logstash.instrument.metrics.gauge.LazyDelegatingGauge][main] A gauge metric of an unknown type (org.jruby.specialized.RubyArrayOneObject) has been create for key: cluster_uuids. This may result in invalid serialization.  It is recommended to log an issue to the responsible developer/development team.
[2022-03-26T05:21:59,745][INFO ][logstash.javapipeline    ][main] Starting pipeline {:pipeline_id=>"main", "pipeline.workers"=>2, "pipeline.batch.size"=>125, "pipeline.batch.delay"=>50, "pipeline.max_inflight"=>250, "pipeline.sources"=>["/etc/logstash/conf.d/02-beats-input.conf", "/etc/logstash/conf.d/10-syslog.conf", "/etc/logstash/conf.d/11-nginx.conf", "/etc/logstash/conf.d/30-output.conf"], :thread=>"#<Thread:0x45a4ee58 run>"}
[2022-03-26T05:22:01,249][INFO ][logstash.inputs.beats    ][main] Beats inputs: Starting input listener {:address=>"0.0.0.0:5044"}
[2022-03-26T05:22:01,746][INFO ][logstash.javapipeline    ][main] Pipeline started {"pipeline.id"=>"main"}
[2022-03-26T05:22:01,849][INFO ][logstash.agent           ] Pipelines running {:count=>1, :running_pipelines=>[:main], :non_running_pipelines=>[]}
[2022-03-26T05:22:01,882][INFO ][org.logstash.beats.Server][main] Starting server on port: 5044
[2022-03-26T05:22:02,295][INFO ][logstash.agent           ] Successfully started Logstash API endpoint {:port=>9600}
[2022-03-26T05:29:11,395][WARN ][logstash.runner          ] SIGTERM received. Shutting down.
[2022-03-26T05:29:16,558][WARN ][org.logstash.execution.ShutdownWatcherExt] {"inflight_count"=>0, "stalling_threads_info"=>{"other"=>[{"thread_id"=>28, "name"=>"[main]<beats", "current_call"=>"[...]/vendor/bundle/jruby/2.5.0/gems/logstash-input-beats-6.0.8-java/lib/logstash/inputs/beats.rb:202:in `run'"}], ["LogStash::Filters::Grok", {"match"=>{"message"=>"%{NGINXACCESS}"}, "id"=>"79b9768aa70d0332e903be95739d28241065576f9282c329e57309632310b19b"}]=>[{"thread_id"=>26, "name"=>"[main]>worker0", "current_call"=>"[...]/logstash-core/lib/logstash/java_pipeline.rb:262:in `block in start_workers'"}, {"thread_id"=>27, "name"=>"[main]>worker1", "current_call"=>"[...]/logstash-core/lib/logstash/java_pipeline.rb:262:in `block in start_workers'"}]}}
[2022-03-26T05:29:16,712][ERROR][org.logstash.execution.ShutdownWatcherExt] The shutdown process appears to be stalled due to busy or blocked plugins. Check the logs for more information.

==> /var/log/kibana/kibana5.log <==
{"type":"log","@timestamp":"2022-03-26T05:29:13Z","tags":["reporting","esqueue","queue-worker","error"],"pid":244,"message":"l17endov006s28d97ac78op5 - job querying failed: Error: No Living connections\n    at sendReqWithConnection (/opt/kibana/node_modules/elasticsearch/src/lib/transport.js:266:15)\n    at next (/opt/kibana/node_modules/elasticsearch/src/lib/connection_pool.js:243:7)\n    at process._tickCallback (internal/process/next_tick.js:61:11)"}
{"type":"log","@timestamp":"2022-03-26T05:29:13Z","tags":["warning","elasticsearch","admin"],"pid":244,"message":"No living connections"}
{"type":"log","@timestamp":"2022-03-26T05:29:13Z","tags":["warning","elasticsearch","admin"],"pid":244,"message":"Unable to revive connection: http://localhost:9200/"}
{"type":"log","@timestamp":"2022-03-26T05:29:13Z","tags":["warning","elasticsearch","admin"],"pid":244,"message":"No living connections"}
{"type":"log","@timestamp":"2022-03-26T05:29:16Z","tags":["warning","elasticsearch","admin"],"pid":244,"message":"Unable to revive connection: http://localhost:9200/"}
{"type":"log","@timestamp":"2022-03-26T05:29:16Z","tags":["warning","elasticsearch","admin"],"pid":244,"message":"No living connections"}
{"type":"log","@timestamp":"2022-03-26T05:29:16Z","tags":["warning","elasticsearch","admin"],"pid":244,"message":"Unable to revive connection: http://localhost:9200/"}
{"type":"log","@timestamp":"2022-03-26T05:29:16Z","tags":["warning","elasticsearch","admin"],"pid":244,"message":"No living connections"}
{"type":"log","@timestamp":"2022-03-26T05:29:16Z","tags":["error","plugins","taskManager","taskManager"],"pid":244,"message":"Failed to poll for work: Error: No Living connections"}
{"type":"log","@timestamp":"2022-03-26T05:29:16Z","tags":["info","plugins-system"],"pid":244,"message":"Stopping all plugins."}
^CTerminating ELK
 * Stopping Elasticsearch Server
   ...done.
Killing logstash (pid 231) with SIGTERM
Waiting for logstash (pid 231) to die...

==> /var/log/elasticsearch/elasticsearch.log <==
[2022-03-26T05:46:23,081][INFO ][o.e.n.Node               ] [elk] stopping ...
[2022-03-26T05:46:23,123][INFO ][o.e.x.w.WatcherService   ] [elk] stopping watch service, reason [shutdown initiated]
[2022-03-26T05:46:23,124][INFO ][o.e.x.w.WatcherLifeCycleService] [elk] watcher has stopped and shutdown
[2022-03-26T05:46:23,224][INFO ][o.e.x.m.p.l.CppLogMessageHandler] [elk] [controller/107] [Main.cc@150] Ml controller exiting
[2022-03-26T05:46:23,229][INFO ][o.e.x.m.p.NativeController] [elk] Native controller process has stopped - no new native processes can be started
[2022-03-26T05:46:23,458][INFO ][o.e.n.Node               ] [elk] stopped
[2022-03-26T05:46:23,459][INFO ][o.e.n.Node               ] [elk] closing ...
[2022-03-26T05:46:23,568][INFO ][o.e.n.Node               ] [elk] closed
Waiting for logstash (pid 231) to die...
logstash stopped.
 * Stopping Kibana5
   ...done.
RedAdmin@Elk-Server:~$ exit
logout
Connection to 10.1.0.4 closed.
root@2b6015c8569c:~# ls
Filebeat
root@2b6015c8569c:~# sudo docker container list -a
bash: sudo: command not found
root@2b6015c8569c:~# docker container list -a
bash: docker: command not found
root@2b6015c8569c:~# exit
exit
RedAdmin@JumpBoxProvisioner:~$ sudo docker lista -a
unknown shorthand flag: 'a' in -a
See 'docker --help'.

Usage:  docker [OPTIONS] COMMAND

A self-sufficient runtime for containers

Options:
      --config string      Location of client config files (default "/home/RedAdmin/.docker")
  -c, --context string     Name of the context to use to connect to the daemon (overrides DOCKER_HOST env var and default context set with "docker context use")
  -D, --debug              Enable debug mode
  -H, --host list          Daemon socket(s) to connect to
  -l, --log-level string   Set the logging level ("debug"|"info"|"warn"|"error"|"fatal") (default "info")
      --tls                Use TLS; implied by --tlsverify
      --tlscacert string   Trust certs signed only by this CA (default "/home/RedAdmin/.docker/ca.pem")
      --tlscert string     Path to TLS certificate file (default "/home/RedAdmin/.docker/cert.pem")
      --tlskey string      Path to TLS key file (default "/home/RedAdmin/.docker/key.pem")
      --tlsverify          Use TLS and verify the remote
  -v, --version            Print version information and quit

Management Commands:
  builder     Manage builds
  config      Manage Docker configs
  container   Manage containers
  context     Manage contexts
  image       Manage images
  manifest    Manage Docker image manifests and manifest lists
  network     Manage networks
  node        Manage Swarm nodes
  plugin      Manage plugins
  secret      Manage Docker secrets
  service     Manage services
  stack       Manage Docker stacks
  swarm       Manage Swarm
  system      Manage Docker
  trust       Manage trust on Docker images
  volume      Manage volumes

Commands:
  attach      Attach local standard input, output, and error streams to a running container
  build       Build an image from a Dockerfile
  commit      Create a new image from a container's changes
  cp          Copy files/folders between a container and the local filesystem
  create      Create a new container
  diff        Inspect changes to files or directories on a container's filesystem
  events      Get real time events from the server
  exec        Run a command in a running container
  export      Export a container's filesystem as a tar archive
  history     Show the history of an image
  images      List images
  import      Import the contents from a tarball to create a filesystem image
  info        Display system-wide information
  inspect     Return low-level information on Docker objects
  kill        Kill one or more running containers
  load        Load an image from a tar archive or STDIN
  login       Log in to a Docker registry
  logout      Log out from a Docker registry
  logs        Fetch the logs of a container
  pause       Pause all processes within one or more containers
  port        List port mappings or a specific mapping for the container
  ps          List containers
  pull        Pull an image or a repository from a registry
  push        Push an image or a repository to a registry
  rename      Rename a container
  restart     Restart one or more containers
  rm          Remove one or more containers
  rmi         Remove one or more images
  run         Run a command in a new container
  save        Save one or more images to a tar archive (streamed to STDOUT by default)
  search      Search the Docker Hub for images
  start       Start one or more stopped containers
  stats       Display a live stream of container(s) resource usage statistics
  stop        Stop one or more running containers
  tag         Create a tag TARGET_IMAGE that refers to SOURCE_IMAGE
  top         Display the running processes of a container
  unpause     Unpause all processes within one or more containers
  update      Update configuration of one or more containers
  version     Show the Docker version information
  wait        Block until one or more containers stop, then print their exit codes

Run 'docker COMMAND --help' for more information on a command.

To get more help with docker, check out our guides at https://docs.docker.com/go/guides/

RedAdmin@JumpBoxProvisioner:~$ sudo -l
Matching Defaults entries for RedAdmin on JumpBoxProvisioner:
    env_reset, mail_badpass, secure_path=/usr/local/sbin\:/usr/local/bin\:/usr/sbin\:/usr/bin\:/sbin\:/bin\:/snap/bin

User RedAdmin may run the following commands on JumpBoxProvisioner:
    (ALL : ALL) ALL
    (ALL) NOPASSWD: ALL
    (ALL) NOPASSWD: ALL
RedAdmin@JumpBoxProvisioner:~$ sudo docker container list -a
CONTAINER ID   IMAGE                    COMMAND                  CREATED      STATUS                        PORTS     NAMES
79d575b1fe6b   cyberxsecurity/dvwa      "/main.sh"               6 days ago   Exited (137) 5 days ago                 dvwa
2b6015c8569c   cyberxsecurity/ansible   "/bin/sh -c /bin/bas…"   6 days ago   Exited (127) 34 seconds ago             optimistic_ellis
RedAdmin@JumpBoxProvisioner:~$ sudo docker start optimistic_ellis
optimistic_ellis
RedAdmin@JumpBoxProvisioner:~$ sudo docker attach optimistic_ellis
root@2b6015c8569c:~# ls /etc/ansible/
ansible.cfg  filebeat-config.yml  files  hosts  install-elk.yml  myfirstplaybook.yml  roles
root@2b6015c8569c:~# nano /etc/ansible/install-elk.yml 
root@2b6015c8569c:~# ssh RedAdmin@10.1.0.4
Welcome to Ubuntu 20.04.4 LTS (GNU/Linux 5.13.0-1017-azure x86_64)

 * Documentation:  https://help.ubuntu.com
 * Management:     https://landscape.canonical.com
 * Support:        https://ubuntu.com/advantage

  System information as of Sat Mar 26 05:54:04 UTC 2022

  System load:  0.02               Processes:                134
  Usage of /:   17.3% of 28.90GB   Users logged in:          0
  Memory usage: 6%                 IPv4 address for docker0: 172.17.0.1
  Swap usage:   0%                 IPv4 address for eth0:    10.1.0.4

 * Super-optimized for small spaces - read how we shrank the memory
   footprint of MicroK8s to make it the smallest full K8s around.

   https://ubuntu.com/blog/microk8s-memory-optimisation

20 updates can be applied immediately.
To see these additional updates run: apt list --upgradable


Last login: Sat Mar 26 05:20:51 2022 from 10.0.0.4
RedAdmin@Elk-Server:~$ docker ps
Got permission denied while trying to connect to the Docker daemon socket at unix:///var/run/docker.sock: Get http://%2Fvar%2Frun%2Fdocker.sock/v1.24/containers/json: dial unix /var/run/docker.sock: connect: permission denied
RedAdmin@Elk-Server:~$ sudo docker ps
CONTAINER ID   IMAGE     COMMAND   CREATED   STATUS    PORTS     NAMES
RedAdmin@Elk-Server:~$ exit
logout
Connection to 10.1.0.4 closed.
root@2b6015c8569c:~# ssh RedAdmin@20.231.76.151
^C
root@2b6015c8569c:~# ssh RedAdmin@10.1.0.4
Welcome to Ubuntu 20.04.4 LTS (GNU/Linux 5.13.0-1017-azure x86_64)

 * Documentation:  https://help.ubuntu.com
 * Management:     https://landscape.canonical.com
 * Support:        https://ubuntu.com/advantage

  System information as of Sat Mar 26 05:55:07 UTC 2022

  System load:  0.0                Processes:                135
  Usage of /:   17.3% of 28.90GB   Users logged in:          0
  Memory usage: 6%                 IPv4 address for docker0: 172.17.0.1
  Swap usage:   0%                 IPv4 address for eth0:    10.1.0.4

 * Super-optimized for small spaces - read how we shrank the memory
   footprint of MicroK8s to make it the smallest full K8s around.

   https://ubuntu.com/blog/microk8s-memory-optimisation

20 updates can be applied immediately.
To see these additional updates run: apt list --upgradable


Last login: Sat Mar 26 05:54:04 2022 from 10.0.0.4
RedAdmin@Elk-Server:~$ sudo docker ps
CONTAINER ID   IMAGE     COMMAND   CREATED   STATUS    PORTS     NAMES
RedAdmin@Elk-Server:~$ docker start elk
Got permission denied while trying to connect to the Docker daemon socket at unix:///var/run/docker.sock: Post http://%2Fvar%2Frun%2Fdocker.sock/v1.24/containers/elk/start: dial unix /var/run/docker.sock: connect: permission denied
Error: failed to start containers: elk
RedAdmin@Elk-Server:~$ sudo docker start elk
elk
RedAdmin@Elk-Server:~$ sudo docker attach elk
waiting for Elasticsearch to be up (4/30)
waiting for Elasticsearch to be up (5/30)
waiting for Elasticsearch to be up (6/30)
waiting for Elasticsearch to be up (7/30)
waiting for Elasticsearch to be up (8/30)
waiting for Elasticsearch to be up (9/30)
waiting for Elasticsearch to be up (10/30)
waiting for Elasticsearch to be up (11/30)
waiting for Elasticsearch to be up (12/30)
waiting for Elasticsearch to be up (13/30)
waiting for Elasticsearch to be up (14/30)
Waiting for Elasticsearch cluster to respond (1/30)
logstash started.
 * Starting Kibana5
   ...done.
==> /var/log/elasticsearch/elasticsearch.log <==
[2022-03-26T05:56:32,430][INFO ][o.e.b.BootstrapChecks    ] [elk] bound or publishing to a non-loopback address, enforcing bootstrap checks
[2022-03-26T05:56:32,474][INFO ][o.e.c.c.Coordinator      ] [elk] cluster UUID [1uYUCVIBSJCYbNykHdJTkA]
[2022-03-26T05:56:32,705][INFO ][o.e.c.s.MasterService    ] [elk] elected-as-master ([1] nodes joined)[{elk}{OeK1iSNNSJqgT_b3wmAf6g}{v_JZTMH6RRy1tjpofcNXGw}{172.17.0.2}{172.17.0.2:9300}{dilm}{ml.machine_memory=8340164608, xpack.installed=true, ml.max_open_jobs=20} elect leader, _BECOME_MASTER_TASK_, _FINISH_ELECTION_], term: 8, version: 71, delta: master node changed {previous [], current [{elk}{OeK1iSNNSJqgT_b3wmAf6g}{v_JZTMH6RRy1tjpofcNXGw}{172.17.0.2}{172.17.0.2:9300}{dilm}{ml.machine_memory=8340164608, xpack.installed=true, ml.max_open_jobs=20}]}
[2022-03-26T05:56:32,831][INFO ][o.e.c.s.ClusterApplierService] [elk] master node changed {previous [], current [{elk}{OeK1iSNNSJqgT_b3wmAf6g}{v_JZTMH6RRy1tjpofcNXGw}{172.17.0.2}{172.17.0.2:9300}{dilm}{ml.machine_memory=8340164608, xpack.installed=true, ml.max_open_jobs=20}]}, term: 8, version: 71, reason: Publication{term=8, version=71}
[2022-03-26T05:56:32,915][INFO ][o.e.h.AbstractHttpServerTransport] [elk] publish_address {172.17.0.2:9200}, bound_addresses {0.0.0.0:9200}
[2022-03-26T05:56:32,915][INFO ][o.e.n.Node               ] [elk] started
[2022-03-26T05:56:33,271][INFO ][o.e.l.LicenseService     ] [elk] license [edbacc99-d335-4059-866c-361d0e055e05] mode [basic] - valid
[2022-03-26T05:56:33,272][INFO ][o.e.x.s.s.SecurityStatusChangeListener] [elk] Active license is now [BASIC]; Security is disabled
[2022-03-26T05:56:33,287][INFO ][o.e.g.GatewayService     ] [elk] recovered [3] indices into cluster_state
[2022-03-26T05:56:34,258][INFO ][o.e.c.r.a.AllocationService] [elk] Cluster health status changed from [RED] to [GREEN] (reason: [shards started [[.kibana_task_manager_1][0], [.kibana_1][0]]]).

==> /var/log/logstash/logstash-plain.log <==
[2022-03-26T05:21:59,739][WARN ][org.logstash.instrument.metrics.gauge.LazyDelegatingGauge][main] A gauge metric of an unknown type (org.jruby.specialized.RubyArrayOneObject) has been create for key: cluster_uuids. This may result in invalid serialization.  It is recommended to log an issue to the responsible developer/development team.
[2022-03-26T05:21:59,745][INFO ][logstash.javapipeline    ][main] Starting pipeline {:pipeline_id=>"main", "pipeline.workers"=>2, "pipeline.batch.size"=>125, "pipeline.batch.delay"=>50, "pipeline.max_inflight"=>250, "pipeline.sources"=>["/etc/logstash/conf.d/02-beats-input.conf", "/etc/logstash/conf.d/10-syslog.conf", "/etc/logstash/conf.d/11-nginx.conf", "/etc/logstash/conf.d/30-output.conf"], :thread=>"#<Thread:0x45a4ee58 run>"}
[2022-03-26T05:22:01,249][INFO ][logstash.inputs.beats    ][main] Beats inputs: Starting input listener {:address=>"0.0.0.0:5044"}
[2022-03-26T05:22:01,746][INFO ][logstash.javapipeline    ][main] Pipeline started {"pipeline.id"=>"main"}
[2022-03-26T05:22:01,849][INFO ][logstash.agent           ] Pipelines running {:count=>1, :running_pipelines=>[:main], :non_running_pipelines=>[]}
[2022-03-26T05:22:01,882][INFO ][org.logstash.beats.Server][main] Starting server on port: 5044
[2022-03-26T05:22:02,295][INFO ][logstash.agent           ] Successfully started Logstash API endpoint {:port=>9600}
[2022-03-26T05:29:11,395][WARN ][logstash.runner          ] SIGTERM received. Shutting down.
[2022-03-26T05:29:16,558][WARN ][org.logstash.execution.ShutdownWatcherExt] {"inflight_count"=>0, "stalling_threads_info"=>{"other"=>[{"thread_id"=>28, "name"=>"[main]<beats", "current_call"=>"[...]/vendor/bundle/jruby/2.5.0/gems/logstash-input-beats-6.0.8-java/lib/logstash/inputs/beats.rb:202:in `run'"}], ["LogStash::Filters::Grok", {"match"=>{"message"=>"%{NGINXACCESS}"}, "id"=>"79b9768aa70d0332e903be95739d28241065576f9282c329e57309632310b19b"}]=>[{"thread_id"=>26, "name"=>"[main]>worker0", "current_call"=>"[...]/logstash-core/lib/logstash/java_pipeline.rb:262:in `block in start_workers'"}, {"thread_id"=>27, "name"=>"[main]>worker1", "current_call"=>"[...]/logstash-core/lib/logstash/java_pipeline.rb:262:in `block in start_workers'"}]}}
[2022-03-26T05:29:16,712][ERROR][org.logstash.execution.ShutdownWatcherExt] The shutdown process appears to be stalled due to busy or blocked plugins. Check the logs for more information.

==> /var/log/kibana/kibana5.log <==
{"type":"log","@timestamp":"2022-03-26T05:29:13Z","tags":["reporting","esqueue","queue-worker","error"],"pid":244,"message":"l17endov006s28d97ac78op5 - job querying failed: Error: No Living connections\n    at sendReqWithConnection (/opt/kibana/node_modules/elasticsearch/src/lib/transport.js:266:15)\n    at next (/opt/kibana/node_modules/elasticsearch/src/lib/connection_pool.js:243:7)\n    at process._tickCallback (internal/process/next_tick.js:61:11)"}
{"type":"log","@timestamp":"2022-03-26T05:29:13Z","tags":["warning","elasticsearch","admin"],"pid":244,"message":"No living connections"}
{"type":"log","@timestamp":"2022-03-26T05:29:13Z","tags":["warning","elasticsearch","admin"],"pid":244,"message":"Unable to revive connection: http://localhost:9200/"}
{"type":"log","@timestamp":"2022-03-26T05:29:13Z","tags":["warning","elasticsearch","admin"],"pid":244,"message":"No living connections"}
{"type":"log","@timestamp":"2022-03-26T05:29:16Z","tags":["warning","elasticsearch","admin"],"pid":244,"message":"Unable to revive connection: http://localhost:9200/"}
{"type":"log","@timestamp":"2022-03-26T05:29:16Z","tags":["warning","elasticsearch","admin"],"pid":244,"message":"No living connections"}
{"type":"log","@timestamp":"2022-03-26T05:29:16Z","tags":["warning","elasticsearch","admin"],"pid":244,"message":"Unable to revive connection: http://localhost:9200/"}
{"type":"log","@timestamp":"2022-03-26T05:29:16Z","tags":["warning","elasticsearch","admin"],"pid":244,"message":"No living connections"}
{"type":"log","@timestamp":"2022-03-26T05:29:16Z","tags":["error","plugins","taskManager","taskManager"],"pid":244,"message":"Failed to poll for work: Error: No Living connections"}
{"type":"log","@timestamp":"2022-03-26T05:29:16Z","tags":["info","plugins-system"],"pid":244,"message":"Stopping all plugins."}
{"type":"log","@timestamp":"2022-03-26T05:56:42Z","tags":["info","plugins-service"],"pid":247,"message":"Plugin \"case\" is disabled."}
{"type":"log","@timestamp":"2022-03-26T05:56:49Z","tags":["info","plugins-system"],"pid":247,"message":"Setting up [37] plugins: [taskManager,siem,licensing,infra,encryptedSavedObjects,code,usageCollection,metrics,canvas,timelion,features,security,apm_oss,translations,reporting,uiActions,data,navigation,status_page,share,newsfeed,kibana_legacy,management,dev_tools,inspector,expressions,visualizations,embeddable,advancedUiActions,dashboard_embeddable_container,home,spaces,cloud,apm,graph,eui_utils,bfetch]"}
{"type":"log","@timestamp":"2022-03-26T05:56:49Z","tags":["info","plugins","taskManager"],"pid":247,"message":"Setting up plugin"}
{"type":"log","@timestamp":"2022-03-26T05:56:49Z","tags":["info","plugins","siem"],"pid":247,"message":"Setting up plugin"}
{"type":"log","@timestamp":"2022-03-26T05:56:49Z","tags":["info","plugins","licensing"],"pid":247,"message":"Setting up plugin"}
{"type":"log","@timestamp":"2022-03-26T05:56:49Z","tags":["info","plugins","infra"],"pid":247,"message":"Setting up plugin"}
{"type":"log","@timestamp":"2022-03-26T05:56:49Z","tags":["info","plugins","encryptedSavedObjects"],"pid":247,"message":"Setting up plugin"}
{"type":"log","@timestamp":"2022-03-26T05:56:49Z","tags":["warning","plugins","encryptedSavedObjects","config"],"pid":247,"message":"Generating a random key for xpack.encryptedSavedObjects.encryptionKey. To be able to decrypt encrypted saved objects attributes after restart, please set xpack.encryptedSavedObjects.encryptionKey in kibana.yml"}
{"type":"log","@timestamp":"2022-03-26T05:56:49Z","tags":["info","plugins","code"],"pid":247,"message":"Setting up plugin"}
{"type":"log","@timestamp":"2022-03-26T05:56:49Z","tags":["info","plugins","usageCollection"],"pid":247,"message":"Setting up plugin"}
{"type":"log","@timestamp":"2022-03-26T05:56:49Z","tags":["info","plugins","metrics"],"pid":247,"message":"Setting up plugin"}
{"type":"log","@timestamp":"2022-03-26T05:56:49Z","tags":["info","plugins","canvas"],"pid":247,"message":"Setting up plugin"}
{"type":"log","@timestamp":"2022-03-26T05:56:49Z","tags":["info","plugins","timelion"],"pid":247,"message":"Setting up plugin"}
{"type":"log","@timestamp":"2022-03-26T05:56:49Z","tags":["info","plugins","features"],"pid":247,"message":"Setting up plugin"}
{"type":"log","@timestamp":"2022-03-26T05:56:49Z","tags":["info","plugins","security"],"pid":247,"message":"Setting up plugin"}
{"type":"log","@timestamp":"2022-03-26T05:56:49Z","tags":["warning","plugins","security","config"],"pid":247,"message":"Generating a random key for xpack.security.encryptionKey. To prevent sessions from being invalidated on restart, please set xpack.security.encryptionKey in kibana.yml"}
{"type":"log","@timestamp":"2022-03-26T05:56:49Z","tags":["warning","plugins","security","config"],"pid":247,"message":"Session cookies will be transmitted over insecure connections. This is not recommended."}
{"type":"log","@timestamp":"2022-03-26T05:56:49Z","tags":["info","plugins","apm_oss"],"pid":247,"message":"Setting up plugin"}
{"type":"log","@timestamp":"2022-03-26T05:56:49Z","tags":["info","plugins","translations"],"pid":247,"message":"Setting up plugin"}
{"type":"log","@timestamp":"2022-03-26T05:56:49Z","tags":["info","plugins","data"],"pid":247,"message":"Setting up plugin"}
{"type":"log","@timestamp":"2022-03-26T05:56:49Z","tags":["info","plugins","share"],"pid":247,"message":"Setting up plugin"}
{"type":"log","@timestamp":"2022-03-26T05:56:49Z","tags":["info","plugins","home"],"pid":247,"message":"Setting up plugin"}
{"type":"log","@timestamp":"2022-03-26T05:56:49Z","tags":["info","plugins","spaces"],"pid":247,"message":"Setting up plugin"}
{"type":"log","@timestamp":"2022-03-26T05:56:49Z","tags":["info","plugins","cloud"],"pid":247,"message":"Setting up plugin"}
{"type":"log","@timestamp":"2022-03-26T05:56:49Z","tags":["info","plugins","apm"],"pid":247,"message":"Setting up plugin"}
{"type":"log","@timestamp":"2022-03-26T05:56:49Z","tags":["info","plugins","graph"],"pid":247,"message":"Setting up plugin"}
{"type":"log","@timestamp":"2022-03-26T05:56:49Z","tags":["info","plugins","bfetch"],"pid":247,"message":"Setting up plugin"}
{"type":"log","@timestamp":"2022-03-26T05:56:49Z","tags":["info","savedobjects-service"],"pid":247,"message":"Waiting until all Elasticsearch nodes are compatible with Kibana before starting saved objects migrations..."}
{"type":"log","@timestamp":"2022-03-26T05:56:49Z","tags":["info","savedobjects-service"],"pid":247,"message":"Starting saved objects migrations"}
{"type":"log","@timestamp":"2022-03-26T05:56:49Z","tags":["info","plugins-system"],"pid":247,"message":"Starting [22] plugins: [taskManager,siem,licensing,infra,encryptedSavedObjects,code,usageCollection,metrics,canvas,timelion,features,security,apm_oss,translations,data,share,home,spaces,cloud,apm,graph,bfetch]"}
{"type":"log","@timestamp":"2022-03-26T05:56:52Z","tags":["status","plugin:kibana@7.6.1","info"],"pid":247,"state":"green","message":"Status changed from uninitialized to green - Ready","prevState":"uninitialized","prevMsg":"uninitialized"}
{"type":"log","@timestamp":"2022-03-26T05:56:52Z","tags":["info","plugins","taskManager","taskManager"],"pid":247,"message":"TaskManager is identified by the Kibana UUID: c1bb4973-dd70-4b00-a93a-70a9ad502e44"}

==> /var/log/elasticsearch/elasticsearch.log <==
[2022-03-26T05:56:53,413][INFO ][o.e.c.m.MetaDataIndexTemplateService] [elk] adding template [.management-beats] for index patterns [.management-beats]

==> /var/log/kibana/kibana5.log <==
{"type":"log","@timestamp":"2022-03-26T05:56:52Z","tags":["status","plugin:elasticsearch@7.6.1","info"],"pid":247,"state":"yellow","message":"Status changed from uninitialized to yellow - Waiting for Elasticsearch","prevState":"uninitialized","prevMsg":"uninitialized"}
{"type":"log","@timestamp":"2022-03-26T05:56:52Z","tags":["status","plugin:elasticsearch@7.6.1","info"],"pid":247,"state":"green","message":"Status changed from yellow to green - Ready","prevState":"yellow","prevMsg":"Waiting for Elasticsearch"}
{"type":"log","@timestamp":"2022-03-26T05:56:52Z","tags":["status","plugin:xpack_main@7.6.1","info"],"pid":247,"state":"green","message":"Status changed from uninitialized to green - Ready","prevState":"uninitialized","prevMsg":"uninitialized"}
{"type":"log","@timestamp":"2022-03-26T05:56:52Z","tags":["status","plugin:graph@7.6.1","info"],"pid":247,"state":"green","message":"Status changed from uninitialized to green - Ready","prevState":"uninitialized","prevMsg":"uninitialized"}
{"type":"log","@timestamp":"2022-03-26T05:56:52Z","tags":["info","monitoring","kibana-monitoring"],"pid":247,"message":"Starting monitoring stats collection"}
{"type":"log","@timestamp":"2022-03-26T05:56:52Z","tags":["status","plugin:monitoring@7.6.1","info"],"pid":247,"state":"green","message":"Status changed from uninitialized to green - Ready","prevState":"uninitialized","prevMsg":"uninitialized"}
{"type":"log","@timestamp":"2022-03-26T05:56:52Z","tags":["status","plugin:spaces@7.6.1","info"],"pid":247,"state":"green","message":"Status changed from uninitialized to green - Ready","prevState":"uninitialized","prevMsg":"uninitialized"}
{"type":"log","@timestamp":"2022-03-26T05:56:52Z","tags":["status","plugin:security@7.6.1","info"],"pid":247,"state":"green","message":"Status changed from uninitialized to green - Ready","prevState":"uninitialized","prevMsg":"uninitialized"}
{"type":"log","@timestamp":"2022-03-26T05:56:52Z","tags":["status","plugin:searchprofiler@7.6.1","info"],"pid":247,"state":"green","message":"Status changed from uninitialized to green - Ready","prevState":"uninitialized","prevMsg":"uninitialized"}
{"type":"log","@timestamp":"2022-03-26T05:56:52Z","tags":["status","plugin:ml@7.6.1","info"],"pid":247,"state":"green","message":"Status changed from uninitialized to green - Ready","prevState":"uninitialized","prevMsg":"uninitialized"}
{"type":"log","@timestamp":"2022-03-26T05:56:52Z","tags":["status","plugin:tilemap@7.6.1","info"],"pid":247,"state":"green","message":"Status changed from uninitialized to green - Ready","prevState":"uninitialized","prevMsg":"uninitialized"}
{"type":"log","@timestamp":"2022-03-26T05:56:52Z","tags":["status","plugin:watcher@7.6.1","info"],"pid":247,"state":"green","message":"Status changed from uninitialized to green - Ready","prevState":"uninitialized","prevMsg":"uninitialized"}
{"type":"log","@timestamp":"2022-03-26T05:56:52Z","tags":["status","plugin:grokdebugger@7.6.1","info"],"pid":247,"state":"green","message":"Status changed from uninitialized to green - Ready","prevState":"uninitialized","prevMsg":"uninitialized"}
{"type":"log","@timestamp":"2022-03-26T05:56:52Z","tags":["status","plugin:dashboard_mode@7.6.1","info"],"pid":247,"state":"green","message":"Status changed from uninitialized to green - Ready","prevState":"uninitialized","prevMsg":"uninitialized"}
{"type":"log","@timestamp":"2022-03-26T05:56:52Z","tags":["status","plugin:logstash@7.6.1","info"],"pid":247,"state":"green","message":"Status changed from uninitialized to green - Ready","prevState":"uninitialized","prevMsg":"uninitialized"}
{"type":"log","@timestamp":"2022-03-26T05:56:52Z","tags":["status","plugin:beats_management@7.6.1","info"],"pid":247,"state":"green","message":"Status changed from uninitialized to green - Ready","prevState":"uninitialized","prevMsg":"uninitialized"}
{"type":"log","@timestamp":"2022-03-26T05:56:52Z","tags":["status","plugin:apm_oss@7.6.1","info"],"pid":247,"state":"green","message":"Status changed from uninitialized to green - Ready","prevState":"uninitialized","prevMsg":"uninitialized"}
{"type":"log","@timestamp":"2022-03-26T05:56:52Z","tags":["status","plugin:apm@7.6.1","info"],"pid":247,"state":"green","message":"Status changed from uninitialized to green - Ready","prevState":"uninitialized","prevMsg":"uninitialized"}
{"type":"log","@timestamp":"2022-03-26T05:56:52Z","tags":["status","plugin:maps@7.6.1","info"],"pid":247,"state":"green","message":"Status changed from uninitialized to green - Ready","prevState":"uninitialized","prevMsg":"uninitialized"}
{"type":"log","@timestamp":"2022-03-26T05:56:52Z","tags":["status","plugin:interpreter@7.6.1","info"],"pid":247,"state":"green","message":"Status changed from uninitialized to green - Ready","prevState":"uninitialized","prevMsg":"uninitialized"}
{"type":"log","@timestamp":"2022-03-26T05:56:52Z","tags":["status","plugin:canvas@7.6.1","info"],"pid":247,"state":"green","message":"Status changed from uninitialized to green - Ready","prevState":"uninitialized","prevMsg":"uninitialized"}
{"type":"log","@timestamp":"2022-03-26T05:56:52Z","tags":["status","plugin:license_management@7.6.1","info"],"pid":247,"state":"green","message":"Status changed from uninitialized to green - Ready","prevState":"uninitialized","prevMsg":"uninitialized"}
{"type":"log","@timestamp":"2022-03-26T05:56:52Z","tags":["status","plugin:index_management@7.6.1","info"],"pid":247,"state":"green","message":"Status changed from uninitialized to green - Ready","prevState":"uninitialized","prevMsg":"uninitialized"}
{"type":"log","@timestamp":"2022-03-26T05:56:52Z","tags":["status","plugin:console@7.6.1","info"],"pid":247,"state":"green","message":"Status changed from uninitialized to green - Ready","prevState":"uninitialized","prevMsg":"uninitialized"}
{"type":"log","@timestamp":"2022-03-26T05:56:52Z","tags":["status","plugin:console_extensions@7.6.1","info"],"pid":247,"state":"green","message":"Status changed from uninitialized to green - Ready","prevState":"uninitialized","prevMsg":"uninitialized"}
{"type":"log","@timestamp":"2022-03-26T05:56:52Z","tags":["status","plugin:index_lifecycle_management@7.6.1","info"],"pid":247,"state":"green","message":"Status changed from uninitialized to green - Ready","prevState":"uninitialized","prevMsg":"uninitialized"}
{"type":"log","@timestamp":"2022-03-26T05:56:52Z","tags":["status","plugin:kuery_autocomplete@7.6.1","info"],"pid":247,"state":"green","message":"Status changed from uninitialized to green - Ready","prevState":"uninitialized","prevMsg":"uninitialized"}
{"type":"log","@timestamp":"2022-03-26T05:56:52Z","tags":["status","plugin:metrics@7.6.1","info"],"pid":247,"state":"green","message":"Status changed from uninitialized to green - Ready","prevState":"uninitialized","prevMsg":"uninitialized"}
{"type":"log","@timestamp":"2022-03-26T05:56:52Z","tags":["status","plugin:infra@7.6.1","info"],"pid":247,"state":"green","message":"Status changed from uninitialized to green - Ready","prevState":"uninitialized","prevMsg":"uninitialized"}
{"type":"log","@timestamp":"2022-03-26T05:56:52Z","tags":["status","plugin:task_manager@7.6.1","info"],"pid":247,"state":"green","message":"Status changed from uninitialized to green - Ready","prevState":"uninitialized","prevMsg":"uninitialized"}
{"type":"log","@timestamp":"2022-03-26T05:56:52Z","tags":["status","plugin:rollup@7.6.1","info"],"pid":247,"state":"green","message":"Status changed from uninitialized to green - Ready","prevState":"uninitialized","prevMsg":"uninitialized"}
{"type":"log","@timestamp":"2022-03-26T05:56:52Z","tags":["status","plugin:transform@7.6.1","info"],"pid":247,"state":"green","message":"Status changed from uninitialized to green - Ready","prevState":"uninitialized","prevMsg":"uninitialized"}
{"type":"log","@timestamp":"2022-03-26T05:56:52Z","tags":["status","plugin:encryptedSavedObjects@7.6.1","info"],"pid":247,"state":"green","message":"Status changed from uninitialized to green - Ready","prevState":"uninitialized","prevMsg":"uninitialized"}
{"type":"log","@timestamp":"2022-03-26T05:56:52Z","tags":["status","plugin:actions@7.6.1","info"],"pid":247,"state":"green","message":"Status changed from uninitialized to green - Ready","prevState":"uninitialized","prevMsg":"uninitialized"}
{"type":"log","@timestamp":"2022-03-26T05:56:52Z","tags":["status","plugin:alerting@7.6.1","info"],"pid":247,"state":"green","message":"Status changed from uninitialized to green - Ready","prevState":"uninitialized","prevMsg":"uninitialized"}
{"type":"log","@timestamp":"2022-03-26T05:56:52Z","tags":["status","plugin:siem@7.6.1","info"],"pid":247,"state":"green","message":"Status changed from uninitialized to green - Ready","prevState":"uninitialized","prevMsg":"uninitialized"}
{"type":"log","@timestamp":"2022-03-26T05:56:52Z","tags":["status","plugin:remote_clusters@7.6.1","info"],"pid":247,"state":"green","message":"Status changed from uninitialized to green - Ready","prevState":"uninitialized","prevMsg":"uninitialized"}
{"type":"log","@timestamp":"2022-03-26T05:56:52Z","tags":["status","plugin:cross_cluster_replication@7.6.1","info"],"pid":247,"state":"green","message":"Status changed from uninitialized to green - Ready","prevState":"uninitialized","prevMsg":"uninitialized"}
{"type":"log","@timestamp":"2022-03-26T05:56:52Z","tags":["status","plugin:upgrade_assistant@7.6.1","info"],"pid":247,"state":"green","message":"Status changed from uninitialized to green - Ready","prevState":"uninitialized","prevMsg":"uninitialized"}
{"type":"log","@timestamp":"2022-03-26T05:56:52Z","tags":["status","plugin:uptime@7.6.1","info"],"pid":247,"state":"green","message":"Status changed from uninitialized to green - Ready","prevState":"uninitialized","prevMsg":"uninitialized"}
{"type":"log","@timestamp":"2022-03-26T05:56:52Z","tags":["status","plugin:oss_telemetry@7.6.1","info"],"pid":247,"state":"green","message":"Status changed from uninitialized to green - Ready","prevState":"uninitialized","prevMsg":"uninitialized"}
{"type":"log","@timestamp":"2022-03-26T05:56:52Z","tags":["status","plugin:file_upload@7.6.1","info"],"pid":247,"state":"green","message":"Status changed from uninitialized to green - Ready","prevState":"uninitialized","prevMsg":"uninitialized"}
{"type":"log","@timestamp":"2022-03-26T05:56:52Z","tags":["status","plugin:data@7.6.1","info"],"pid":247,"state":"green","message":"Status changed from uninitialized to green - Ready","prevState":"uninitialized","prevMsg":"uninitialized"}
{"type":"log","@timestamp":"2022-03-26T05:56:52Z","tags":["status","plugin:lens@7.6.1","info"],"pid":247,"state":"green","message":"Status changed from uninitialized to green - Ready","prevState":"uninitialized","prevMsg":"uninitialized"}
{"type":"log","@timestamp":"2022-03-26T05:56:53Z","tags":["status","plugin:snapshot_restore@7.6.1","info"],"pid":247,"state":"green","message":"Status changed from uninitialized to green - Ready","prevState":"uninitialized","prevMsg":"uninitialized"}
{"type":"log","@timestamp":"2022-03-26T05:56:53Z","tags":["status","plugin:input_control_vis@7.6.1","info"],"pid":247,"state":"green","message":"Status changed from uninitialized to green - Ready","prevState":"uninitialized","prevMsg":"uninitialized"}
{"type":"log","@timestamp":"2022-03-26T05:56:53Z","tags":["status","plugin:kibana_react@7.6.1","info"],"pid":247,"state":"green","message":"Status changed from uninitialized to green - Ready","prevState":"uninitialized","prevMsg":"uninitialized"}
{"type":"log","@timestamp":"2022-03-26T05:56:53Z","tags":["status","plugin:management@7.6.1","info"],"pid":247,"state":"green","message":"Status changed from uninitialized to green - Ready","prevState":"uninitialized","prevMsg":"uninitialized"}
{"type":"log","@timestamp":"2022-03-26T05:56:53Z","tags":["status","plugin:navigation@7.6.1","info"],"pid":247,"state":"green","message":"Status changed from uninitialized to green - Ready","prevState":"uninitialized","prevMsg":"uninitialized"}
{"type":"log","@timestamp":"2022-03-26T05:56:53Z","tags":["status","plugin:region_map@7.6.1","info"],"pid":247,"state":"green","message":"Status changed from uninitialized to green - Ready","prevState":"uninitialized","prevMsg":"uninitialized"}
{"type":"log","@timestamp":"2022-03-26T05:56:53Z","tags":["status","plugin:telemetry@7.6.1","info"],"pid":247,"state":"green","message":"Status changed from uninitialized to green - Ready","prevState":"uninitialized","prevMsg":"uninitialized"}
{"type":"log","@timestamp":"2022-03-26T05:56:53Z","tags":["status","plugin:timelion@7.6.1","info"],"pid":247,"state":"green","message":"Status changed from uninitialized to green - Ready","prevState":"uninitialized","prevMsg":"uninitialized"}
{"type":"log","@timestamp":"2022-03-26T05:56:53Z","tags":["status","plugin:ui_metric@7.6.1","info"],"pid":247,"state":"green","message":"Status changed from uninitialized to green - Ready","prevState":"uninitialized","prevMsg":"uninitialized"}
{"type":"log","@timestamp":"2022-03-26T05:56:53Z","tags":["status","plugin:markdown_vis@7.6.1","info"],"pid":247,"state":"green","message":"Status changed from uninitialized to green - Ready","prevState":"uninitialized","prevMsg":"uninitialized"}
{"type":"log","@timestamp":"2022-03-26T05:56:53Z","tags":["status","plugin:metric_vis@7.6.1","info"],"pid":247,"state":"green","message":"Status changed from uninitialized to green - Ready","prevState":"uninitialized","prevMsg":"uninitialized"}
{"type":"log","@timestamp":"2022-03-26T05:56:53Z","tags":["status","plugin:table_vis@7.6.1","info"],"pid":247,"state":"green","message":"Status changed from uninitialized to green - Ready","prevState":"uninitialized","prevMsg":"uninitialized"}
{"type":"log","@timestamp":"2022-03-26T05:56:53Z","tags":["status","plugin:tagcloud@7.6.1","info"],"pid":247,"state":"green","message":"Status changed from uninitialized to green - Ready","prevState":"uninitialized","prevMsg":"uninitialized"}
{"type":"log","@timestamp":"2022-03-26T05:56:53Z","tags":["status","plugin:vega@7.6.1","info"],"pid":247,"state":"green","message":"Status changed from uninitialized to green - Ready","prevState":"uninitialized","prevMsg":"uninitialized"}
{"type":"log","@timestamp":"2022-03-26T05:56:54Z","tags":["reporting","warning"],"pid":247,"message":"Generating a random key for xpack.reporting.encryptionKey. To prevent pending reports from failing on restart, please set xpack.reporting.encryptionKey in kibana.yml"}
{"type":"log","@timestamp":"2022-03-26T05:56:54Z","tags":["info","http","server","Kibana"],"pid":247,"message":"http server running at http://0.0.0.0:5601"}
{"type":"log","@timestamp":"2022-03-26T05:56:54Z","tags":["status","plugin:reporting@7.6.1","info"],"pid":247,"state":"green","message":"Status changed from uninitialized to green - Ready","prevState":"uninitialized","prevMsg":"uninitialized"}
{"type":"log","@timestamp":"2022-03-26T05:56:54Z","tags":["listening","info"],"pid":247,"message":"Server running at http://0.0.0.0:5601"}
{"type":"log","@timestamp":"2022-03-26T05:56:54Z","tags":["reporting","error"],"pid":247,"message":"The Reporting plugin encountered issues launching Chromium in a self-test. You may have trouble generating reports."}
{"type":"error","@timestamp":"2022-03-26T05:56:54Z","tags":["reporting","error"],"pid":247,"level":"error","error":{"message":"Failed to launch chrome!\n[0326/055654.172314:WARNING:resource_bundle.cc(358)] locale_file_path.empty() for locale \n[0326/055654.189534:FATAL:zygote_host_impl_linux.cc(116)] No usable sandbox! Update your kernel or see https://chromium.googlesource.com/chromium/src/+/master/docs/linux_suid_sandbox_development.md for more information on developing with the SUID sandbox. If you want to live dangerously and need an immediate workaround, you can try using --no-sandbox.\n#0 0x56045be32bf9 <unknown>\n#1 0x56045bd9f783 <unknown>\n#2 0x56045bdb2e23 <unknown>\n#3 0x56045d2712ee <unknown>\n#4 0x56045bd5f0f8 <unknown>\n#5 0x56045d27798c <unknown>\n#6 0x56045bd58ad1 <unknown>\n#7 0x56045bd9bc3d <unknown>\n#8 0x56045bd9b9bb <unknown>\n#9 0x7ff5ff3bdb97 __libc_start_main\n#10 0x56045a2a202a _start\n\nReceived signal 6\n#0 0x56045be32bf9 <unknown>\n#1 0x56045bd9f783 <unknown>\n#2 0x56045be32781 <unknown>\n#3 0x7ff600b46890 <unknown>\n#4 0x7ff5ff3dae97 gsignal\n#5 0x7ff5ff3dc801 abort\n#6 0x56045be315c5 <unknown>\n#7 0x56045bdb3107 <unknown>\n#8 0x56045d2712ee <unknown>\n#9 0x56045bd5f0f8 <unknown>\n#10 0x56045d27798c <unknown>\n#11 0x56045bd58ad1 <unknown>\n#12 0x56045bd9bc3d <unknown>\n#13 0x56045bd9b9bb <unknown>\n#14 0x7ff5ff3bdb97 __libc_start_main\n#15 0x56045a2a202a _start\n  r8: 0000000000000000  r9: 00007ffc985587a0 r10: 0000000000000008 r11: 0000000000000246\n r12: 00007ffc98559a68 r13: 000030c636876b80 r14: 00007ffc98559a70 r15: 00007ffc98559a78\n  di: 0000000000000002  si: 00007ffc985587a0  bp: 00007ffc985589f0  bx: 00007ffc98558a48\n  dx: 0000000000000000  ax: 0000000000000000  cx: 00007ff5ff3dae97  sp: 00007ffc985587a0\n  ip: 00007ff5ff3dae97 efl: 0000000000000246 cgf: 002b000000000033 erf: 0000000000000000\n trp: 0000000000000000 msk: 0000000000000000 cr2: 0000000000000000\n[end of stack trace]\nCalling _exit(1). Core file will not be generated.\n\n\nTROUBLESHOOTING: https://github.com/GoogleChrome/puppeteer/blob/master/docs/troubleshooting.md\n","name":"Error","stack":"Error: Failed to launch chrome!\n[0326/055654.172314:WARNING:resource_bundle.cc(358)] locale_file_path.empty() for locale \n[0326/055654.189534:FATAL:zygote_host_impl_linux.cc(116)] No usable sandbox! Update your kernel or see https://chromium.googlesource.com/chromium/src/+/master/docs/linux_suid_sandbox_development.md for more information on developing with the SUID sandbox. If you want to live dangerously and need an immediate workaround, you can try using --no-sandbox.\n#0 0x56045be32bf9 <unknown>\n#1 0x56045bd9f783 <unknown>\n#2 0x56045bdb2e23 <unknown>\n#3 0x56045d2712ee <unknown>\n#4 0x56045bd5f0f8 <unknown>\n#5 0x56045d27798c <unknown>\n#6 0x56045bd58ad1 <unknown>\n#7 0x56045bd9bc3d <unknown>\n#8 0x56045bd9b9bb <unknown>\n#9 0x7ff5ff3bdb97 __libc_start_main\n#10 0x56045a2a202a _start\n\nReceived signal 6\n#0 0x56045be32bf9 <unknown>\n#1 0x56045bd9f783 <unknown>\n#2 0x56045be32781 <unknown>\n#3 0x7ff600b46890 <unknown>\n#4 0x7ff5ff3dae97 gsignal\n#5 0x7ff5ff3dc801 abort\n#6 0x56045be315c5 <unknown>\n#7 0x56045bdb3107 <unknown>\n#8 0x56045d2712ee <unknown>\n#9 0x56045bd5f0f8 <unknown>\n#10 0x56045d27798c <unknown>\n#11 0x56045bd58ad1 <unknown>\n#12 0x56045bd9bc3d <unknown>\n#13 0x56045bd9b9bb <unknown>\n#14 0x7ff5ff3bdb97 __libc_start_main\n#15 0x56045a2a202a _start\n  r8: 0000000000000000  r9: 00007ffc985587a0 r10: 0000000000000008 r11: 0000000000000246\n r12: 00007ffc98559a68 r13: 000030c636876b80 r14: 00007ffc98559a70 r15: 00007ffc98559a78\n  di: 0000000000000002  si: 00007ffc985587a0  bp: 00007ffc985589f0  bx: 00007ffc98558a48\n  dx: 0000000000000000  ax: 0000000000000000  cx: 00007ff5ff3dae97  sp: 00007ffc985587a0\n  ip: 00007ff5ff3dae97 efl: 0000000000000246 cgf: 002b000000000033 erf: 0000000000000000\n trp: 0000000000000000 msk: 0000000000000000 cr2: 0000000000000000\n[end of stack trace]\nCalling _exit(1). Core file will not be generated.\n\n\nTROUBLESHOOTING: https://github.com/GoogleChrome/puppeteer/blob/master/docs/troubleshooting.md\n\n    at onClose (/opt/kibana/node_modules/puppeteer-core/lib/Launcher.js:349:14)\n    at Interface.helper.addEventListener (/opt/kibana/node_modules/puppeteer-core/lib/Launcher.js:338:50)\n    at Interface.emit (events.js:203:15)\n    at Interface.close (readline.js:397:8)\n    at Socket.onend (readline.js:173:10)\n    at Socket.emit (events.js:203:15)\n    at endReadableNT (_stream_readable.js:1145:12)\n    at process._tickCallback (internal/process/next_tick.js:63:19)"},"message":"Failed to launch chrome!\n[0326/055654.172314:WARNING:resource_bundle.cc(358)] locale_file_path.empty() for locale \n[0326/055654.189534:FATAL:zygote_host_impl_linux.cc(116)] No usable sandbox! Update your kernel or see https://chromium.googlesource.com/chromium/src/+/master/docs/linux_suid_sandbox_development.md for more information on developing with the SUID sandbox. If you want to live dangerously and need an immediate workaround, you can try using --no-sandbox.\n#0 0x56045be32bf9 <unknown>\n#1 0x56045bd9f783 <unknown>\n#2 0x56045bdb2e23 <unknown>\n#3 0x56045d2712ee <unknown>\n#4 0x56045bd5f0f8 <unknown>\n#5 0x56045d27798c <unknown>\n#6 0x56045bd58ad1 <unknown>\n#7 0x56045bd9bc3d <unknown>\n#8 0x56045bd9b9bb <unknown>\n#9 0x7ff5ff3bdb97 __libc_start_main\n#10 0x56045a2a202a _start\n\nReceived signal 6\n#0 0x56045be32bf9 <unknown>\n#1 0x56045bd9f783 <unknown>\n#2 0x56045be32781 <unknown>\n#3 0x7ff600b46890 <unknown>\n#4 0x7ff5ff3dae97 gsignal\n#5 0x7ff5ff3dc801 abort\n#6 0x56045be315c5 <unknown>\n#7 0x56045bdb3107 <unknown>\n#8 0x56045d2712ee <unknown>\n#9 0x56045bd5f0f8 <unknown>\n#10 0x56045d27798c <unknown>\n#11 0x56045bd58ad1 <unknown>\n#12 0x56045bd9bc3d <unknown>\n#13 0x56045bd9b9bb <unknown>\n#14 0x7ff5ff3bdb97 __libc_start_main\n#15 0x56045a2a202a _start\n  r8: 0000000000000000  r9: 00007ffc985587a0 r10: 0000000000000008 r11: 0000000000000246\n r12: 00007ffc98559a68 r13: 000030c636876b80 r14: 00007ffc98559a70 r15: 00007ffc98559a78\n  di: 0000000000000002  si: 00007ffc985587a0  bp: 00007ffc985589f0  bx: 00007ffc98558a48\n  dx: 0000000000000000  ax: 0000000000000000  cx: 00007ff5ff3dae97  sp: 00007ffc985587a0\n  ip: 00007ff5ff3dae97 efl: 0000000000000246 cgf: 002b000000000033 erf: 0000000000000000\n trp: 0000000000000000 msk: 0000000000000000 cr2: 0000000000000000\n[end of stack trace]\nCalling _exit(1). Core file will not be generated.\n\n\nTROUBLESHOOTING: https://github.com/GoogleChrome/puppeteer/blob/master/docs/troubleshooting.md\n"}
{"type":"log","@timestamp":"2022-03-26T05:56:54Z","tags":["reporting","warning"],"pid":247,"message":"See Chromium's log output at \"/opt/kibana/data/headless_shell-linux/chrome_debug.log\""}
{"type":"log","@timestamp":"2022-03-26T05:56:54Z","tags":["reporting","warning"],"pid":247,"message":"Reporting plugin self-check generated a warning: Error: Could not close browser client handle!"}

==> /var/log/logstash/logstash-plain.log <==
[2022-03-26T05:57:10,440][INFO ][logstash.runner          ] Starting Logstash {"logstash.version"=>"7.6.1"}
[2022-03-26T05:57:13,961][INFO ][org.reflections.Reflections] Reflections took 51 ms to scan 1 urls, producing 20 keys and 40 values 
[2022-03-26T05:57:15,396][INFO ][logstash.outputs.elasticsearch][main] Elasticsearch pool URLs updated {:changes=>{:removed=>[], :added=>[http://localhost:9200/]}}
[2022-03-26T05:57:15,911][WARN ][logstash.outputs.elasticsearch][main] Restored connection to ES instance {:url=>"http://localhost:9200/"}
[2022-03-26T05:57:16,083][INFO ][logstash.outputs.elasticsearch][main] ES Output version determined {:es_version=>7}
[2022-03-26T05:57:16,096][WARN ][logstash.outputs.elasticsearch][main] Detected a 6.x and above cluster: the `type` event field won't be used to determine the document _type {:es_version=>7}
[2022-03-26T05:57:16,376][INFO ][logstash.outputs.elasticsearch][main] New Elasticsearch output {:class=>"LogStash::Outputs::ElasticSearch", :hosts=>["//localhost"]}
[2022-03-26T05:57:17,067][WARN ][org.logstash.instrument.metrics.gauge.LazyDelegatingGauge][main] A gauge metric of an unknown type (org.jruby.specialized.RubyArrayOneObject) has been create for key: cluster_uuids. This may result in invalid serialization.  It is recommended to log an issue to the responsible developer/development team.
[2022-03-26T05:57:17,077][INFO ][logstash.javapipeline    ][main] Starting pipeline {:pipeline_id=>"main", "pipeline.workers"=>2, "pipeline.batch.size"=>125, "pipeline.batch.delay"=>50, "pipeline.max_inflight"=>250, "pipeline.sources"=>["/etc/logstash/conf.d/02-beats-input.conf", "/etc/logstash/conf.d/10-syslog.conf", "/etc/logstash/conf.d/11-nginx.conf", "/etc/logstash/conf.d/30-output.conf"], :thread=>"#<Thread:0x13a987b1 run>"}
[2022-03-26T05:57:19,531][INFO ][logstash.inputs.beats    ][main] Beats inputs: Starting input listener {:address=>"0.0.0.0:5044"}
[2022-03-26T05:57:20,097][INFO ][logstash.javapipeline    ][main] Pipeline started {"pipeline.id"=>"main"}
[2022-03-26T05:57:20,231][INFO ][org.logstash.beats.Server][main] Starting server on port: 5044
[2022-03-26T05:57:20,236][INFO ][logstash.agent           ] Pipelines running {:count=>1, :running_pipelines=>[:main], :non_running_pipelines=>[]}
[2022-03-26T05:57:20,668][INFO ][logstash.agent           ] Successfully started Logstash API endpoint {:port=>9600}
^CTerminating ELK
 * Stopping Elasticsearch Server

==> /var/log/elasticsearch/elasticsearch.log <==
[2022-03-26T05:59:58,010][INFO ][o.e.n.Node               ] [elk] stopping ...
[2022-03-26T05:59:58,023][INFO ][o.e.x.w.WatcherService   ] [elk] stopping watch service, reason [shutdown initiated]
[2022-03-26T05:59:58,029][INFO ][o.e.x.w.WatcherLifeCycleService] [elk] watcher has stopped and shutdown
   ...done.
Killing logstash (pid 229) with SIGTERM
Waiting for logstash (pid 229) to die...
[2022-03-26T05:59:58,365][INFO ][o.e.x.m.p.l.CppLogMessageHandler] [elk] [controller/108] [Main.cc@150] Ml controller exiting
[2022-03-26T05:59:58,366][INFO ][o.e.x.m.p.NativeController] [elk] Native controller process has stopped - no new native processes can be started
[2022-03-26T05:59:58,431][INFO ][o.e.n.Node               ] [elk] stopped
[2022-03-26T05:59:58,432][INFO ][o.e.n.Node               ] [elk] closing ...
[2022-03-26T05:59:58,450][INFO ][o.e.n.Node               ] [elk] closed

==> /var/log/logstash/logstash-plain.log <==
[2022-03-26T05:59:58,510][WARN ][logstash.runner          ] SIGTERM received. Shutting down.

==> /var/log/kibana/kibana5.log <==
{"type":"log","@timestamp":"2022-03-26T05:59:58Z","tags":["error","elasticsearch","admin"],"pid":247,"message":"Request error, retrying\nGET http://localhost:9200/_nodes?filter_path=nodes.*.version%2Cnodes.*.http.publish_address%2Cnodes.*.ip => connect ECONNREFUSED 127.0.0.1:9200"}
{"type":"log","@timestamp":"2022-03-26T05:59:58Z","tags":["warning","elasticsearch","admin"],"pid":247,"message":"Unable to revive connection: http://localhost:9200/"}
{"type":"log","@timestamp":"2022-03-26T05:59:58Z","tags":["status","plugin:xpack_main@7.6.1","error"],"pid":247,"state":"red","message":"Status changed from green to red - Unable to retrieve version information from Elasticsearch nodes.","prevState":"green","prevMsg":"Ready"}
{"type":"log","@timestamp":"2022-03-26T05:59:58Z","tags":["warning","elasticsearch","admin"],"pid":247,"message":"No living connections"}
{"type":"log","@timestamp":"2022-03-26T05:59:58Z","tags":["error","elasticsearch-service"],"pid":247,"message":"Unable to retrieve version information from Elasticsearch nodes."}
{"type":"log","@timestamp":"2022-03-26T05:59:58Z","tags":["status","plugin:spaces@7.6.1","error"],"pid":247,"state":"red","message":"Status changed from green to red - Unable to retrieve version information from Elasticsearch nodes.","prevState":"green","prevMsg":"Ready"}
{"type":"log","@timestamp":"2022-03-26T05:59:58Z","tags":["status","plugin:searchprofiler@7.6.1","error"],"pid":247,"state":"red","message":"Status changed from green to red - Unable to retrieve version information from Elasticsearch nodes.","prevState":"green","prevMsg":"Ready"}
{"type":"log","@timestamp":"2022-03-26T05:59:58Z","tags":["status","plugin:ml@7.6.1","error"],"pid":247,"state":"red","message":"Status changed from green to red - Unable to retrieve version information from Elasticsearch nodes.","prevState":"green","prevMsg":"Ready"}
{"type":"log","@timestamp":"2022-03-26T05:59:58Z","tags":["status","plugin:tilemap@7.6.1","error"],"pid":247,"state":"red","message":"Status changed from green to red - Unable to retrieve version information from Elasticsearch nodes.","prevState":"green","prevMsg":"Ready"}
{"type":"log","@timestamp":"2022-03-26T05:59:58Z","tags":["status","plugin:watcher@7.6.1","error"],"pid":247,"state":"red","message":"Status changed from green to red - Unable to retrieve version information from Elasticsearch nodes.","prevState":"green","prevMsg":"Ready"}
{"type":"log","@timestamp":"2022-03-26T05:59:58Z","tags":["status","plugin:grokdebugger@7.6.1","error"],"pid":247,"state":"red","message":"Status changed from green to red - Unable to retrieve version information from Elasticsearch nodes.","prevState":"green","prevMsg":"Ready"}
{"type":"log","@timestamp":"2022-03-26T05:59:58Z","tags":["status","plugin:logstash@7.6.1","error"],"pid":247,"state":"red","message":"Status changed from green to red - Unable to retrieve version information from Elasticsearch nodes.","prevState":"green","prevMsg":"Ready"}
{"type":"log","@timestamp":"2022-03-26T05:59:58Z","tags":["status","plugin:beats_management@7.6.1","error"],"pid":247,"state":"red","message":"Status changed from green to red - Unable to retrieve version information from Elasticsearch nodes.","prevState":"green","prevMsg":"Ready"}
{"type":"log","@timestamp":"2022-03-26T05:59:58Z","tags":["status","plugin:index_management@7.6.1","error"],"pid":247,"state":"red","message":"Status changed from green to red - Unable to retrieve version information from Elasticsearch nodes.","prevState":"green","prevMsg":"Ready"}
{"type":"log","@timestamp":"2022-03-26T05:59:58Z","tags":["status","plugin:index_lifecycle_management@7.6.1","error"],"pid":247,"state":"red","message":"Status changed from green to red - Unable to retrieve version information from Elasticsearch nodes.","prevState":"green","prevMsg":"Ready"}
{"type":"log","@timestamp":"2022-03-26T05:59:58Z","tags":["status","plugin:rollup@7.6.1","error"],"pid":247,"state":"red","message":"Status changed from green to red - Unable to retrieve version information from Elasticsearch nodes.","prevState":"green","prevMsg":"Ready"}
{"type":"log","@timestamp":"2022-03-26T05:59:58Z","tags":["status","plugin:transform@7.6.1","error"],"pid":247,"state":"red","message":"Status changed from green to red - Unable to retrieve version information from Elasticsearch nodes.","prevState":"green","prevMsg":"Ready"}
{"type":"log","@timestamp":"2022-03-26T05:59:58Z","tags":["status","plugin:remote_clusters@7.6.1","error"],"pid":247,"state":"red","message":"Status changed from green to red - Unable to retrieve version information from Elasticsearch nodes.","prevState":"green","prevMsg":"Ready"}
{"type":"log","@timestamp":"2022-03-26T05:59:58Z","tags":["status","plugin:cross_cluster_replication@7.6.1","error"],"pid":247,"state":"red","message":"Status changed from green to red - Unable to retrieve version information from Elasticsearch nodes.","prevState":"green","prevMsg":"Ready"}
{"type":"log","@timestamp":"2022-03-26T05:59:58Z","tags":["status","plugin:snapshot_restore@7.6.1","error"],"pid":247,"state":"red","message":"Status changed from green to red - Unable to retrieve version information from Elasticsearch nodes.","prevState":"green","prevMsg":"Ready"}
{"type":"log","@timestamp":"2022-03-26T05:59:58Z","tags":["status","plugin:reporting@7.6.1","error"],"pid":247,"state":"red","message":"Status changed from green to red - Unable to retrieve version information from Elasticsearch nodes.","prevState":"green","prevMsg":"Ready"}
{"type":"log","@timestamp":"2022-03-26T05:59:58Z","tags":["status","plugin:security@7.6.1","error"],"pid":247,"state":"red","message":"Status changed from green to red - Unable to retrieve version information from Elasticsearch nodes.","prevState":"green","prevMsg":"Ready"}
{"type":"log","@timestamp":"2022-03-26T05:59:58Z","tags":["status","plugin:elasticsearch@7.6.1","error"],"pid":247,"state":"red","message":"Status changed from green to red - Unable to retrieve version information from Elasticsearch nodes.","prevState":"green","prevMsg":"Ready"}
{"type":"log","@timestamp":"2022-03-26T05:59:58Z","tags":["error","elasticsearch","data"],"pid":247,"message":"Request error, retrying\nGET http://localhost:9200/_xpack => connect ECONNREFUSED 127.0.0.1:9200"}
{"type":"log","@timestamp":"2022-03-26T05:59:58Z","tags":["warning","elasticsearch","data"],"pid":247,"message":"Unable to revive connection: http://localhost:9200/"}
{"type":"log","@timestamp":"2022-03-26T05:59:58Z","tags":["status","plugin:xpack_main@7.6.1","error"],"pid":247,"state":"red","message":"Status changed from red to red - No Living connections","prevState":"red","prevMsg":"Unable to retrieve version information from Elasticsearch nodes."}
{"type":"log","@timestamp":"2022-03-26T05:59:58Z","tags":["warning","elasticsearch","data"],"pid":247,"message":"No living connections"}
{"type":"log","@timestamp":"2022-03-26T05:59:58Z","tags":["warning","plugins","licensing"],"pid":247,"message":"License information could not be obtained from Elasticsearch due to Error: No Living connections error"}
{"type":"log","@timestamp":"2022-03-26T05:59:58Z","tags":["status","plugin:spaces@7.6.1","error"],"pid":247,"state":"red","message":"Status changed from red to red - No Living connections","prevState":"red","prevMsg":"Unable to retrieve version information from Elasticsearch nodes."}
{"type":"log","@timestamp":"2022-03-26T05:59:58Z","tags":["status","plugin:searchprofiler@7.6.1","error"],"pid":247,"state":"red","message":"Status changed from red to red - No Living connections","prevState":"red","prevMsg":"Unable to retrieve version information from Elasticsearch nodes."}
{"type":"log","@timestamp":"2022-03-26T05:59:58Z","tags":["status","plugin:ml@7.6.1","error"],"pid":247,"state":"red","message":"Status changed from red to red - No Living connections","prevState":"red","prevMsg":"Unable to retrieve version information from Elasticsearch nodes."}
{"type":"log","@timestamp":"2022-03-26T05:59:58Z","tags":["status","plugin:tilemap@7.6.1","error"],"pid":247,"state":"red","message":"Status changed from red to red - No Living connections","prevState":"red","prevMsg":"Unable to retrieve version information from Elasticsearch nodes."}
{"type":"log","@timestamp":"2022-03-26T05:59:58Z","tags":["status","plugin:watcher@7.6.1","error"],"pid":247,"state":"red","message":"Status changed from red to red - No Living connections","prevState":"red","prevMsg":"Unable to retrieve version information from Elasticsearch nodes."}
{"type":"log","@timestamp":"2022-03-26T05:59:58Z","tags":["status","plugin:grokdebugger@7.6.1","error"],"pid":247,"state":"red","message":"Status changed from red to red - No Living connections","prevState":"red","prevMsg":"Unable to retrieve version information from Elasticsearch nodes."}
{"type":"log","@timestamp":"2022-03-26T05:59:58Z","tags":["status","plugin:logstash@7.6.1","error"],"pid":247,"state":"red","message":"Status changed from red to red - No Living connections","prevState":"red","prevMsg":"Unable to retrieve version information from Elasticsearch nodes."}
{"type":"log","@timestamp":"2022-03-26T05:59:58Z","tags":["status","plugin:beats_management@7.6.1","error"],"pid":247,"state":"red","message":"Status changed from red to red - No Living connections","prevState":"red","prevMsg":"Unable to retrieve version information from Elasticsearch nodes."}
{"type":"log","@timestamp":"2022-03-26T05:59:58Z","tags":["status","plugin:index_management@7.6.1","error"],"pid":247,"state":"red","message":"Status changed from red to red - No Living connections","prevState":"red","prevMsg":"Unable to retrieve version information from Elasticsearch nodes."}
{"type":"log","@timestamp":"2022-03-26T05:59:58Z","tags":["status","plugin:index_lifecycle_management@7.6.1","error"],"pid":247,"state":"red","message":"Status changed from red to red - No Living connections","prevState":"red","prevMsg":"Unable to retrieve version information from Elasticsearch nodes."}
{"type":"log","@timestamp":"2022-03-26T05:59:58Z","tags":["status","plugin:rollup@7.6.1","error"],"pid":247,"state":"red","message":"Status changed from red to red - No Living connections","prevState":"red","prevMsg":"Unable to retrieve version information from Elasticsearch nodes."}
{"type":"log","@timestamp":"2022-03-26T05:59:58Z","tags":["status","plugin:transform@7.6.1","error"],"pid":247,"state":"red","message":"Status changed from red to red - No Living connections","prevState":"red","prevMsg":"Unable to retrieve version information from Elasticsearch nodes."}
{"type":"log","@timestamp":"2022-03-26T05:59:58Z","tags":["status","plugin:remote_clusters@7.6.1","error"],"pid":247,"state":"red","message":"Status changed from red to red - No Living connections","prevState":"red","prevMsg":"Unable to retrieve version information from Elasticsearch nodes."}
{"type":"log","@timestamp":"2022-03-26T05:59:58Z","tags":["status","plugin:cross_cluster_replication@7.6.1","error"],"pid":247,"state":"red","message":"Status changed from red to red - No Living connections","prevState":"red","prevMsg":"Unable to retrieve version information from Elasticsearch nodes."}
{"type":"log","@timestamp":"2022-03-26T05:59:58Z","tags":["status","plugin:snapshot_restore@7.6.1","error"],"pid":247,"state":"red","message":"Status changed from red to red - No Living connections","prevState":"red","prevMsg":"Unable to retrieve version information from Elasticsearch nodes."}
{"type":"log","@timestamp":"2022-03-26T05:59:58Z","tags":["status","plugin:reporting@7.6.1","error"],"pid":247,"state":"red","message":"Status changed from red to red - No Living connections","prevState":"red","prevMsg":"Unable to retrieve version information from Elasticsearch nodes."}
{"type":"log","@timestamp":"2022-03-26T05:59:58Z","tags":["status","plugin:security@7.6.1","error"],"pid":247,"state":"red","message":"Status changed from red to red - No Living connections","prevState":"red","prevMsg":"Unable to retrieve version information from Elasticsearch nodes."}
{"type":"log","@timestamp":"2022-03-26T05:59:58Z","tags":["info","monitoring","kibana-monitoring"],"pid":247,"message":"Monitoring status upload endpoint is not enabled in Elasticsearch:Monitoring stats collection is stopped"}
Waiting for logstash (pid 229) to die...
Waiting for logstash (pid 229) to die...
{"type":"log","@timestamp":"2022-03-26T06:00:00Z","tags":["warning","elasticsearch","admin"],"pid":247,"message":"Unable to revive connection: http://localhost:9200/"}
{"type":"log","@timestamp":"2022-03-26T06:00:00Z","tags":["warning","elasticsearch","admin"],"pid":247,"message":"No living connections"}
{"type":"log","@timestamp":"2022-03-26T06:00:00Z","tags":["error","plugins","taskManager","taskManager"],"pid":247,"message":"Failed to poll for work: Error: No Living connections"}
{"type":"log","@timestamp":"2022-03-26T06:00:00Z","tags":["warning","elasticsearch","admin"],"pid":247,"message":"Unable to revive connection: http://localhost:9200/"}
{"type":"log","@timestamp":"2022-03-26T06:00:00Z","tags":["reporting","esqueue","queue-worker","error"],"pid":247,"message":"l17fwraa006v28d97aeicajy - job querying failed: Error: No Living connections\n    at sendReqWithConnection (/opt/kibana/node_modules/elasticsearch/src/lib/transport.js:266:15)\n    at next (/opt/kibana/node_modules/elasticsearch/src/lib/connection_pool.js:243:7)\n    at process._tickCallback (internal/process/next_tick.js:61:11)"}
{"type":"log","@timestamp":"2022-03-26T06:00:00Z","tags":["warning","elasticsearch","admin"],"pid":247,"message":"No living connections"}
{"type":"log","@timestamp":"2022-03-26T06:00:00Z","tags":["warning","elasticsearch","admin"],"pid":247,"message":"Unable to revive connection: http://localhost:9200/"}
{"type":"log","@timestamp":"2022-03-26T06:00:00Z","tags":["warning","elasticsearch","admin"],"pid":247,"message":"No living connections"}
Waiting for logstash (pid 229) to die...
Waiting for logstash (pid 229) to die...
logstash stop failed; still running.
 * Stopping Kibana5

==> /var/log/logstash/logstash-plain.log <==
[2022-03-26T06:00:03,695][WARN ][org.logstash.execution.ShutdownWatcherExt] {"inflight_count"=>0, "stalling_threads_info"=>{"other"=>[{"thread_id"=>29, "name"=>"[main]<beats", "current_call"=>"[...]/vendor/bundle/jruby/2.5.0/gems/logstash-input-beats-6.0.8-java/lib/logstash/inputs/beats.rb:202:in `run'"}], ["LogStash::Filters::Grok", {"match"=>{"message"=>"%{NGINXACCESS}"}, "id"=>"79b9768aa70d0332e903be95739d28241065576f9282c329e57309632310b19b"}]=>[{"thread_id"=>27, "name"=>"[main]>worker0", "current_call"=>"[...]/logstash-core/lib/logstash/java_pipeline.rb:262:in `block in start_workers'"}, {"thread_id"=>28, "name"=>"[main]>worker1", "current_call"=>"[...]/logstash-core/lib/logstash/java_pipeline.rb:262:in `block in start_workers'"}]}}
[2022-03-26T06:00:03,710][ERROR][org.logstash.execution.ShutdownWatcherExt] The shutdown process appears to be stalled due to busy or blocked plugins. Check the logs for more information.

==> /var/log/kibana/kibana5.log <==
{"type":"log","@timestamp":"2022-03-26T06:00:03Z","tags":["warning","elasticsearch","admin"],"pid":247,"message":"Unable to revive connection: http://localhost:9200/"}
{"type":"log","@timestamp":"2022-03-26T06:00:03Z","tags":["warning","elasticsearch","admin"],"pid":247,"message":"No living connections"}
{"type":"log","@timestamp":"2022-03-26T06:00:03Z","tags":["warning","elasticsearch","admin"],"pid":247,"message":"Unable to revive connection: http://localhost:9200/"}
{"type":"log","@timestamp":"2022-03-26T06:00:03Z","tags":["warning","elasticsearch","admin"],"pid":247,"message":"No living connections"}
{"type":"log","@timestamp":"2022-03-26T06:00:03Z","tags":["error","plugins","taskManager","taskManager"],"pid":247,"message":"Failed to poll for work: Error: No Living connections"}
{"type":"log","@timestamp":"2022-03-26T06:00:03Z","tags":["info","plugins-system"],"pid":247,"message":"Stopping all plugins."}
   ...done.
RedAdmin@Elk-Server:~$ exit
logout
Connection to 10.1.0.4 closed.
root@2b6015c8569c:~# ls /etc/ansible/
ansible.cfg  filebeat-config.yml  files  hosts  install-elk.yml  myfirstplaybook.yml  roles
root@2b6015c8569c:~# ansible-playbook /etc/ansible/install-elk.yml
[WARNING]: ansible.utils.display.initialize_locale has not been called, this may result in incorrectly calculated text widths that can cause Display to print incorrect line
lengths

PLAY [Configure Elk VM with Docker] **********************************************************************************************************************************************

TASK [Gathering Facts] ***********************************************************************************************************************************************************
ok: [10.1.0.4]

TASK [Use more memory] ***********************************************************************************************************************************************************
ok: [10.1.0.4]

TASK [Install docker.io] *********************************************************************************************************************************************************
ok: [10.1.0.4]

TASK [Install python3-pip] *******************************************************************************************************************************************************
ok: [10.1.0.4]

TASK [Install Docker module] *****************************************************************************************************************************************************
ok: [10.1.0.4]

TASK [Increase virtual memory] ***************************************************************************************************************************************************
changed: [10.1.0.4]

TASK [download and launch a docker elk container] ********************************************************************************************************************************
[DEPRECATION WARNING]: The container_default_behavior option will change its default value from "compatibility" to "no_defaults" in community.docker 2.0.0. To remove this 
warning, please specify an explicit value for it now. This feature will be removed from community.docker in version 2.0.0. Deprecation warnings can be disabled by setting 
deprecation_warnings=False in ansible.cfg.
changed: [10.1.0.4]

TASK [Enable service docker on boot] *********************************************************************************************************************************************
ok: [10.1.0.4]

PLAY RECAP ***********************************************************************************************************************************************************************
10.1.0.4                   : ok=8    changed=2    unreachable=0    failed=0    skipped=0    rescued=0    ignored=0   

root@2b6015c8569c:~# ssh RedAdmin@20.231.76.151
ssh: connect to host 20.231.76.151 port 22: Connection timed out
root@2b6015c8569c:~# ssh RedAdmin@20.85.221.52 
Welcome to Ubuntu 20.04.4 LTS (GNU/Linux 5.13.0-1017-azure x86_64)

 * Documentation:  https://help.ubuntu.com
 * Management:     https://landscape.canonical.com
 * Support:        https://ubuntu.com/advantage

  System information as of Sat Mar 26 06:10:03 UTC 2022

  System load:  0.03               Processes:                146
  Usage of /:   17.3% of 28.90GB   Users logged in:          0
  Memory usage: 34%                IPv4 address for docker0: 172.17.0.1
  Swap usage:   0%                 IPv4 address for eth0:    10.1.0.4

 * Super-optimized for small spaces - read how we shrank the memory
   footprint of MicroK8s to make it the smallest full K8s around.

   https://ubuntu.com/blog/microk8s-memory-optimisation

20 updates can be applied immediately.
To see these additional updates run: apt list --upgradable


Last login: Sat Mar 26 06:05:05 2022 from 10.0.0.4
RedAdmin@Elk-Server:~$ docker ps
Got permission denied while trying to connect to the Docker daemon socket at unix:///var/run/docker.sock: Get http://%2Fvar%2Frun%2Fdocker.sock/v1.24/containers/json: dial unix /var/run/docker.sock: connect: permission denied
RedAdmin@Elk-Server:~$ sudo docker ps
CONTAINER ID   IMAGE          COMMAND                  CREATED      STATUS         PORTS                                                                              NAMES
4d623ec746e0   sebp/elk:761   "/usr/local/bin/star…"   4 days ago   Up 5 minutes   0.0.0.0:5044->5044/tcp, 0.0.0.0:5601->5601/tcp, 0.0.0.0:9200->9200/tcp, 9300/tcp   elk
RedAdmin@Elk-Server:~$ exit
logout
Connection to 20.85.221.52 closed.
root@2b6015c8569c:~# curl https://gist.githubusercontent.com/slape/5cc350109583af6cbe577bbcc0710c93/raw/eca603b72586fbe148c11f9c87bf96a63cb25760/Filebeat > /etc/ansible/filebeat-config.yml
  % Total    % Received % Xferd  Average Speed   Time    Time     Time  Current
                                 Dload  Upload   Total   Spent    Left  Speed
100 73112  100 73112    0     0   415k      0 --:--:-- --:--:-- --:--:--  415k
root@2b6015c8569c:~# ls /etc/ansible/
ansible.cfg  filebeat-config.yml  files  hosts  install-elk.yml  myfirstplaybook.yml  roles
root@2b6015c8569c:~# nano /etc/ansible/filebeat-config.yml 
root@2b6015c8569c:~# nano /etc/ansible/files/filebeat-config.yml 
root@2b6015c8569c:~# cp /etc/ansible/filebeat-config.yml > /etc/ansible/files/filebeat-config.yml 
cp: missing destination file operand after '/etc/ansible/filebeat-config.yml'
Try 'cp --help' for more information.
root@2b6015c8569c:~# copy /etc/ansible/filebeat-config.yml > /etc/ansible/files/filebeat-config.yml 
bash: copy: command not found
root@2b6015c8569c:~# curl https://gist.githubusercontent.com/slape/5cc350109583af6cbe577bbcc0710c93/raw/eca603b72586fbe148c11f9c87bf96a63cb25760/Filebeat > /etc/ansible/files/filebeat-config.yml
  % Total    % Received % Xferd  Average Speed   Time    Time     Time  Current
                                 Dload  Upload   Total   Spent    Left  Speed
100 73112  100 73112    0     0  2379k      0 --:--:-- --:--:-- --:--:-- 2379k
root@2b6015c8569c:~# nano /etc/ansible/files/filebeat-config.yml 
root@2b6015c8569c:~# nano /etc/ansible/roles/filebeat-playbook.yml
root@2b6015c8569c:~# ansible-playbook /etc/ansible/roles/filebeat-playbook.yml 
[WARNING]: ansible.utils.display.initialize_locale has not been called, this may result in incorrectly calculated text widths that can cause Display to print incorrect line
lengths

PLAY [Installing and Launch Filebeat] ********************************************************************************************************************************************

TASK [Gathering Facts] ***********************************************************************************************************************************************************
ok: [10.0.0.6]
ok: [10.0.0.4]
ok: [10.0.0.5]

TASK [Download .deb file] ********************************************************************************************************************************************************
changed: [10.0.0.6]
changed: [10.0.0.5]
changed: [10.0.0.4]

TASK [Install .deb] **************************************************************************************************************************************************************
^C [ERROR]: User interrupted execution
root@2b6015c8569c:~# nano /etc/ansible/roles/filebeat-playbook.yml
root@2b6015c8569c:~# ls /etc/ansible/
ansible.cfg  filebeat-config.yml  files  hosts  install-elk.yml  myfirstplaybook.yml  roles
root@2b6015c8569c:~# ansible-playbook /etc/ansible/roles/filebeat-playbook.yml 
[WARNING]: ansible.utils.display.initialize_locale has not been called, this may result in incorrectly calculated text widths that can cause Display to print incorrect line
lengths

PLAY [Installing and Launch Filebeat] ********************************************************************************************************************************************

TASK [Gathering Facts] ***********************************************************************************************************************************************************
ok: [10.0.0.6]
ok: [10.0.0.5]
ok: [10.0.0.4]

TASK [Download .deb file] ********************************************************************************************************************************************************
changed: [10.0.0.5]
changed: [10.0.0.6]
changed: [10.0.0.4]

TASK [Install .deb] **************************************************************************************************************************************************************
^C [ERROR]: User interrupted execution
root@2b6015c8569c:~# ssh RedAdmin@20.85.221.52
Welcome to Ubuntu 20.04.4 LTS (GNU/Linux 5.13.0-1017-azure x86_64)

 * Documentation:  https://help.ubuntu.com
 * Management:     https://landscape.canonical.com
 * Support:        https://ubuntu.com/advantage

  System information as of Sat Mar 26 06:50:20 UTC 2022

  System load:  0.0                Processes:                145
  Usage of /:   17.3% of 28.90GB   Users logged in:          0
  Memory usage: 35%                IPv4 address for docker0: 172.17.0.1
  Swap usage:   0%                 IPv4 address for eth0:    10.1.0.4

 * Super-optimized for small spaces - read how we shrank the memory
   footprint of MicroK8s to make it the smallest full K8s around.

   https://ubuntu.com/blog/microk8s-memory-optimisation

20 updates can be applied immediately.
To see these additional updates run: apt list --upgradable


Last login: Sat Mar 26 06:10:04 2022 from 13.64.142.222
RedAdmin@Elk-Server:~$ exit
logout
Connection to 20.85.221.52 closed.
root@2b6015c8569c:~# curl -L -O https://artifacts.elastic.co/downloads/beats/metricbeat/metricbeat-7.6.1-amd64.deb
  % Total    % Received % Xferd  Average Speed   Time    Time     Time  Current
                                 Dload  Upload   Total   Spent    Left  Speed
100 34.7M  100 34.7M    0     0  95.2M      0 --:--:-- --:--:-- --:--:-- 95.2M
root@2b6015c8569c:~# sudo dpkg -i metricbeat-7.6.1-amd64.deb
bash: sudo: command not found
root@2b6015c8569c:~# ls /etc/ansible/                         
ansible.cfg  filebeat-config.yml  files  hosts  install-elk.yml  myfirstplaybook.yml  roles
root@2b6015c8569c:~# curl https://gist.githubusercontent.com/slape/58541585cc1886d2e26cd8be557ce04c/raw/0ce2c7e744c54513616966affb5e9d96f5e12f73/metricbeat > /etc/ansible/Metricbeat-Config.yml
  % Total    % Received % Xferd  Average Speed   Time    Time     Time  Current
                                 Dload  Upload   Total   Spent    Left  Speed
100  6188  100  6188    0     0  20156      0 --:--:-- --:--:-- --:--:-- 20156
root@2b6015c8569c:~# nano /et/ansible/Metricbeat-Config.yml
root@2b6015c8569c:~# ls /etc/ansible/ 
Metricbeat-Config.yml  ansible.cfg  filebeat-config.yml  files  hosts  install-elk.yml  myfirstplaybook.yml  roles
root@2b6015c8569c:~# nano /etc/ansible/Metricbeat-Config.yml 
root@2b6015c8569c:~# ls /etc/ansible/
Metricbeat-Config.yml  ansible.cfg  filebeat-config.yml  files  hosts  install-elk.yml  myfirstplaybook.yml  roles
root@2b6015c8569c:~# cd /etc/ansible/hosts
bash: cd: /etc/ansible/hosts: Not a directory
root@2b6015c8569c:~# nano /etc/ansible/hosts
root@2b6015c8569c:~# nano /etc/ansible/Metricbeat-Playbook.yml
root@2b6015c8569c:~# nano /etc/ansible/Metricbeat-Playbook.yml
root@2b6015c8569c:~# ansible-playbook /etc/ansible/Metricbeat-Config.yml       
ERROR! A playbook must be a list of plays, got a <class 'ansible.parsing.yaml.objects.AnsibleMapping'> instead

The error appears to be in '/etc/ansible/Metricbeat-Config.yml': line 12, column 1, but may
be elsewhere in the file depending on the exact syntax problem.

The offending line appears to be:


metricbeat.config.modules:
^ here
root@2b6015c8569c:~# nano /etc/ansible/Metricbeat-Config.yml  
root@2b6015c8569c:~# nano /etc/ansible/Metricbeat-Config.yml
root@2b6015c8569c:~# ansible-playbook /etc/ansible/Metricbeat-Config.yml 
ERROR! A playbook must be a list of plays, got a <class 'ansible.parsing.yaml.objects.AnsibleMapping'> instead

The error appears to be in '/etc/ansible/Metricbeat-Config.yml': line 12, column 1, but may
be elsewhere in the file depending on the exact syntax problem.

The offending line appears to be:


metricbeat.config.modules:
^ here
root@2b6015c8569c:~# Connection to 13.64.142.222 closed by remote host.
Connection to 13.64.142.222 closed.
cookie@Krubskayas-MacBook-Pro ~ % ssh RedAdmin@138.91.175.73
The authenticity of host '138.91.175.73 (138.91.175.73)' can't be established.
ED25519 key fingerprint is SHA256:1/TaBd97SGSiwExrmaedwvGO5r2cdY8aTFiTPzdH0rw.
This host key is known by the following other names/addresses:
    ~/.ssh/known_hosts:11: 138.91.76.229
    ~/.ssh/known_hosts:14: 168.61.5.104
    ~/.ssh/known_hosts:15: 13.64.225.20
    ~/.ssh/known_hosts:16: 104.45.239.207
    ~/.ssh/known_hosts:17: 40.118.184.122
    ~/.ssh/known_hosts:18: 13.64.142.222
Are you sure you want to continue connecting (yes/no/[fingerprint])? yes
Warning: Permanently added '138.91.175.73' (ED25519) to the list of known hosts.
Welcome to Ubuntu 18.04.6 LTS (GNU/Linux 5.4.0-1073-azure x86_64)

 * Documentation:  https://help.ubuntu.com
 * Management:     https://landscape.canonical.com
 * Support:        https://ubuntu.com/advantage

  System information as of Sat Mar 26 19:13:04 UTC 2022

  System load:  0.14               Processes:              105
  Usage of /:   15.3% of 28.90GB   Users logged in:        0
  Memory usage: 28%                IP address for eth0:    10.0.0.4
  Swap usage:   0%                 IP address for docker0: 172.17.0.1

 * Super-optimized for small spaces - read how we shrank the memory
   footprint of MicroK8s to make it the smallest full K8s around.

   https://ubuntu.com/blog/microk8s-memory-optimisation

4 updates can be applied immediately.
To see these additional updates run: apt list --upgradable

New release '20.04.4 LTS' available.
Run 'do-release-upgrade' to upgrade to it.


Last login: Sat Mar 26 06:43:45 2022 from 172.17.0.2
RedAdmin@JumpBoxProvisioner:~$ sudo docker start optimistic_ellis
optimistic_ellis
RedAdmin@JumpBoxProvisioner:~$ sudo docker attach optimistic_ellis
root@2b6015c8569c:~# ansible-playbook /etc/asible/insstall-elk.yml
ERROR! the playbook: /etc/asible/insstall-elk.yml could not be found
root@2b6015c8569c:~# ansible-playbook /etc/ansible/insstall-elk.yml
ERROR! the playbook: /etc/ansible/insstall-elk.yml could not be found
root@2b6015c8569c:~# ansible-playbook /etc/ansible/install-elk.yml
[WARNING]: ansible.utils.display.initialize_locale has not been called, this may result in incorrectly calculated text widths that can cause Display to print incorrect line
lengths

PLAY [Configure Elk VM with Docker] **********************************************************************************************************************************************

TASK [Gathering Facts] ***********************************************************************************************************************************************************
ok: [10.1.0.4]

TASK [Use more memory] ***********************************************************************************************************************************************************
ok: [10.1.0.4]

TASK [Install docker.io] *********************************************************************************************************************************************************
ok: [10.1.0.4]

TASK [Install python3-pip] *******************************************************************************************************************************************************
ok: [10.1.0.4]

TASK [Install Docker module] *****************************************************************************************************************************************************
ok: [10.1.0.4]

TASK [Increase virtual memory] ***************************************************************************************************************************************************
changed: [10.1.0.4]

TASK [download and launch a docker elk container] ********************************************************************************************************************************
[DEPRECATION WARNING]: The container_default_behavior option will change its default value from "compatibility" to "no_defaults" in community.docker 2.0.0. To remove this 
warning, please specify an explicit value for it now. This feature will be removed from community.docker in version 2.0.0. Deprecation warnings can be disabled by setting 
deprecation_warnings=False in ansible.cfg.
ok: [10.1.0.4]

TASK [Enable service docker on boot] *********************************************************************************************************************************************
ok: [10.1.0.4]

PLAY RECAP ***********************************************************************************************************************************************************************
10.1.0.4                   : ok=8    changed=1    unreachable=0    failed=0    skipped=0    rescued=0    ignored=0   

root@2b6015c8569c:~# ssh RedAdmin@20.25.77.74
The authenticity of host '20.25.77.74 (20.25.77.74)' can't be established.
ECDSA key fingerprint is SHA256:xX+uN6zvaVEaj0vB+3kW1KiAmGr0ThrZUThykMhWAs0.
Are you sure you want to continue connecting (yes/no/[fingerprint])? yes
Warning: Permanently added '20.25.77.74' (ECDSA) to the list of known hosts.
Welcome to Ubuntu 20.04.4 LTS (GNU/Linux 5.13.0-1017-azure x86_64)

 * Documentation:  https://help.ubuntu.com
 * Management:     https://landscape.canonical.com
 * Support:        https://ubuntu.com/advantage

  System information as of Sat Mar 26 19:15:29 UTC 2022

  System load:  0.29               Processes:                142
  Usage of /:   17.3% of 28.90GB   Users logged in:          0
  Memory usage: 33%                IPv4 address for docker0: 172.17.0.1
  Swap usage:   0%                 IPv4 address for eth0:    10.1.0.4

 * Super-optimized for small spaces - read how we shrank the memory
   footprint of MicroK8s to make it the smallest full K8s around.

   https://ubuntu.com/blog/microk8s-memory-optimisation

21 updates can be applied immediately.
To see these additional updates run: apt list --upgradable


Last login: Sat Mar 26 19:15:03 2022 from 10.0.0.4
RedAdmin@Elk-Server:~$ docker ps
Got permission denied while trying to connect to the Docker daemon socket at unix:///var/run/docker.sock: Get http://%2Fvar%2Frun%2Fdocker.sock/v1.24/containers/json: dial unix /var/run/docker.sock: connect: permission denied
RedAdmin@Elk-Server:~$ sudo docker ps
CONTAINER ID   IMAGE          COMMAND                  CREATED      STATUS         PORTS                                                                              NAMES
4d623ec746e0   sebp/elk:761   "/usr/local/bin/star…"   4 days ago   Up 4 minutes   0.0.0.0:5044->5044/tcp, 0.0.0.0:5601->5601/tcp, 0.0.0.0:9200->9200/tcp, 9300/tcp   elk
RedAdmin@Elk-Server:~$ docker container lis -a
unknown shorthand flag: 'a' in -a
See 'docker container --help'.

Usage:  docker container COMMAND

Manage containers

Commands:
  attach      Attach local standard input, output, and error streams to a running container
  commit      Create a new image from a container's changes
  cp          Copy files/folders between a container and the local filesystem
  create      Create a new container
  diff        Inspect changes to files or directories on a container's filesystem
  exec        Run a command in a running container
  export      Export a container's filesystem as a tar archive
  inspect     Display detailed information on one or more containers
  kill        Kill one or more running containers
  logs        Fetch the logs of a container
  ls          List containers
  pause       Pause all processes within one or more containers
  port        List port mappings or a specific mapping for the container
  prune       Remove all stopped containers
  rename      Rename a container
  restart     Restart one or more containers
  rm          Remove one or more containers
  run         Run a command in a new container
  start       Start one or more stopped containers
  stats       Display a live stream of container(s) resource usage statistics
  stop        Stop one or more running containers
  top         Display the running processes of a container
  unpause     Unpause all processes within one or more containers
  update      Update configuration of one or more containers
  wait        Block until one or more containers stop, then print their exit codes

Run 'docker container COMMAND --help' for more information on a command.

RedAdmin@Elk-Server:~$ sudo docker container lis -a
unknown shorthand flag: 'a' in -a
See 'docker container --help'.

Usage:  docker container COMMAND

Manage containers

Commands:
  attach      Attach local standard input, output, and error streams to a running container
  commit      Create a new image from a container's changes
  cp          Copy files/folders between a container and the local filesystem
  create      Create a new container
  diff        Inspect changes to files or directories on a container's filesystem
  exec        Run a command in a running container
  export      Export a container's filesystem as a tar archive
  inspect     Display detailed information on one or more containers
  kill        Kill one or more running containers
  logs        Fetch the logs of a container
  ls          List containers
  pause       Pause all processes within one or more containers
  port        List port mappings or a specific mapping for the container
  prune       Remove all stopped containers
  rename      Rename a container
  restart     Restart one or more containers
  rm          Remove one or more containers
  run         Run a command in a new container
  start       Start one or more stopped containers
  stats       Display a live stream of container(s) resource usage statistics
  stop        Stop one or more running containers
  top         Display the running processes of a container
  unpause     Unpause all processes within one or more containers
  update      Update configuration of one or more containers
  wait        Block until one or more containers stop, then print their exit codes

Run 'docker container COMMAND --help' for more information on a command.

RedAdmin@Elk-Server:~$ docker container lis -a
unknown shorthand flag: 'a' in -a
See 'docker container --help'.

Usage:  docker container COMMAND

Manage containers

Commands:
  attach      Attach local standard input, output, and error streams to a running container
  commit      Create a new image from a container's changes
  cp          Copy files/folders between a container and the local filesystem
  create      Create a new container
  diff        Inspect changes to files or directories on a container's filesystem
  exec        Run a command in a running container
  export      Export a container's filesystem as a tar archive
  inspect     Display detailed information on one or more containers
  kill        Kill one or more running containers
  logs        Fetch the logs of a container
  ls          List containers
  pause       Pause all processes within one or more containers
  port        List port mappings or a specific mapping for the container
  prune       Remove all stopped containers
  rename      Rename a container
  restart     Restart one or more containers
  rm          Remove one or more containers
  run         Run a command in a new container
  start       Start one or more stopped containers
  stats       Display a live stream of container(s) resource usage statistics
  stop        Stop one or more running containers
  top         Display the running processes of a container
  unpause     Unpause all processes within one or more containers
  update      Update configuration of one or more containers
  wait        Block until one or more containers stop, then print their exit codes

Run 'docker container COMMAND --help' for more information on a command.

RedAdmin@Elk-Server:~$ docker container list -a
Got permission denied while trying to connect to the Docker daemon socket at unix:///var/run/docker.sock: Get http://%2Fvar%2Frun%2Fdocker.sock/v1.24/containers/json?all=1: dial unix /var/run/docker.sock: connect: permission denied
RedAdmin@Elk-Server:~$ sudo docker container list -a
CONTAINER ID   IMAGE          COMMAND                  CREATED      STATUS         PORTS                                                                              NAMES
4d623ec746e0   sebp/elk:761   "/usr/local/bin/star…"   4 days ago   Up 5 minutes   0.0.0.0:5044->5044/tcp, 0.0.0.0:5601->5601/tcp, 0.0.0.0:9200->9200/tcp, 9300/tcp   elk
RedAdmin@Elk-Server:~$ exit
logout
Connection to 20.25.77.74 closed.
root@2b6015c8569c:~# ls
Filebeat  metricbeat-7.6.1-amd64.deb
root@2b6015c8569c:~# docker container list -a
bash: docker: command not found
root@2b6015c8569c:~# sudo docker contianer list -a
bash: sudo: command not found
root@2b6015c8569c:~# docker container list -a
bash: docker: command not found
root@2b6015c8569c:~# ssh RedAdmin@20.25.77.74
Welcome to Ubuntu 20.04.4 LTS (GNU/Linux 5.13.0-1017-azure x86_64)

 * Documentation:  https://help.ubuntu.com
 * Management:     https://landscape.canonical.com
 * Support:        https://ubuntu.com/advantage

  System information as of Sat Mar 26 19:19:58 UTC 2022

  System load:  0.08               Processes:                135
  Usage of /:   17.3% of 28.90GB   Users logged in:          0
  Memory usage: 33%                IPv4 address for docker0: 172.17.0.1
  Swap usage:   0%                 IPv4 address for eth0:    10.1.0.4

 * Super-optimized for small spaces - read how we shrank the memory
   footprint of MicroK8s to make it the smallest full K8s around.

   https://ubuntu.com/blog/microk8s-memory-optimisation

21 updates can be applied immediately.
To see these additional updates run: apt list --upgradable


Last login: Sat Mar 26 19:15:30 2022 from 138.91.175.73
RedAdmin@Elk-Server:~$ ls
files  snap
RedAdmin@Elk-Server:~$ docker containerlist -a
unknown shorthand flag: 'a' in -a
See 'docker --help'.

Usage:  docker [OPTIONS] COMMAND

A self-sufficient runtime for containers

Options:
      --config string      Location of client config files (default "/home/RedAdmin/.docker")
  -c, --context string     Name of the context to use to connect to the daemon (overrides DOCKER_HOST env var and default context set with "docker context use")
  -D, --debug              Enable debug mode
  -H, --host list          Daemon socket(s) to connect to
  -l, --log-level string   Set the logging level ("debug"|"info"|"warn"|"error"|"fatal") (default "info")
      --tls                Use TLS; implied by --tlsverify
      --tlscacert string   Trust certs signed only by this CA (default "/home/RedAdmin/.docker/ca.pem")
      --tlscert string     Path to TLS certificate file (default "/home/RedAdmin/.docker/cert.pem")
      --tlskey string      Path to TLS key file (default "/home/RedAdmin/.docker/key.pem")
      --tlsverify          Use TLS and verify the remote
  -v, --version            Print version information and quit

Management Commands:
  builder     Manage builds
  config      Manage Docker configs
  container   Manage containers
  context     Manage contexts
  image       Manage images
  manifest    Manage Docker image manifests and manifest lists
  network     Manage networks
  node        Manage Swarm nodes
  plugin      Manage plugins
  secret      Manage Docker secrets
  service     Manage services
  stack       Manage Docker stacks
  swarm       Manage Swarm
  system      Manage Docker
  trust       Manage trust on Docker images
  volume      Manage volumes

Commands:
  attach      Attach local standard input, output, and error streams to a running container
  build       Build an image from a Dockerfile
  commit      Create a new image from a container's changes
  cp          Copy files/folders between a container and the local filesystem
  create      Create a new container
  diff        Inspect changes to files or directories on a container's filesystem
  events      Get real time events from the server
  exec        Run a command in a running container
  export      Export a container's filesystem as a tar archive
  history     Show the history of an image
  images      List images
  import      Import the contents from a tarball to create a filesystem image
  info        Display system-wide information
  inspect     Return low-level information on Docker objects
  kill        Kill one or more running containers
  load        Load an image from a tar archive or STDIN
  login       Log in to a Docker registry
  logout      Log out from a Docker registry
  logs        Fetch the logs of a container
  pause       Pause all processes within one or more containers
  port        List port mappings or a specific mapping for the container
  ps          List containers
  pull        Pull an image or a repository from a registry
  push        Push an image or a repository to a registry
  rename      Rename a container
  restart     Restart one or more containers
  rm          Remove one or more containers
  rmi         Remove one or more images
  run         Run a command in a new container
  save        Save one or more images to a tar archive (streamed to STDOUT by default)
  search      Search the Docker Hub for images
  start       Start one or more stopped containers
  stats       Display a live stream of container(s) resource usage statistics
  stop        Stop one or more running containers
  tag         Create a tag TARGET_IMAGE that refers to SOURCE_IMAGE
  top         Display the running processes of a container
  unpause     Unpause all processes within one or more containers
  update      Update configuration of one or more containers
  version     Show the Docker version information
  wait        Block until one or more containers stop, then print their exit codes

Run 'docker COMMAND --help' for more information on a command.

To get more help with docker, check out our guides at https://docs.docker.com/go/guides/

RedAdmin@Elk-Server:~$ exit
logout
Connection to 20.25.77.74 closed.
root@2b6015c8569c:~# ls
Filebeat  metricbeat-7.6.1-amd64.deb
root@2b6015c8569c:~# ls /etc/ansible/
Metricbeat-Config.yml  Metricbeat-Playbook.yml  ansible.cfg  filebeat-config.yml  files  hosts  install-elk.yml  myfirstplaybook.yml  roles
root@2b6015c8569c:~# nano /etc/ansible/roles/filebeat-playbook.yml 
root@2b6015c8569c:~# nano filebeat-config.yml
root@2b6015c8569c:~# nano filebeat-config.yml
root@2b6015c8569c:~# cd /etc/ansible/files
root@2b6015c8569c:/etc/ansible/files# ls
filebeat-config.yml
root@2b6015c8569c:/etc/ansible/files# sudo nano /etc/ansible/files/filebeat-config.yml 
bash: sudo: command not found
root@2b6015c8569c:/etc/ansible/files# nano /etc/ansible/files/filebeat-config.yml 
root@2b6015c8569c:/etc/ansible/files# sudo nano /etc/ansible/files/filebeat-config.yml 
bash: sudo: command not found
root@2b6015c8569c:/etc/ansible/files# nano filebeat-config.yml
root@2b6015c8569c:/etc/ansible/files# exit
exit
RedAdmin@JumpBoxProvisioner:~$ ssh RedAdmin@20.25.77.74
The authenticity of host '20.25.77.74 (20.25.77.74)' can't be established.
ECDSA key fingerprint is SHA256:xX+uN6zvaVEaj0vB+3kW1KiAmGr0ThrZUThykMhWAs0.
Are you sure you want to continue connecting (yes/no)? yes
Warning: Permanently added '20.25.77.74' (ECDSA) to the list of known hosts.
RedAdmin@20.25.77.74: Permission denied (publickey).
RedAdmin@JumpBoxProvisioner:~$ sudo docker start optimistic_ellis
optimistic_ellis
RedAdmin@JumpBoxProvisioner:~$ sudo docker attach optimistic_ellis
root@2b6015c8569c:~# ls /etc/ansible/
Metricbeat-Config.yml  Metricbeat-Playbook.yml  ansible.cfg  filebeat-config.yml  files  hosts  install-elk.yml  myfirstplaybook.yml  roles
root@2b6015c8569c:~# nano filebeat-config.yml
root@2b6015c8569c:~# cd /etc/ansible/roles
root@2b6015c8569c:/etc/ansible/roles# ls /etc/ansible/roles
filebeat-playbook.yml
root@2b6015c8569c:/etc/ansible/roles# nano filebeat-playbook.yml
root@2b6015c8569c:/etc/ansible/roles# ansible-playbook /etc/ansible/roles/filebeat-playbook.yml 
[WARNING]: ansible.utils.display.initialize_locale has not been called, this may result in incorrectly calculated text widths that can cause Display to print incorrect line
lengths

PLAY [Installing and Launch Filebeat] ********************************************************************************************************************************************

TASK [Gathering Facts] ***********************************************************************************************************************************************************
ok: [10.0.0.4]
ok: [10.0.0.6]
ok: [10.0.0.5]

TASK [Download .deb file] ********************************************************************************************************************************************************
changed: [10.0.0.6]
changed: [10.0.0.5]
changed: [10.0.0.4]

TASK [Install .deb] **************************************************************************************************************************************************************
^C [ERROR]: User interrupted execution
root@2b6015c8569c:/etc/ansible/roles# nano filebeat-playbook.yml
root@2b6015c8569c:/etc/ansible/roles# ls /etc/ansible/
Metricbeat-Config.yml  Metricbeat-Playbook.yml  ansible.cfg  filebeat-config.yml  files  hosts  install-elk.yml  myfirstplaybook.yml  roles
root@2b6015c8569c:/etc/ansible/roles# nano /etc/ansible/myfirstplaybook.yml
root@2b6015c8569c:/etc/ansible/roles# nano /etc/ansible/hosts              

  GNU nano 4.8                                                                 /etc/ansible/hosts                                                                            
# This is the default ansible 'hosts' file.
#
# It should live in /etc/ansible/hosts
#
#   - Comments begin with the '#' character
#   - Blank lines are ignored
#   - Groups of hosts are delimited by [header] elements
#   - You can enter hostnames or ip addresses
#   - A hostname/ip can be a member of multiple groups

# Ex 1: Ungrouped hosts, specify before any group headers.

#green.example.com
#blue.example.com
#192.168.100.1
#192.168.100.10

# Ex 2: A collection of hosts belonging to the 'webservers' group

[webservers]
#alpha.example.org
#beta.example.org
#192.168.1.100
#192.168.1.110
10.0.0.4 ansible_python_interpreter=/usr/bin/python3
10.0.0.5 ansible_python_interpreter=/usr/bin/python3
10.0.0.6 ansible_python_interpreter=/usr/bin/python3

[elk]
10.1.0.4 ansible_python_interpreter=/usr/bin/python3

# If you have multiple hosts following a pattern you can specify
# them like this:

#www[001:006].example.com

# Ex 3: A collection of database servers in the 'dbservers' group

#[dbservers]
#
                                                                              [ Read 50 lines ]
^G Get Help      ^O Write Out     ^W Where Is      ^K Cut Text      ^J Justify       ^C Cur Pos       M-U Undo         M-A Mark Text    M-] To Bracket   M-Q Previous
^X Exit          ^R Read File     ^\ Replace       ^U Paste Text    ^T To Spell      ^_ Go To Line    M-E Redo         M-6 Copy Text    ^Q Where Was     M-W Next
